[2026/10/06 22:10:54] INFO: 
------------Environment Information-------------
platform: Windows-11-10.0.26200-SP0
Python: 3.12.10 (tags/v3.12.10:0cc8128, Apr  8 2025, 12:21:36) [MSC v.1943 64 bit (AMD64)]
Paddle compiled with cuda: True
NVCC: Build cuda_13.4.r13.4/compiler.38657139_0
cudnn: 90.9
GPUs used: 1
CUDA_VISIBLE_DEVICES: None
GPU: ['GPU 0: NVIDIA GeForce']
PaddleSeg: 0.0.0.dev0
PaddlePaddle: 3.4.0
OpenCV: 4.11.0
------------------------------------------------
[2026/10/06 22:10:54] INFO: 
---------------Config Information---------------
batch_size: 4
iters: 20
train_dataset:
  dataset_root: C:/custom_crack
  mode: train
  num_classes: 2
  train_path: C:/custom_crack/train_smoke.txt
  transforms:
  - max_scale_factor: 1.25
    min_scale_factor: 0.75
    scale_step_size: 0.25
    type: ResizeStepScaling
  - crop_size:
    - 400
    - 400
    type: RandomPaddingCrop
  - type: RandomHorizontalFlip
  - brightness_range: 0.5
    contrast_range: 0.5
    saturation_range: 0.5
    type: RandomDistort
  - type: Normalize
  type: Dataset
val_dataset:
  dataset_root: C:/custom_crack
  mode: val
  num_classes: 2
  transforms:
  - type: Normalize
  type: Dataset
  val_path: C:/custom_crack/val_smoke.txt
optimizer:
  beta1: 0.9
  beta2: 0.999
  type: AdamW
  weight_decay: 0.01
lr_scheduler:
  end_lr: 0.0
  learning_rate: 6.0e-05
  power: 1
  type: PolynomialDecay
loss:
  coef:
  - 1
  types:
  - type: CrossEntropyLoss
model:
  backbone:
    pretrained: https://bj.bcebos.com/paddleseg/dygraph/backbone/mix_vision_transformer_b0.tar.gz
    type: MixVisionTransformer_B0
  embedding_dim: 256
  num_classes: 2
  type: SegFormer
------------------------------------------------

[2026/10/06 22:10:54] INFO: Set device: gpu
[2026/10/06 22:10:54] INFO: Use the following config to build model
model:
  backbone:
    pretrained: https://bj.bcebos.com/paddleseg/dygraph/backbone/mix_vision_transformer_b0.tar.gz
    type: MixVisionTransformer_B0
  embedding_dim: 256
  num_classes: 2
  type: SegFormer
WARNING: Logging before InitGoogleLogging() is written to STDERR
W1006 22:10:55.092419 42048 gpu_resources.cc:116] Please NOTE: device: 0, GPU Compute Capability: 12.0, Driver API Version: 13.2, Runtime API Version: 12.9
[2026/10/06 22:10:55] INFO: Loading pretrained model from https://bj.bcebos.com/paddleseg/dygraph/backbone/mix_vision_transformer_b0.tar.gz
[2026/10/06 22:10:55] INFO: There are 176/176 variables loaded into MixVisionTransformer.
[2026/10/06 22:10:55] INFO: Use the following config to build train_dataset
train_dataset:
  dataset_root: C:/custom_crack
  mode: train
  num_classes: 2
  train_path: C:/custom_crack/train_smoke.txt
  transforms:
  - max_scale_factor: 1.25
    min_scale_factor: 0.75
    scale_step_size: 0.25
    type: ResizeStepScaling
  - crop_size:
    - 400
    - 400
    type: RandomPaddingCrop
  - type: RandomHorizontalFlip
  - brightness_range: 0.5
    contrast_range: 0.5
    saturation_range: 0.5
    type: RandomDistort
  - type: Normalize
  type: Dataset
[2026/10/06 22:10:55] INFO: Use the following config to build val_dataset
val_dataset:
  dataset_root: C:/custom_crack
  mode: val
  num_classes: 2
  transforms:
  - type: Normalize
  type: Dataset
  val_path: C:/custom_crack/val_smoke.txt
[2026/10/06 22:10:55] INFO: Use the following config to build optimizer
optimizer:
  beta1: 0.9
  beta2: 0.999
  type: AdamW
  weight_decay: 0.01
[2026/10/06 22:10:55] INFO: Use the following config to build loss
loss:
  coef:
  - 1
  types:
  - type: CrossEntropyLoss
