[2026/09/30 10:57:20] INFO: 
------------Environment Information-------------
platform: Windows-11-10.0.26200-SP0
Python: 3.12.10 (tags/v3.12.10:0cc8128, Apr  8 2025, 12:21:36) [MSC v.1943 64 bit (AMD64)]
Paddle compiled with cuda: True
NVCC: Build cuda_13.4.r13.4/compiler.38657139_0
cudnn: 90.9
GPUs used: 1
CUDA_VISIBLE_DEVICES: None
GPU: ['GPU 0: NVIDIA GeForce']
PaddleSeg: 0.0.0.dev0
PaddlePaddle: 3.4.0
OpenCV: 4.11.0
------------------------------------------------
[2026/09/30 10:57:20] INFO: 
---------------Config Information---------------
batch_size: 4
iters: 30
train_dataset:
  dataset_root: C:/Users/user/algolab_data
  mode: train
  num_classes: 2
  train_path: C:/Users/user/algolab_data/train.txt
  transforms:
  - max_scale_factor: 2.0
    min_scale_factor: 0.5
    scale_step_size: 0.25
    type: ResizeStepScaling
  - crop_size:
    - 400
    - 400
    type: RandomPaddingCrop
  - type: RandomHorizontalFlip
  - brightness_range: 0.5
    contrast_range: 0.5
    saturation_range: 0.5
    type: RandomDistort
  - type: Normalize
  type: Dataset
val_dataset:
  dataset_root: C:/Users/user/algolab_data
  mode: val
  num_classes: 2
  transforms:
  - type: Normalize
  type: Dataset
  val_path: C:/Users/user/algolab_data/val.txt
optimizer:
  beta1: 0.9
  beta2: 0.999
  type: AdamW
  weight_decay: 0.01
lr_scheduler:
  end_lr: 0.0
  learning_rate: 6.0e-05
  power: 1
  type: PolynomialDecay
loss:
  coef:
  - 1
  - 1
  - 1
  - 1
  - 1
  types:
  - coef:
    - 0.8
    - 0.2
    losses:
    - min_kept: 65000
      type: OhemCrossEntropyLoss
    - type: DiceLoss
    type: MixedLoss
  - coef:
    - 0.8
    - 0.2
    losses:
    - min_kept: 65000
      type: OhemCrossEntropyLoss
    - type: DiceLoss
    type: MixedLoss
  - coef:
    - 0.8
    - 0.2
    losses:
    - min_kept: 65000
      type: OhemCrossEntropyLoss
    - type: DiceLoss
    type: MixedLoss
  - coef:
    - 0.8
    - 0.2
    losses:
    - min_kept: 65000
      type: OhemCrossEntropyLoss
    - type: DiceLoss
    type: MixedLoss
  - coef:
    - 0.8
    - 0.2
    losses:
    - min_kept: 65000
      type: OhemCrossEntropyLoss
    - type: DiceLoss
    type: MixedLoss
model:
  context_type: ocr_high
  num_classes: 2
  shape_stream: false
  type: BiSeNetV2
------------------------------------------------

[2026/09/30 10:57:20] INFO: Set device: gpu
[2026/09/30 10:57:20] INFO: Use the following config to build model
model:
  context_type: ocr_high
  num_classes: 2
  shape_stream: false
  type: BiSeNetV2
WARNING: Logging before InitGoogleLogging() is written to STDERR
W0930 10:57:20.999593 51588 gpu_resources.cc:116] Please NOTE: device: 0, GPU Compute Capability: 12.0, Driver API Version: 13.2, Runtime API Version: 12.9
[2026/09/30 10:57:21] INFO: Use the following config to build train_dataset
train_dataset:
  dataset_root: C:/Users/user/algolab_data
  mode: train
  num_classes: 2
  train_path: C:/Users/user/algolab_data/train.txt
  transforms:
  - max_scale_factor: 2.0
    min_scale_factor: 0.5
    scale_step_size: 0.25
    type: ResizeStepScaling
  - crop_size:
    - 400
    - 400
    type: RandomPaddingCrop
  - type: RandomHorizontalFlip
  - brightness_range: 0.5
    contrast_range: 0.5
    saturation_range: 0.5
    type: RandomDistort
  - type: Normalize
  type: Dataset
[2026/09/30 10:57:21] INFO: Use the following config to build val_dataset
val_dataset:
  dataset_root: C:/Users/user/algolab_data
  mode: val
  num_classes: 2
  transforms:
  - type: Normalize
  type: Dataset
  val_path: C:/Users/user/algolab_data/val.txt
[2026/09/30 10:57:21] INFO: Use the following config to build optimizer
optimizer:
  beta1: 0.9
  beta2: 0.999
  type: AdamW
  weight_decay: 0.01
[2026/09/30 10:57:21] INFO: Use the following config to build loss
loss:
  coef:
  - 1
  - 1
  - 1
  - 1
  - 1
  types:
  - coef:
    - 0.8
    - 0.2
    losses:
    - min_kept: 65000
      type: OhemCrossEntropyLoss
    - type: DiceLoss
    type: MixedLoss
  - coef:
    - 0.8
    - 0.2
    losses:
    - min_kept: 65000
      type: OhemCrossEntropyLoss
    - type: DiceLoss
    type: MixedLoss
  - coef:
    - 0.8
    - 0.2
    losses:
    - min_kept: 65000
      type: OhemCrossEntropyLoss
    - type: DiceLoss
    type: MixedLoss
  - coef:
    - 0.8
    - 0.2
    losses:
    - min_kept: 65000
      type: OhemCrossEntropyLoss
    - type: DiceLoss
    type: MixedLoss
  - coef:
    - 0.8
    - 0.2
    losses:
    - min_kept: 65000
      type: OhemCrossEntropyLoss
    - type: DiceLoss
    type: MixedLoss
C:\Users\user\算法实验\venv_bisenet\Lib\site-packages\paddle\nn\layer\norm.py:885: UserWarning: When training, we now always track global mean and variance.
  warnings.warn(
Traceback (most recent call last):
  File "D:\论文复现\experiments\local_structure_wave2_20260930\src\PaddleSeg-2.10.0\tools\train.py", line 252, in <module>
    main(args)
  File "D:\论文复现\experiments\local_structure_wave2_20260930\src\PaddleSeg-2.10.0\tools\train.py", line 222, in main
    train(model,
  File "D:\论文复现\experiments\local_structure_wave2_20260930\src\PaddleSeg-2.10.0\paddleseg\core\train.py", line 249, in train
    logits_list = ddp_model(images) if nranks > 1 else model(images)
                                                       ^^^^^^^^^^^^^
  File "C:\Users\user\算法实验\venv_bisenet\Lib\site-packages\paddle\nn\layer\layers.py", line 1955, in __call__
    return self.forward(*inputs, **kwargs)
           ^^^^^^^^^^^^^^^^^^^^^^^^^^^^^^^
  File "D:\论文复现\experiments\local_structure_wave2_20260930\src\PaddleSeg-2.10.0\paddleseg\models\bisenet.py", line 152, in forward
    regions = self.ocr_gather(fused, logit4)
              ^^^^^^^^^^^^^^^^^^^^^^^^^^^^^^
  File "C:\Users\user\算法实验\venv_bisenet\Lib\site-packages\paddle\nn\layer\layers.py", line 1955, in __call__
    return self.forward(*inputs, **kwargs)
           ^^^^^^^^^^^^^^^^^^^^^^^^^^^^^^^
  File "D:\论文复现\experiments\local_structure_wave2_20260930\src\PaddleSeg-2.10.0\paddleseg\models\ocrnet.py", line 168, in forward
    feats = paddle.bmm(regions, pixels)
            ^^^^^^^^^^^^^^^^^^^^^^^^^^^
  File "C:\Users\user\算法实验\venv_bisenet\Lib\site-packages\paddle\base\dygraph\generated_tensor_methods_patch.py", line 73, in _bmm
    return _C_ops.bmm(*args, **kwargs)
           ^^^^^^^^^^^^^^^^^^^^^^^^^^^
ValueError: (InvalidArgument) Input(X)'s width must be equal with Input(Y)'s height in BmmOp,but receive X's width: [%s],Y's height: [%s].%s
  [Hint: Expected x == y, but received x:169 != y:2500.] (at ..\paddle\phi\infermeta\binary.cc:347)

