[2026/09/30 10:59:15] INFO: 
------------Environment Information-------------
platform: Windows-11-10.0.26200-SP0
Python: 3.12.10 (tags/v3.12.10:0cc8128, Apr  8 2025, 12:21:36) [MSC v.1943 64 bit (AMD64)]
Paddle compiled with cuda: True
NVCC: Build cuda_13.4.r13.4/compiler.38657139_0
cudnn: 90.9
GPUs used: 1
CUDA_VISIBLE_DEVICES: None
GPU: ['GPU 0: NVIDIA GeForce']
PaddleSeg: 0.0.0.dev0
PaddlePaddle: 3.4.0
OpenCV: 4.11.0
------------------------------------------------
[2026/09/30 10:59:15] INFO: 
---------------Config Information---------------
batch_size: 4
iters: 30
train_dataset:
  dataset_root: C:/Users/user/algolab_data
  mode: train
  num_classes: 2
  train_path: C:/Users/user/algolab_data/train.txt
  transforms:
  - max_scale_factor: 2.0
    min_scale_factor: 0.5
    scale_step_size: 0.25
    type: ResizeStepScaling
  - crop_size:
    - 400
    - 400
    type: RandomPaddingCrop
  - type: RandomHorizontalFlip
  - brightness_range: 0.5
    contrast_range: 0.5
    saturation_range: 0.5
    type: RandomDistort
  - type: Normalize
  type: Dataset
val_dataset:
  dataset_root: C:/Users/user/algolab_data
  mode: val
  num_classes: 2
  transforms:
  - type: Normalize
  type: Dataset
  val_path: C:/Users/user/algolab_data/val.txt
optimizer:
  beta1: 0.9
  beta2: 0.999
  type: AdamW
  weight_decay: 0.01
lr_scheduler:
  end_lr: 0.0
  learning_rate: 6.0e-05
  power: 1
  type: PolynomialDecay
loss:
  coef:
  - 1
  - 1
  - 1
  - 1
  - 1
  - 1.0
  types:
  - coef:
    - 0.8
    - 0.2
    losses:
    - min_kept: 65000
      type: OhemCrossEntropyLoss
    - type: DiceLoss
    type: MixedLoss
  - coef:
    - 0.8
    - 0.2
    losses:
    - min_kept: 65000
      type: OhemCrossEntropyLoss
    - type: DiceLoss
    type: MixedLoss
  - coef:
    - 0.8
    - 0.2
    losses:
    - min_kept: 65000
      type: OhemCrossEntropyLoss
    - type: DiceLoss
    type: MixedLoss
  - coef:
    - 0.8
    - 0.2
    losses:
    - min_kept: 65000
      type: OhemCrossEntropyLoss
    - type: DiceLoss
    type: MixedLoss
  - coef:
    - 0.8
    - 0.2
    losses:
    - min_kept: 65000
      type: OhemCrossEntropyLoss
    - type: DiceLoss
    type: MixedLoss
  - type: PointCrossEntropyLoss
model:
  context_type: none
  num_classes: 2
  point_refine: true
  shape_stream: false
  type: BiSeNetV2
------------------------------------------------

[2026/09/30 10:59:15] INFO: Set device: gpu
[2026/09/30 10:59:15] INFO: Use the following config to build model
model:
  context_type: none
  num_classes: 2
  point_refine: true
  shape_stream: false
  type: BiSeNetV2
WARNING: Logging before InitGoogleLogging() is written to STDERR
W0930 10:59:15.732437 19784 gpu_resources.cc:116] Please NOTE: device: 0, GPU Compute Capability: 12.0, Driver API Version: 13.2, Runtime API Version: 12.9
[2026/09/30 10:59:15] INFO: Use the following config to build train_dataset
train_dataset:
  dataset_root: C:/Users/user/algolab_data
  mode: train
  num_classes: 2
  train_path: C:/Users/user/algolab_data/train.txt
  transforms:
  - max_scale_factor: 2.0
    min_scale_factor: 0.5
    scale_step_size: 0.25
    type: ResizeStepScaling
  - crop_size:
    - 400
    - 400
    type: RandomPaddingCrop
  - type: RandomHorizontalFlip
  - brightness_range: 0.5
    contrast_range: 0.5
    saturation_range: 0.5
    type: RandomDistort
  - type: Normalize
  type: Dataset
[2026/09/30 10:59:15] INFO: Use the following config to build val_dataset
val_dataset:
  dataset_root: C:/Users/user/algolab_data
  mode: val
  num_classes: 2
  transforms:
  - type: Normalize
  type: Dataset
  val_path: C:/Users/user/algolab_data/val.txt
[2026/09/30 10:59:15] INFO: Use the following config to build optimizer
optimizer:
  beta1: 0.9
  beta2: 0.999
  type: AdamW
  weight_decay: 0.01
[2026/09/30 10:59:15] INFO: Use the following config to build loss
loss:
  coef:
  - 1
  - 1
  - 1
  - 1
  - 1
  - 1.0
  types:
  - coef:
    - 0.8
    - 0.2
    losses:
    - min_kept: 65000
      type: OhemCrossEntropyLoss
    - type: DiceLoss
    type: MixedLoss
  - coef:
    - 0.8
    - 0.2
    losses:
    - min_kept: 65000
      type: OhemCrossEntropyLoss
    - type: DiceLoss
    type: MixedLoss
  - coef:
    - 0.8
    - 0.2
    losses:
    - min_kept: 65000
      type: OhemCrossEntropyLoss
    - type: DiceLoss
    type: MixedLoss
  - coef:
    - 0.8
    - 0.2
    losses:
    - min_kept: 65000
      type: OhemCrossEntropyLoss
    - type: DiceLoss
    type: MixedLoss
  - coef:
    - 0.8
    - 0.2
    losses:
    - min_kept: 65000
      type: OhemCrossEntropyLoss
    - type: DiceLoss
    type: MixedLoss
  - type: PointCrossEntropyLoss
C:\Users\user\算法实验\venv_bisenet\Lib\site-packages\paddle\nn\layer\norm.py:885: UserWarning: When training, we now always track global mean and variance.
  warnings.warn(
[2026/09/30 10:59:18] INFO: [TRAIN] epoch: 1, iter: 10/30, loss: 4.2720, lr: 0.000042, batch_cost: 0.1955, reader_cost: 0.00721, ips: 20.4584 samples/sec, max_mem_reserved: 896 MB, max_mem_allocated: 687 MB | ETA 00:00:03
[2026/09/30 10:59:19] INFO: [TRAIN] epoch: 1, iter: 20/30, loss: 4.0516, lr: 0.000022, batch_cost: 0.1040, reader_cost: 0.00000, ips: 38.4449 samples/sec, max_mem_reserved: 896 MB, max_mem_allocated: 687 MB | ETA 00:00:01
[2026/09/30 10:59:20] INFO: [TRAIN] epoch: 1, iter: 30/30, loss: 4.0408, lr: 0.000002, batch_cost: 0.0915, reader_cost: 0.00000, ips: 43.6981 samples/sec, max_mem_reserved: 896 MB, max_mem_allocated: 687 MB | ETA 00:00:00
[2026/09/30 10:59:20] INFO: Start evaluating (total_samples: 348, total_iters: 348)...

  1/348 [..............................] - ETA: 59s - batch_cost: 0.1707 - reader cost: 0.0125
  4/348 [..............................] - ETA: 19s - batch_cost: 0.0566 - reader cost: 0.0031
  7/348 [..............................] - ETA: 14s - batch_cost: 0.0416 - reader cost: 0.0018
 10/348 [..............................] - ETA: 12s - batch_cost: 0.0368 - reader cost: 0.0013
 13/348 [>.............................] - ETA: 11s - batch_cost: 0.0340 - reader cost: 0.0010
 16/348 [>.............................] - ETA: 10s - batch_cost: 0.0318 - reader cost: 8.4564e-04
 19/348 [>.............................] - ETA: 9s - batch_cost: 0.0297 - reader cost: 7.6521e-04 
 22/348 [>.............................] - ETA: 9s - batch_cost: 0.0283 - reader cost: 6.6086e-04
 25/348 [=>............................] - ETA: 8s - batch_cost: 0.0272 - reader cost: 6.2157e-04
 28/348 [=>............................] - ETA: 8s - batch_cost: 0.0264 - reader cost: 5.5497e-04
 31/348 [=>............................] - ETA: 8s - batch_cost: 0.0259 - reader cost: 5.3369e-04
 34/348 [=>............................] - ETA: 8s - batch_cost: 0.0257 - reader cost: 4.8660e-04
 37/348 [==>...........................] - ETA: 7s - batch_cost: 0.0254 - reader cost: 4.4714e-04
 40/348 [==>...........................] - ETA: 7s - batch_cost: 0.0253 - reader cost: 4.1361e-04
 43/348 [==>...........................] - ETA: 7s - batch_cost: 0.0250 - reader cost: 3.8475e-04
 46/348 [==>...........................] - ETA: 7s - batch_cost: 0.0246 - reader cost: 3.5966e-04
 48/348 [===>..........................] - ETA: 7s - batch_cost: 0.0246 - reader cost: 3.4467e-04
 51/348 [===>..........................] - ETA: 7s - batch_cost: 0.0245 - reader cost: 3.2440e-04
 54/348 [===>..........................] - ETA: 7s - batch_cost: 0.0241 - reader cost: 3.0638e-04
 57/348 [===>..........................] - ETA: 6s - batch_cost: 0.0240 - reader cost: 2.9025e-04
 59/348 [====>.........................] - ETA: 6s - batch_cost: 0.0241 - reader cost: 2.8041e-04
 62/348 [====>.........................] - ETA: 6s - batch_cost: 0.0240 - reader cost: 2.6684e-04
 65/348 [====>.........................] - ETA: 6s - batch_cost: 0.0239 - reader cost: 2.6990e-04
 68/348 [====>.........................] - ETA: 6s - batch_cost: 0.0238 - reader cost: 2.5799e-04
 71/348 [=====>........................] - ETA: 6s - batch_cost: 0.0237 - reader cost: 2.4709e-04
 74/348 [=====>........................] - ETA: 6s - batch_cost: 0.0237 - reader cost: 2.3707e-04
 77/348 [=====>........................] - ETA: 6s - batch_cost: 0.0237 - reader cost: 2.2784e-04
 79/348 [=====>........................] - ETA: 6s - batch_cost: 0.0238 - reader cost: 2.2207e-04
 81/348 [=====>........................] - ETA: 6s - batch_cost: 0.0239 - reader cost: 2.1658e-04
 83/348 [======>.......................] - ETA: 6s - batch_cost: 0.0240 - reader cost: 2.1137e-04
 86/348 [======>.......................] - ETA: 6s - batch_cost: 0.0240 - reader cost: 2.0399e-04
 89/348 [======>.......................] - ETA: 6s - batch_cost: 0.0240 - reader cost: 1.9712e-04
 91/348 [======>.......................] - ETA: 6s - batch_cost: 0.0240 - reader cost: 1.9278e-04
 94/348 [=======>......................] - ETA: 6s - batch_cost: 0.0239 - reader cost: 1.8663e-04
 97/348 [=======>......................] - ETA: 6s - batch_cost: 0.0240 - reader cost: 1.8086e-04
 99/348 [=======>......................] - ETA: 5s - batch_cost: 0.0240 - reader cost: 1.7721e-04
102/348 [=======>......................] - ETA: 5s - batch_cost: 0.0240 - reader cost: 1.7199e-04
104/348 [=======>......................] - ETA: 5s - batch_cost: 0.0240 - reader cost: 1.6869e-04
107/348 [========>.....................] - ETA: 5s - batch_cost: 0.0239 - reader cost: 1.6396e-04
110/348 [========>.....................] - ETA: 5s - batch_cost: 0.0238 - reader cost: 1.5948e-04
113/348 [========>.....................] - ETA: 5s - batch_cost: 0.0236 - reader cost: 1.5525e-04
116/348 [=========>....................] - ETA: 5s - batch_cost: 0.0236 - reader cost: 1.5124e-04
119/348 [=========>....................] - ETA: 5s - batch_cost: 0.0234 - reader cost: 1.4742e-04
122/348 [=========>....................] - ETA: 5s - batch_cost: 0.0232 - reader cost: 1.4380e-04
125/348 [=========>....................] - ETA: 5s - batch_cost: 0.0231 - reader cost: 1.4035e-04
128/348 [==========>...................] - ETA: 5s - batch_cost: 0.0230 - reader cost: 1.3706e-04
131/348 [==========>...................] - ETA: 4s - batch_cost: 0.0229 - reader cost: 1.3392e-04
134/348 [==========>...................] - ETA: 4s - batch_cost: 0.0229 - reader cost: 1.3467e-04
137/348 [==========>...................] - ETA: 4s - batch_cost: 0.0228 - reader cost: 1.3912e-04
140/348 [===========>..................] - ETA: 4s - batch_cost: 0.0228 - reader cost: 1.3614e-04
143/348 [===========>..................] - ETA: 4s - batch_cost: 0.0227 - reader cost: 1.4022e-04
146/348 [===========>..................] - ETA: 4s - batch_cost: 0.0227 - reader cost: 1.3734e-04
149/348 [===========>..................] - ETA: 4s - batch_cost: 0.0227 - reader cost: 1.4128e-04
151/348 [============>.................] - ETA: 4s - batch_cost: 0.0227 - reader cost: 1.3940e-04
153/348 [============>.................] - ETA: 4s - batch_cost: 0.0228 - reader cost: 1.3758e-04
155/348 [============>.................] - ETA: 4s - batch_cost: 0.0228 - reader cost: 1.3581e-04
157/348 [============>.................] - ETA: 4s - batch_cost: 0.0229 - reader cost: 1.3408e-04
160/348 [============>.................] - ETA: 4s - batch_cost: 0.0229 - reader cost: 1.3156e-04
163/348 [=============>................] - ETA: 4s - batch_cost: 0.0229 - reader cost: 1.2914e-04
166/348 [=============>................] - ETA: 4s - batch_cost: 0.0228 - reader cost: 1.3279e-04
169/348 [=============>................] - ETA: 4s - batch_cost: 0.0227 - reader cost: 1.3043e-04
172/348 [=============>................] - ETA: 4s - batch_cost: 0.0226 - reader cost: 1.2815e-04
176/348 [==============>...............] - ETA: 3s - batch_cost: 0.0225 - reader cost: 1.2524e-04
179/348 [==============>...............] - ETA: 3s - batch_cost: 0.0225 - reader cost: 1.2314e-04
182/348 [==============>...............] - ETA: 3s - batch_cost: 0.0225 - reader cost: 1.2111e-04
185/348 [==============>...............] - ETA: 3s - batch_cost: 0.0225 - reader cost: 1.2455e-04
188/348 [===============>..............] - ETA: 3s - batch_cost: 0.0224 - reader cost: 1.2256e-04
191/348 [===============>..............] - ETA: 3s - batch_cost: 0.0224 - reader cost: 1.2064e-04
194/348 [===============>..............] - ETA: 3s - batch_cost: 0.0223 - reader cost: 1.1877e-04
197/348 [===============>..............] - ETA: 3s - batch_cost: 0.0222 - reader cost: 1.1696e-04
200/348 [================>.............] - ETA: 3s - batch_cost: 0.0222 - reader cost: 1.1521e-04
203/348 [================>.............] - ETA: 3s - batch_cost: 0.0221 - reader cost: 1.1351e-04
206/348 [================>.............] - ETA: 3s - batch_cost: 0.0221 - reader cost: 1.1185e-04
209/348 [=================>............] - ETA: 3s - batch_cost: 0.0221 - reader cost: 1.1025e-04
212/348 [=================>............] - ETA: 3s - batch_cost: 0.0221 - reader cost: 1.0869e-04
215/348 [=================>............] - ETA: 2s - batch_cost: 0.0221 - reader cost: 1.1184e-04
218/348 [=================>............] - ETA: 2s - batch_cost: 0.0221 - reader cost: 1.1030e-04
221/348 [==================>...........] - ETA: 2s - batch_cost: 0.0220 - reader cost: 1.0880e-04
224/348 [==================>...........] - ETA: 2s - batch_cost: 0.0220 - reader cost: 1.0734e-04
227/348 [==================>...........] - ETA: 2s - batch_cost: 0.0220 - reader cost: 1.0593e-04
229/348 [==================>...........] - ETA: 2s - batch_cost: 0.0221 - reader cost: 1.0500e-04
232/348 [===================>..........] - ETA: 2s - batch_cost: 0.0221 - reader cost: 1.0364e-04
235/348 [===================>..........] - ETA: 2s - batch_cost: 0.0220 - reader cost: 1.0232e-04
238/348 [===================>..........] - ETA: 2s - batch_cost: 0.0220 - reader cost: 1.0103e-04
241/348 [===================>..........] - ETA: 2s - batch_cost: 0.0221 - reader cost: 1.0190e-04
243/348 [===================>..........] - ETA: 2s - batch_cost: 0.0221 - reader cost: 1.0517e-04
245/348 [====================>.........] - ETA: 2s - batch_cost: 0.0222 - reader cost: 1.0431e-04
248/348 [====================>.........] - ETA: 2s - batch_cost: 0.0222 - reader cost: 1.0305e-04
250/348 [====================>.........] - ETA: 2s - batch_cost: 0.0222 - reader cost: 1.0223e-04
252/348 [====================>.........] - ETA: 2s - batch_cost: 0.0222 - reader cost: 1.0141e-04
255/348 [====================>.........] - ETA: 2s - batch_cost: 0.0222 - reader cost: 1.0022e-04
258/348 [=====================>........] - ETA: 2s - batch_cost: 0.0222 - reader cost: 9.9056e-05
261/348 [=====================>........] - ETA: 1s - batch_cost: 0.0222 - reader cost: 9.7917e-05
264/348 [=====================>........] - ETA: 1s - batch_cost: 0.0222 - reader cost: 9.6804e-05
267/348 [======================>.......] - ETA: 1s - batch_cost: 0.0222 - reader cost: 9.5717e-05
270/348 [======================>.......] - ETA: 1s - batch_cost: 0.0222 - reader cost: 9.4653e-05
273/348 [======================>.......] - ETA: 1s - batch_cost: 0.0222 - reader cost: 9.3613e-05
276/348 [======================>.......] - ETA: 1s - batch_cost: 0.0222 - reader cost: 9.2595e-05
278/348 [======================>.......] - ETA: 1s - batch_cost: 0.0222 - reader cost: 9.1929e-05
280/348 [=======================>......] - ETA: 1s - batch_cost: 0.0222 - reader cost: 9.1273e-05
282/348 [=======================>......] - ETA: 1s - batch_cost: 0.0223 - reader cost: 9.0625e-05
285/348 [=======================>......] - ETA: 1s - batch_cost: 0.0223 - reader cost: 8.9671e-05
288/348 [=======================>......] - ETA: 1s - batch_cost: 0.0223 - reader cost: 8.8737e-05
291/348 [========================>.....] - ETA: 1s - batch_cost: 0.0223 - reader cost: 8.7822e-05
294/348 [========================>.....] - ETA: 1s - batch_cost: 0.0223 - reader cost: 8.6926e-05
297/348 [========================>.....] - ETA: 1s - batch_cost: 0.0222 - reader cost: 8.6048e-05
300/348 [========================>.....] - ETA: 1s - batch_cost: 0.0222 - reader cost: 8.5188e-05
303/348 [=========================>....] - ETA: 1s - batch_cost: 0.0222 - reader cost: 8.4344e-05
306/348 [=========================>....] - ETA: 0s - batch_cost: 0.0222 - reader cost: 8.3517e-05
309/348 [=========================>....] - ETA: 0s - batch_cost: 0.0221 - reader cost: 8.2707e-05
312/348 [=========================>....] - ETA: 0s - batch_cost: 0.0221 - reader cost: 8.1911e-05
315/348 [==========================>...] - ETA: 0s - batch_cost: 0.0221 - reader cost: 8.1131e-05
318/348 [==========================>...] - ETA: 0s - batch_cost: 0.0221 - reader cost: 8.0366e-05
321/348 [==========================>...] - ETA: 0s - batch_cost: 0.0221 - reader cost: 7.9615e-05
324/348 [==========================>...] - ETA: 0s - batch_cost: 0.0220 - reader cost: 7.8878e-05
327/348 [===========================>..] - ETA: 0s - batch_cost: 0.0220 - reader cost: 7.8154e-05
330/348 [===========================>..] - ETA: 0s - batch_cost: 0.0220 - reader cost: 7.7443e-05
332/348 [===========================>..] - ETA: 0s - batch_cost: 0.0221 - reader cost: 7.6977e-05
335/348 [===========================>..] - ETA: 0s - batch_cost: 0.0221 - reader cost: 7.6288e-05
338/348 [============================>.] - ETA: 0s - batch_cost: 0.0221 - reader cost: 7.5610e-05
341/348 [============================>.] - ETA: 0s - batch_cost: 0.0221 - reader cost: 7.4945e-05
344/348 [============================>.] - ETA: 0s - batch_cost: 0.0221 - reader cost: 7.4292e-05
348/348 [==============================] - 8s 22ms/step - batch_cost: 0.0220 - reader cost: 7.3438e-05
[2026/09/30 10:59:28] INFO: [EVAL] #Images: 348 mIoU: 0.5191 Acc: 0.9029 Kappa: 0.1896 Dice: 0.5944
[2026/09/30 10:59:28] INFO: [EVAL] Class IoU: 
[0.9013 0.1368]
[2026/09/30 10:59:28] INFO: [EVAL] Class Precision: 
[0.9558 0.2155]
[2026/09/30 10:59:28] INFO: [EVAL] Class Recall: 
[0.9406 0.2727]
[2026/09/30 10:59:28] INFO: Start evaluating (total_samples: 348, total_iters: 348)...

  1/348 [..............................] - ETA: 12s - batch_cost: 0.0370 - reader cost: 0.0090
  3/348 [..............................] - ETA: 10s - batch_cost: 0.0287 - reader cost: 0.0030
  6/348 [..............................] - ETA: 8s - batch_cost: 0.0243 - reader cost: 0.0015 
  8/348 [..............................] - ETA: 8s - batch_cost: 0.0247 - reader cost: 0.0011
 10/348 [..............................] - ETA: 8s - batch_cost: 0.0253 - reader cost: 0.0010
 13/348 [>.............................] - ETA: 8s - batch_cost: 0.0244 - reader cost: 7.7092e-04
 16/348 [>.............................] - ETA: 7s - batch_cost: 0.0235 - reader cost: 6.2637e-04
 19/348 [>.............................] - ETA: 7s - batch_cost: 0.0231 - reader cost: 5.2747e-04
 22/348 [>.............................] - ETA: 7s - batch_cost: 0.0232 - reader cost: 4.5554e-04
 25/348 [=>............................] - ETA: 7s - batch_cost: 0.0228 - reader cost: 4.0088e-04
 28/348 [=>............................] - ETA: 7s - batch_cost: 0.0225 - reader cost: 3.5793e-04
 31/348 [=>............................] - ETA: 7s - batch_cost: 0.0222 - reader cost: 3.2329e-04
 34/348 [=>............................] - ETA: 6s - batch_cost: 0.0221 - reader cost: 2.9476e-04
 37/348 [==>...........................] - ETA: 6s - batch_cost: 0.0218 - reader cost: 2.9788e-04
 40/348 [==>...........................] - ETA: 6s - batch_cost: 0.0218 - reader cost: 2.7554e-04
 43/348 [==>...........................] - ETA: 6s - batch_cost: 0.0216 - reader cost: 2.5632e-04
 46/348 [==>...........................] - ETA: 6s - batch_cost: 0.0215 - reader cost: 2.3960e-04
 49/348 [===>..........................] - ETA: 6s - batch_cost: 0.0215 - reader cost: 2.2493e-04
 52/348 [===>..........................] - ETA: 6s - batch_cost: 0.0214 - reader cost: 2.3134e-04
 55/348 [===>..........................] - ETA: 6s - batch_cost: 0.0213 - reader cost: 2.1873e-04
 58/348 [====>.........................] - ETA: 6s - batch_cost: 0.0213 - reader cost: 2.0741e-04
 61/348 [====>.........................] - ETA: 6s - batch_cost: 0.0214 - reader cost: 1.9721e-04
 64/348 [====>.........................] - ETA: 6s - batch_cost: 0.0214 - reader cost: 1.8797e-04
 66/348 [====>.........................] - ETA: 6s - batch_cost: 0.0216 - reader cost: 1.9719e-04
 68/348 [====>.........................] - ETA: 6s - batch_cost: 0.0217 - reader cost: 1.9139e-04
 70/348 [=====>........................] - ETA: 6s - batch_cost: 0.0218 - reader cost: 1.8592e-04
 73/348 [=====>........................] - ETA: 6s - batch_cost: 0.0219 - reader cost: 1.7828e-04
 76/348 [=====>........................] - ETA: 6s - batch_cost: 0.0220 - reader cost: 1.7124e-04
 79/348 [=====>........................] - ETA: 5s - batch_cost: 0.0220 - reader cost: 1.6474e-04
 82/348 [======>.......................] - ETA: 5s - batch_cost: 0.0220 - reader cost: 1.5871e-04
 85/348 [======>.......................] - ETA: 5s - batch_cost: 0.0219 - reader cost: 1.5311e-04
 88/348 [======>.......................] - ETA: 5s - batch_cost: 0.0219 - reader cost: 1.4789e-04
 91/348 [======>.......................] - ETA: 5s - batch_cost: 0.0219 - reader cost: 1.5403e-04
 94/348 [=======>......................] - ETA: 5s - batch_cost: 0.0217 - reader cost: 1.4911e-04
 97/348 [=======>......................] - ETA: 5s - batch_cost: 0.0217 - reader cost: 1.5481e-04
100/348 [=======>......................] - ETA: 5s - batch_cost: 0.0216 - reader cost: 1.5017e-04
103/348 [=======>......................] - ETA: 5s - batch_cost: 0.0215 - reader cost: 1.4579e-04
106/348 [========>.....................] - ETA: 5s - batch_cost: 0.0215 - reader cost: 1.4167e-04
109/348 [========>.....................] - ETA: 5s - batch_cost: 0.0214 - reader cost: 1.3777e-04
112/348 [========>.....................] - ETA: 5s - batch_cost: 0.0213 - reader cost: 1.3408e-04
115/348 [========>.....................] - ETA: 4s - batch_cost: 0.0213 - reader cost: 1.3058e-04
118/348 [=========>....................] - ETA: 4s - batch_cost: 0.0213 - reader cost: 1.3573e-04
121/348 [=========>....................] - ETA: 4s - batch_cost: 0.0213 - reader cost: 1.4070e-04
124/348 [=========>....................] - ETA: 4s - batch_cost: 0.0212 - reader cost: 1.3729e-04
127/348 [=========>....................] - ETA: 4s - batch_cost: 0.0212 - reader cost: 1.3405e-04
130/348 [==========>...................] - ETA: 4s - batch_cost: 0.0212 - reader cost: 1.4641e-04
133/348 [==========>...................] - ETA: 4s - batch_cost: 0.0213 - reader cost: 1.4310e-04
135/348 [==========>...................] - ETA: 4s - batch_cost: 0.0213 - reader cost: 1.4098e-04
138/348 [==========>...................] - ETA: 4s - batch_cost: 0.0214 - reader cost: 1.3792e-04
141/348 [===========>..................] - ETA: 4s - batch_cost: 0.0214 - reader cost: 1.3498e-04
144/348 [===========>..................] - ETA: 4s - batch_cost: 0.0214 - reader cost: 1.3217e-04
147/348 [===========>..................] - ETA: 4s - batch_cost: 0.0214 - reader cost: 1.3633e-04
149/348 [===========>..................] - ETA: 4s - batch_cost: 0.0215 - reader cost: 1.3450e-04
151/348 [============>.................] - ETA: 4s - batch_cost: 0.0216 - reader cost: 1.3272e-04
154/348 [============>.................] - ETA: 4s - batch_cost: 0.0216 - reader cost: 1.3013e-04
156/348 [============>.................] - ETA: 4s - batch_cost: 0.0217 - reader cost: 1.2847e-04
159/348 [============>.................] - ETA: 4s - batch_cost: 0.0217 - reader cost: 1.2604e-04
162/348 [============>.................] - ETA: 4s - batch_cost: 0.0217 - reader cost: 1.2371e-04
165/348 [=============>................] - ETA: 3s - batch_cost: 0.0217 - reader cost: 1.2146e-04
168/348 [=============>................] - ETA: 3s - batch_cost: 0.0217 - reader cost: 1.1929e-04
171/348 [=============>................] - ETA: 3s - batch_cost: 0.0217 - reader cost: 1.2306e-04
174/348 [==============>...............] - ETA: 3s - batch_cost: 0.0217 - reader cost: 1.2094e-04
177/348 [==============>...............] - ETA: 3s - batch_cost: 0.0216 - reader cost: 1.1889e-04
180/348 [==============>...............] - ETA: 3s - batch_cost: 0.0216 - reader cost: 1.1691e-04
183/348 [==============>...............] - ETA: 3s - batch_cost: 0.0215 - reader cost: 1.1499e-04
186/348 [===============>..............] - ETA: 3s - batch_cost: 0.0216 - reader cost: 1.1313e-04
189/348 [===============>..............] - ETA: 3s - batch_cost: 0.0215 - reader cost: 1.1134e-04
191/348 [===============>..............] - ETA: 3s - batch_cost: 0.0216 - reader cost: 1.1355e-04
193/348 [===============>..............] - ETA: 3s - batch_cost: 0.0216 - reader cost: 1.1237e-04
196/348 [===============>..............] - ETA: 3s - batch_cost: 0.0216 - reader cost: 1.1065e-04
199/348 [================>.............] - ETA: 3s - batch_cost: 0.0216 - reader cost: 1.0898e-04
202/348 [================>.............] - ETA: 3s - batch_cost: 0.0215 - reader cost: 1.0737e-04
205/348 [================>.............] - ETA: 3s - batch_cost: 0.0215 - reader cost: 1.0580e-04
208/348 [================>.............] - ETA: 3s - batch_cost: 0.0215 - reader cost: 1.0427e-04
211/348 [=================>............] - ETA: 2s - batch_cost: 0.0216 - reader cost: 1.0279e-04
214/348 [=================>............] - ETA: 2s - batch_cost: 0.0215 - reader cost: 1.0135e-04
217/348 [=================>............] - ETA: 2s - batch_cost: 0.0215 - reader cost: 9.9945e-05
220/348 [=================>............] - ETA: 2s - batch_cost: 0.0215 - reader cost: 1.0313e-04
223/348 [==================>...........] - ETA: 2s - batch_cost: 0.0215 - reader cost: 1.0174e-04
226/348 [==================>...........] - ETA: 2s - batch_cost: 0.0215 - reader cost: 1.0481e-04
228/348 [==================>...........] - ETA: 2s - batch_cost: 0.0216 - reader cost: 1.0389e-04
230/348 [==================>...........] - ETA: 2s - batch_cost: 0.0216 - reader cost: 1.0299e-04
232/348 [===================>..........] - ETA: 2s - batch_cost: 0.0217 - reader cost: 1.0210e-04
234/348 [===================>..........] - ETA: 2s - batch_cost: 0.0217 - reader cost: 1.0123e-04
236/348 [===================>..........] - ETA: 2s - batch_cost: 0.0218 - reader cost: 1.0461e-04
238/348 [===================>..........] - ETA: 2s - batch_cost: 0.0218 - reader cost: 1.0373e-04
240/348 [===================>..........] - ETA: 2s - batch_cost: 0.0219 - reader cost: 1.0287e-04
242/348 [===================>..........] - ETA: 2s - batch_cost: 0.0219 - reader cost: 1.0202e-04
244/348 [====================>.........] - ETA: 2s - batch_cost: 0.0220 - reader cost: 1.0118e-04
246/348 [====================>.........] - ETA: 2s - batch_cost: 0.0220 - reader cost: 1.0036e-04
248/348 [====================>.........] - ETA: 2s - batch_cost: 0.0220 - reader cost: 9.9551e-05
250/348 [====================>.........] - ETA: 2s - batch_cost: 0.0221 - reader cost: 9.8755e-05
253/348 [====================>.........] - ETA: 2s - batch_cost: 0.0221 - reader cost: 9.7584e-05
256/348 [=====================>........] - ETA: 2s - batch_cost: 0.0221 - reader cost: 9.6440e-05
258/348 [=====================>........] - ETA: 1s - batch_cost: 0.0221 - reader cost: 9.5693e-05
261/348 [=====================>........] - ETA: 1s - batch_cost: 0.0221 - reader cost: 9.4593e-05
263/348 [=====================>........] - ETA: 1s - batch_cost: 0.0221 - reader cost: 9.3873e-05
266/348 [=====================>........] - ETA: 1s - batch_cost: 0.0221 - reader cost: 9.6584e-05
269/348 [======================>.......] - ETA: 1s - batch_cost: 0.0221 - reader cost: 9.5507e-05
272/348 [======================>.......] - ETA: 1s - batch_cost: 0.0221 - reader cost: 9.4453e-05
275/348 [======================>.......] - ETA: 1s - batch_cost: 0.0221 - reader cost: 9.7058e-05
278/348 [======================>.......] - ETA: 1s - batch_cost: 0.0220 - reader cost: 9.6011e-05
281/348 [=======================>......] - ETA: 1s - batch_cost: 0.0221 - reader cost: 9.4986e-05
284/348 [=======================>......] - ETA: 1s - batch_cost: 0.0221 - reader cost: 9.3982e-05
287/348 [=======================>......] - ETA: 1s - batch_cost: 0.0221 - reader cost: 9.3000e-05
290/348 [========================>.....] - ETA: 1s - batch_cost: 0.0221 - reader cost: 9.2038e-05
293/348 [========================>.....] - ETA: 1s - batch_cost: 0.0221 - reader cost: 9.1095e-05
295/348 [========================>.....] - ETA: 1s - batch_cost: 0.0221 - reader cost: 9.0478e-05
297/348 [========================>.....] - ETA: 1s - batch_cost: 0.0221 - reader cost: 8.9869e-05
299/348 [========================>.....] - ETA: 1s - batch_cost: 0.0221 - reader cost: 8.9267e-05
301/348 [========================>.....] - ETA: 1s - batch_cost: 0.0222 - reader cost: 8.8674e-05
303/348 [=========================>....] - ETA: 1s - batch_cost: 0.0222 - reader cost: 8.8089e-05
306/348 [=========================>....] - ETA: 0s - batch_cost: 0.0222 - reader cost: 8.7225e-05
309/348 [=========================>....] - ETA: 0s - batch_cost: 0.0222 - reader cost: 8.6379e-05
312/348 [=========================>....] - ETA: 0s - batch_cost: 0.0222 - reader cost: 8.5548e-05
315/348 [==========================>...] - ETA: 0s - batch_cost: 0.0222 - reader cost: 8.4733e-05
318/348 [==========================>...] - ETA: 0s - batch_cost: 0.0222 - reader cost: 8.7051e-05
321/348 [==========================>...] - ETA: 0s - batch_cost: 0.0221 - reader cost: 8.6237e-05
324/348 [==========================>...] - ETA: 0s - batch_cost: 0.0221 - reader cost: 8.5438e-05
326/348 [===========================>..] - ETA: 0s - batch_cost: 0.0222 - reader cost: 8.4914e-05
328/348 [===========================>..] - ETA: 0s - batch_cost: 0.0222 - reader cost: 8.4397e-05
330/348 [===========================>..] - ETA: 0s - batch_cost: 0.0222 - reader cost: 8.3885e-05
332/348 [===========================>..] - ETA: 0s - batch_cost: 0.0223 - reader cost: 8.3380e-05
334/348 [===========================>..] - ETA: 0s - batch_cost: 0.0223 - reader cost: 8.2880e-05
336/348 [===========================>..] - ETA: 0s - batch_cost: 0.0224 - reader cost: 8.2387e-05
338/348 [============================>.] - ETA: 0s - batch_cost: 0.0224 - reader cost: 8.1900e-05
340/348 [============================>.] - ETA: 0s - batch_cost: 0.0224 - reader cost: 8.1418e-05
343/348 [============================>.] - ETA: 0s - batch_cost: 0.0224 - reader cost: 8.0706e-05
346/348 [============================>.] - ETA: 0s - batch_cost: 0.0224 - reader cost: 8.0006e-05
348/348 [==============================] - 8s 22ms/step - batch_cost: 0.0224 - reader cost: 7.9546e-05
[2026/09/30 10:59:36] INFO: [EVAL] #Images: 348 mIoU: 0.5165 Acc: 0.9118 Kappa: 0.1712 Dice: 0.5856
[2026/09/30 10:59:36] INFO: [EVAL] Class IoU: 
[0.9107 0.1223]
[2026/09/30 10:59:36] INFO: [EVAL] Class Precision: 
[0.9532 0.2183]
[2026/09/30 10:59:36] INFO: [EVAL] Class Recall: 
[0.9534 0.2176]
[2026/09/30 10:59:36] INFO: [EVAL] The model with the best validation mIoU (0.5191) was saved at iter 30.
[2026/09/30 10:59:36] INFO: [EVAL] The EMA model with the best validation mIoU (0.5165) was saved at iter 30.
<class 'paddle.nn.layer.conv.Conv2D'>'s flops has been counted
<class 'paddle.nn.layer.norm.BatchNorm2D'>'s flops has been counted
<class 'paddle.nn.layer.activation.ReLU'>'s flops has been counted
Cannot find suitable count function for <class 'paddle.nn.layer.pooling.MaxPool2D'>. Treat it as zero FLOPs.
<class 'paddle.nn.layer.pooling.AdaptiveAvgPool2D'>'s flops has been counted
Cannot find suitable count function for <class 'paddleseg.models.layers.wrap_functions.Add'>. Treat it as zero FLOPs.
Cannot find suitable count function for <class 'paddle.nn.layer.common.Identity'>. Treat it as zero FLOPs.
<class 'paddle.nn.layer.pooling.AvgPool2D'>'s flops has been counted
Cannot find suitable count function for <class 'paddle.nn.layer.activation.Sigmoid'>. Treat it as zero FLOPs.
<class 'paddle.nn.layer.common.Dropout'>'s flops has been counted
<class 'paddle.nn.layer.conv.Conv1D'>'s flops has been counted
Total Flops: 5254327440     Total Params: 2341344
