[2026/09/30 12:13:12] INFO: 
------------Environment Information-------------
platform: Windows-11-10.0.26200-SP0
Python: 3.12.10 (tags/v3.12.10:0cc8128, Apr  8 2025, 12:21:36) [MSC v.1943 64 bit (AMD64)]
Paddle compiled with cuda: True
NVCC: Build cuda_13.4.r13.4/compiler.38657139_0
cudnn: 90.9
GPUs used: 1
CUDA_VISIBLE_DEVICES: None
GPU: ['GPU 0: NVIDIA GeForce']
PaddleSeg: 0.0.0.dev0
PaddlePaddle: 3.4.0
OpenCV: 4.11.0
------------------------------------------------
[2026/09/30 12:13:12] INFO: 
---------------Config Information---------------
batch_size: 4
iters: 18000
train_dataset:
  dataset_root: C:/Users/user/algolab_data
  mode: train
  num_classes: 2
  train_path: C:/Users/user/algolab_data/train.txt
  transforms:
  - max_scale_factor: 2.0
    min_scale_factor: 0.5
    scale_step_size: 0.25
    type: ResizeStepScaling
  - crop_size:
    - 400
    - 400
    type: RandomPaddingCrop
  - type: RandomHorizontalFlip
  - brightness_range: 0.5
    contrast_range: 0.5
    saturation_range: 0.5
    type: RandomDistort
  - type: Normalize
  type: Dataset
val_dataset:
  dataset_root: C:/Users/user/algolab_data
  mode: val
  num_classes: 2
  transforms:
  - type: Normalize
  type: Dataset
  val_path: C:/Users/user/algolab_data/val.txt
optimizer:
  beta1: 0.9
  beta2: 0.999
  type: AdamW
  weight_decay: 0.01
lr_scheduler:
  end_lr: 0.0
  learning_rate: 6.0e-05
  power: 1
  type: PolynomialDecay
loss:
  coef:
  - 1
  - 1
  - 1
  - 1
  - 1
  - 1.0
  types:
  - coef:
    - 0.8
    - 0.2
    losses:
    - min_kept: 65000
      type: OhemCrossEntropyLoss
    - type: DiceLoss
    type: MixedLoss
  - coef:
    - 0.8
    - 0.2
    losses:
    - min_kept: 65000
      type: OhemCrossEntropyLoss
    - type: DiceLoss
    type: MixedLoss
  - coef:
    - 0.8
    - 0.2
    losses:
    - min_kept: 65000
      type: OhemCrossEntropyLoss
    - type: DiceLoss
    type: MixedLoss
  - coef:
    - 0.8
    - 0.2
    losses:
    - min_kept: 65000
      type: OhemCrossEntropyLoss
    - type: DiceLoss
    type: MixedLoss
  - coef:
    - 0.8
    - 0.2
    losses:
    - min_kept: 65000
      type: OhemCrossEntropyLoss
    - type: DiceLoss
    type: MixedLoss
  - type: PointCrossEntropyLoss
model:
  context_type: none
  num_classes: 2
  point_refine: true
  shape_stream: false
  type: BiSeNetV2
------------------------------------------------

[2026/09/30 12:13:13] INFO: Set device: gpu
[2026/09/30 12:13:13] INFO: Use the following config to build model
model:
  context_type: none
  num_classes: 2
  point_refine: true
  shape_stream: false
  type: BiSeNetV2
[2026/09/30 12:13:13] INFO: Use the following config to build train_dataset
train_dataset:
  dataset_root: C:/Users/user/algolab_data
  mode: train
  num_classes: 2
  train_path: C:/Users/user/algolab_data/train.txt
  transforms:
  - max_scale_factor: 2.0
    min_scale_factor: 0.5
    scale_step_size: 0.25
    type: ResizeStepScaling
  - crop_size:
    - 400
    - 400
    type: RandomPaddingCrop
  - type: RandomHorizontalFlip
  - brightness_range: 0.5
    contrast_range: 0.5
    saturation_range: 0.5
    type: RandomDistort
  - type: Normalize
  type: Dataset
[2026/09/30 12:13:13] INFO: Use the following config to build val_dataset
val_dataset:
  dataset_root: C:/Users/user/algolab_data
  mode: val
  num_classes: 2
  transforms:
  - type: Normalize
  type: Dataset
  val_path: C:/Users/user/algolab_data/val.txt
[2026/09/30 12:13:13] INFO: Use the following config to build optimizer
optimizer:
  beta1: 0.9
  beta2: 0.999
  type: AdamW
  weight_decay: 0.01
[2026/09/30 12:13:13] INFO: Use the following config to build loss
loss:
  coef:
  - 1
  - 1
  - 1
  - 1
  - 1
  - 1.0
  types:
  - coef:
    - 0.8
    - 0.2
    losses:
    - min_kept: 65000
      type: OhemCrossEntropyLoss
    - type: DiceLoss
    type: MixedLoss
  - coef:
    - 0.8
    - 0.2
    losses:
    - min_kept: 65000
      type: OhemCrossEntropyLoss
    - type: DiceLoss
    type: MixedLoss
  - coef:
    - 0.8
    - 0.2
    losses:
    - min_kept: 65000
      type: OhemCrossEntropyLoss
    - type: DiceLoss
    type: MixedLoss
  - coef:
    - 0.8
    - 0.2
    losses:
    - min_kept: 65000
      type: OhemCrossEntropyLoss
    - type: DiceLoss
    type: MixedLoss
  - coef:
    - 0.8
    - 0.2
    losses:
    - min_kept: 65000
      type: OhemCrossEntropyLoss
    - type: DiceLoss
    type: MixedLoss
  - type: PointCrossEntropyLoss
[2026/09/30 12:13:26] INFO: [TRAIN] epoch: 1, iter: 100/18000, loss: 3.7343, lr: 0.000060, batch_cost: 0.0988, reader_cost: 0.00084, ips: 40.4830 samples/sec, max_mem_reserved: 896 MB, max_mem_allocated: 687 MB | ETA 00:29:28
[2026/09/30 12:13:38] INFO: [TRAIN] epoch: 1, iter: 200/18000, loss: 3.3563, lr: 0.000059, batch_cost: 0.0886, reader_cost: 0.00010, ips: 45.1583 samples/sec, max_mem_reserved: 896 MB, max_mem_allocated: 687 MB | ETA 00:26:16
[2026/09/30 12:13:50] INFO: [TRAIN] epoch: 1, iter: 300/18000, loss: 3.3797, lr: 0.000059, batch_cost: 0.0911, reader_cost: 0.00011, ips: 43.9251 samples/sec, max_mem_reserved: 896 MB, max_mem_allocated: 687 MB | ETA 00:26:51
[2026/09/30 12:14:02] INFO: [TRAIN] epoch: 1, iter: 400/18000, loss: 3.4923, lr: 0.000059, batch_cost: 0.0903, reader_cost: 0.00006, ips: 44.2937 samples/sec, max_mem_reserved: 896 MB, max_mem_allocated: 687 MB | ETA 00:26:29
[2026/09/30 12:14:14] INFO: [TRAIN] epoch: 2, iter: 500/18000, loss: 3.4230, lr: 0.000058, batch_cost: 0.0898, reader_cost: 0.00061, ips: 44.5374 samples/sec, max_mem_reserved: 896 MB, max_mem_allocated: 687 MB | ETA 00:26:11
[2026/09/30 12:14:26] INFO: [TRAIN] epoch: 2, iter: 600/18000, loss: 3.4494, lr: 0.000058, batch_cost: 0.0892, reader_cost: 0.00011, ips: 44.8342 samples/sec, max_mem_reserved: 896 MB, max_mem_allocated: 687 MB | ETA 00:25:52
[2026/09/30 12:14:38] INFO: [TRAIN] epoch: 2, iter: 700/18000, loss: 3.4360, lr: 0.000058, batch_cost: 0.0903, reader_cost: 0.00011, ips: 44.2814 samples/sec, max_mem_reserved: 896 MB, max_mem_allocated: 687 MB | ETA 00:26:02
[2026/09/30 12:14:50] INFO: [TRAIN] epoch: 2, iter: 800/18000, loss: 3.4174, lr: 0.000057, batch_cost: 0.0904, reader_cost: 0.00005, ips: 44.2579 samples/sec, max_mem_reserved: 896 MB, max_mem_allocated: 687 MB | ETA 00:25:54
[2026/09/30 12:15:02] INFO: [TRAIN] epoch: 2, iter: 900/18000, loss: 3.5041, lr: 0.000057, batch_cost: 0.0873, reader_cost: 0.00007, ips: 45.8014 samples/sec, max_mem_reserved: 896 MB, max_mem_allocated: 687 MB | ETA 00:24:53
[2026/09/30 12:15:14] INFO: [TRAIN] epoch: 3, iter: 1000/18000, loss: 3.4931, lr: 0.000057, batch_cost: 0.0856, reader_cost: 0.00067, ips: 46.7065 samples/sec, max_mem_reserved: 896 MB, max_mem_allocated: 687 MB | ETA 00:24:15
[2026/09/30 12:15:14] INFO: Start evaluating (total_samples: 348, total_iters: 348)...
[2026/09/30 12:15:21] INFO: [EVAL] #Images: 348 mIoU: 0.7049 Acc: 0.9649 Kappa: 0.5995 Dice: 0.7992
[2026/09/30 12:15:21] INFO: [EVAL] Class IoU: 
[0.9638 0.446 ]
[2026/09/30 12:15:21] INFO: [EVAL] Class Precision: 
[0.9708 0.8024]
[2026/09/30 12:15:21] INFO: [EVAL] Class Recall: 
[0.9926 0.5011]
[2026/09/30 12:15:21] INFO: Start evaluating (total_samples: 348, total_iters: 348)...
[2026/09/30 12:15:28] INFO: [EVAL] #Images: 348 mIoU: 0.6212 Acc: 0.9565 Kappa: 0.4275 Dice: 0.7115
[2026/09/30 12:15:28] INFO: [EVAL] Class IoU: 
[0.9557 0.2868]
[2026/09/30 12:15:28] INFO: [EVAL] Class Precision: 
[0.9602 0.7926]
[2026/09/30 12:15:28] INFO: [EVAL] Class Recall: 
[0.9951 0.31  ]
[2026/09/30 12:15:28] INFO: [EVAL] The model with the best validation mIoU (0.7049) was saved at iter 1000.
[2026/09/30 12:15:28] INFO: [EVAL] The EMA model with the best validation mIoU (0.6212) was saved at iter 1000.
[2026/09/30 12:15:40] INFO: [TRAIN] epoch: 3, iter: 1100/18000, loss: 3.4456, lr: 0.000056, batch_cost: 0.0931, reader_cost: 0.00011, ips: 42.9502 samples/sec, max_mem_reserved: 896 MB, max_mem_allocated: 687 MB | ETA 00:26:13
[2026/09/30 12:15:53] INFO: [TRAIN] epoch: 3, iter: 1200/18000, loss: 3.5200, lr: 0.000056, batch_cost: 0.0920, reader_cost: 0.00006, ips: 43.4765 samples/sec, max_mem_reserved: 896 MB, max_mem_allocated: 687 MB | ETA 00:25:45
[2026/09/30 12:16:05] INFO: [TRAIN] epoch: 3, iter: 1300/18000, loss: 3.4935, lr: 0.000056, batch_cost: 0.0903, reader_cost: 0.00007, ips: 44.2769 samples/sec, max_mem_reserved: 896 MB, max_mem_allocated: 687 MB | ETA 00:25:08
[2026/09/30 12:16:17] INFO: [TRAIN] epoch: 3, iter: 1400/18000, loss: 3.6030, lr: 0.000055, batch_cost: 0.0887, reader_cost: 0.00005, ips: 45.1194 samples/sec, max_mem_reserved: 896 MB, max_mem_allocated: 687 MB | ETA 00:24:31
[2026/09/30 12:16:29] INFO: [TRAIN] epoch: 4, iter: 1500/18000, loss: 3.5187, lr: 0.000055, batch_cost: 0.0881, reader_cost: 0.00063, ips: 45.4009 samples/sec, max_mem_reserved: 896 MB, max_mem_allocated: 687 MB | ETA 00:24:13
[2026/09/30 12:16:41] INFO: [TRAIN] epoch: 4, iter: 1600/18000, loss: 3.5281, lr: 0.000055, batch_cost: 0.0891, reader_cost: 0.00006, ips: 44.8760 samples/sec, max_mem_reserved: 896 MB, max_mem_allocated: 687 MB | ETA 00:24:21
[2026/09/30 12:16:53] INFO: [TRAIN] epoch: 4, iter: 1700/18000, loss: 3.4609, lr: 0.000054, batch_cost: 0.0890, reader_cost: 0.00002, ips: 44.9376 samples/sec, max_mem_reserved: 896 MB, max_mem_allocated: 687 MB | ETA 00:24:10
[2026/09/30 12:17:05] INFO: [TRAIN] epoch: 4, iter: 1800/18000, loss: 3.4762, lr: 0.000054, batch_cost: 0.0914, reader_cost: 0.00005, ips: 43.7626 samples/sec, max_mem_reserved: 896 MB, max_mem_allocated: 687 MB | ETA 00:24:40
[2026/09/30 12:17:17] INFO: [TRAIN] epoch: 5, iter: 1900/18000, loss: 3.5470, lr: 0.000054, batch_cost: 0.0923, reader_cost: 0.00075, ips: 43.3153 samples/sec, max_mem_reserved: 896 MB, max_mem_allocated: 687 MB | ETA 00:24:46
[2026/09/30 12:17:29] INFO: [TRAIN] epoch: 5, iter: 2000/18000, loss: 3.5376, lr: 0.000053, batch_cost: 0.0908, reader_cost: 0.00014, ips: 44.0771 samples/sec, max_mem_reserved: 896 MB, max_mem_allocated: 687 MB | ETA 00:24:12
[2026/09/30 12:17:29] INFO: Start evaluating (total_samples: 348, total_iters: 348)...
[2026/09/30 12:17:37] INFO: [EVAL] #Images: 348 mIoU: 0.7475 Acc: 0.9665 Kappa: 0.6750 Dice: 0.8375
[2026/09/30 12:17:37] INFO: [EVAL] Class IoU: 
[0.9651 0.5299]
[2026/09/30 12:17:37] INFO: [EVAL] Class Precision: 
[0.9803 0.7177]
[2026/09/30 12:17:37] INFO: [EVAL] Class Recall: 
[0.9842 0.6695]
[2026/09/30 12:17:37] INFO: Start evaluating (total_samples: 348, total_iters: 348)...
[2026/09/30 12:17:44] INFO: [EVAL] #Images: 348 mIoU: 0.6697 Acc: 0.9620 Kappa: 0.5315 Dice: 0.7646
[2026/09/30 12:17:44] INFO: [EVAL] Class IoU: 
[0.9611 0.3783]
[2026/09/30 12:17:44] INFO: [EVAL] Class Precision: 
[0.9657 0.8323]
[2026/09/30 12:17:44] INFO: [EVAL] Class Recall: 
[0.9951 0.4096]
[2026/09/30 12:17:44] INFO: [EVAL] The model with the best validation mIoU (0.7475) was saved at iter 2000.
[2026/09/30 12:17:44] INFO: [EVAL] The EMA model with the best validation mIoU (0.6697) was saved at iter 2000.
[2026/09/30 12:17:56] INFO: [TRAIN] epoch: 5, iter: 2100/18000, loss: 3.4938, lr: 0.000053, batch_cost: 0.0909, reader_cost: 0.00005, ips: 44.0144 samples/sec, max_mem_reserved: 896 MB, max_mem_allocated: 687 MB | ETA 00:24:04
[2026/09/30 12:18:08] INFO: [TRAIN] epoch: 5, iter: 2200/18000, loss: 3.4695, lr: 0.000053, batch_cost: 0.0925, reader_cost: 0.00004, ips: 43.2230 samples/sec, max_mem_reserved: 896 MB, max_mem_allocated: 687 MB | ETA 00:24:22
[2026/09/30 12:18:21] INFO: [TRAIN] epoch: 5, iter: 2300/18000, loss: 3.4660, lr: 0.000052, batch_cost: 0.0913, reader_cost: 0.00005, ips: 43.8068 samples/sec, max_mem_reserved: 896 MB, max_mem_allocated: 687 MB | ETA 00:23:53
[2026/09/30 12:18:33] INFO: [TRAIN] epoch: 6, iter: 2400/18000, loss: 3.4811, lr: 0.000052, batch_cost: 0.0920, reader_cost: 0.00071, ips: 43.4667 samples/sec, max_mem_reserved: 896 MB, max_mem_allocated: 687 MB | ETA 00:23:55
[2026/09/30 12:18:45] INFO: [TRAIN] epoch: 6, iter: 2500/18000, loss: 3.3667, lr: 0.000052, batch_cost: 0.0909, reader_cost: 0.00003, ips: 44.0154 samples/sec, max_mem_reserved: 896 MB, max_mem_allocated: 687 MB | ETA 00:23:28
[2026/09/30 12:18:57] INFO: [TRAIN] epoch: 6, iter: 2600/18000, loss: 3.6270, lr: 0.000051, batch_cost: 0.0902, reader_cost: 0.00007, ips: 44.3534 samples/sec, max_mem_reserved: 896 MB, max_mem_allocated: 687 MB | ETA 00:23:08
[2026/09/30 12:19:09] INFO: [TRAIN] epoch: 6, iter: 2700/18000, loss: 3.4047, lr: 0.000051, batch_cost: 0.0906, reader_cost: 0.00009, ips: 44.1258 samples/sec, max_mem_reserved: 896 MB, max_mem_allocated: 687 MB | ETA 00:23:06
[2026/09/30 12:19:21] INFO: [TRAIN] epoch: 6, iter: 2800/18000, loss: 3.3817, lr: 0.000051, batch_cost: 0.0894, reader_cost: 0.00005, ips: 44.7509 samples/sec, max_mem_reserved: 896 MB, max_mem_allocated: 687 MB | ETA 00:22:38
[2026/09/30 12:19:33] INFO: [TRAIN] epoch: 7, iter: 2900/18000, loss: 3.4739, lr: 0.000050, batch_cost: 0.0897, reader_cost: 0.00056, ips: 44.6158 samples/sec, max_mem_reserved: 896 MB, max_mem_allocated: 687 MB | ETA 00:22:33
[2026/09/30 12:19:45] INFO: [TRAIN] epoch: 7, iter: 3000/18000, loss: 3.3746, lr: 0.000050, batch_cost: 0.0895, reader_cost: 0.00006, ips: 44.6944 samples/sec, max_mem_reserved: 896 MB, max_mem_allocated: 687 MB | ETA 00:22:22
[2026/09/30 12:19:45] INFO: Start evaluating (total_samples: 348, total_iters: 348)...
[2026/09/30 12:19:52] INFO: [EVAL] #Images: 348 mIoU: 0.7733 Acc: 0.9712 Kappa: 0.7162 Dice: 0.8581
[2026/09/30 12:19:52] INFO: [EVAL] Class IoU: 
[0.9701 0.5764]
[2026/09/30 12:19:52] INFO: [EVAL] Class Precision: 
[0.9817 0.774 ]
[2026/09/30 12:19:52] INFO: [EVAL] Class Recall: 
[0.9879 0.6931]
[2026/09/30 12:19:52] INFO: Start evaluating (total_samples: 348, total_iters: 348)...
[2026/09/30 12:20:00] INFO: [EVAL] #Images: 348 mIoU: 0.7271 Acc: 0.9678 Kappa: 0.6392 Dice: 0.8192
[2026/09/30 12:20:00] INFO: [EVAL] Class IoU: 
[0.9668 0.4873]
[2026/09/30 12:20:00] INFO: [EVAL] Class Precision: 
[0.9731 0.8288]
[2026/09/30 12:20:00] INFO: [EVAL] Class Recall: 
[0.9933 0.5419]
[2026/09/30 12:20:00] INFO: [EVAL] The model with the best validation mIoU (0.7733) was saved at iter 3000.
[2026/09/30 12:20:00] INFO: [EVAL] The EMA model with the best validation mIoU (0.7271) was saved at iter 3000.
[2026/09/30 12:20:12] INFO: [TRAIN] epoch: 7, iter: 3100/18000, loss: 3.4275, lr: 0.000050, batch_cost: 0.0921, reader_cost: 0.00008, ips: 43.4125 samples/sec, max_mem_reserved: 896 MB, max_mem_allocated: 687 MB | ETA 00:22:52
[2026/09/30 12:20:24] INFO: [TRAIN] epoch: 7, iter: 3200/18000, loss: 3.3975, lr: 0.000049, batch_cost: 0.0908, reader_cost: 0.00007, ips: 44.0639 samples/sec, max_mem_reserved: 896 MB, max_mem_allocated: 687 MB | ETA 00:22:23
[2026/09/30 12:20:37] INFO: [TRAIN] epoch: 7, iter: 3300/18000, loss: 3.4088, lr: 0.000049, batch_cost: 0.0909, reader_cost: 0.00013, ips: 43.9807 samples/sec, max_mem_reserved: 896 MB, max_mem_allocated: 687 MB | ETA 00:22:16
[2026/09/30 12:20:49] INFO: [TRAIN] epoch: 8, iter: 3400/18000, loss: 3.3783, lr: 0.000049, batch_cost: 0.0896, reader_cost: 0.00054, ips: 44.6620 samples/sec, max_mem_reserved: 896 MB, max_mem_allocated: 687 MB | ETA 00:21:47
[2026/09/30 12:21:00] INFO: [TRAIN] epoch: 8, iter: 3500/18000, loss: 3.4385, lr: 0.000048, batch_cost: 0.0886, reader_cost: 0.00009, ips: 45.1387 samples/sec, max_mem_reserved: 896 MB, max_mem_allocated: 687 MB | ETA 00:21:24
[2026/09/30 12:21:12] INFO: [TRAIN] epoch: 8, iter: 3600/18000, loss: 3.4095, lr: 0.000048, batch_cost: 0.0845, reader_cost: 0.00010, ips: 47.3095 samples/sec, max_mem_reserved: 896 MB, max_mem_allocated: 687 MB | ETA 00:20:17
[2026/09/30 12:21:24] INFO: [TRAIN] epoch: 8, iter: 3700/18000, loss: 3.5193, lr: 0.000048, batch_cost: 0.0867, reader_cost: 0.00011, ips: 46.1578 samples/sec, max_mem_reserved: 896 MB, max_mem_allocated: 687 MB | ETA 00:20:39
[2026/09/30 12:21:36] INFO: [TRAIN] epoch: 9, iter: 3800/18000, loss: 3.3177, lr: 0.000047, batch_cost: 0.0917, reader_cost: 0.00065, ips: 43.6174 samples/sec, max_mem_reserved: 896 MB, max_mem_allocated: 687 MB | ETA 00:21:42
[2026/09/30 12:21:48] INFO: [TRAIN] epoch: 9, iter: 3900/18000, loss: 3.3378, lr: 0.000047, batch_cost: 0.0940, reader_cost: 0.00009, ips: 42.5331 samples/sec, max_mem_reserved: 896 MB, max_mem_allocated: 687 MB | ETA 00:22:06
[2026/09/30 12:22:01] INFO: [TRAIN] epoch: 9, iter: 4000/18000, loss: 3.3827, lr: 0.000047, batch_cost: 0.0902, reader_cost: 0.00001, ips: 44.3356 samples/sec, max_mem_reserved: 896 MB, max_mem_allocated: 687 MB | ETA 00:21:03
[2026/09/30 12:22:01] INFO: Start evaluating (total_samples: 348, total_iters: 348)...
[2026/09/30 12:22:07] INFO: [EVAL] #Images: 348 mIoU: 0.7830 Acc: 0.9735 Kappa: 0.7310 Dice: 0.8655
[2026/09/30 12:22:07] INFO: [EVAL] Class IoU: 
[0.9725 0.5935]
[2026/09/30 12:22:07] INFO: [EVAL] Class Precision: 
[0.9813 0.8174]
[2026/09/30 12:22:07] INFO: [EVAL] Class Recall: 
[0.9909 0.6841]
[2026/09/30 12:22:07] INFO: Start evaluating (total_samples: 348, total_iters: 348)...
[2026/09/30 12:22:14] INFO: [EVAL] #Images: 348 mIoU: 0.7680 Acc: 0.9720 Kappa: 0.7076 Dice: 0.8537
[2026/09/30 12:22:14] INFO: [EVAL] Class IoU: 
[0.971  0.5651]
[2026/09/30 12:22:14] INFO: [EVAL] Class Precision: 
[0.9789 0.823 ]
[2026/09/30 12:22:14] INFO: [EVAL] Class Recall: 
[0.9917 0.6432]
[2026/09/30 12:22:14] INFO: [EVAL] The model with the best validation mIoU (0.7830) was saved at iter 4000.
[2026/09/30 12:22:14] INFO: [EVAL] The EMA model with the best validation mIoU (0.7680) was saved at iter 4000.
[2026/09/30 12:22:26] INFO: [TRAIN] epoch: 9, iter: 4100/18000, loss: 3.3400, lr: 0.000046, batch_cost: 0.0865, reader_cost: 0.00006, ips: 46.2662 samples/sec, max_mem_reserved: 896 MB, max_mem_allocated: 687 MB | ETA 00:20:01
[2026/09/30 12:22:38] INFO: [TRAIN] epoch: 9, iter: 4200/18000, loss: 3.3991, lr: 0.000046, batch_cost: 0.0904, reader_cost: 0.00011, ips: 44.2415 samples/sec, max_mem_reserved: 896 MB, max_mem_allocated: 687 MB | ETA 00:20:47
[2026/09/30 12:22:50] INFO: [TRAIN] epoch: 10, iter: 4300/18000, loss: 3.4384, lr: 0.000046, batch_cost: 0.0908, reader_cost: 0.00073, ips: 44.0458 samples/sec, max_mem_reserved: 896 MB, max_mem_allocated: 687 MB | ETA 00:20:44
[2026/09/30 12:23:02] INFO: [TRAIN] epoch: 10, iter: 4400/18000, loss: 3.3239, lr: 0.000045, batch_cost: 0.0917, reader_cost: 0.00008, ips: 43.6017 samples/sec, max_mem_reserved: 896 MB, max_mem_allocated: 687 MB | ETA 00:20:47
[2026/09/30 12:23:14] INFO: [TRAIN] epoch: 10, iter: 4500/18000, loss: 3.4489, lr: 0.000045, batch_cost: 0.0908, reader_cost: 0.00007, ips: 44.0399 samples/sec, max_mem_reserved: 896 MB, max_mem_allocated: 687 MB | ETA 00:20:26
[2026/09/30 12:23:26] INFO: [TRAIN] epoch: 10, iter: 4600/18000, loss: 3.3612, lr: 0.000045, batch_cost: 0.0918, reader_cost: 0.00003, ips: 43.5805 samples/sec, max_mem_reserved: 896 MB, max_mem_allocated: 687 MB | ETA 00:20:29
[2026/09/30 12:23:39] INFO: [TRAIN] epoch: 10, iter: 4700/18000, loss: 3.3206, lr: 0.000044, batch_cost: 0.0933, reader_cost: 0.00006, ips: 42.8661 samples/sec, max_mem_reserved: 896 MB, max_mem_allocated: 687 MB | ETA 00:20:41
[2026/09/30 12:23:51] INFO: [TRAIN] epoch: 11, iter: 4800/18000, loss: 3.4333, lr: 0.000044, batch_cost: 0.0915, reader_cost: 0.00062, ips: 43.7384 samples/sec, max_mem_reserved: 896 MB, max_mem_allocated: 687 MB | ETA 00:20:07
[2026/09/30 12:24:03] INFO: [TRAIN] epoch: 11, iter: 4900/18000, loss: 3.2939, lr: 0.000044, batch_cost: 0.0899, reader_cost: 0.00007, ips: 44.4897 samples/sec, max_mem_reserved: 896 MB, max_mem_allocated: 687 MB | ETA 00:19:37
[2026/09/30 12:24:15] INFO: [TRAIN] epoch: 11, iter: 5000/18000, loss: 3.2791, lr: 0.000043, batch_cost: 0.0895, reader_cost: 0.00009, ips: 44.6884 samples/sec, max_mem_reserved: 896 MB, max_mem_allocated: 687 MB | ETA 00:19:23
[2026/09/30 12:24:15] INFO: Start evaluating (total_samples: 348, total_iters: 348)...
[2026/09/30 12:24:22] INFO: [EVAL] #Images: 348 mIoU: 0.7958 Acc: 0.9732 Kappa: 0.7509 Dice: 0.8755
[2026/09/30 12:24:22] INFO: [EVAL] Class IoU: 
[0.972  0.6196]
[2026/09/30 12:24:22] INFO: [EVAL] Class Precision: 
[0.9863 0.7583]
[2026/09/30 12:24:22] INFO: [EVAL] Class Recall: 
[0.9853 0.772 ]
[2026/09/30 12:24:22] INFO: Start evaluating (total_samples: 348, total_iters: 348)...
[2026/09/30 12:24:29] INFO: [EVAL] #Images: 348 mIoU: 0.7852 Acc: 0.9737 Kappa: 0.7345 Dice: 0.8672
[2026/09/30 12:24:29] INFO: [EVAL] Class IoU: 
[0.9727 0.5977]
[2026/09/30 12:24:29] INFO: [EVAL] Class Precision: 
[0.9817 0.8156]
[2026/09/30 12:24:29] INFO: [EVAL] Class Recall: 
[0.9906 0.6911]
[2026/09/30 12:24:29] INFO: [EVAL] The model with the best validation mIoU (0.7958) was saved at iter 5000.
[2026/09/30 12:24:29] INFO: [EVAL] The EMA model with the best validation mIoU (0.7852) was saved at iter 5000.
[2026/09/30 12:24:41] INFO: [TRAIN] epoch: 11, iter: 5100/18000, loss: 3.3049, lr: 0.000043, batch_cost: 0.0912, reader_cost: 0.00009, ips: 43.8527 samples/sec, max_mem_reserved: 896 MB, max_mem_allocated: 687 MB | ETA 00:19:36
[2026/09/30 12:24:53] INFO: [TRAIN] epoch: 11, iter: 5200/18000, loss: 3.3572, lr: 0.000043, batch_cost: 0.0926, reader_cost: 0.00004, ips: 43.1842 samples/sec, max_mem_reserved: 896 MB, max_mem_allocated: 687 MB | ETA 00:19:45
[2026/09/30 12:25:06] INFO: [TRAIN] epoch: 12, iter: 5300/18000, loss: 3.4033, lr: 0.000042, batch_cost: 0.0927, reader_cost: 0.00057, ips: 43.1671 samples/sec, max_mem_reserved: 896 MB, max_mem_allocated: 687 MB | ETA 00:19:36
[2026/09/30 12:25:18] INFO: [TRAIN] epoch: 12, iter: 5400/18000, loss: 3.2478, lr: 0.000042, batch_cost: 0.0931, reader_cost: 0.00005, ips: 42.9611 samples/sec, max_mem_reserved: 896 MB, max_mem_allocated: 687 MB | ETA 00:19:33
[2026/09/30 12:25:30] INFO: [TRAIN] epoch: 12, iter: 5500/18000, loss: 3.3560, lr: 0.000042, batch_cost: 0.0943, reader_cost: 0.00009, ips: 42.4393 samples/sec, max_mem_reserved: 896 MB, max_mem_allocated: 687 MB | ETA 00:19:38
[2026/09/30 12:25:43] INFO: [TRAIN] epoch: 12, iter: 5600/18000, loss: 3.2618, lr: 0.000041, batch_cost: 0.0922, reader_cost: 0.00007, ips: 43.3714 samples/sec, max_mem_reserved: 896 MB, max_mem_allocated: 687 MB | ETA 00:19:03
[2026/09/30 12:25:55] INFO: [TRAIN] epoch: 13, iter: 5700/18000, loss: 3.3130, lr: 0.000041, batch_cost: 0.0932, reader_cost: 0.00081, ips: 42.8975 samples/sec, max_mem_reserved: 896 MB, max_mem_allocated: 687 MB | ETA 00:19:06
[2026/09/30 12:26:07] INFO: [TRAIN] epoch: 13, iter: 5800/18000, loss: 3.3631, lr: 0.000041, batch_cost: 0.0934, reader_cost: 0.00005, ips: 42.8334 samples/sec, max_mem_reserved: 896 MB, max_mem_allocated: 687 MB | ETA 00:18:59
[2026/09/30 12:26:20] INFO: [TRAIN] epoch: 13, iter: 5900/18000, loss: 3.3358, lr: 0.000040, batch_cost: 0.0934, reader_cost: 0.00003, ips: 42.8323 samples/sec, max_mem_reserved: 896 MB, max_mem_allocated: 687 MB | ETA 00:18:49
[2026/09/30 12:26:32] INFO: [TRAIN] epoch: 13, iter: 6000/18000, loss: 3.3768, lr: 0.000040, batch_cost: 0.0947, reader_cost: 0.00008, ips: 42.2571 samples/sec, max_mem_reserved: 896 MB, max_mem_allocated: 687 MB | ETA 00:18:55
[2026/09/30 12:26:32] INFO: Start evaluating (total_samples: 348, total_iters: 348)...
[2026/09/30 12:26:40] INFO: [EVAL] #Images: 348 mIoU: 0.7922 Acc: 0.9734 Kappa: 0.7454 Dice: 0.8727
[2026/09/30 12:26:40] INFO: [EVAL] Class IoU: 
[0.9722 0.6123]
[2026/09/30 12:26:40] INFO: [EVAL] Class Precision: 
[0.9848 0.7749]
[2026/09/30 12:26:40] INFO: [EVAL] Class Recall: 
[0.9871 0.7447]
[2026/09/30 12:26:40] INFO: Start evaluating (total_samples: 348, total_iters: 348)...
[2026/09/30 12:26:48] INFO: [EVAL] #Images: 348 mIoU: 0.7973 Acc: 0.9749 Kappa: 0.7528 Dice: 0.8764
[2026/09/30 12:26:48] INFO: [EVAL] Class IoU: 
[0.9738 0.6208]
[2026/09/30 12:26:48] INFO: [EVAL] Class Precision: 
[0.9838 0.808 ]
[2026/09/30 12:26:48] INFO: [EVAL] Class Recall: 
[0.9896 0.7283]
[2026/09/30 12:26:48] INFO: [EVAL] The model with the best validation mIoU (0.7958) was saved at iter 5000.
[2026/09/30 12:26:48] INFO: [EVAL] The EMA model with the best validation mIoU (0.7973) was saved at iter 6000.
[2026/09/30 12:27:01] INFO: [TRAIN] epoch: 13, iter: 6100/18000, loss: 3.2350, lr: 0.000040, batch_cost: 0.0942, reader_cost: 0.00005, ips: 42.4617 samples/sec, max_mem_reserved: 896 MB, max_mem_allocated: 687 MB | ETA 00:18:41
[2026/09/30 12:27:13] INFO: [TRAIN] epoch: 14, iter: 6200/18000, loss: 3.2827, lr: 0.000039, batch_cost: 0.0854, reader_cost: 0.00071, ips: 46.8217 samples/sec, max_mem_reserved: 896 MB, max_mem_allocated: 687 MB | ETA 00:16:48
[2026/09/30 12:27:24] INFO: [TRAIN] epoch: 14, iter: 6300/18000, loss: 3.3593, lr: 0.000039, batch_cost: 0.0840, reader_cost: 0.00007, ips: 47.6214 samples/sec, max_mem_reserved: 896 MB, max_mem_allocated: 687 MB | ETA 00:16:22
[2026/09/30 12:27:36] INFO: [TRAIN] epoch: 14, iter: 6400/18000, loss: 3.4067, lr: 0.000039, batch_cost: 0.0898, reader_cost: 0.00004, ips: 44.5399 samples/sec, max_mem_reserved: 896 MB, max_mem_allocated: 687 MB | ETA 00:17:21
[2026/09/30 12:27:48] INFO: [TRAIN] epoch: 14, iter: 6500/18000, loss: 3.1631, lr: 0.000038, batch_cost: 0.0905, reader_cost: 0.00004, ips: 44.1820 samples/sec, max_mem_reserved: 896 MB, max_mem_allocated: 687 MB | ETA 00:17:21
[2026/09/30 12:28:00] INFO: [TRAIN] epoch: 14, iter: 6600/18000, loss: 3.2658, lr: 0.000038, batch_cost: 0.0886, reader_cost: 0.00006, ips: 45.1522 samples/sec, max_mem_reserved: 896 MB, max_mem_allocated: 687 MB | ETA 00:16:49
[2026/09/30 12:28:12] INFO: [TRAIN] epoch: 15, iter: 6700/18000, loss: 3.4179, lr: 0.000038, batch_cost: 0.0845, reader_cost: 0.00066, ips: 47.3164 samples/sec, max_mem_reserved: 896 MB, max_mem_allocated: 687 MB | ETA 00:15:55
[2026/09/30 12:28:23] INFO: [TRAIN] epoch: 15, iter: 6800/18000, loss: 3.1930, lr: 0.000037, batch_cost: 0.0877, reader_cost: 0.00010, ips: 45.6278 samples/sec, max_mem_reserved: 896 MB, max_mem_allocated: 687 MB | ETA 00:16:21
[2026/09/30 12:28:35] INFO: [TRAIN] epoch: 15, iter: 6900/18000, loss: 3.2557, lr: 0.000037, batch_cost: 0.0884, reader_cost: 0.00006, ips: 45.2412 samples/sec, max_mem_reserved: 896 MB, max_mem_allocated: 687 MB | ETA 00:16:21
[2026/09/30 12:28:48] INFO: [TRAIN] epoch: 15, iter: 7000/18000, loss: 3.4094, lr: 0.000037, batch_cost: 0.0908, reader_cost: 0.00012, ips: 44.0715 samples/sec, max_mem_reserved: 896 MB, max_mem_allocated: 687 MB | ETA 00:16:38
[2026/09/30 12:28:48] INFO: Start evaluating (total_samples: 348, total_iters: 348)...
[2026/09/30 12:28:54] INFO: [EVAL] #Images: 348 mIoU: 0.7991 Acc: 0.9736 Kappa: 0.7559 Dice: 0.8780
[2026/09/30 12:28:54] INFO: [EVAL] Class IoU: 
[0.9723 0.6259]
[2026/09/30 12:28:54] INFO: [EVAL] Class Precision: 
[0.987  0.7571]
[2026/09/30 12:28:54] INFO: [EVAL] Class Recall: 
[0.985  0.7832]
[2026/09/30 12:28:54] INFO: Start evaluating (total_samples: 348, total_iters: 348)...
[2026/09/30 12:29:01] INFO: [EVAL] #Images: 348 mIoU: 0.8014 Acc: 0.9752 Kappa: 0.7590 Dice: 0.8795
[2026/09/30 12:29:01] INFO: [EVAL] Class IoU: 
[0.9741 0.6287]
[2026/09/30 12:29:01] INFO: [EVAL] Class Precision: 
[0.9847 0.8034]
[2026/09/30 12:29:01] INFO: [EVAL] Class Recall: 
[0.9891 0.7431]
[2026/09/30 12:29:01] INFO: [EVAL] The model with the best validation mIoU (0.7991) was saved at iter 7000.
[2026/09/30 12:29:01] INFO: [EVAL] The EMA model with the best validation mIoU (0.8014) was saved at iter 7000.
[2026/09/30 12:29:13] INFO: [TRAIN] epoch: 15, iter: 7100/18000, loss: 3.3092, lr: 0.000036, batch_cost: 0.0890, reader_cost: 0.00008, ips: 44.9257 samples/sec, max_mem_reserved: 896 MB, max_mem_allocated: 687 MB | ETA 00:16:10
[2026/09/30 12:29:25] INFO: [TRAIN] epoch: 16, iter: 7200/18000, loss: 3.3117, lr: 0.000036, batch_cost: 0.0903, reader_cost: 0.00075, ips: 44.2878 samples/sec, max_mem_reserved: 896 MB, max_mem_allocated: 687 MB | ETA 00:16:15
[2026/09/30 12:29:37] INFO: [TRAIN] epoch: 16, iter: 7300/18000, loss: 3.3148, lr: 0.000036, batch_cost: 0.0895, reader_cost: 0.00004, ips: 44.6977 samples/sec, max_mem_reserved: 896 MB, max_mem_allocated: 687 MB | ETA 00:15:57
[2026/09/30 12:29:49] INFO: [TRAIN] epoch: 16, iter: 7400/18000, loss: 3.2999, lr: 0.000035, batch_cost: 0.0904, reader_cost: 0.00010, ips: 44.2595 samples/sec, max_mem_reserved: 896 MB, max_mem_allocated: 687 MB | ETA 00:15:57
[2026/09/30 12:30:01] INFO: [TRAIN] epoch: 16, iter: 7500/18000, loss: 3.2390, lr: 0.000035, batch_cost: 0.0905, reader_cost: 0.00013, ips: 44.1745 samples/sec, max_mem_reserved: 896 MB, max_mem_allocated: 687 MB | ETA 00:15:50
[2026/09/30 12:30:13] INFO: [TRAIN] epoch: 17, iter: 7600/18000, loss: 3.3089, lr: 0.000035, batch_cost: 0.0904, reader_cost: 0.00049, ips: 44.2700 samples/sec, max_mem_reserved: 896 MB, max_mem_allocated: 687 MB | ETA 00:15:39
[2026/09/30 12:30:25] INFO: [TRAIN] epoch: 17, iter: 7700/18000, loss: 3.2286, lr: 0.000034, batch_cost: 0.0898, reader_cost: 0.00006, ips: 44.5582 samples/sec, max_mem_reserved: 896 MB, max_mem_allocated: 687 MB | ETA 00:15:24
[2026/09/30 12:30:37] INFO: [TRAIN] epoch: 17, iter: 7800/18000, loss: 3.3019, lr: 0.000034, batch_cost: 0.0903, reader_cost: 0.00011, ips: 44.2963 samples/sec, max_mem_reserved: 896 MB, max_mem_allocated: 687 MB | ETA 00:15:21
[2026/09/30 12:30:49] INFO: [TRAIN] epoch: 17, iter: 7900/18000, loss: 3.3497, lr: 0.000034, batch_cost: 0.0897, reader_cost: 0.00010, ips: 44.6043 samples/sec, max_mem_reserved: 896 MB, max_mem_allocated: 687 MB | ETA 00:15:05
[2026/09/30 12:31:01] INFO: [TRAIN] epoch: 17, iter: 8000/18000, loss: 3.2641, lr: 0.000033, batch_cost: 0.0895, reader_cost: 0.00005, ips: 44.6814 samples/sec, max_mem_reserved: 896 MB, max_mem_allocated: 687 MB | ETA 00:14:55
[2026/09/30 12:31:01] INFO: Start evaluating (total_samples: 348, total_iters: 348)...
[2026/09/30 12:31:09] INFO: [EVAL] #Images: 348 mIoU: 0.7999 Acc: 0.9747 Kappa: 0.7568 Dice: 0.8784
[2026/09/30 12:31:09] INFO: [EVAL] Class IoU: 
[0.9736 0.6262]
[2026/09/30 12:31:09] INFO: [EVAL] Class Precision: 
[0.9851 0.7917]
[2026/09/30 12:31:09] INFO: [EVAL] Class Recall: 
[0.9882 0.7497]
[2026/09/30 12:31:09] INFO: Start evaluating (total_samples: 348, total_iters: 348)...
[2026/09/30 12:31:16] INFO: [EVAL] #Images: 348 mIoU: 0.8035 Acc: 0.9755 Kappa: 0.7621 Dice: 0.8810
[2026/09/30 12:31:16] INFO: [EVAL] Class IoU: 
[0.9744 0.6327]
[2026/09/30 12:31:16] INFO: [EVAL] Class Precision: 
[0.985  0.8036]
[2026/09/30 12:31:16] INFO: [EVAL] Class Recall: 
[0.9891 0.7484]
[2026/09/30 12:31:16] INFO: [EVAL] The model with the best validation mIoU (0.7999) was saved at iter 8000.
[2026/09/30 12:31:16] INFO: [EVAL] The EMA model with the best validation mIoU (0.8035) was saved at iter 8000.
[2026/09/30 12:31:28] INFO: [TRAIN] epoch: 18, iter: 8100/18000, loss: 3.1867, lr: 0.000033, batch_cost: 0.0892, reader_cost: 0.00046, ips: 44.8385 samples/sec, max_mem_reserved: 896 MB, max_mem_allocated: 687 MB | ETA 00:14:43
[2026/09/30 12:31:40] INFO: [TRAIN] epoch: 18, iter: 8200/18000, loss: 3.3553, lr: 0.000033, batch_cost: 0.0900, reader_cost: 0.00007, ips: 44.4223 samples/sec, max_mem_reserved: 896 MB, max_mem_allocated: 687 MB | ETA 00:14:42
[2026/09/30 12:31:52] INFO: [TRAIN] epoch: 18, iter: 8300/18000, loss: 3.1889, lr: 0.000032, batch_cost: 0.0910, reader_cost: 0.00007, ips: 43.9743 samples/sec, max_mem_reserved: 896 MB, max_mem_allocated: 687 MB | ETA 00:14:42
[2026/09/30 12:32:04] INFO: [TRAIN] epoch: 18, iter: 8400/18000, loss: 3.3556, lr: 0.000032, batch_cost: 0.0909, reader_cost: 0.00007, ips: 43.9819 samples/sec, max_mem_reserved: 896 MB, max_mem_allocated: 687 MB | ETA 00:14:33
[2026/09/30 12:32:17] INFO: [TRAIN] epoch: 18, iter: 8500/18000, loss: 3.2221, lr: 0.000032, batch_cost: 0.0911, reader_cost: 0.00008, ips: 43.8958 samples/sec, max_mem_reserved: 896 MB, max_mem_allocated: 687 MB | ETA 00:14:25
[2026/09/30 12:32:29] INFO: [TRAIN] epoch: 19, iter: 8600/18000, loss: 3.2518, lr: 0.000031, batch_cost: 0.0930, reader_cost: 0.00044, ips: 43.0180 samples/sec, max_mem_reserved: 896 MB, max_mem_allocated: 687 MB | ETA 00:14:34
[2026/09/30 12:32:41] INFO: [TRAIN] epoch: 19, iter: 8700/18000, loss: 3.1767, lr: 0.000031, batch_cost: 0.0908, reader_cost: 0.00010, ips: 44.0297 samples/sec, max_mem_reserved: 896 MB, max_mem_allocated: 687 MB | ETA 00:14:04
[2026/09/30 12:32:53] INFO: [TRAIN] epoch: 19, iter: 8800/18000, loss: 3.3239, lr: 0.000031, batch_cost: 0.0893, reader_cost: 0.00008, ips: 44.7746 samples/sec, max_mem_reserved: 896 MB, max_mem_allocated: 687 MB | ETA 00:13:41
[2026/09/30 12:33:05] INFO: [TRAIN] epoch: 19, iter: 8900/18000, loss: 3.3581, lr: 0.000030, batch_cost: 0.0869, reader_cost: 0.00004, ips: 46.0044 samples/sec, max_mem_reserved: 896 MB, max_mem_allocated: 687 MB | ETA 00:13:11
[2026/09/30 12:33:17] INFO: [TRAIN] epoch: 19, iter: 9000/18000, loss: 3.2572, lr: 0.000030, batch_cost: 0.0859, reader_cost: 0.00010, ips: 46.5464 samples/sec, max_mem_reserved: 896 MB, max_mem_allocated: 687 MB | ETA 00:12:53
[2026/09/30 12:33:17] INFO: Start evaluating (total_samples: 348, total_iters: 348)...
[2026/09/30 12:33:23] INFO: [EVAL] #Images: 348 mIoU: 0.8000 Acc: 0.9755 Kappa: 0.7568 Dice: 0.8784
[2026/09/30 12:33:23] INFO: [EVAL] Class IoU: 
[0.9744 0.6256]
[2026/09/30 12:33:23] INFO: [EVAL] Class Precision: 
[0.9837 0.8188]
[2026/09/30 12:33:23] INFO: [EVAL] Class Recall: 
[0.9904 0.7261]
[2026/09/30 12:33:23] INFO: Start evaluating (total_samples: 348, total_iters: 348)...
[2026/09/30 12:33:30] INFO: [EVAL] #Images: 348 mIoU: 0.8064 Acc: 0.9758 Kappa: 0.7663 Dice: 0.8831
[2026/09/30 12:33:30] INFO: [EVAL] Class IoU: 
[0.9747 0.6381]
[2026/09/30 12:33:30] INFO: [EVAL] Class Precision: 
[0.9854 0.8041]
[2026/09/30 12:33:30] INFO: [EVAL] Class Recall: 
[0.989  0.7555]
[2026/09/30 12:33:30] INFO: [EVAL] The model with the best validation mIoU (0.8000) was saved at iter 9000.
[2026/09/30 12:33:30] INFO: [EVAL] The EMA model with the best validation mIoU (0.8064) was saved at iter 9000.
[2026/09/30 12:33:42] INFO: [TRAIN] epoch: 20, iter: 9100/18000, loss: 3.2058, lr: 0.000030, batch_cost: 0.0892, reader_cost: 0.00048, ips: 44.8378 samples/sec, max_mem_reserved: 896 MB, max_mem_allocated: 687 MB | ETA 00:13:13
[2026/09/30 12:33:54] INFO: [TRAIN] epoch: 20, iter: 9200/18000, loss: 3.1148, lr: 0.000029, batch_cost: 0.0922, reader_cost: 0.00008, ips: 43.3970 samples/sec, max_mem_reserved: 896 MB, max_mem_allocated: 687 MB | ETA 00:13:31
[2026/09/30 12:34:06] INFO: [TRAIN] epoch: 20, iter: 9300/18000, loss: 3.2270, lr: 0.000029, batch_cost: 0.0876, reader_cost: 0.00005, ips: 45.6564 samples/sec, max_mem_reserved: 896 MB, max_mem_allocated: 687 MB | ETA 00:12:42
[2026/09/30 12:34:18] INFO: [TRAIN] epoch: 20, iter: 9400/18000, loss: 3.2769, lr: 0.000029, batch_cost: 0.0848, reader_cost: 0.00010, ips: 47.1780 samples/sec, max_mem_reserved: 896 MB, max_mem_allocated: 687 MB | ETA 00:12:09
[2026/09/30 12:34:29] INFO: [TRAIN] epoch: 21, iter: 9500/18000, loss: 3.2281, lr: 0.000028, batch_cost: 0.0859, reader_cost: 0.00055, ips: 46.5411 samples/sec, max_mem_reserved: 896 MB, max_mem_allocated: 687 MB | ETA 00:12:10
[2026/09/30 12:34:41] INFO: [TRAIN] epoch: 21, iter: 9600/18000, loss: 3.1789, lr: 0.000028, batch_cost: 0.0903, reader_cost: 0.00004, ips: 44.2860 samples/sec, max_mem_reserved: 896 MB, max_mem_allocated: 687 MB | ETA 00:12:38
[2026/09/30 12:34:53] INFO: [TRAIN] epoch: 21, iter: 9700/18000, loss: 3.3170, lr: 0.000028, batch_cost: 0.0900, reader_cost: 0.00007, ips: 44.4248 samples/sec, max_mem_reserved: 896 MB, max_mem_allocated: 687 MB | ETA 00:12:27
[2026/09/30 12:35:05] INFO: [TRAIN] epoch: 21, iter: 9800/18000, loss: 3.1427, lr: 0.000027, batch_cost: 0.0894, reader_cost: 0.00010, ips: 44.7605 samples/sec, max_mem_reserved: 896 MB, max_mem_allocated: 687 MB | ETA 00:12:12
[2026/09/30 12:35:18] INFO: [TRAIN] epoch: 21, iter: 9900/18000, loss: 3.2855, lr: 0.000027, batch_cost: 0.0900, reader_cost: 0.00005, ips: 44.4342 samples/sec, max_mem_reserved: 896 MB, max_mem_allocated: 687 MB | ETA 00:12:09
[2026/09/30 12:35:29] INFO: [TRAIN] epoch: 22, iter: 10000/18000, loss: 3.2203, lr: 0.000027, batch_cost: 0.0879, reader_cost: 0.00054, ips: 45.4884 samples/sec, max_mem_reserved: 896 MB, max_mem_allocated: 687 MB | ETA 00:11:43
[2026/09/30 12:35:29] INFO: Start evaluating (total_samples: 348, total_iters: 348)...
[2026/09/30 12:35:36] INFO: [EVAL] #Images: 348 mIoU: 0.8035 Acc: 0.9760 Kappa: 0.7620 Dice: 0.8810
[2026/09/30 12:35:36] INFO: [EVAL] Class IoU: 
[0.975  0.6321]
[2026/09/30 12:35:36] INFO: [EVAL] Class Precision: 
[0.984  0.8246]
[2026/09/30 12:35:36] INFO: [EVAL] Class Recall: 
[0.9907 0.7303]
[2026/09/30 12:35:36] INFO: Start evaluating (total_samples: 348, total_iters: 348)...
[2026/09/30 12:35:43] INFO: [EVAL] #Images: 348 mIoU: 0.8085 Acc: 0.9761 Kappa: 0.7694 Dice: 0.8847
[2026/09/30 12:35:43] INFO: [EVAL] Class IoU: 
[0.975 0.642]
[2026/09/30 12:35:43] INFO: [EVAL] Class Precision: 
[0.9857 0.8052]
[2026/09/30 12:35:43] INFO: [EVAL] Class Recall: 
[0.989  0.7601]
[2026/09/30 12:35:43] INFO: [EVAL] The model with the best validation mIoU (0.8035) was saved at iter 10000.
[2026/09/30 12:35:43] INFO: [EVAL] The EMA model with the best validation mIoU (0.8085) was saved at iter 10000.
[2026/09/30 12:35:55] INFO: [TRAIN] epoch: 22, iter: 10100/18000, loss: 3.1778, lr: 0.000026, batch_cost: 0.0918, reader_cost: 0.00005, ips: 43.5618 samples/sec, max_mem_reserved: 896 MB, max_mem_allocated: 687 MB | ETA 00:12:05
[2026/09/30 12:36:08] INFO: [TRAIN] epoch: 22, iter: 10200/18000, loss: 3.3066, lr: 0.000026, batch_cost: 0.0923, reader_cost: 0.00007, ips: 43.3508 samples/sec, max_mem_reserved: 896 MB, max_mem_allocated: 687 MB | ETA 00:11:59
[2026/09/30 12:36:20] INFO: [TRAIN] epoch: 22, iter: 10300/18000, loss: 3.2344, lr: 0.000026, batch_cost: 0.0919, reader_cost: 0.00012, ips: 43.5286 samples/sec, max_mem_reserved: 896 MB, max_mem_allocated: 687 MB | ETA 00:11:47
[2026/09/30 12:36:32] INFO: [TRAIN] epoch: 22, iter: 10400/18000, loss: 3.1808, lr: 0.000025, batch_cost: 0.0928, reader_cost: 0.00006, ips: 43.0935 samples/sec, max_mem_reserved: 896 MB, max_mem_allocated: 687 MB | ETA 00:11:45
[2026/09/30 12:36:44] INFO: [TRAIN] epoch: 23, iter: 10500/18000, loss: 3.2916, lr: 0.000025, batch_cost: 0.0912, reader_cost: 0.00054, ips: 43.8807 samples/sec, max_mem_reserved: 896 MB, max_mem_allocated: 687 MB | ETA 00:11:23
[2026/09/30 12:36:57] INFO: [TRAIN] epoch: 23, iter: 10600/18000, loss: 3.1979, lr: 0.000025, batch_cost: 0.0908, reader_cost: 0.00006, ips: 44.0660 samples/sec, max_mem_reserved: 896 MB, max_mem_allocated: 687 MB | ETA 00:11:11
[2026/09/30 12:37:09] INFO: [TRAIN] epoch: 23, iter: 10700/18000, loss: 3.2753, lr: 0.000024, batch_cost: 0.0910, reader_cost: 0.00007, ips: 43.9319 samples/sec, max_mem_reserved: 896 MB, max_mem_allocated: 687 MB | ETA 00:11:04
[2026/09/30 12:37:21] INFO: [TRAIN] epoch: 23, iter: 10800/18000, loss: 3.1903, lr: 0.000024, batch_cost: 0.0897, reader_cost: 0.00009, ips: 44.5776 samples/sec, max_mem_reserved: 896 MB, max_mem_allocated: 687 MB | ETA 00:10:46
[2026/09/30 12:37:33] INFO: [TRAIN] epoch: 23, iter: 10900/18000, loss: 3.2964, lr: 0.000024, batch_cost: 0.0895, reader_cost: 0.00007, ips: 44.6799 samples/sec, max_mem_reserved: 896 MB, max_mem_allocated: 687 MB | ETA 00:10:35
[2026/09/30 12:37:45] INFO: [TRAIN] epoch: 24, iter: 11000/18000, loss: 3.1750, lr: 0.000023, batch_cost: 0.0913, reader_cost: 0.00058, ips: 43.8051 samples/sec, max_mem_reserved: 896 MB, max_mem_allocated: 687 MB | ETA 00:10:39
[2026/09/30 12:37:45] INFO: Start evaluating (total_samples: 348, total_iters: 348)...
[2026/09/30 12:37:52] INFO: [EVAL] #Images: 348 mIoU: 0.8092 Acc: 0.9759 Kappa: 0.7704 Dice: 0.8852
[2026/09/30 12:37:52] INFO: [EVAL] Class IoU: 
[0.9748 0.6435]
[2026/09/30 12:37:52] INFO: [EVAL] Class Precision: 
[0.9862 0.7974]
[2026/09/30 12:37:52] INFO: [EVAL] Class Recall: 
[0.9883 0.7693]
[2026/09/30 12:37:52] INFO: Start evaluating (total_samples: 348, total_iters: 348)...
[2026/09/30 12:38:00] INFO: [EVAL] #Images: 348 mIoU: 0.8097 Acc: 0.9762 Kappa: 0.7711 Dice: 0.8856
[2026/09/30 12:38:00] INFO: [EVAL] Class IoU: 
[0.9751 0.6444]
[2026/09/30 12:38:00] INFO: [EVAL] Class Precision: 
[0.9859 0.804 ]
[2026/09/30 12:38:00] INFO: [EVAL] Class Recall: 
[0.9888 0.7645]
[2026/09/30 12:38:01] INFO: [EVAL] The model with the best validation mIoU (0.8092) was saved at iter 11000.
[2026/09/30 12:38:01] INFO: [EVAL] The EMA model with the best validation mIoU (0.8097) was saved at iter 11000.
[2026/09/30 12:38:13] INFO: [TRAIN] epoch: 24, iter: 11100/18000, loss: 3.1728, lr: 0.000023, batch_cost: 0.0894, reader_cost: 0.00012, ips: 44.7207 samples/sec, max_mem_reserved: 896 MB, max_mem_allocated: 687 MB | ETA 00:10:17
[2026/09/30 12:38:25] INFO: [TRAIN] epoch: 24, iter: 11200/18000, loss: 3.1967, lr: 0.000023, batch_cost: 0.0899, reader_cost: 0.00012, ips: 44.5085 samples/sec, max_mem_reserved: 896 MB, max_mem_allocated: 687 MB | ETA 00:10:11
[2026/09/30 12:38:37] INFO: [TRAIN] epoch: 24, iter: 11300/18000, loss: 3.2348, lr: 0.000022, batch_cost: 0.0915, reader_cost: 0.00010, ips: 43.7359 samples/sec, max_mem_reserved: 896 MB, max_mem_allocated: 687 MB | ETA 00:10:12
[2026/09/30 12:38:49] INFO: [TRAIN] epoch: 25, iter: 11400/18000, loss: 3.3355, lr: 0.000022, batch_cost: 0.0901, reader_cost: 0.00064, ips: 44.3858 samples/sec, max_mem_reserved: 896 MB, max_mem_allocated: 687 MB | ETA 00:09:54
[2026/09/30 12:39:01] INFO: [TRAIN] epoch: 25, iter: 11500/18000, loss: 3.1351, lr: 0.000022, batch_cost: 0.0893, reader_cost: 0.00006, ips: 44.7706 samples/sec, max_mem_reserved: 896 MB, max_mem_allocated: 687 MB | ETA 00:09:40
[2026/09/30 12:39:12] INFO: [TRAIN] epoch: 25, iter: 11600/18000, loss: 3.2205, lr: 0.000021, batch_cost: 0.0854, reader_cost: 0.00009, ips: 46.8604 samples/sec, max_mem_reserved: 896 MB, max_mem_allocated: 687 MB | ETA 00:09:06
[2026/09/30 12:39:24] INFO: [TRAIN] epoch: 25, iter: 11700/18000, loss: 3.2432, lr: 0.000021, batch_cost: 0.0836, reader_cost: 0.00008, ips: 47.8535 samples/sec, max_mem_reserved: 896 MB, max_mem_allocated: 687 MB | ETA 00:08:46
[2026/09/30 12:39:36] INFO: [TRAIN] epoch: 25, iter: 11800/18000, loss: 3.1537, lr: 0.000021, batch_cost: 0.0932, reader_cost: 0.00006, ips: 42.9103 samples/sec, max_mem_reserved: 896 MB, max_mem_allocated: 687 MB | ETA 00:09:37
[2026/09/30 12:39:48] INFO: [TRAIN] epoch: 26, iter: 11900/18000, loss: 3.2142, lr: 0.000020, batch_cost: 0.0939, reader_cost: 0.00082, ips: 42.6134 samples/sec, max_mem_reserved: 896 MB, max_mem_allocated: 687 MB | ETA 00:09:32
[2026/09/30 12:40:00] INFO: [TRAIN] epoch: 26, iter: 12000/18000, loss: 3.2419, lr: 0.000020, batch_cost: 0.0902, reader_cost: 0.00003, ips: 44.3551 samples/sec, max_mem_reserved: 896 MB, max_mem_allocated: 687 MB | ETA 00:09:01
[2026/09/30 12:40:00] INFO: Start evaluating (total_samples: 348, total_iters: 348)...
[2026/09/30 12:40:07] INFO: [EVAL] #Images: 348 mIoU: 0.7959 Acc: 0.9727 Kappa: 0.7513 Dice: 0.8756
[2026/09/30 12:40:07] INFO: [EVAL] Class IoU: 
[0.9714 0.6204]
[2026/09/30 12:40:07] INFO: [EVAL] Class Precision: 
[0.9874 0.7431]
[2026/09/30 12:40:07] INFO: [EVAL] Class Recall: 
[0.9837 0.7899]
[2026/09/30 12:40:07] INFO: Start evaluating (total_samples: 348, total_iters: 348)...
[2026/09/30 12:40:13] INFO: [EVAL] #Images: 348 mIoU: 0.8103 Acc: 0.9761 Kappa: 0.7719 Dice: 0.8860
[2026/09/30 12:40:13] INFO: [EVAL] Class IoU: 
[0.975  0.6455]
[2026/09/30 12:40:13] INFO: [EVAL] Class Precision: 
[0.9863 0.7991]
[2026/09/30 12:40:13] INFO: [EVAL] Class Recall: 
[0.9884 0.7705]
[2026/09/30 12:40:14] INFO: [EVAL] The model with the best validation mIoU (0.8092) was saved at iter 11000.
[2026/09/30 12:40:14] INFO: [EVAL] The EMA model with the best validation mIoU (0.8103) was saved at iter 12000.
[2026/09/30 12:40:25] INFO: [TRAIN] epoch: 26, iter: 12100/18000, loss: 3.2123, lr: 0.000020, batch_cost: 0.0858, reader_cost: 0.00007, ips: 46.6156 samples/sec, max_mem_reserved: 896 MB, max_mem_allocated: 687 MB | ETA 00:08:26
[2026/09/30 12:40:38] INFO: [TRAIN] epoch: 26, iter: 12200/18000, loss: 3.1011, lr: 0.000019, batch_cost: 0.0922, reader_cost: 0.00005, ips: 43.3639 samples/sec, max_mem_reserved: 896 MB, max_mem_allocated: 687 MB | ETA 00:08:55
[2026/09/30 12:40:50] INFO: [TRAIN] epoch: 26, iter: 12300/18000, loss: 3.2279, lr: 0.000019, batch_cost: 0.0919, reader_cost: 0.00011, ips: 43.5323 samples/sec, max_mem_reserved: 896 MB, max_mem_allocated: 687 MB | ETA 00:08:43
[2026/09/30 12:41:02] INFO: [TRAIN] epoch: 27, iter: 12400/18000, loss: 3.2746, lr: 0.000019, batch_cost: 0.0902, reader_cost: 0.00082, ips: 44.3510 samples/sec, max_mem_reserved: 896 MB, max_mem_allocated: 687 MB | ETA 00:08:25
[2026/09/30 12:41:14] INFO: [TRAIN] epoch: 27, iter: 12500/18000, loss: 3.2593, lr: 0.000018, batch_cost: 0.0899, reader_cost: 0.00013, ips: 44.4938 samples/sec, max_mem_reserved: 896 MB, max_mem_allocated: 687 MB | ETA 00:08:14
[2026/09/30 12:41:26] INFO: [TRAIN] epoch: 27, iter: 12600/18000, loss: 3.2136, lr: 0.000018, batch_cost: 0.0899, reader_cost: 0.00009, ips: 44.5149 samples/sec, max_mem_reserved: 896 MB, max_mem_allocated: 687 MB | ETA 00:08:05
[2026/09/30 12:41:38] INFO: [TRAIN] epoch: 27, iter: 12700/18000, loss: 3.2663, lr: 0.000018, batch_cost: 0.0912, reader_cost: 0.00008, ips: 43.8600 samples/sec, max_mem_reserved: 896 MB, max_mem_allocated: 687 MB | ETA 00:08:03
[2026/09/30 12:41:50] INFO: [TRAIN] epoch: 28, iter: 12800/18000, loss: 3.1129, lr: 0.000017, batch_cost: 0.0906, reader_cost: 0.00059, ips: 44.1587 samples/sec, max_mem_reserved: 896 MB, max_mem_allocated: 687 MB | ETA 00:07:51
[2026/09/30 12:42:02] INFO: [TRAIN] epoch: 28, iter: 12900/18000, loss: 3.2059, lr: 0.000017, batch_cost: 0.0924, reader_cost: 0.00004, ips: 43.3074 samples/sec, max_mem_reserved: 896 MB, max_mem_allocated: 687 MB | ETA 00:07:51
[2026/09/30 12:42:15] INFO: [TRAIN] epoch: 28, iter: 13000/18000, loss: 3.2534, lr: 0.000017, batch_cost: 0.0932, reader_cost: 0.00011, ips: 42.9344 samples/sec, max_mem_reserved: 896 MB, max_mem_allocated: 687 MB | ETA 00:07:45
[2026/09/30 12:42:15] INFO: Start evaluating (total_samples: 348, total_iters: 348)...
[2026/09/30 12:42:22] INFO: [EVAL] #Images: 348 mIoU: 0.8083 Acc: 0.9763 Kappa: 0.7691 Dice: 0.8845
[2026/09/30 12:42:22] INFO: [EVAL] Class IoU: 
[0.9752 0.6415]
[2026/09/30 12:42:22] INFO: [EVAL] Class Precision: 
[0.9852 0.8144]
[2026/09/30 12:42:22] INFO: [EVAL] Class Recall: 
[0.9898 0.7513]
[2026/09/30 12:42:22] INFO: Start evaluating (total_samples: 348, total_iters: 348)...
[2026/09/30 12:42:29] INFO: [EVAL] #Images: 348 mIoU: 0.8089 Acc: 0.9759 Kappa: 0.7699 Dice: 0.8849
[2026/09/30 12:42:29] INFO: [EVAL] Class IoU: 
[0.9748 0.6429]
[2026/09/30 12:42:29] INFO: [EVAL] Class Precision: 
[0.9862 0.7973]
[2026/09/30 12:42:29] INFO: [EVAL] Class Recall: 
[0.9883 0.7685]
[2026/09/30 12:42:29] INFO: [EVAL] The model with the best validation mIoU (0.8092) was saved at iter 11000.
[2026/09/30 12:42:29] INFO: [EVAL] The EMA model with the best validation mIoU (0.8103) was saved at iter 12000.
[2026/09/30 12:42:41] INFO: [TRAIN] epoch: 28, iter: 13100/18000, loss: 3.2161, lr: 0.000016, batch_cost: 0.0910, reader_cost: 0.00008, ips: 43.9796 samples/sec, max_mem_reserved: 896 MB, max_mem_allocated: 687 MB | ETA 00:07:25
[2026/09/30 12:42:53] INFO: [TRAIN] epoch: 28, iter: 13200/18000, loss: 3.2626, lr: 0.000016, batch_cost: 0.0904, reader_cost: 0.00008, ips: 44.2543 samples/sec, max_mem_reserved: 896 MB, max_mem_allocated: 687 MB | ETA 00:07:13
[2026/09/30 12:43:06] INFO: [TRAIN] epoch: 29, iter: 13300/18000, loss: 3.1371, lr: 0.000016, batch_cost: 0.0926, reader_cost: 0.00056, ips: 43.2017 samples/sec, max_mem_reserved: 896 MB, max_mem_allocated: 687 MB | ETA 00:07:15
[2026/09/30 12:43:19] INFO: [TRAIN] epoch: 29, iter: 13400/18000, loss: 3.2403, lr: 0.000015, batch_cost: 0.0970, reader_cost: 0.00007, ips: 41.2361 samples/sec, max_mem_reserved: 896 MB, max_mem_allocated: 687 MB | ETA 00:07:26
[2026/09/30 12:43:31] INFO: [TRAIN] epoch: 29, iter: 13500/18000, loss: 3.1526, lr: 0.000015, batch_cost: 0.0930, reader_cost: 0.00005, ips: 43.0154 samples/sec, max_mem_reserved: 896 MB, max_mem_allocated: 687 MB | ETA 00:06:58
[2026/09/30 12:43:43] INFO: [TRAIN] epoch: 29, iter: 13600/18000, loss: 3.3404, lr: 0.000015, batch_cost: 0.0938, reader_cost: 0.00009, ips: 42.6662 samples/sec, max_mem_reserved: 896 MB, max_mem_allocated: 687 MB | ETA 00:06:52
[2026/09/30 12:43:56] INFO: [TRAIN] epoch: 29, iter: 13700/18000, loss: 3.1815, lr: 0.000014, batch_cost: 0.0931, reader_cost: 0.00004, ips: 42.9614 samples/sec, max_mem_reserved: 896 MB, max_mem_allocated: 687 MB | ETA 00:06:40
[2026/09/30 12:44:08] INFO: [TRAIN] epoch: 30, iter: 13800/18000, loss: 3.1640, lr: 0.000014, batch_cost: 0.0916, reader_cost: 0.00072, ips: 43.6794 samples/sec, max_mem_reserved: 896 MB, max_mem_allocated: 687 MB | ETA 00:06:24
[2026/09/30 12:44:20] INFO: [TRAIN] epoch: 30, iter: 13900/18000, loss: 3.1105, lr: 0.000014, batch_cost: 0.0913, reader_cost: 0.00012, ips: 43.8073 samples/sec, max_mem_reserved: 896 MB, max_mem_allocated: 687 MB | ETA 00:06:14
[2026/09/30 12:44:32] INFO: [TRAIN] epoch: 30, iter: 14000/18000, loss: 3.1838, lr: 0.000013, batch_cost: 0.0904, reader_cost: 0.00008, ips: 44.2452 samples/sec, max_mem_reserved: 896 MB, max_mem_allocated: 687 MB | ETA 00:06:01
[2026/09/30 12:44:32] INFO: Start evaluating (total_samples: 348, total_iters: 348)...
[2026/09/30 12:44:39] INFO: [EVAL] #Images: 348 mIoU: 0.8034 Acc: 0.9744 Kappa: 0.7622 Dice: 0.8811
[2026/09/30 12:44:39] INFO: [EVAL] Class IoU: 
[0.9732 0.6337]
[2026/09/30 12:44:39] INFO: [EVAL] Class Precision: 
[0.9872 0.766 ]
[2026/09/30 12:44:39] INFO: [EVAL] Class Recall: 
[0.9856 0.7858]
[2026/09/30 12:44:39] INFO: Start evaluating (total_samples: 348, total_iters: 348)...
[2026/09/30 12:44:47] INFO: [EVAL] #Images: 348 mIoU: 0.8089 Acc: 0.9759 Kappa: 0.7699 Dice: 0.8849
[2026/09/30 12:44:47] INFO: [EVAL] Class IoU: 
[0.9748 0.6429]
[2026/09/30 12:44:47] INFO: [EVAL] Class Precision: 
[0.9861 0.7986]
[2026/09/30 12:44:47] INFO: [EVAL] Class Recall: 
[0.9884 0.7673]
[2026/09/30 12:44:47] INFO: [EVAL] The model with the best validation mIoU (0.8092) was saved at iter 11000.
[2026/09/30 12:44:47] INFO: [EVAL] The EMA model with the best validation mIoU (0.8103) was saved at iter 12000.
[2026/09/30 12:44:59] INFO: [TRAIN] epoch: 30, iter: 14100/18000, loss: 3.1667, lr: 0.000013, batch_cost: 0.0890, reader_cost: 0.00011, ips: 44.9480 samples/sec, max_mem_reserved: 896 MB, max_mem_allocated: 687 MB | ETA 00:05:47
[2026/09/30 12:45:11] INFO: [TRAIN] epoch: 30, iter: 14200/18000, loss: 3.1285, lr: 0.000013, batch_cost: 0.0878, reader_cost: 0.00007, ips: 45.5759 samples/sec, max_mem_reserved: 896 MB, max_mem_allocated: 687 MB | ETA 00:05:33
[2026/09/30 12:45:22] INFO: [TRAIN] epoch: 31, iter: 14300/18000, loss: 3.3365, lr: 0.000012, batch_cost: 0.0854, reader_cost: 0.00059, ips: 46.8361 samples/sec, max_mem_reserved: 896 MB, max_mem_allocated: 687 MB | ETA 00:05:15
[2026/09/30 12:45:34] INFO: [TRAIN] epoch: 31, iter: 14400/18000, loss: 3.1503, lr: 0.000012, batch_cost: 0.0896, reader_cost: 0.00004, ips: 44.6617 samples/sec, max_mem_reserved: 896 MB, max_mem_allocated: 687 MB | ETA 00:05:22
[2026/09/30 12:45:46] INFO: [TRAIN] epoch: 31, iter: 14500/18000, loss: 3.2273, lr: 0.000012, batch_cost: 0.0921, reader_cost: 0.00007, ips: 43.4159 samples/sec, max_mem_reserved: 896 MB, max_mem_allocated: 687 MB | ETA 00:05:22
[2026/09/30 12:45:59] INFO: [TRAIN] epoch: 31, iter: 14600/18000, loss: 3.2664, lr: 0.000011, batch_cost: 0.0915, reader_cost: 0.00004, ips: 43.6983 samples/sec, max_mem_reserved: 896 MB, max_mem_allocated: 687 MB | ETA 00:05:11
[2026/09/30 12:46:10] INFO: [TRAIN] epoch: 32, iter: 14700/18000, loss: 3.1996, lr: 0.000011, batch_cost: 0.0868, reader_cost: 0.00055, ips: 46.0727 samples/sec, max_mem_reserved: 896 MB, max_mem_allocated: 687 MB | ETA 00:04:46
[2026/09/30 12:46:22] INFO: [TRAIN] epoch: 32, iter: 14800/18000, loss: 3.3045, lr: 0.000011, batch_cost: 0.0885, reader_cost: 0.00006, ips: 45.1963 samples/sec, max_mem_reserved: 896 MB, max_mem_allocated: 687 MB | ETA 00:04:43
[2026/09/30 12:46:34] INFO: [TRAIN] epoch: 32, iter: 14900/18000, loss: 3.1540, lr: 0.000010, batch_cost: 0.0894, reader_cost: 0.00006, ips: 44.7486 samples/sec, max_mem_reserved: 896 MB, max_mem_allocated: 687 MB | ETA 00:04:37
[2026/09/30 12:46:46] INFO: [TRAIN] epoch: 32, iter: 15000/18000, loss: 3.1649, lr: 0.000010, batch_cost: 0.0902, reader_cost: 0.00009, ips: 44.3595 samples/sec, max_mem_reserved: 896 MB, max_mem_allocated: 687 MB | ETA 00:04:30
[2026/09/30 12:46:47] INFO: Start evaluating (total_samples: 348, total_iters: 348)...
[2026/09/30 12:46:53] INFO: [EVAL] #Images: 348 mIoU: 0.8006 Acc: 0.9757 Kappa: 0.7576 Dice: 0.8788
[2026/09/30 12:46:53] INFO: [EVAL] Class IoU: 
[0.9746 0.6265]
[2026/09/30 12:46:53] INFO: [EVAL] Class Precision: 
[0.9835 0.8253]
[2026/09/30 12:46:53] INFO: [EVAL] Class Recall: 
[0.9908 0.7223]
[2026/09/30 12:46:53] INFO: Start evaluating (total_samples: 348, total_iters: 348)...
[2026/09/30 12:46:59] INFO: [EVAL] #Images: 348 mIoU: 0.8091 Acc: 0.9759 Kappa: 0.7702 Dice: 0.8851
[2026/09/30 12:46:59] INFO: [EVAL] Class IoU: 
[0.9748 0.6434]
[2026/09/30 12:46:59] INFO: [EVAL] Class Precision: 
[0.9863 0.7955]
[2026/09/30 12:46:59] INFO: [EVAL] Class Recall: 
[0.9881 0.7709]
[2026/09/30 12:47:00] INFO: [EVAL] The model with the best validation mIoU (0.8092) was saved at iter 11000.
[2026/09/30 12:47:00] INFO: [EVAL] The EMA model with the best validation mIoU (0.8103) was saved at iter 12000.
[2026/09/30 12:47:12] INFO: [TRAIN] epoch: 32, iter: 15100/18000, loss: 3.1720, lr: 0.000010, batch_cost: 0.0905, reader_cost: 0.00005, ips: 44.1766 samples/sec, max_mem_reserved: 896 MB, max_mem_allocated: 687 MB | ETA 00:04:22
[2026/09/30 12:47:23] INFO: [TRAIN] epoch: 33, iter: 15200/18000, loss: 3.2887, lr: 0.000009, batch_cost: 0.0887, reader_cost: 0.00051, ips: 45.1049 samples/sec, max_mem_reserved: 896 MB, max_mem_allocated: 687 MB | ETA 00:04:08
[2026/09/30 12:47:35] INFO: [TRAIN] epoch: 33, iter: 15300/18000, loss: 3.1752, lr: 0.000009, batch_cost: 0.0900, reader_cost: 0.00005, ips: 44.4652 samples/sec, max_mem_reserved: 896 MB, max_mem_allocated: 687 MB | ETA 00:04:02
[2026/09/30 12:47:48] INFO: [TRAIN] epoch: 33, iter: 15400/18000, loss: 3.3131, lr: 0.000009, batch_cost: 0.0909, reader_cost: 0.00006, ips: 44.0145 samples/sec, max_mem_reserved: 896 MB, max_mem_allocated: 687 MB | ETA 00:03:56
[2026/09/30 12:48:00] INFO: [TRAIN] epoch: 33, iter: 15500/18000, loss: 3.3204, lr: 0.000008, batch_cost: 0.0893, reader_cost: 0.00011, ips: 44.7779 samples/sec, max_mem_reserved: 896 MB, max_mem_allocated: 687 MB | ETA 00:03:43
[2026/09/30 12:48:12] INFO: [TRAIN] epoch: 33, iter: 15600/18000, loss: 3.2740, lr: 0.000008, batch_cost: 0.0938, reader_cost: 0.00005, ips: 42.6497 samples/sec, max_mem_reserved: 896 MB, max_mem_allocated: 687 MB | ETA 00:03:45
[2026/09/30 12:48:24] INFO: [TRAIN] epoch: 34, iter: 15700/18000, loss: 3.0863, lr: 0.000008, batch_cost: 0.0901, reader_cost: 0.00065, ips: 44.3919 samples/sec, max_mem_reserved: 896 MB, max_mem_allocated: 687 MB | ETA 00:03:27
[2026/09/30 12:48:36] INFO: [TRAIN] epoch: 34, iter: 15800/18000, loss: 3.0925, lr: 0.000007, batch_cost: 0.0927, reader_cost: 0.00005, ips: 43.1462 samples/sec, max_mem_reserved: 896 MB, max_mem_allocated: 687 MB | ETA 00:03:23
[2026/09/30 12:48:48] INFO: [TRAIN] epoch: 34, iter: 15900/18000, loss: 3.1695, lr: 0.000007, batch_cost: 0.0908, reader_cost: 0.00009, ips: 44.0484 samples/sec, max_mem_reserved: 896 MB, max_mem_allocated: 687 MB | ETA 00:03:10
[2026/09/30 12:49:01] INFO: [TRAIN] epoch: 34, iter: 16000/18000, loss: 3.3133, lr: 0.000007, batch_cost: 0.0925, reader_cost: 0.00009, ips: 43.2455 samples/sec, max_mem_reserved: 896 MB, max_mem_allocated: 687 MB | ETA 00:03:04
[2026/09/30 12:49:01] INFO: Start evaluating (total_samples: 348, total_iters: 348)...
[2026/09/30 12:49:08] INFO: [EVAL] #Images: 348 mIoU: 0.8090 Acc: 0.9761 Kappa: 0.7700 Dice: 0.8850
[2026/09/30 12:49:08] INFO: [EVAL] Class IoU: 
[0.9751 0.6429]
[2026/09/30 12:49:08] INFO: [EVAL] Class Precision: 
[0.9858 0.8054]
[2026/09/30 12:49:08] INFO: [EVAL] Class Recall: 
[0.989  0.7611]
[2026/09/30 12:49:08] INFO: Start evaluating (total_samples: 348, total_iters: 348)...
[2026/09/30 12:49:15] INFO: [EVAL] #Images: 348 mIoU: 0.8098 Acc: 0.9761 Kappa: 0.7712 Dice: 0.8856
[2026/09/30 12:49:15] INFO: [EVAL] Class IoU: 
[0.975  0.6446]
[2026/09/30 12:49:15] INFO: [EVAL] Class Precision: 
[0.9862 0.7999]
[2026/09/30 12:49:15] INFO: [EVAL] Class Recall: 
[0.9885 0.7685]
[2026/09/30 12:49:16] INFO: [EVAL] The model with the best validation mIoU (0.8092) was saved at iter 11000.
[2026/09/30 12:49:16] INFO: [EVAL] The EMA model with the best validation mIoU (0.8103) was saved at iter 12000.
[2026/09/30 12:49:28] INFO: [TRAIN] epoch: 34, iter: 16100/18000, loss: 3.1349, lr: 0.000006, batch_cost: 0.0911, reader_cost: 0.00009, ips: 43.9288 samples/sec, max_mem_reserved: 896 MB, max_mem_allocated: 687 MB | ETA 00:02:53
[2026/09/30 12:49:40] INFO: [TRAIN] epoch: 35, iter: 16200/18000, loss: 3.2040, lr: 0.000006, batch_cost: 0.0922, reader_cost: 0.00064, ips: 43.3862 samples/sec, max_mem_reserved: 896 MB, max_mem_allocated: 687 MB | ETA 00:02:45
[2026/09/30 12:49:52] INFO: [TRAIN] epoch: 35, iter: 16300/18000, loss: 3.0140, lr: 0.000006, batch_cost: 0.0927, reader_cost: 0.00006, ips: 43.1274 samples/sec, max_mem_reserved: 896 MB, max_mem_allocated: 687 MB | ETA 00:02:37
[2026/09/30 12:50:05] INFO: [TRAIN] epoch: 35, iter: 16400/18000, loss: 3.2069, lr: 0.000005, batch_cost: 0.0927, reader_cost: 0.00005, ips: 43.1475 samples/sec, max_mem_reserved: 896 MB, max_mem_allocated: 687 MB | ETA 00:02:28
[2026/09/30 12:50:17] INFO: [TRAIN] epoch: 35, iter: 16500/18000, loss: 3.1257, lr: 0.000005, batch_cost: 0.0925, reader_cost: 0.00008, ips: 43.2274 samples/sec, max_mem_reserved: 896 MB, max_mem_allocated: 687 MB | ETA 00:02:18
[2026/09/30 12:50:29] INFO: [TRAIN] epoch: 36, iter: 16600/18000, loss: 3.1884, lr: 0.000005, batch_cost: 0.0923, reader_cost: 0.00069, ips: 43.3484 samples/sec, max_mem_reserved: 896 MB, max_mem_allocated: 687 MB | ETA 00:02:09
[2026/09/30 12:50:42] INFO: [TRAIN] epoch: 36, iter: 16700/18000, loss: 3.0647, lr: 0.000004, batch_cost: 0.0915, reader_cost: 0.00000, ips: 43.7058 samples/sec, max_mem_reserved: 896 MB, max_mem_allocated: 687 MB | ETA 00:01:58
[2026/09/30 12:50:54] INFO: [TRAIN] epoch: 36, iter: 16800/18000, loss: 3.2451, lr: 0.000004, batch_cost: 0.0914, reader_cost: 0.00007, ips: 43.7563 samples/sec, max_mem_reserved: 896 MB, max_mem_allocated: 687 MB | ETA 00:01:49
[2026/09/30 12:51:05] INFO: [TRAIN] epoch: 36, iter: 16900/18000, loss: 3.1438, lr: 0.000004, batch_cost: 0.0857, reader_cost: 0.00006, ips: 46.6927 samples/sec, max_mem_reserved: 896 MB, max_mem_allocated: 687 MB | ETA 00:01:34
[2026/09/30 12:51:17] INFO: [TRAIN] epoch: 36, iter: 17000/18000, loss: 3.1379, lr: 0.000003, batch_cost: 0.0869, reader_cost: 0.00007, ips: 46.0329 samples/sec, max_mem_reserved: 896 MB, max_mem_allocated: 687 MB | ETA 00:01:26
[2026/09/30 12:51:17] INFO: Start evaluating (total_samples: 348, total_iters: 348)...
[2026/09/30 12:51:23] INFO: [EVAL] #Images: 348 mIoU: 0.8080 Acc: 0.9759 Kappa: 0.7687 Dice: 0.8843
[2026/09/30 12:51:23] INFO: [EVAL] Class IoU: 
[0.9748 0.6413]
[2026/09/30 12:51:23] INFO: [EVAL] Class Precision: 
[0.9859 0.8001]
[2026/09/30 12:51:23] INFO: [EVAL] Class Recall: 
[0.9886 0.7636]
[2026/09/30 12:51:23] INFO: Start evaluating (total_samples: 348, total_iters: 348)...
[2026/09/30 12:51:30] INFO: [EVAL] #Images: 348 mIoU: 0.8095 Acc: 0.9761 Kappa: 0.7708 Dice: 0.8854
[2026/09/30 12:51:30] INFO: [EVAL] Class IoU: 
[0.9751 0.644 ]
[2026/09/30 12:51:30] INFO: [EVAL] Class Precision: 
[0.986  0.8032]
[2026/09/30 12:51:30] INFO: [EVAL] Class Recall: 
[0.9888 0.7647]
[2026/09/30 12:51:30] INFO: [EVAL] The model with the best validation mIoU (0.8092) was saved at iter 11000.
[2026/09/30 12:51:30] INFO: [EVAL] The EMA model with the best validation mIoU (0.8103) was saved at iter 12000.
[2026/09/30 12:51:43] INFO: [TRAIN] epoch: 37, iter: 17100/18000, loss: 3.2551, lr: 0.000003, batch_cost: 0.0943, reader_cost: 0.00075, ips: 42.4159 samples/sec, max_mem_reserved: 896 MB, max_mem_allocated: 687 MB | ETA 00:01:24
[2026/09/30 12:51:55] INFO: [TRAIN] epoch: 37, iter: 17200/18000, loss: 3.0643, lr: 0.000003, batch_cost: 0.0929, reader_cost: 0.00005, ips: 43.0553 samples/sec, max_mem_reserved: 896 MB, max_mem_allocated: 687 MB | ETA 00:01:14
[2026/09/30 12:52:07] INFO: [TRAIN] epoch: 37, iter: 17300/18000, loss: 3.3072, lr: 0.000002, batch_cost: 0.0871, reader_cost: 0.00003, ips: 45.9321 samples/sec, max_mem_reserved: 896 MB, max_mem_allocated: 687 MB | ETA 00:01:00
[2026/09/30 12:52:18] INFO: [TRAIN] epoch: 37, iter: 17400/18000, loss: 3.1633, lr: 0.000002, batch_cost: 0.0873, reader_cost: 0.00007, ips: 45.8143 samples/sec, max_mem_reserved: 896 MB, max_mem_allocated: 687 MB | ETA 00:00:52
[2026/09/30 12:52:30] INFO: [TRAIN] epoch: 37, iter: 17500/18000, loss: 3.3138, lr: 0.000002, batch_cost: 0.0891, reader_cost: 0.00006, ips: 44.8983 samples/sec, max_mem_reserved: 896 MB, max_mem_allocated: 687 MB | ETA 00:00:44
[2026/09/30 12:52:42] INFO: [TRAIN] epoch: 38, iter: 17600/18000, loss: 3.1715, lr: 0.000001, batch_cost: 0.0899, reader_cost: 0.00055, ips: 44.5067 samples/sec, max_mem_reserved: 896 MB, max_mem_allocated: 687 MB | ETA 00:00:35
[2026/09/30 12:52:54] INFO: [TRAIN] epoch: 38, iter: 17700/18000, loss: 3.0362, lr: 0.000001, batch_cost: 0.0897, reader_cost: 0.00005, ips: 44.5747 samples/sec, max_mem_reserved: 896 MB, max_mem_allocated: 687 MB | ETA 00:00:26
[2026/09/30 12:53:06] INFO: [TRAIN] epoch: 38, iter: 17800/18000, loss: 3.1656, lr: 0.000001, batch_cost: 0.0913, reader_cost: 0.00005, ips: 43.8199 samples/sec, max_mem_reserved: 896 MB, max_mem_allocated: 687 MB | ETA 00:00:18
[2026/09/30 12:53:18] INFO: [TRAIN] epoch: 38, iter: 17900/18000, loss: 3.1923, lr: 0.000000, batch_cost: 0.0915, reader_cost: 0.00002, ips: 43.7298 samples/sec, max_mem_reserved: 896 MB, max_mem_allocated: 687 MB | ETA 00:00:09
[2026/09/30 12:53:31] INFO: [TRAIN] epoch: 38, iter: 18000/18000, loss: 3.3111, lr: 0.000000, batch_cost: 0.0909, reader_cost: 0.00007, ips: 44.0080 samples/sec, max_mem_reserved: 896 MB, max_mem_allocated: 687 MB | ETA 00:00:00
[2026/09/30 12:53:31] INFO: Start evaluating (total_samples: 348, total_iters: 348)...
[2026/09/30 12:53:38] INFO: [EVAL] #Images: 348 mIoU: 0.8086 Acc: 0.9762 Kappa: 0.7694 Dice: 0.8847
[2026/09/30 12:53:38] INFO: [EVAL] Class IoU: 
[0.9752 0.642 ]
[2026/09/30 12:53:38] INFO: [EVAL] Class Precision: 
[0.9854 0.8115]
[2026/09/30 12:53:38] INFO: [EVAL] Class Recall: 
[0.9895 0.7545]
[2026/09/30 12:53:38] INFO: Start evaluating (total_samples: 348, total_iters: 348)...
[2026/09/30 12:53:45] INFO: [EVAL] #Images: 348 mIoU: 0.8088 Acc: 0.9760 Kappa: 0.7698 Dice: 0.8849
[2026/09/30 12:53:45] INFO: [EVAL] Class IoU: 
[0.9749 0.6427]
[2026/09/30 12:53:45] INFO: [EVAL] Class Precision: 
[0.986  0.8009]
[2026/09/30 12:53:45] INFO: [EVAL] Class Recall: 
[0.9886 0.765 ]
[2026/09/30 12:53:45] INFO: [EVAL] The model with the best validation mIoU (0.8092) was saved at iter 11000.
[2026/09/30 12:53:45] INFO: [EVAL] The EMA model with the best validation mIoU (0.8103) was saved at iter 12000.
<class 'paddle.nn.layer.conv.Conv2D'>'s flops has been counted
<class 'paddle.nn.layer.norm.BatchNorm2D'>'s flops has been counted
<class 'paddle.nn.layer.activation.ReLU'>'s flops has been counted
Cannot find suitable count function for <class 'paddle.nn.layer.pooling.MaxPool2D'>. Treat it as zero FLOPs.
<class 'paddle.nn.layer.pooling.AdaptiveAvgPool2D'>'s flops has been counted
Cannot find suitable count function for <class 'paddleseg.models.layers.wrap_functions.Add'>. Treat it as zero FLOPs.
Cannot find suitable count function for <class 'paddle.nn.layer.common.Identity'>. Treat it as zero FLOPs.
<class 'paddle.nn.layer.pooling.AvgPool2D'>'s flops has been counted
Cannot find suitable count function for <class 'paddle.nn.layer.activation.Sigmoid'>. Treat it as zero FLOPs.
<class 'paddle.nn.layer.common.Dropout'>'s flops has been counted
<class 'paddle.nn.layer.conv.Conv1D'>'s flops has been counted
Total Flops: 5254327440     Total Params: 2341344
