WARNING: Logging before InitGoogleLogging() is written to STDERR
W0930 02:06:08.825366  3784 gpu_resources.cc:116] Please NOTE: device: 0, GPU Compute Capability: 12.0, Driver API Version: 13.2, Runtime API Version: 12.9
C:\Users\user\算法实验\venv_bisenet\Lib\site-packages\paddle\nn\layer\norm.py:885: UserWarning: When training, we now always track global mean and variance.
  warnings.warn(

  1/348 [..............................] - ETA: 42s - batch_cost: 0.1215 - reader cost: 0.0097
  4/348 [..............................] - ETA: 15s - batch_cost: 0.0452 - reader cost: 0.0024
  7/348 [..............................] - ETA: 11s - batch_cost: 0.0345 - reader cost: 0.0014
 10/348 [..............................] - ETA: 10s - batch_cost: 0.0304 - reader cost: 9.6946e-04
 13/348 [>.............................] - ETA: 9s - batch_cost: 0.0279 - reader cost: 7.4574e-04 
 17/348 [>.............................] - ETA: 8s - batch_cost: 0.0251 - reader cost: 5.7027e-04
 21/348 [>.............................] - ETA: 7s - batch_cost: 0.0233 - reader cost: 4.6165e-04
 25/348 [=>............................] - ETA: 7s - batch_cost: 0.0222 - reader cost: 3.8778e-04
 28/348 [=>............................] - ETA: 6s - batch_cost: 0.0216 - reader cost: 3.4623e-04
 31/348 [=>............................] - ETA: 6s - batch_cost: 0.0212 - reader cost: 3.1273e-04
 35/348 [==>...........................] - ETA: 6s - batch_cost: 0.0205 - reader cost: 2.7699e-04
 39/348 [==>...........................] - ETA: 6s - batch_cost: 0.0200 - reader cost: 2.4858e-04
 43/348 [==>...........................] - ETA: 5s - batch_cost: 0.0195 - reader cost: 2.2546e-04
 46/348 [==>...........................] - ETA: 5s - batch_cost: 0.0194 - reader cost: 2.1075e-04
 49/348 [===>..........................] - ETA: 5s - batch_cost: 0.0195 - reader cost: 1.9785e-04
 52/348 [===>..........................] - ETA: 5s - batch_cost: 0.0194 - reader cost: 1.8643e-04
 56/348 [===>..........................] - ETA: 5s - batch_cost: 0.0191 - reader cost: 1.7312e-04
 60/348 [====>.........................] - ETA: 5s - batch_cost: 0.0187 - reader cost: 1.6158e-04
 64/348 [====>.........................] - ETA: 5s - batch_cost: 0.0185 - reader cost: 1.6710e-04
 67/348 [====>.........................] - ETA: 5s - batch_cost: 0.0185 - reader cost: 1.5962e-04
 70/348 [=====>........................] - ETA: 5s - batch_cost: 0.0188 - reader cost: 1.5278e-04
 73/348 [=====>........................] - ETA: 5s - batch_cost: 0.0189 - reader cost: 1.4650e-04
 76/348 [=====>........................] - ETA: 5s - batch_cost: 0.0190 - reader cost: 1.4072e-04
 79/348 [=====>........................] - ETA: 5s - batch_cost: 0.0190 - reader cost: 1.3537e-04
 82/348 [======>.......................] - ETA: 5s - batch_cost: 0.0191 - reader cost: 1.4260e-04
 85/348 [======>.......................] - ETA: 5s - batch_cost: 0.0192 - reader cost: 1.3757e-04
 88/348 [======>.......................] - ETA: 5s - batch_cost: 0.0192 - reader cost: 1.3288e-04
 91/348 [======>.......................] - ETA: 4s - batch_cost: 0.0192 - reader cost: 1.2850e-04
 94/348 [=======>......................] - ETA: 4s - batch_cost: 0.0193 - reader cost: 1.2440e-04
 97/348 [=======>......................] - ETA: 4s - batch_cost: 0.0193 - reader cost: 1.2055e-04
100/348 [=======>......................] - ETA: 4s - batch_cost: 0.0193 - reader cost: 1.2693e-04
103/348 [=======>......................] - ETA: 4s - batch_cost: 0.0193 - reader cost: 1.2323e-04
106/348 [========>.....................] - ETA: 4s - batch_cost: 0.0193 - reader cost: 1.1975e-04
109/348 [========>.....................] - ETA: 4s - batch_cost: 0.0193 - reader cost: 1.1645e-04
112/348 [========>.....................] - ETA: 4s - batch_cost: 0.0192 - reader cost: 1.1947e-04
116/348 [=========>....................] - ETA: 4s - batch_cost: 0.0191 - reader cost: 1.1535e-04
120/348 [=========>....................] - ETA: 4s - batch_cost: 0.0189 - reader cost: 1.1990e-04
124/348 [=========>....................] - ETA: 4s - batch_cost: 0.0188 - reader cost: 1.2411e-04
127/348 [=========>....................] - ETA: 4s - batch_cost: 0.0188 - reader cost: 1.2905e-04
130/348 [==========>...................] - ETA: 4s - batch_cost: 0.0187 - reader cost: 1.2608e-04
133/348 [==========>...................] - ETA: 4s - batch_cost: 0.0188 - reader cost: 1.2323e-04
137/348 [==========>...................] - ETA: 3s - batch_cost: 0.0186 - reader cost: 1.1963e-04
141/348 [===========>..................] - ETA: 3s - batch_cost: 0.0186 - reader cost: 1.2332e-04
144/348 [===========>..................] - ETA: 3s - batch_cost: 0.0186 - reader cost: 1.2075e-04
148/348 [===========>..................] - ETA: 3s - batch_cost: 0.0185 - reader cost: 1.1748e-04
152/348 [============>.................] - ETA: 3s - batch_cost: 0.0184 - reader cost: 1.1439e-04
156/348 [============>.................] - ETA: 3s - batch_cost: 0.0184 - reader cost: 1.1782e-04
159/348 [============>.................] - ETA: 3s - batch_cost: 0.0183 - reader cost: 1.1559e-04
163/348 [=============>................] - ETA: 3s - batch_cost: 0.0183 - reader cost: 1.1276e-04
166/348 [=============>................] - ETA: 3s - batch_cost: 0.0183 - reader cost: 1.1072e-04
170/348 [=============>................] - ETA: 3s - batch_cost: 0.0182 - reader cost: 1.0811e-04
174/348 [==============>...............] - ETA: 3s - batch_cost: 0.0182 - reader cost: 1.1139e-04
178/348 [==============>...............] - ETA: 3s - batch_cost: 0.0181 - reader cost: 1.0889e-04
181/348 [==============>...............] - ETA: 3s - batch_cost: 0.0181 - reader cost: 1.0709e-04
185/348 [==============>...............] - ETA: 2s - batch_cost: 0.0180 - reader cost: 1.0477e-04
189/348 [===============>..............] - ETA: 2s - batch_cost: 0.0180 - reader cost: 1.0255e-04
192/348 [===============>..............] - ETA: 2s - batch_cost: 0.0180 - reader cost: 1.0095e-04
196/348 [===============>..............] - ETA: 2s - batch_cost: 0.0179 - reader cost: 9.8891e-05
199/348 [================>.............] - ETA: 2s - batch_cost: 0.0180 - reader cost: 9.7401e-05
203/348 [================>.............] - ETA: 2s - batch_cost: 0.0179 - reader cost: 9.5481e-05
207/348 [================>.............] - ETA: 2s - batch_cost: 0.0179 - reader cost: 9.3636e-05
211/348 [=================>............] - ETA: 2s - batch_cost: 0.0178 - reader cost: 9.1861e-05
215/348 [=================>............] - ETA: 2s - batch_cost: 0.0178 - reader cost: 9.4845e-05
219/348 [=================>............] - ETA: 2s - batch_cost: 0.0178 - reader cost: 9.3113e-05
222/348 [==================>...........] - ETA: 2s - batch_cost: 0.0178 - reader cost: 9.1855e-05
225/348 [==================>...........] - ETA: 2s - batch_cost: 0.0178 - reader cost: 9.5073e-05
228/348 [==================>...........] - ETA: 2s - batch_cost: 0.0178 - reader cost: 9.3822e-05
231/348 [==================>...........] - ETA: 2s - batch_cost: 0.0178 - reader cost: 9.2603e-05
235/348 [===================>..........] - ETA: 2s - batch_cost: 0.0178 - reader cost: 9.5293e-05
239/348 [===================>..........] - ETA: 1s - batch_cost: 0.0178 - reader cost: 9.3699e-05
243/348 [===================>..........] - ETA: 1s - batch_cost: 0.0177 - reader cost: 9.2156e-05
247/348 [====================>.........] - ETA: 1s - batch_cost: 0.0177 - reader cost: 9.0664e-05
251/348 [====================>.........] - ETA: 1s - batch_cost: 0.0177 - reader cost: 8.9219e-05
255/348 [====================>.........] - ETA: 1s - batch_cost: 0.0177 - reader cost: 8.7819e-05
258/348 [=====================>........] - ETA: 1s - batch_cost: 0.0177 - reader cost: 8.6798e-05
262/348 [=====================>........] - ETA: 1s - batch_cost: 0.0176 - reader cost: 8.5473e-05
266/348 [=====================>........] - ETA: 1s - batch_cost: 0.0176 - reader cost: 8.9845e-05
270/348 [======================>.......] - ETA: 1s - batch_cost: 0.0176 - reader cost: 8.8514e-05
274/348 [======================>.......] - ETA: 1s - batch_cost: 0.0175 - reader cost: 8.7222e-05
278/348 [======================>.......] - ETA: 1s - batch_cost: 0.0175 - reader cost: 8.9563e-05
282/348 [=======================>......] - ETA: 1s - batch_cost: 0.0174 - reader cost: 8.8293e-05
286/348 [=======================>......] - ETA: 1s - batch_cost: 0.0174 - reader cost: 8.7058e-05
290/348 [========================>.....] - ETA: 1s - batch_cost: 0.0174 - reader cost: 8.5857e-05
293/348 [========================>.....] - ETA: 0s - batch_cost: 0.0174 - reader cost: 8.4978e-05
296/348 [========================>.....] - ETA: 0s - batch_cost: 0.0174 - reader cost: 8.4117e-05
300/348 [========================>.....] - ETA: 0s - batch_cost: 0.0174 - reader cost: 8.2995e-05
304/348 [=========================>....] - ETA: 0s - batch_cost: 0.0173 - reader cost: 8.1903e-05
308/348 [=========================>....] - ETA: 0s - batch_cost: 0.0173 - reader cost: 8.0839e-05
311/348 [=========================>....] - ETA: 0s - batch_cost: 0.0173 - reader cost: 8.0060e-05
314/348 [==========================>...] - ETA: 0s - batch_cost: 0.0174 - reader cost: 7.9295e-05
317/348 [==========================>...] - ETA: 0s - batch_cost: 0.0174 - reader cost: 7.8544e-05
321/348 [==========================>...] - ETA: 0s - batch_cost: 0.0174 - reader cost: 7.7566e-05
325/348 [===========================>..] - ETA: 0s - batch_cost: 0.0173 - reader cost: 7.6611e-05
328/348 [===========================>..] - ETA: 0s - batch_cost: 0.0174 - reader cost: 7.5910e-05
331/348 [===========================>..] - ETA: 0s - batch_cost: 0.0174 - reader cost: 7.5222e-05
333/348 [===========================>..] - ETA: 0s - batch_cost: 0.0175 - reader cost: 7.4770e-05
336/348 [===========================>..] - ETA: 0s - batch_cost: 0.0175 - reader cost: 7.4103e-05
339/348 [============================>.] - ETA: 0s - batch_cost: 0.0175 - reader cost: 7.6396e-05
342/348 [============================>.] - ETA: 0s - batch_cost: 0.0175 - reader cost: 7.5726e-05
345/348 [============================>.] - ETA: 0s - batch_cost: 0.0175 - reader cost: 7.5067e-05
348/348 [==============================] - 6s 18ms/step - batch_cost: 0.0175 - reader cost: 7.4420e-05

  1/348 [..............................] - ETA: 9s - batch_cost: 0.0264 - reader cost: 0.0079
  4/348 [..............................] - ETA: 6s - batch_cost: 0.0194 - reader cost: 0.0020
  8/348 [..............................] - ETA: 6s - batch_cost: 0.0179 - reader cost: 9.8428e-04
 11/348 [..............................] - ETA: 6s - batch_cost: 0.0180 - reader cost: 7.1584e-04
 15/348 [>.............................] - ETA: 5s - batch_cost: 0.0173 - reader cost: 5.2495e-04
 19/348 [>.............................] - ETA: 5s - batch_cost: 0.0166 - reader cost: 4.1443e-04
 22/348 [>.............................] - ETA: 5s - batch_cost: 0.0169 - reader cost: 3.5792e-04
 25/348 [=>............................] - ETA: 5s - batch_cost: 0.0170 - reader cost: 3.1497e-04
 28/348 [=>............................] - ETA: 5s - batch_cost: 0.0170 - reader cost: 2.8122e-04
 31/348 [=>............................] - ETA: 5s - batch_cost: 0.0171 - reader cost: 2.5401e-04
 35/348 [==>...........................] - ETA: 5s - batch_cost: 0.0171 - reader cost: 2.2498e-04
 38/348 [==>...........................] - ETA: 5s - batch_cost: 0.0174 - reader cost: 2.0722e-04
 41/348 [==>...........................] - ETA: 5s - batch_cost: 0.0173 - reader cost: 1.9205e-04
 45/348 [==>...........................] - ETA: 5s - batch_cost: 0.0172 - reader cost: 1.9719e-04
 49/348 [===>..........................] - ETA: 5s - batch_cost: 0.0170 - reader cost: 1.8110e-04
 52/348 [===>..........................] - ETA: 5s - batch_cost: 0.0171 - reader cost: 1.7065e-04
 55/348 [===>..........................] - ETA: 5s - batch_cost: 0.0172 - reader cost: 1.6134e-04
 58/348 [====>.........................] - ETA: 4s - batch_cost: 0.0172 - reader cost: 1.5299e-04
 62/348 [====>.........................] - ETA: 4s - batch_cost: 0.0171 - reader cost: 1.4312e-04
 66/348 [====>.........................] - ETA: 4s - batch_cost: 0.0171 - reader cost: 1.3445e-04
 70/348 [=====>........................] - ETA: 4s - batch_cost: 0.0170 - reader cost: 1.2677e-04
 73/348 [=====>........................] - ETA: 4s - batch_cost: 0.0170 - reader cost: 1.3514e-04
 77/348 [=====>........................] - ETA: 4s - batch_cost: 0.0170 - reader cost: 1.2812e-04
 80/348 [=====>........................] - ETA: 4s - batch_cost: 0.0169 - reader cost: 1.2332e-04
 83/348 [======>.......................] - ETA: 4s - batch_cost: 0.0170 - reader cost: 1.1886e-04
 86/348 [======>.......................] - ETA: 4s - batch_cost: 0.0170 - reader cost: 1.1472e-04
 90/348 [======>.......................] - ETA: 4s - batch_cost: 0.0169 - reader cost: 1.2075e-04
 93/348 [=======>......................] - ETA: 4s - batch_cost: 0.0169 - reader cost: 1.1686e-04
 96/348 [=======>......................] - ETA: 4s - batch_cost: 0.0170 - reader cost: 1.1320e-04
 99/348 [=======>......................] - ETA: 4s - batch_cost: 0.0170 - reader cost: 1.0977e-04
103/348 [=======>......................] - ETA: 4s - batch_cost: 0.0169 - reader cost: 1.0551e-04
107/348 [========>.....................] - ETA: 4s - batch_cost: 0.0168 - reader cost: 1.0157e-04
111/348 [========>.....................] - ETA: 3s - batch_cost: 0.0167 - reader cost: 1.0692e-04
115/348 [========>.....................] - ETA: 3s - batch_cost: 0.0166 - reader cost: 1.0320e-04
119/348 [=========>....................] - ETA: 3s - batch_cost: 0.0166 - reader cost: 1.0816e-04
122/348 [=========>....................] - ETA: 3s - batch_cost: 0.0167 - reader cost: 1.0550e-04
125/348 [=========>....................] - ETA: 3s - batch_cost: 0.0167 - reader cost: 1.0296e-04
128/348 [==========>...................] - ETA: 3s - batch_cost: 0.0168 - reader cost: 1.0055e-04
131/348 [==========>...................] - ETA: 3s - batch_cost: 0.0168 - reader cost: 9.8248e-05
135/348 [==========>...................] - ETA: 3s - batch_cost: 0.0167 - reader cost: 9.5337e-05
139/348 [==========>...................] - ETA: 3s - batch_cost: 0.0167 - reader cost: 1.0692e-04
143/348 [===========>..................] - ETA: 3s - batch_cost: 0.0166 - reader cost: 1.0393e-04
146/348 [===========>..................] - ETA: 3s - batch_cost: 0.0167 - reader cost: 1.0179e-04
149/348 [===========>..................] - ETA: 3s - batch_cost: 0.0167 - reader cost: 9.9745e-05
152/348 [============>.................] - ETA: 3s - batch_cost: 0.0167 - reader cost: 9.7777e-05
156/348 [============>.................] - ETA: 3s - batch_cost: 0.0167 - reader cost: 9.5270e-05
160/348 [============>.................] - ETA: 3s - batch_cost: 0.0167 - reader cost: 9.2888e-05
164/348 [=============>................] - ETA: 3s - batch_cost: 0.0167 - reader cost: 9.0622e-05
168/348 [=============>................] - ETA: 3s - batch_cost: 0.0166 - reader cost: 8.8465e-05
172/348 [=============>................] - ETA: 2s - batch_cost: 0.0166 - reader cost: 8.6407e-05
176/348 [==============>...............] - ETA: 2s - batch_cost: 0.0166 - reader cost: 8.7300e-05
180/348 [==============>...............] - ETA: 2s - batch_cost: 0.0166 - reader cost: 8.5360e-05
184/348 [==============>...............] - ETA: 2s - batch_cost: 0.0166 - reader cost: 8.9715e-05
187/348 [===============>..............] - ETA: 2s - batch_cost: 0.0166 - reader cost: 8.8276e-05
191/348 [===============>..............] - ETA: 2s - batch_cost: 0.0166 - reader cost: 9.1704e-05
194/348 [===============>..............] - ETA: 2s - batch_cost: 0.0166 - reader cost: 9.5447e-05
198/348 [================>.............] - ETA: 2s - batch_cost: 0.0165 - reader cost: 9.3519e-05
202/348 [================>.............] - ETA: 2s - batch_cost: 0.0165 - reader cost: 9.1667e-05
205/348 [================>.............] - ETA: 2s - batch_cost: 0.0165 - reader cost: 9.0326e-05
209/348 [=================>............] - ETA: 2s - batch_cost: 0.0165 - reader cost: 8.8597e-05
212/348 [=================>............] - ETA: 2s - batch_cost: 0.0165 - reader cost: 8.7343e-05
216/348 [=================>............] - ETA: 2s - batch_cost: 0.0165 - reader cost: 9.0316e-05
219/348 [=================>............] - ETA: 2s - batch_cost: 0.0165 - reader cost: 8.9079e-05
222/348 [==================>...........] - ETA: 2s - batch_cost: 0.0165 - reader cost: 8.7876e-05
226/348 [==================>...........] - ETA: 2s - batch_cost: 0.0165 - reader cost: 8.6320e-05
230/348 [==================>...........] - ETA: 1s - batch_cost: 0.0165 - reader cost: 8.4819e-05
234/348 [===================>..........] - ETA: 1s - batch_cost: 0.0165 - reader cost: 8.3369e-05
237/348 [===================>..........] - ETA: 1s - batch_cost: 0.0165 - reader cost: 8.2314e-05
240/348 [===================>..........] - ETA: 1s - batch_cost: 0.0166 - reader cost: 8.5465e-05
243/348 [===================>..........] - ETA: 1s - batch_cost: 0.0166 - reader cost: 8.4410e-05
246/348 [====================>.........] - ETA: 1s - batch_cost: 0.0166 - reader cost: 8.3381e-05
249/348 [====================>.........] - ETA: 1s - batch_cost: 0.0167 - reader cost: 8.2376e-05
252/348 [====================>.........] - ETA: 1s - batch_cost: 0.0167 - reader cost: 8.1395e-05
255/348 [====================>.........] - ETA: 1s - batch_cost: 0.0167 - reader cost: 8.0438e-05
258/348 [=====================>........] - ETA: 1s - batch_cost: 0.0167 - reader cost: 7.9502e-05
261/348 [=====================>........] - ETA: 1s - batch_cost: 0.0167 - reader cost: 7.8589e-05
264/348 [=====================>........] - ETA: 1s - batch_cost: 0.0168 - reader cost: 7.7696e-05
268/348 [======================>.......] - ETA: 1s - batch_cost: 0.0167 - reader cost: 8.0233e-05
271/348 [======================>.......] - ETA: 1s - batch_cost: 0.0167 - reader cost: 7.9345e-05
275/348 [======================>.......] - ETA: 1s - batch_cost: 0.0167 - reader cost: 7.8191e-05
278/348 [======================>.......] - ETA: 1s - batch_cost: 0.0168 - reader cost: 7.7347e-05
281/348 [=======================>......] - ETA: 1s - batch_cost: 0.0168 - reader cost: 7.6521e-05
284/348 [=======================>......] - ETA: 1s - batch_cost: 0.0168 - reader cost: 7.5713e-05
287/348 [=======================>......] - ETA: 1s - batch_cost: 0.0169 - reader cost: 7.4922e-05
291/348 [========================>.....] - ETA: 0s - batch_cost: 0.0168 - reader cost: 7.3892e-05
295/348 [========================>.....] - ETA: 0s - batch_cost: 0.0168 - reader cost: 7.2890e-05
299/348 [========================>.....] - ETA: 0s - batch_cost: 0.0168 - reader cost: 7.1915e-05
302/348 [=========================>....] - ETA: 0s - batch_cost: 0.0168 - reader cost: 7.1200e-05
306/348 [=========================>....] - ETA: 0s - batch_cost: 0.0168 - reader cost: 7.0270e-05
310/348 [=========================>....] - ETA: 0s - batch_cost: 0.0168 - reader cost: 6.9363e-05
314/348 [==========================>...] - ETA: 0s - batch_cost: 0.0168 - reader cost: 6.8479e-05
317/348 [==========================>...] - ETA: 0s - batch_cost: 0.0168 - reader cost: 6.7831e-05
321/348 [==========================>...] - ETA: 0s - batch_cost: 0.0168 - reader cost: 6.6986e-05
324/348 [==========================>...] - ETA: 0s - batch_cost: 0.0168 - reader cost: 6.6366e-05
327/348 [===========================>..] - ETA: 0s - batch_cost: 0.0168 - reader cost: 6.5757e-05
330/348 [===========================>..] - ETA: 0s - batch_cost: 0.0168 - reader cost: 6.5159e-05
333/348 [===========================>..] - ETA: 0s - batch_cost: 0.0168 - reader cost: 6.4572e-05
336/348 [===========================>..] - ETA: 0s - batch_cost: 0.0168 - reader cost: 6.3996e-05
340/348 [============================>.] - ETA: 0s - batch_cost: 0.0168 - reader cost: 6.3243e-05
343/348 [============================>.] - ETA: 0s - batch_cost: 0.0168 - reader cost: 6.5604e-05
346/348 [============================>.] - ETA: 0s - batch_cost: 0.0168 - reader cost: 6.5035e-05
348/348 [==============================] - 6s 17ms/step - batch_cost: 0.0168 - reader cost: 6.4661e-05
