[2026/09/30 02:09:41] INFO: 
------------Environment Information-------------
platform: Windows-11-10.0.26200-SP0
Python: 3.12.10 (tags/v3.12.10:0cc8128, Apr  8 2025, 12:21:36) [MSC v.1943 64 bit (AMD64)]
Paddle compiled with cuda: True
NVCC: Build cuda_13.4.r13.4/compiler.38657139_0
cudnn: 90.9
GPUs used: 1
CUDA_VISIBLE_DEVICES: None
GPU: ['GPU 0: NVIDIA GeForce']
PaddleSeg: 0.0.0.dev0
PaddlePaddle: 3.4.0
OpenCV: 4.11.0
------------------------------------------------
[2026/09/30 02:09:41] INFO: 
---------------Config Information---------------
batch_size: 4
iters: 18000
train_dataset:
  dataset_root: C:/Users/user/algolab_data
  mode: train
  num_classes: 2
  train_path: C:/Users/user/algolab_data/train.txt
  transforms:
  - max_scale_factor: 2.0
    min_scale_factor: 0.5
    scale_step_size: 0.25
    type: ResizeStepScaling
  - crop_size:
    - 400
    - 400
    type: RandomPaddingCrop
  - type: RandomHorizontalFlip
  - brightness_range: 0.5
    contrast_range: 0.5
    saturation_range: 0.5
    type: RandomDistort
  - type: Normalize
  type: Dataset
val_dataset:
  dataset_root: C:/Users/user/algolab_data
  mode: val
  num_classes: 2
  transforms:
  - type: Normalize
  type: Dataset
  val_path: C:/Users/user/algolab_data/val.txt
optimizer:
  beta1: 0.9
  beta2: 0.999
  type: AdamW
  weight_decay: 0.01
lr_scheduler:
  end_lr: 0.0
  learning_rate: 6.0e-05
  power: 1
  type: PolynomialDecay
loss:
  coef:
  - 1
  - 1
  - 1
  - 1
  - 1
  types:
  - coef:
    - 0.8
    - 0.2
    losses:
    - min_kept: 65000
      type: OhemCrossEntropyLoss
    - type: DiceLoss
    type: MixedLoss
  - coef:
    - 0.8
    - 0.2
    losses:
    - min_kept: 65000
      type: OhemCrossEntropyLoss
    - type: DiceLoss
    type: MixedLoss
  - coef:
    - 0.8
    - 0.2
    losses:
    - min_kept: 65000
      type: OhemCrossEntropyLoss
    - type: DiceLoss
    type: MixedLoss
  - coef:
    - 0.8
    - 0.2
    losses:
    - min_kept: 65000
      type: OhemCrossEntropyLoss
    - type: DiceLoss
    type: MixedLoss
  - coef:
    - 0.8
    - 0.2
    losses:
    - min_kept: 65000
      type: OhemCrossEntropyLoss
    - type: DiceLoss
    type: MixedLoss
model:
  context_type: ocr
  num_classes: 2
  shape_stream: false
  type: BiSeNetV2
------------------------------------------------

[2026/09/30 02:09:41] INFO: Set device: gpu
[2026/09/30 02:09:41] INFO: Use the following config to build model
model:
  context_type: ocr
  num_classes: 2
  shape_stream: false
  type: BiSeNetV2
[2026/09/30 02:09:42] INFO: Use the following config to build train_dataset
train_dataset:
  dataset_root: C:/Users/user/algolab_data
  mode: train
  num_classes: 2
  train_path: C:/Users/user/algolab_data/train.txt
  transforms:
  - max_scale_factor: 2.0
    min_scale_factor: 0.5
    scale_step_size: 0.25
    type: ResizeStepScaling
  - crop_size:
    - 400
    - 400
    type: RandomPaddingCrop
  - type: RandomHorizontalFlip
  - brightness_range: 0.5
    contrast_range: 0.5
    saturation_range: 0.5
    type: RandomDistort
  - type: Normalize
  type: Dataset
[2026/09/30 02:09:42] INFO: Use the following config to build val_dataset
val_dataset:
  dataset_root: C:/Users/user/algolab_data
  mode: val
  num_classes: 2
  transforms:
  - type: Normalize
  type: Dataset
  val_path: C:/Users/user/algolab_data/val.txt
[2026/09/30 02:09:42] INFO: Use the following config to build optimizer
optimizer:
  beta1: 0.9
  beta2: 0.999
  type: AdamW
  weight_decay: 0.01
[2026/09/30 02:09:42] INFO: Use the following config to build loss
loss:
  coef:
  - 1
  - 1
  - 1
  - 1
  - 1
  types:
  - coef:
    - 0.8
    - 0.2
    losses:
    - min_kept: 65000
      type: OhemCrossEntropyLoss
    - type: DiceLoss
    type: MixedLoss
  - coef:
    - 0.8
    - 0.2
    losses:
    - min_kept: 65000
      type: OhemCrossEntropyLoss
    - type: DiceLoss
    type: MixedLoss
  - coef:
    - 0.8
    - 0.2
    losses:
    - min_kept: 65000
      type: OhemCrossEntropyLoss
    - type: DiceLoss
    type: MixedLoss
  - coef:
    - 0.8
    - 0.2
    losses:
    - min_kept: 65000
      type: OhemCrossEntropyLoss
    - type: DiceLoss
    type: MixedLoss
  - coef:
    - 0.8
    - 0.2
    losses:
    - min_kept: 65000
      type: OhemCrossEntropyLoss
    - type: DiceLoss
    type: MixedLoss
[2026/09/30 02:09:56] INFO: [TRAIN] epoch: 1, iter: 100/18000, loss: 3.4167, lr: 0.000060, batch_cost: 0.1077, reader_cost: 0.00085, ips: 37.1239 samples/sec, max_mem_reserved: 887 MB, max_mem_allocated: 678 MB | ETA 00:32:08
[2026/09/30 02:10:08] INFO: [TRAIN] epoch: 1, iter: 200/18000, loss: 3.1202, lr: 0.000059, batch_cost: 0.0946, reader_cost: 0.00010, ips: 42.3023 samples/sec, max_mem_reserved: 887 MB, max_mem_allocated: 678 MB | ETA 00:28:03
[2026/09/30 02:10:21] INFO: [TRAIN] epoch: 1, iter: 300/18000, loss: 3.1545, lr: 0.000059, batch_cost: 0.0940, reader_cost: 0.00010, ips: 42.5746 samples/sec, max_mem_reserved: 887 MB, max_mem_allocated: 678 MB | ETA 00:27:42
[2026/09/30 02:10:34] INFO: [TRAIN] epoch: 1, iter: 400/18000, loss: 3.2375, lr: 0.000059, batch_cost: 0.0950, reader_cost: 0.00006, ips: 42.1236 samples/sec, max_mem_reserved: 887 MB, max_mem_allocated: 678 MB | ETA 00:27:51
[2026/09/30 02:10:47] INFO: [TRAIN] epoch: 2, iter: 500/18000, loss: 3.1598, lr: 0.000058, batch_cost: 0.0974, reader_cost: 0.00082, ips: 41.0520 samples/sec, max_mem_reserved: 887 MB, max_mem_allocated: 678 MB | ETA 00:28:25
[2026/09/30 02:10:59] INFO: [TRAIN] epoch: 2, iter: 600/18000, loss: 3.1915, lr: 0.000058, batch_cost: 0.0971, reader_cost: 0.00009, ips: 41.1846 samples/sec, max_mem_reserved: 887 MB, max_mem_allocated: 678 MB | ETA 00:28:09
[2026/09/30 02:11:12] INFO: [TRAIN] epoch: 2, iter: 700/18000, loss: 3.1948, lr: 0.000058, batch_cost: 0.0959, reader_cost: 0.00010, ips: 41.7064 samples/sec, max_mem_reserved: 887 MB, max_mem_allocated: 678 MB | ETA 00:27:39
[2026/09/30 02:11:25] INFO: [TRAIN] epoch: 2, iter: 800/18000, loss: 3.1700, lr: 0.000057, batch_cost: 0.0989, reader_cost: 0.00015, ips: 40.4504 samples/sec, max_mem_reserved: 887 MB, max_mem_allocated: 678 MB | ETA 00:28:20
[2026/09/30 02:11:38] INFO: [TRAIN] epoch: 2, iter: 900/18000, loss: 3.2630, lr: 0.000057, batch_cost: 0.0960, reader_cost: 0.00005, ips: 41.6613 samples/sec, max_mem_reserved: 887 MB, max_mem_allocated: 678 MB | ETA 00:27:21
[2026/09/30 02:11:51] INFO: [TRAIN] epoch: 3, iter: 1000/18000, loss: 3.2414, lr: 0.000057, batch_cost: 0.0955, reader_cost: 0.00069, ips: 41.8799 samples/sec, max_mem_reserved: 887 MB, max_mem_allocated: 678 MB | ETA 00:27:03
[2026/09/30 02:11:51] INFO: Start evaluating (total_samples: 348, total_iters: 348)...
[2026/09/30 02:11:57] INFO: [EVAL] #Images: 348 mIoU: 0.6881 Acc: 0.9632 Kappa: 0.5678 Dice: 0.7832
[2026/09/30 02:11:57] INFO: [EVAL] Class IoU: 
[0.9622 0.414 ]
[2026/09/30 02:11:57] INFO: [EVAL] Class Precision: 
[0.9685 0.8029]
[2026/09/30 02:11:57] INFO: [EVAL] Class Recall: 
[0.9932 0.4608]
[2026/09/30 02:11:57] INFO: Start evaluating (total_samples: 348, total_iters: 348)...
[2026/09/30 02:12:04] INFO: [EVAL] #Images: 348 mIoU: 0.6082 Acc: 0.9555 Kappa: 0.3971 Dice: 0.6958
[2026/09/30 02:12:04] INFO: [EVAL] Class IoU: 
[0.9548 0.2616]
[2026/09/30 02:12:04] INFO: [EVAL] Class Precision: 
[0.9585 0.805 ]
[2026/09/30 02:12:04] INFO: [EVAL] Class Recall: 
[0.996  0.2793]
[2026/09/30 02:12:04] INFO: [EVAL] The model with the best validation mIoU (0.6881) was saved at iter 1000.
[2026/09/30 02:12:04] INFO: [EVAL] The EMA model with the best validation mIoU (0.6082) was saved at iter 1000.
[2026/09/30 02:12:17] INFO: [TRAIN] epoch: 3, iter: 1100/18000, loss: 3.2320, lr: 0.000056, batch_cost: 0.1002, reader_cost: 0.00007, ips: 39.9386 samples/sec, max_mem_reserved: 887 MB, max_mem_allocated: 678 MB | ETA 00:28:12
[2026/09/30 02:12:30] INFO: [TRAIN] epoch: 3, iter: 1200/18000, loss: 3.2865, lr: 0.000056, batch_cost: 0.0970, reader_cost: 0.00006, ips: 41.2172 samples/sec, max_mem_reserved: 887 MB, max_mem_allocated: 678 MB | ETA 00:27:10
[2026/09/30 02:12:43] INFO: [TRAIN] epoch: 3, iter: 1300/18000, loss: 3.2487, lr: 0.000056, batch_cost: 0.0979, reader_cost: 0.00009, ips: 40.8406 samples/sec, max_mem_reserved: 887 MB, max_mem_allocated: 678 MB | ETA 00:27:15
[2026/09/30 02:12:56] INFO: [TRAIN] epoch: 3, iter: 1400/18000, loss: 3.3404, lr: 0.000055, batch_cost: 0.0978, reader_cost: 0.00014, ips: 40.9023 samples/sec, max_mem_reserved: 887 MB, max_mem_allocated: 678 MB | ETA 00:27:03
[2026/09/30 02:13:09] INFO: [TRAIN] epoch: 4, iter: 1500/18000, loss: 3.2765, lr: 0.000055, batch_cost: 0.0970, reader_cost: 0.00052, ips: 41.2323 samples/sec, max_mem_reserved: 887 MB, max_mem_allocated: 678 MB | ETA 00:26:40
[2026/09/30 02:13:22] INFO: [TRAIN] epoch: 4, iter: 1600/18000, loss: 3.2837, lr: 0.000055, batch_cost: 0.0991, reader_cost: 0.00007, ips: 40.3563 samples/sec, max_mem_reserved: 887 MB, max_mem_allocated: 678 MB | ETA 00:27:05
[2026/09/30 02:13:34] INFO: [TRAIN] epoch: 4, iter: 1700/18000, loss: 3.2275, lr: 0.000054, batch_cost: 0.0967, reader_cost: 0.00010, ips: 41.3444 samples/sec, max_mem_reserved: 887 MB, max_mem_allocated: 678 MB | ETA 00:26:16
[2026/09/30 02:13:47] INFO: [TRAIN] epoch: 4, iter: 1800/18000, loss: 3.2382, lr: 0.000054, batch_cost: 0.0953, reader_cost: 0.00005, ips: 41.9756 samples/sec, max_mem_reserved: 887 MB, max_mem_allocated: 678 MB | ETA 00:25:43
[2026/09/30 02:14:00] INFO: [TRAIN] epoch: 5, iter: 1900/18000, loss: 3.3150, lr: 0.000054, batch_cost: 0.0961, reader_cost: 0.00063, ips: 41.6072 samples/sec, max_mem_reserved: 887 MB, max_mem_allocated: 678 MB | ETA 00:25:47
[2026/09/30 02:14:13] INFO: [TRAIN] epoch: 5, iter: 2000/18000, loss: 3.3063, lr: 0.000053, batch_cost: 0.0966, reader_cost: 0.00015, ips: 41.4030 samples/sec, max_mem_reserved: 887 MB, max_mem_allocated: 678 MB | ETA 00:25:45
[2026/09/30 02:14:13] INFO: Start evaluating (total_samples: 348, total_iters: 348)...
[2026/09/30 02:14:19] INFO: [EVAL] #Images: 348 mIoU: 0.7460 Acc: 0.9686 Kappa: 0.6718 Dice: 0.8358
[2026/09/30 02:14:19] INFO: [EVAL] Class IoU: 
[0.9674 0.5245]
[2026/09/30 02:14:19] INFO: [EVAL] Class Precision: 
[0.9772 0.7825]
[2026/09/30 02:14:19] INFO: [EVAL] Class Recall: 
[0.9898 0.6141]
[2026/09/30 02:14:19] INFO: Start evaluating (total_samples: 348, total_iters: 348)...
[2026/09/30 02:14:25] INFO: [EVAL] #Images: 348 mIoU: 0.6465 Acc: 0.9601 Kappa: 0.4832 Dice: 0.7398
[2026/09/30 02:14:25] INFO: [EVAL] Class IoU: 
[0.9592 0.3337]
[2026/09/30 02:14:25] INFO: [EVAL] Class Precision: 
[0.9627 0.8523]
[2026/09/30 02:14:25] INFO: [EVAL] Class Recall: 
[0.9963 0.3542]
[2026/09/30 02:14:25] INFO: [EVAL] The model with the best validation mIoU (0.7460) was saved at iter 2000.
[2026/09/30 02:14:25] INFO: [EVAL] The EMA model with the best validation mIoU (0.6465) was saved at iter 2000.
[2026/09/30 02:14:38] INFO: [TRAIN] epoch: 5, iter: 2100/18000, loss: 3.2641, lr: 0.000053, batch_cost: 0.0983, reader_cost: 0.00006, ips: 40.6784 samples/sec, max_mem_reserved: 887 MB, max_mem_allocated: 678 MB | ETA 00:26:03
[2026/09/30 02:14:51] INFO: [TRAIN] epoch: 5, iter: 2200/18000, loss: 3.2418, lr: 0.000053, batch_cost: 0.0972, reader_cost: 0.00007, ips: 41.1443 samples/sec, max_mem_reserved: 887 MB, max_mem_allocated: 678 MB | ETA 00:25:36
[2026/09/30 02:15:03] INFO: [TRAIN] epoch: 5, iter: 2300/18000, loss: 3.2472, lr: 0.000052, batch_cost: 0.0955, reader_cost: 0.00007, ips: 41.8785 samples/sec, max_mem_reserved: 887 MB, max_mem_allocated: 678 MB | ETA 00:24:59
[2026/09/30 02:15:16] INFO: [TRAIN] epoch: 6, iter: 2400/18000, loss: 3.2443, lr: 0.000052, batch_cost: 0.0960, reader_cost: 0.00051, ips: 41.6679 samples/sec, max_mem_reserved: 887 MB, max_mem_allocated: 678 MB | ETA 00:24:57
[2026/09/30 02:15:29] INFO: [TRAIN] epoch: 6, iter: 2500/18000, loss: 3.1597, lr: 0.000052, batch_cost: 0.0938, reader_cost: 0.00004, ips: 42.6664 samples/sec, max_mem_reserved: 887 MB, max_mem_allocated: 678 MB | ETA 00:24:13
[2026/09/30 02:15:42] INFO: [TRAIN] epoch: 6, iter: 2600/18000, loss: 3.3792, lr: 0.000051, batch_cost: 0.0955, reader_cost: 0.00007, ips: 41.8811 samples/sec, max_mem_reserved: 887 MB, max_mem_allocated: 678 MB | ETA 00:24:30
[2026/09/30 02:15:54] INFO: [TRAIN] epoch: 6, iter: 2700/18000, loss: 3.1882, lr: 0.000051, batch_cost: 0.0972, reader_cost: 0.00008, ips: 41.1409 samples/sec, max_mem_reserved: 887 MB, max_mem_allocated: 678 MB | ETA 00:24:47
[2026/09/30 02:16:07] INFO: [TRAIN] epoch: 6, iter: 2800/18000, loss: 3.1727, lr: 0.000051, batch_cost: 0.0932, reader_cost: 0.00004, ips: 42.9010 samples/sec, max_mem_reserved: 887 MB, max_mem_allocated: 678 MB | ETA 00:23:37
[2026/09/30 02:16:19] INFO: [TRAIN] epoch: 7, iter: 2900/18000, loss: 3.2499, lr: 0.000050, batch_cost: 0.0919, reader_cost: 0.00074, ips: 43.5491 samples/sec, max_mem_reserved: 887 MB, max_mem_allocated: 678 MB | ETA 00:23:06
[2026/09/30 02:16:33] INFO: [TRAIN] epoch: 7, iter: 3000/18000, loss: 3.1595, lr: 0.000050, batch_cost: 0.0985, reader_cost: 0.00011, ips: 40.5973 samples/sec, max_mem_reserved: 887 MB, max_mem_allocated: 678 MB | ETA 00:24:37
[2026/09/30 02:16:33] INFO: Start evaluating (total_samples: 348, total_iters: 348)...
[2026/09/30 02:16:38] INFO: [EVAL] #Images: 348 mIoU: 0.7737 Acc: 0.9717 Kappa: 0.7167 Dice: 0.8583
[2026/09/30 02:16:38] INFO: [EVAL] Class IoU: 
[0.9706 0.5768]
[2026/09/30 02:16:38] INFO: [EVAL] Class Precision: 
[0.9811 0.7891]
[2026/09/30 02:16:38] INFO: [EVAL] Class Recall: 
[0.9891 0.6818]
[2026/09/30 02:16:38] INFO: Start evaluating (total_samples: 348, total_iters: 348)...
[2026/09/30 02:16:44] INFO: [EVAL] #Images: 348 mIoU: 0.7066 Acc: 0.9661 Kappa: 0.6025 Dice: 0.8006
[2026/09/30 02:16:44] INFO: [EVAL] Class IoU: 
[0.9652 0.4481]
[2026/09/30 02:16:44] INFO: [EVAL] Class Precision: 
[0.97   0.8495]
[2026/09/30 02:16:44] INFO: [EVAL] Class Recall: 
[0.9948 0.4867]
[2026/09/30 02:16:44] INFO: [EVAL] The model with the best validation mIoU (0.7737) was saved at iter 3000.
[2026/09/30 02:16:44] INFO: [EVAL] The EMA model with the best validation mIoU (0.7066) was saved at iter 3000.
[2026/09/30 02:16:57] INFO: [TRAIN] epoch: 7, iter: 3100/18000, loss: 3.2206, lr: 0.000050, batch_cost: 0.0976, reader_cost: 0.00006, ips: 40.9990 samples/sec, max_mem_reserved: 887 MB, max_mem_allocated: 678 MB | ETA 00:24:13
[2026/09/30 02:17:10] INFO: [TRAIN] epoch: 7, iter: 3200/18000, loss: 3.2000, lr: 0.000049, batch_cost: 0.0953, reader_cost: 0.00003, ips: 41.9764 samples/sec, max_mem_reserved: 887 MB, max_mem_allocated: 678 MB | ETA 00:23:30
[2026/09/30 02:17:23] INFO: [TRAIN] epoch: 7, iter: 3300/18000, loss: 3.2100, lr: 0.000049, batch_cost: 0.0953, reader_cost: 0.00006, ips: 41.9820 samples/sec, max_mem_reserved: 887 MB, max_mem_allocated: 678 MB | ETA 00:23:20
[2026/09/30 02:17:35] INFO: [TRAIN] epoch: 8, iter: 3400/18000, loss: 3.1802, lr: 0.000049, batch_cost: 0.0965, reader_cost: 0.00081, ips: 41.4509 samples/sec, max_mem_reserved: 887 MB, max_mem_allocated: 678 MB | ETA 00:23:28
[2026/09/30 02:17:48] INFO: [TRAIN] epoch: 8, iter: 3500/18000, loss: 3.2220, lr: 0.000048, batch_cost: 0.0949, reader_cost: 0.00011, ips: 42.1374 samples/sec, max_mem_reserved: 887 MB, max_mem_allocated: 678 MB | ETA 00:22:56
[2026/09/30 02:18:01] INFO: [TRAIN] epoch: 8, iter: 3600/18000, loss: 3.1982, lr: 0.000048, batch_cost: 0.0966, reader_cost: 0.00013, ips: 41.3931 samples/sec, max_mem_reserved: 887 MB, max_mem_allocated: 678 MB | ETA 00:23:11
[2026/09/30 02:18:14] INFO: [TRAIN] epoch: 8, iter: 3700/18000, loss: 3.2892, lr: 0.000048, batch_cost: 0.0969, reader_cost: 0.00014, ips: 41.2638 samples/sec, max_mem_reserved: 887 MB, max_mem_allocated: 678 MB | ETA 00:23:06
[2026/09/30 02:18:27] INFO: [TRAIN] epoch: 9, iter: 3800/18000, loss: 3.1213, lr: 0.000047, batch_cost: 0.0974, reader_cost: 0.00062, ips: 41.0755 samples/sec, max_mem_reserved: 887 MB, max_mem_allocated: 678 MB | ETA 00:23:02
[2026/09/30 02:18:39] INFO: [TRAIN] epoch: 9, iter: 3900/18000, loss: 3.1369, lr: 0.000047, batch_cost: 0.0960, reader_cost: 0.00012, ips: 41.6656 samples/sec, max_mem_reserved: 887 MB, max_mem_allocated: 678 MB | ETA 00:22:33
[2026/09/30 02:18:52] INFO: [TRAIN] epoch: 9, iter: 4000/18000, loss: 3.1778, lr: 0.000047, batch_cost: 0.0960, reader_cost: 0.00008, ips: 41.6778 samples/sec, max_mem_reserved: 887 MB, max_mem_allocated: 678 MB | ETA 00:22:23
[2026/09/30 02:18:52] INFO: Start evaluating (total_samples: 348, total_iters: 348)...
[2026/09/30 02:18:58] INFO: [EVAL] #Images: 348 mIoU: 0.7771 Acc: 0.9732 Kappa: 0.7218 Dice: 0.8608
[2026/09/30 02:18:58] INFO: [EVAL] Class IoU: 
[0.9721 0.582 ]
[2026/09/30 02:18:58] INFO: [EVAL] Class Precision: 
[0.98   0.8283]
[2026/09/30 02:18:58] INFO: [EVAL] Class Recall: 
[0.9918 0.6619]
[2026/09/30 02:18:58] INFO: Start evaluating (total_samples: 348, total_iters: 348)...
[2026/09/30 02:19:03] INFO: [EVAL] #Images: 348 mIoU: 0.7567 Acc: 0.9710 Kappa: 0.6893 Dice: 0.8444
[2026/09/30 02:19:03] INFO: [EVAL] Class IoU: 
[0.97   0.5434]
[2026/09/30 02:19:03] INFO: [EVAL] Class Precision: 
[0.9771 0.8311]
[2026/09/30 02:19:03] INFO: [EVAL] Class Recall: 
[0.9926 0.6108]
[2026/09/30 02:19:04] INFO: [EVAL] The model with the best validation mIoU (0.7771) was saved at iter 4000.
[2026/09/30 02:19:04] INFO: [EVAL] The EMA model with the best validation mIoU (0.7567) was saved at iter 4000.
[2026/09/30 02:19:16] INFO: [TRAIN] epoch: 9, iter: 4100/18000, loss: 3.1469, lr: 0.000046, batch_cost: 0.0974, reader_cost: 0.00009, ips: 41.0769 samples/sec, max_mem_reserved: 887 MB, max_mem_allocated: 678 MB | ETA 00:22:33
[2026/09/30 02:19:29] INFO: [TRAIN] epoch: 9, iter: 4200/18000, loss: 3.1967, lr: 0.000046, batch_cost: 0.0980, reader_cost: 0.00008, ips: 40.8120 samples/sec, max_mem_reserved: 887 MB, max_mem_allocated: 678 MB | ETA 00:22:32
[2026/09/30 02:19:42] INFO: [TRAIN] epoch: 10, iter: 4300/18000, loss: 3.2116, lr: 0.000046, batch_cost: 0.0960, reader_cost: 0.00077, ips: 41.6737 samples/sec, max_mem_reserved: 887 MB, max_mem_allocated: 678 MB | ETA 00:21:54
[2026/09/30 02:19:55] INFO: [TRAIN] epoch: 10, iter: 4400/18000, loss: 3.1257, lr: 0.000045, batch_cost: 0.0972, reader_cost: 0.00010, ips: 41.1694 samples/sec, max_mem_reserved: 887 MB, max_mem_allocated: 678 MB | ETA 00:22:01
[2026/09/30 02:20:08] INFO: [TRAIN] epoch: 10, iter: 4500/18000, loss: 3.2395, lr: 0.000045, batch_cost: 0.0963, reader_cost: 0.00010, ips: 41.5229 samples/sec, max_mem_reserved: 887 MB, max_mem_allocated: 678 MB | ETA 00:21:40
[2026/09/30 02:20:21] INFO: [TRAIN] epoch: 10, iter: 4600/18000, loss: 3.1468, lr: 0.000045, batch_cost: 0.0971, reader_cost: 0.00002, ips: 41.1786 samples/sec, max_mem_reserved: 887 MB, max_mem_allocated: 678 MB | ETA 00:21:41
[2026/09/30 02:20:34] INFO: [TRAIN] epoch: 10, iter: 4700/18000, loss: 3.1332, lr: 0.000044, batch_cost: 0.0969, reader_cost: 0.00007, ips: 41.2765 samples/sec, max_mem_reserved: 887 MB, max_mem_allocated: 678 MB | ETA 00:21:28
[2026/09/30 02:20:47] INFO: [TRAIN] epoch: 11, iter: 4800/18000, loss: 3.2066, lr: 0.000044, batch_cost: 0.1001, reader_cost: 0.00055, ips: 39.9480 samples/sec, max_mem_reserved: 887 MB, max_mem_allocated: 678 MB | ETA 00:22:01
[2026/09/30 02:21:00] INFO: [TRAIN] epoch: 11, iter: 4900/18000, loss: 3.1082, lr: 0.000044, batch_cost: 0.0967, reader_cost: 0.00008, ips: 41.3784 samples/sec, max_mem_reserved: 887 MB, max_mem_allocated: 678 MB | ETA 00:21:06
[2026/09/30 02:21:13] INFO: [TRAIN] epoch: 11, iter: 5000/18000, loss: 3.0935, lr: 0.000043, batch_cost: 0.0941, reader_cost: 0.00006, ips: 42.4909 samples/sec, max_mem_reserved: 887 MB, max_mem_allocated: 678 MB | ETA 00:20:23
[2026/09/30 02:21:13] INFO: Start evaluating (total_samples: 348, total_iters: 348)...
[2026/09/30 02:21:19] INFO: [EVAL] #Images: 348 mIoU: 0.7936 Acc: 0.9731 Kappa: 0.7475 Dice: 0.8738
[2026/09/30 02:21:19] INFO: [EVAL] Class IoU: 
[0.9719 0.6152]
[2026/09/30 02:21:19] INFO: [EVAL] Class Precision: 
[0.9857 0.7621]
[2026/09/30 02:21:19] INFO: [EVAL] Class Recall: 
[0.9858 0.7614]
[2026/09/30 02:21:19] INFO: Start evaluating (total_samples: 348, total_iters: 348)...
[2026/09/30 02:21:26] INFO: [EVAL] #Images: 348 mIoU: 0.7803 Acc: 0.9733 Kappa: 0.7269 Dice: 0.8634
[2026/09/30 02:21:26] INFO: [EVAL] Class IoU: 
[0.9723 0.5884]
[2026/09/30 02:21:26] INFO: [EVAL] Class Precision: 
[0.9808 0.8201]
[2026/09/30 02:21:26] INFO: [EVAL] Class Recall: 
[0.9911 0.6756]
[2026/09/30 02:21:26] INFO: [EVAL] The model with the best validation mIoU (0.7936) was saved at iter 5000.
[2026/09/30 02:21:26] INFO: [EVAL] The EMA model with the best validation mIoU (0.7803) was saved at iter 5000.
[2026/09/30 02:21:39] INFO: [TRAIN] epoch: 11, iter: 5100/18000, loss: 3.1060, lr: 0.000043, batch_cost: 0.1024, reader_cost: 0.00008, ips: 39.0689 samples/sec, max_mem_reserved: 887 MB, max_mem_allocated: 678 MB | ETA 00:22:00
[2026/09/30 02:21:52] INFO: [TRAIN] epoch: 11, iter: 5200/18000, loss: 3.1591, lr: 0.000043, batch_cost: 0.0986, reader_cost: 0.00006, ips: 40.5621 samples/sec, max_mem_reserved: 887 MB, max_mem_allocated: 678 MB | ETA 00:21:02
[2026/09/30 02:22:05] INFO: [TRAIN] epoch: 12, iter: 5300/18000, loss: 3.1888, lr: 0.000042, batch_cost: 0.0946, reader_cost: 0.00059, ips: 42.3048 samples/sec, max_mem_reserved: 887 MB, max_mem_allocated: 678 MB | ETA 00:20:00
[2026/09/30 02:22:18] INFO: [TRAIN] epoch: 12, iter: 5400/18000, loss: 3.0590, lr: 0.000042, batch_cost: 0.0947, reader_cost: 0.00009, ips: 42.2190 samples/sec, max_mem_reserved: 887 MB, max_mem_allocated: 678 MB | ETA 00:19:53
[2026/09/30 02:22:31] INFO: [TRAIN] epoch: 12, iter: 5500/18000, loss: 3.1674, lr: 0.000042, batch_cost: 0.0959, reader_cost: 0.00004, ips: 41.6932 samples/sec, max_mem_reserved: 887 MB, max_mem_allocated: 678 MB | ETA 00:19:59
[2026/09/30 02:22:43] INFO: [TRAIN] epoch: 12, iter: 5600/18000, loss: 3.0632, lr: 0.000041, batch_cost: 0.0971, reader_cost: 0.00007, ips: 41.2068 samples/sec, max_mem_reserved: 887 MB, max_mem_allocated: 678 MB | ETA 00:20:03
[2026/09/30 02:22:56] INFO: [TRAIN] epoch: 13, iter: 5700/18000, loss: 3.1098, lr: 0.000041, batch_cost: 0.0975, reader_cost: 0.00078, ips: 41.0357 samples/sec, max_mem_reserved: 887 MB, max_mem_allocated: 678 MB | ETA 00:19:58
[2026/09/30 02:23:09] INFO: [TRAIN] epoch: 13, iter: 5800/18000, loss: 3.1594, lr: 0.000041, batch_cost: 0.0969, reader_cost: 0.00005, ips: 41.2962 samples/sec, max_mem_reserved: 887 MB, max_mem_allocated: 678 MB | ETA 00:19:41
[2026/09/30 02:23:22] INFO: [TRAIN] epoch: 13, iter: 5900/18000, loss: 3.1394, lr: 0.000040, batch_cost: 0.0980, reader_cost: 0.00010, ips: 40.8020 samples/sec, max_mem_reserved: 887 MB, max_mem_allocated: 678 MB | ETA 00:19:46
[2026/09/30 02:23:35] INFO: [TRAIN] epoch: 13, iter: 6000/18000, loss: 3.1814, lr: 0.000040, batch_cost: 0.0979, reader_cost: 0.00010, ips: 40.8721 samples/sec, max_mem_reserved: 887 MB, max_mem_allocated: 678 MB | ETA 00:19:34
[2026/09/30 02:23:35] INFO: Start evaluating (total_samples: 348, total_iters: 348)...
[2026/09/30 02:23:41] INFO: [EVAL] #Images: 348 mIoU: 0.7954 Acc: 0.9741 Kappa: 0.7501 Dice: 0.8750
[2026/09/30 02:23:41] INFO: [EVAL] Class IoU: 
[0.973  0.6178]
[2026/09/30 02:23:41] INFO: [EVAL] Class Precision: 
[0.9845 0.7881]
[2026/09/30 02:23:41] INFO: [EVAL] Class Recall: 
[0.9881 0.7409]
[2026/09/30 02:23:41] INFO: Start evaluating (total_samples: 348, total_iters: 348)...
[2026/09/30 02:23:47] INFO: [EVAL] #Images: 348 mIoU: 0.7918 Acc: 0.9744 Kappa: 0.7445 Dice: 0.8722
[2026/09/30 02:23:47] INFO: [EVAL] Class IoU: 
[0.9734 0.6102]
[2026/09/30 02:23:47] INFO: [EVAL] Class Precision: 
[0.9827 0.8139]
[2026/09/30 02:23:47] INFO: [EVAL] Class Recall: 
[0.9903 0.7091]
[2026/09/30 02:23:47] INFO: [EVAL] The model with the best validation mIoU (0.7954) was saved at iter 6000.
[2026/09/30 02:23:47] INFO: [EVAL] The EMA model with the best validation mIoU (0.7918) was saved at iter 6000.
[2026/09/30 02:24:00] INFO: [TRAIN] epoch: 13, iter: 6100/18000, loss: 3.0409, lr: 0.000040, batch_cost: 0.0988, reader_cost: 0.00009, ips: 40.4838 samples/sec, max_mem_reserved: 887 MB, max_mem_allocated: 678 MB | ETA 00:19:35
[2026/09/30 02:24:13] INFO: [TRAIN] epoch: 14, iter: 6200/18000, loss: 3.0953, lr: 0.000039, batch_cost: 0.0982, reader_cost: 0.00079, ips: 40.7315 samples/sec, max_mem_reserved: 887 MB, max_mem_allocated: 678 MB | ETA 00:19:18
[2026/09/30 02:24:26] INFO: [TRAIN] epoch: 14, iter: 6300/18000, loss: 3.1521, lr: 0.000039, batch_cost: 0.0964, reader_cost: 0.00007, ips: 41.4909 samples/sec, max_mem_reserved: 887 MB, max_mem_allocated: 678 MB | ETA 00:18:47
[2026/09/30 02:24:39] INFO: [TRAIN] epoch: 14, iter: 6400/18000, loss: 3.1998, lr: 0.000039, batch_cost: 0.0980, reader_cost: 0.00012, ips: 40.8239 samples/sec, max_mem_reserved: 887 MB, max_mem_allocated: 678 MB | ETA 00:18:56
[2026/09/30 02:24:52] INFO: [TRAIN] epoch: 14, iter: 6500/18000, loss: 2.9897, lr: 0.000038, batch_cost: 0.0965, reader_cost: 0.00011, ips: 41.4481 samples/sec, max_mem_reserved: 887 MB, max_mem_allocated: 678 MB | ETA 00:18:29
[2026/09/30 02:25:05] INFO: [TRAIN] epoch: 14, iter: 6600/18000, loss: 3.0799, lr: 0.000038, batch_cost: 0.0975, reader_cost: 0.00010, ips: 41.0178 samples/sec, max_mem_reserved: 887 MB, max_mem_allocated: 678 MB | ETA 00:18:31
[2026/09/30 02:25:17] INFO: [TRAIN] epoch: 15, iter: 6700/18000, loss: 3.2098, lr: 0.000038, batch_cost: 0.0961, reader_cost: 0.00063, ips: 41.6449 samples/sec, max_mem_reserved: 887 MB, max_mem_allocated: 678 MB | ETA 00:18:05
[2026/09/30 02:25:30] INFO: [TRAIN] epoch: 15, iter: 6800/18000, loss: 3.0123, lr: 0.000037, batch_cost: 0.0967, reader_cost: 0.00005, ips: 41.3786 samples/sec, max_mem_reserved: 887 MB, max_mem_allocated: 678 MB | ETA 00:18:02
[2026/09/30 02:25:43] INFO: [TRAIN] epoch: 15, iter: 6900/18000, loss: 3.0701, lr: 0.000037, batch_cost: 0.0962, reader_cost: 0.00006, ips: 41.5592 samples/sec, max_mem_reserved: 887 MB, max_mem_allocated: 678 MB | ETA 00:17:48
[2026/09/30 02:25:56] INFO: [TRAIN] epoch: 15, iter: 7000/18000, loss: 3.1984, lr: 0.000037, batch_cost: 0.0975, reader_cost: 0.00007, ips: 41.0433 samples/sec, max_mem_reserved: 887 MB, max_mem_allocated: 678 MB | ETA 00:17:52
[2026/09/30 02:25:56] INFO: Start evaluating (total_samples: 348, total_iters: 348)...
[2026/09/30 02:26:02] INFO: [EVAL] #Images: 348 mIoU: 0.8027 Acc: 0.9750 Kappa: 0.7610 Dice: 0.8805
[2026/09/30 02:26:02] INFO: [EVAL] Class IoU: 
[0.9738 0.6316]
[2026/09/30 02:26:02] INFO: [EVAL] Class Precision: 
[0.9857 0.7888]
[2026/09/30 02:26:02] INFO: [EVAL] Class Recall: 
[0.9878 0.7601]
[2026/09/30 02:26:02] INFO: Start evaluating (total_samples: 348, total_iters: 348)...
[2026/09/30 02:26:08] INFO: [EVAL] #Images: 348 mIoU: 0.7975 Acc: 0.9750 Kappa: 0.7530 Dice: 0.8765
[2026/09/30 02:26:08] INFO: [EVAL] Class IoU: 
[0.9739 0.621 ]
[2026/09/30 02:26:08] INFO: [EVAL] Class Precision: 
[0.9837 0.8114]
[2026/09/30 02:26:08] INFO: [EVAL] Class Recall: 
[0.9899 0.7258]
[2026/09/30 02:26:08] INFO: [EVAL] The model with the best validation mIoU (0.8027) was saved at iter 7000.
[2026/09/30 02:26:08] INFO: [EVAL] The EMA model with the best validation mIoU (0.7975) was saved at iter 7000.
[2026/09/30 02:26:21] INFO: [TRAIN] epoch: 15, iter: 7100/18000, loss: 3.1169, lr: 0.000036, batch_cost: 0.0961, reader_cost: 0.00013, ips: 41.6355 samples/sec, max_mem_reserved: 887 MB, max_mem_allocated: 678 MB | ETA 00:17:27
[2026/09/30 02:26:34] INFO: [TRAIN] epoch: 16, iter: 7200/18000, loss: 3.1148, lr: 0.000036, batch_cost: 0.0989, reader_cost: 0.00064, ips: 40.4604 samples/sec, max_mem_reserved: 887 MB, max_mem_allocated: 678 MB | ETA 00:17:47
[2026/09/30 02:26:47] INFO: [TRAIN] epoch: 16, iter: 7300/18000, loss: 3.1175, lr: 0.000036, batch_cost: 0.0989, reader_cost: 0.00011, ips: 40.4427 samples/sec, max_mem_reserved: 887 MB, max_mem_allocated: 678 MB | ETA 00:17:38
[2026/09/30 02:27:00] INFO: [TRAIN] epoch: 16, iter: 7400/18000, loss: 3.1087, lr: 0.000035, batch_cost: 0.0981, reader_cost: 0.00007, ips: 40.7783 samples/sec, max_mem_reserved: 887 MB, max_mem_allocated: 678 MB | ETA 00:17:19
[2026/09/30 02:27:13] INFO: [TRAIN] epoch: 16, iter: 7500/18000, loss: 3.0420, lr: 0.000035, batch_cost: 0.0942, reader_cost: 0.00009, ips: 42.4514 samples/sec, max_mem_reserved: 887 MB, max_mem_allocated: 678 MB | ETA 00:16:29
[2026/09/30 02:27:25] INFO: [TRAIN] epoch: 17, iter: 7600/18000, loss: 3.1279, lr: 0.000035, batch_cost: 0.0934, reader_cost: 0.00040, ips: 42.8493 samples/sec, max_mem_reserved: 887 MB, max_mem_allocated: 678 MB | ETA 00:16:10
[2026/09/30 02:27:38] INFO: [TRAIN] epoch: 17, iter: 7700/18000, loss: 3.0377, lr: 0.000034, batch_cost: 0.0970, reader_cost: 0.00013, ips: 41.2194 samples/sec, max_mem_reserved: 887 MB, max_mem_allocated: 678 MB | ETA 00:16:39
[2026/09/30 02:27:51] INFO: [TRAIN] epoch: 17, iter: 7800/18000, loss: 3.1070, lr: 0.000034, batch_cost: 0.0968, reader_cost: 0.00007, ips: 41.3421 samples/sec, max_mem_reserved: 887 MB, max_mem_allocated: 678 MB | ETA 00:16:26
[2026/09/30 02:28:04] INFO: [TRAIN] epoch: 17, iter: 7900/18000, loss: 3.1509, lr: 0.000034, batch_cost: 0.0967, reader_cost: 0.00012, ips: 41.3827 samples/sec, max_mem_reserved: 887 MB, max_mem_allocated: 678 MB | ETA 00:16:16
[2026/09/30 02:28:17] INFO: [TRAIN] epoch: 17, iter: 8000/18000, loss: 3.0794, lr: 0.000033, batch_cost: 0.0945, reader_cost: 0.00004, ips: 42.3480 samples/sec, max_mem_reserved: 887 MB, max_mem_allocated: 678 MB | ETA 00:15:44
[2026/09/30 02:28:17] INFO: Start evaluating (total_samples: 348, total_iters: 348)...
[2026/09/30 02:28:22] INFO: [EVAL] #Images: 348 mIoU: 0.7967 Acc: 0.9747 Kappa: 0.7519 Dice: 0.8759
[2026/09/30 02:28:22] INFO: [EVAL] Class IoU: 
[0.9736 0.6197]
[2026/09/30 02:28:22] INFO: [EVAL] Class Precision: 
[0.9839 0.8042]
[2026/09/30 02:28:22] INFO: [EVAL] Class Recall: 
[0.9894 0.7298]
[2026/09/30 02:28:22] INFO: Start evaluating (total_samples: 348, total_iters: 348)...
[2026/09/30 02:28:28] INFO: [EVAL] #Images: 348 mIoU: 0.8006 Acc: 0.9754 Kappa: 0.7577 Dice: 0.8789
[2026/09/30 02:28:28] INFO: [EVAL] Class IoU: 
[0.9743 0.6269]
[2026/09/30 02:28:28] INFO: [EVAL] Class Precision: 
[0.9841 0.8134]
[2026/09/30 02:28:28] INFO: [EVAL] Class Recall: 
[0.9899 0.7323]
[2026/09/30 02:28:28] INFO: [EVAL] The model with the best validation mIoU (0.8027) was saved at iter 7000.
[2026/09/30 02:28:28] INFO: [EVAL] The EMA model with the best validation mIoU (0.8006) was saved at iter 8000.
[2026/09/30 02:28:40] INFO: [TRAIN] epoch: 18, iter: 8100/18000, loss: 3.0061, lr: 0.000033, batch_cost: 0.0954, reader_cost: 0.00064, ips: 41.9144 samples/sec, max_mem_reserved: 887 MB, max_mem_allocated: 678 MB | ETA 00:15:44
[2026/09/30 02:28:53] INFO: [TRAIN] epoch: 18, iter: 8200/18000, loss: 3.1588, lr: 0.000033, batch_cost: 0.0972, reader_cost: 0.00004, ips: 41.1490 samples/sec, max_mem_reserved: 887 MB, max_mem_allocated: 678 MB | ETA 00:15:52
[2026/09/30 02:29:06] INFO: [TRAIN] epoch: 18, iter: 8300/18000, loss: 3.0053, lr: 0.000032, batch_cost: 0.0959, reader_cost: 0.00008, ips: 41.7158 samples/sec, max_mem_reserved: 887 MB, max_mem_allocated: 678 MB | ETA 00:15:30
[2026/09/30 02:29:19] INFO: [TRAIN] epoch: 18, iter: 8400/18000, loss: 3.1517, lr: 0.000032, batch_cost: 0.0962, reader_cost: 0.00006, ips: 41.5890 samples/sec, max_mem_reserved: 887 MB, max_mem_allocated: 678 MB | ETA 00:15:23
[2026/09/30 02:29:32] INFO: [TRAIN] epoch: 18, iter: 8500/18000, loss: 3.0400, lr: 0.000032, batch_cost: 0.0956, reader_cost: 0.00007, ips: 41.8338 samples/sec, max_mem_reserved: 887 MB, max_mem_allocated: 678 MB | ETA 00:15:08
[2026/09/30 02:29:45] INFO: [TRAIN] epoch: 19, iter: 8600/18000, loss: 3.0486, lr: 0.000031, batch_cost: 0.0963, reader_cost: 0.00048, ips: 41.5421 samples/sec, max_mem_reserved: 887 MB, max_mem_allocated: 678 MB | ETA 00:15:05
[2026/09/30 02:29:58] INFO: [TRAIN] epoch: 19, iter: 8700/18000, loss: 2.9944, lr: 0.000031, batch_cost: 0.0992, reader_cost: 0.00012, ips: 40.3042 samples/sec, max_mem_reserved: 887 MB, max_mem_allocated: 678 MB | ETA 00:15:22
[2026/09/30 02:30:10] INFO: [TRAIN] epoch: 19, iter: 8800/18000, loss: 3.1314, lr: 0.000031, batch_cost: 0.0965, reader_cost: 0.00004, ips: 41.4669 samples/sec, max_mem_reserved: 887 MB, max_mem_allocated: 678 MB | ETA 00:14:47
[2026/09/30 02:30:23] INFO: [TRAIN] epoch: 19, iter: 8900/18000, loss: 3.1521, lr: 0.000030, batch_cost: 0.0974, reader_cost: 0.00007, ips: 41.0837 samples/sec, max_mem_reserved: 887 MB, max_mem_allocated: 678 MB | ETA 00:14:45
[2026/09/30 02:30:36] INFO: [TRAIN] epoch: 19, iter: 9000/18000, loss: 3.0714, lr: 0.000030, batch_cost: 0.0975, reader_cost: 0.00004, ips: 41.0464 samples/sec, max_mem_reserved: 887 MB, max_mem_allocated: 678 MB | ETA 00:14:37
[2026/09/30 02:30:36] INFO: Start evaluating (total_samples: 348, total_iters: 348)...
[2026/09/30 02:30:42] INFO: [EVAL] #Images: 348 mIoU: 0.7941 Acc: 0.9751 Kappa: 0.7480 Dice: 0.8739
[2026/09/30 02:30:42] INFO: [EVAL] Class IoU: 
[0.9741 0.6142]
[2026/09/30 02:30:42] INFO: [EVAL] Class Precision: 
[0.9823 0.8304]
[2026/09/30 02:30:42] INFO: [EVAL] Class Recall: 
[0.9914 0.7023]
[2026/09/30 02:30:42] INFO: Start evaluating (total_samples: 348, total_iters: 348)...
[2026/09/30 02:30:48] INFO: [EVAL] #Images: 348 mIoU: 0.8049 Acc: 0.9758 Kappa: 0.7640 Dice: 0.8820
[2026/09/30 02:30:48] INFO: [EVAL] Class IoU: 
[0.9747 0.6351]
[2026/09/30 02:30:48] INFO: [EVAL] Class Precision: 
[0.9848 0.8109]
[2026/09/30 02:30:48] INFO: [EVAL] Class Recall: 
[0.9896 0.7454]
[2026/09/30 02:30:48] INFO: [EVAL] The model with the best validation mIoU (0.8027) was saved at iter 7000.
[2026/09/30 02:30:48] INFO: [EVAL] The EMA model with the best validation mIoU (0.8049) was saved at iter 9000.
[2026/09/30 02:31:01] INFO: [TRAIN] epoch: 20, iter: 9100/18000, loss: 3.0169, lr: 0.000030, batch_cost: 0.0979, reader_cost: 0.00054, ips: 40.8644 samples/sec, max_mem_reserved: 887 MB, max_mem_allocated: 678 MB | ETA 00:14:31
[2026/09/30 02:31:14] INFO: [TRAIN] epoch: 20, iter: 9200/18000, loss: 2.9506, lr: 0.000029, batch_cost: 0.0985, reader_cost: 0.00010, ips: 40.6294 samples/sec, max_mem_reserved: 887 MB, max_mem_allocated: 678 MB | ETA 00:14:26
[2026/09/30 02:31:27] INFO: [TRAIN] epoch: 20, iter: 9300/18000, loss: 3.0448, lr: 0.000029, batch_cost: 0.1018, reader_cost: 0.00007, ips: 39.2968 samples/sec, max_mem_reserved: 887 MB, max_mem_allocated: 678 MB | ETA 00:14:45
[2026/09/30 02:31:41] INFO: [TRAIN] epoch: 20, iter: 9400/18000, loss: 3.0960, lr: 0.000029, batch_cost: 0.1019, reader_cost: 0.00009, ips: 39.2607 samples/sec, max_mem_reserved: 887 MB, max_mem_allocated: 678 MB | ETA 00:14:36
[2026/09/30 02:31:54] INFO: [TRAIN] epoch: 21, iter: 9500/18000, loss: 3.0521, lr: 0.000028, batch_cost: 0.0985, reader_cost: 0.00054, ips: 40.6061 samples/sec, max_mem_reserved: 887 MB, max_mem_allocated: 678 MB | ETA 00:13:57
[2026/09/30 02:32:07] INFO: [TRAIN] epoch: 21, iter: 9600/18000, loss: 3.0043, lr: 0.000028, batch_cost: 0.0989, reader_cost: 0.00006, ips: 40.4516 samples/sec, max_mem_reserved: 887 MB, max_mem_allocated: 678 MB | ETA 00:13:50
[2026/09/30 02:32:20] INFO: [TRAIN] epoch: 21, iter: 9700/18000, loss: 3.1302, lr: 0.000028, batch_cost: 0.0985, reader_cost: 0.00008, ips: 40.6002 samples/sec, max_mem_reserved: 887 MB, max_mem_allocated: 678 MB | ETA 00:13:37
[2026/09/30 02:32:33] INFO: [TRAIN] epoch: 21, iter: 9800/18000, loss: 2.9560, lr: 0.000027, batch_cost: 0.0984, reader_cost: 0.00006, ips: 40.6700 samples/sec, max_mem_reserved: 887 MB, max_mem_allocated: 678 MB | ETA 00:13:26
[2026/09/30 02:32:46] INFO: [TRAIN] epoch: 21, iter: 9900/18000, loss: 3.0987, lr: 0.000027, batch_cost: 0.0994, reader_cost: 0.00013, ips: 40.2376 samples/sec, max_mem_reserved: 887 MB, max_mem_allocated: 678 MB | ETA 00:13:25
[2026/09/30 02:32:59] INFO: [TRAIN] epoch: 22, iter: 10000/18000, loss: 3.0333, lr: 0.000027, batch_cost: 0.0970, reader_cost: 0.00072, ips: 41.2471 samples/sec, max_mem_reserved: 887 MB, max_mem_allocated: 678 MB | ETA 00:12:55
[2026/09/30 02:32:59] INFO: Start evaluating (total_samples: 348, total_iters: 348)...
[2026/09/30 02:33:04] INFO: [EVAL] #Images: 348 mIoU: 0.7987 Acc: 0.9756 Kappa: 0.7547 Dice: 0.8773
[2026/09/30 02:33:04] INFO: [EVAL] Class IoU: 
[0.9746 0.6227]
[2026/09/30 02:33:04] INFO: [EVAL] Class Precision: 
[0.983  0.8307]
[2026/09/30 02:33:04] INFO: [EVAL] Class Recall: 
[0.9913 0.7133]
[2026/09/30 02:33:04] INFO: Start evaluating (total_samples: 348, total_iters: 348)...
[2026/09/30 02:33:10] INFO: [EVAL] #Images: 348 mIoU: 0.8080 Acc: 0.9761 Kappa: 0.7685 Dice: 0.8843
[2026/09/30 02:33:10] INFO: [EVAL] Class IoU: 
[0.9751 0.6409]
[2026/09/30 02:33:10] INFO: [EVAL] Class Precision: 
[0.9854 0.8097]
[2026/09/30 02:33:10] INFO: [EVAL] Class Recall: 
[0.9894 0.7545]
[2026/09/30 02:33:10] INFO: [EVAL] The model with the best validation mIoU (0.8027) was saved at iter 7000.
[2026/09/30 02:33:10] INFO: [EVAL] The EMA model with the best validation mIoU (0.8080) was saved at iter 10000.
[2026/09/30 02:33:23] INFO: [TRAIN] epoch: 22, iter: 10100/18000, loss: 3.0069, lr: 0.000026, batch_cost: 0.0951, reader_cost: 0.00007, ips: 42.0546 samples/sec, max_mem_reserved: 887 MB, max_mem_allocated: 678 MB | ETA 00:12:31
[2026/09/30 02:33:36] INFO: [TRAIN] epoch: 22, iter: 10200/18000, loss: 3.1185, lr: 0.000026, batch_cost: 0.0990, reader_cost: 0.00005, ips: 40.3891 samples/sec, max_mem_reserved: 887 MB, max_mem_allocated: 678 MB | ETA 00:12:52
[2026/09/30 02:33:49] INFO: [TRAIN] epoch: 22, iter: 10300/18000, loss: 3.0532, lr: 0.000026, batch_cost: 0.0977, reader_cost: 0.00006, ips: 40.9539 samples/sec, max_mem_reserved: 887 MB, max_mem_allocated: 678 MB | ETA 00:12:32
[2026/09/30 02:34:02] INFO: [TRAIN] epoch: 22, iter: 10400/18000, loss: 3.0129, lr: 0.000025, batch_cost: 0.0967, reader_cost: 0.00008, ips: 41.3838 samples/sec, max_mem_reserved: 887 MB, max_mem_allocated: 678 MB | ETA 00:12:14
[2026/09/30 02:34:15] INFO: [TRAIN] epoch: 23, iter: 10500/18000, loss: 3.1036, lr: 0.000025, batch_cost: 0.0974, reader_cost: 0.00063, ips: 41.0493 samples/sec, max_mem_reserved: 887 MB, max_mem_allocated: 678 MB | ETA 00:12:10
[2026/09/30 02:34:27] INFO: [TRAIN] epoch: 23, iter: 10600/18000, loss: 3.0167, lr: 0.000025, batch_cost: 0.0951, reader_cost: 0.00009, ips: 42.0579 samples/sec, max_mem_reserved: 887 MB, max_mem_allocated: 678 MB | ETA 00:11:43
[2026/09/30 02:34:40] INFO: [TRAIN] epoch: 23, iter: 10700/18000, loss: 3.0855, lr: 0.000024, batch_cost: 0.0987, reader_cost: 0.00010, ips: 40.5218 samples/sec, max_mem_reserved: 887 MB, max_mem_allocated: 678 MB | ETA 00:12:00
[2026/09/30 02:34:53] INFO: [TRAIN] epoch: 23, iter: 10800/18000, loss: 3.0057, lr: 0.000024, batch_cost: 0.0964, reader_cost: 0.00006, ips: 41.5096 samples/sec, max_mem_reserved: 887 MB, max_mem_allocated: 678 MB | ETA 00:11:33
[2026/09/30 02:35:06] INFO: [TRAIN] epoch: 23, iter: 10900/18000, loss: 3.1031, lr: 0.000024, batch_cost: 0.0966, reader_cost: 0.00010, ips: 41.3876 samples/sec, max_mem_reserved: 887 MB, max_mem_allocated: 678 MB | ETA 00:11:26
[2026/09/30 02:35:19] INFO: [TRAIN] epoch: 24, iter: 11000/18000, loss: 2.9955, lr: 0.000023, batch_cost: 0.0979, reader_cost: 0.00068, ips: 40.8739 samples/sec, max_mem_reserved: 887 MB, max_mem_allocated: 678 MB | ETA 00:11:25
[2026/09/30 02:35:19] INFO: Start evaluating (total_samples: 348, total_iters: 348)...
[2026/09/30 02:35:25] INFO: [EVAL] #Images: 348 mIoU: 0.8076 Acc: 0.9762 Kappa: 0.7679 Dice: 0.8839
[2026/09/30 02:35:25] INFO: [EVAL] Class IoU: 
[0.9751 0.64  ]
[2026/09/30 02:35:25] INFO: [EVAL] Class Precision: 
[0.9851 0.8143]
[2026/09/30 02:35:25] INFO: [EVAL] Class Recall: 
[0.9898 0.7493]
[2026/09/30 02:35:25] INFO: Start evaluating (total_samples: 348, total_iters: 348)...
[2026/09/30 02:35:30] INFO: [EVAL] #Images: 348 mIoU: 0.8103 Acc: 0.9764 Kappa: 0.7719 Dice: 0.8859
[2026/09/30 02:35:30] INFO: [EVAL] Class IoU: 
[0.9753 0.6452]
[2026/09/30 02:35:30] INFO: [EVAL] Class Precision: 
[0.9857 0.8096]
[2026/09/30 02:35:30] INFO: [EVAL] Class Recall: 
[0.9893 0.7607]
[2026/09/30 02:35:31] INFO: [EVAL] The model with the best validation mIoU (0.8076) was saved at iter 11000.
[2026/09/30 02:35:31] INFO: [EVAL] The EMA model with the best validation mIoU (0.8103) was saved at iter 11000.
[2026/09/30 02:35:44] INFO: [TRAIN] epoch: 24, iter: 11100/18000, loss: 3.0039, lr: 0.000023, batch_cost: 0.0986, reader_cost: 0.00008, ips: 40.5603 samples/sec, max_mem_reserved: 887 MB, max_mem_allocated: 678 MB | ETA 00:11:20
[2026/09/30 02:35:57] INFO: [TRAIN] epoch: 24, iter: 11200/18000, loss: 3.0114, lr: 0.000023, batch_cost: 0.0986, reader_cost: 0.00008, ips: 40.5756 samples/sec, max_mem_reserved: 887 MB, max_mem_allocated: 678 MB | ETA 00:11:10
[2026/09/30 02:36:10] INFO: [TRAIN] epoch: 24, iter: 11300/18000, loss: 3.0509, lr: 0.000022, batch_cost: 0.0976, reader_cost: 0.00009, ips: 40.9989 samples/sec, max_mem_reserved: 887 MB, max_mem_allocated: 678 MB | ETA 00:10:53
[2026/09/30 02:36:23] INFO: [TRAIN] epoch: 25, iter: 11400/18000, loss: 3.1359, lr: 0.000022, batch_cost: 0.0981, reader_cost: 0.00062, ips: 40.7728 samples/sec, max_mem_reserved: 887 MB, max_mem_allocated: 678 MB | ETA 00:10:47
[2026/09/30 02:36:36] INFO: [TRAIN] epoch: 25, iter: 11500/18000, loss: 2.9629, lr: 0.000022, batch_cost: 0.0989, reader_cost: 0.00008, ips: 40.4409 samples/sec, max_mem_reserved: 887 MB, max_mem_allocated: 678 MB | ETA 00:10:42
[2026/09/30 02:36:49] INFO: [TRAIN] epoch: 25, iter: 11600/18000, loss: 3.0390, lr: 0.000021, batch_cost: 0.0971, reader_cost: 0.00008, ips: 41.2103 samples/sec, max_mem_reserved: 887 MB, max_mem_allocated: 678 MB | ETA 00:10:21
[2026/09/30 02:37:02] INFO: [TRAIN] epoch: 25, iter: 11700/18000, loss: 3.0567, lr: 0.000021, batch_cost: 0.0996, reader_cost: 0.00006, ips: 40.1806 samples/sec, max_mem_reserved: 887 MB, max_mem_allocated: 678 MB | ETA 00:10:27
[2026/09/30 02:37:15] INFO: [TRAIN] epoch: 25, iter: 11800/18000, loss: 2.9786, lr: 0.000021, batch_cost: 0.0980, reader_cost: 0.00008, ips: 40.8201 samples/sec, max_mem_reserved: 887 MB, max_mem_allocated: 678 MB | ETA 00:10:07
[2026/09/30 02:37:28] INFO: [TRAIN] epoch: 26, iter: 11900/18000, loss: 3.0335, lr: 0.000020, batch_cost: 0.0974, reader_cost: 0.00080, ips: 41.0555 samples/sec, max_mem_reserved: 887 MB, max_mem_allocated: 678 MB | ETA 00:09:54
[2026/09/30 02:37:41] INFO: [TRAIN] epoch: 26, iter: 12000/18000, loss: 3.0489, lr: 0.000020, batch_cost: 0.0978, reader_cost: 0.00010, ips: 40.9108 samples/sec, max_mem_reserved: 887 MB, max_mem_allocated: 678 MB | ETA 00:09:46
[2026/09/30 02:37:41] INFO: Start evaluating (total_samples: 348, total_iters: 348)...
[2026/09/30 02:37:47] INFO: [EVAL] #Images: 348 mIoU: 0.8074 Acc: 0.9756 Kappa: 0.7677 Dice: 0.8839
[2026/09/30 02:37:47] INFO: [EVAL] Class IoU: 
[0.9745 0.6402]
[2026/09/30 02:37:47] INFO: [EVAL] Class Precision: 
[0.9862 0.7924]
[2026/09/30 02:37:47] INFO: [EVAL] Class Recall: 
[0.9879 0.7693]
[2026/09/30 02:37:47] INFO: Start evaluating (total_samples: 348, total_iters: 348)...
[2026/09/30 02:37:53] INFO: [EVAL] #Images: 348 mIoU: 0.8111 Acc: 0.9765 Kappa: 0.7731 Dice: 0.8866
[2026/09/30 02:37:53] INFO: [EVAL] Class IoU: 
[0.9754 0.6469]
[2026/09/30 02:37:53] INFO: [EVAL] Class Precision: 
[0.9859 0.8093]
[2026/09/30 02:37:53] INFO: [EVAL] Class Recall: 
[0.9892 0.7632]
[2026/09/30 02:37:53] INFO: [EVAL] The model with the best validation mIoU (0.8076) was saved at iter 11000.
[2026/09/30 02:37:53] INFO: [EVAL] The EMA model with the best validation mIoU (0.8111) was saved at iter 12000.
[2026/09/30 02:38:06] INFO: [TRAIN] epoch: 26, iter: 12100/18000, loss: 3.0233, lr: 0.000020, batch_cost: 0.0983, reader_cost: 0.00010, ips: 40.6867 samples/sec, max_mem_reserved: 887 MB, max_mem_allocated: 678 MB | ETA 00:09:40
[2026/09/30 02:38:19] INFO: [TRAIN] epoch: 26, iter: 12200/18000, loss: 2.9401, lr: 0.000019, batch_cost: 0.0998, reader_cost: 0.00009, ips: 40.0789 samples/sec, max_mem_reserved: 887 MB, max_mem_allocated: 678 MB | ETA 00:09:38
[2026/09/30 02:38:32] INFO: [TRAIN] epoch: 26, iter: 12300/18000, loss: 3.0434, lr: 0.000019, batch_cost: 0.0999, reader_cost: 0.00008, ips: 40.0600 samples/sec, max_mem_reserved: 887 MB, max_mem_allocated: 678 MB | ETA 00:09:29
[2026/09/30 02:38:45] INFO: [TRAIN] epoch: 27, iter: 12400/18000, loss: 3.0778, lr: 0.000019, batch_cost: 0.0976, reader_cost: 0.00070, ips: 40.9879 samples/sec, max_mem_reserved: 887 MB, max_mem_allocated: 678 MB | ETA 00:09:06
[2026/09/30 02:38:58] INFO: [TRAIN] epoch: 27, iter: 12500/18000, loss: 3.0779, lr: 0.000018, batch_cost: 0.0992, reader_cost: 0.00009, ips: 40.3356 samples/sec, max_mem_reserved: 887 MB, max_mem_allocated: 678 MB | ETA 00:09:05
[2026/09/30 02:39:11] INFO: [TRAIN] epoch: 27, iter: 12600/18000, loss: 3.0347, lr: 0.000018, batch_cost: 0.0949, reader_cost: 0.00005, ips: 42.1344 samples/sec, max_mem_reserved: 887 MB, max_mem_allocated: 678 MB | ETA 00:08:32
[2026/09/30 02:39:23] INFO: [TRAIN] epoch: 27, iter: 12700/18000, loss: 3.0873, lr: 0.000018, batch_cost: 0.0946, reader_cost: 0.00006, ips: 42.2613 samples/sec, max_mem_reserved: 887 MB, max_mem_allocated: 678 MB | ETA 00:08:21
[2026/09/30 02:39:36] INFO: [TRAIN] epoch: 28, iter: 12800/18000, loss: 2.9439, lr: 0.000017, batch_cost: 0.0980, reader_cost: 0.00070, ips: 40.8349 samples/sec, max_mem_reserved: 887 MB, max_mem_allocated: 678 MB | ETA 00:08:29
[2026/09/30 02:39:49] INFO: [TRAIN] epoch: 28, iter: 12900/18000, loss: 3.0351, lr: 0.000017, batch_cost: 0.0987, reader_cost: 0.00010, ips: 40.5233 samples/sec, max_mem_reserved: 887 MB, max_mem_allocated: 678 MB | ETA 00:08:23
[2026/09/30 02:40:02] INFO: [TRAIN] epoch: 28, iter: 13000/18000, loss: 3.0680, lr: 0.000017, batch_cost: 0.0961, reader_cost: 0.00009, ips: 41.6215 samples/sec, max_mem_reserved: 887 MB, max_mem_allocated: 678 MB | ETA 00:08:00
[2026/09/30 02:40:02] INFO: Start evaluating (total_samples: 348, total_iters: 348)...
[2026/09/30 02:40:07] INFO: [EVAL] #Images: 348 mIoU: 0.8083 Acc: 0.9764 Kappa: 0.7689 Dice: 0.8844
[2026/09/30 02:40:07] INFO: [EVAL] Class IoU: 
[0.9753 0.6412]
[2026/09/30 02:40:07] INFO: [EVAL] Class Precision: 
[0.985  0.8173]
[2026/09/30 02:40:07] INFO: [EVAL] Class Recall: 
[0.99   0.7485]
[2026/09/30 02:40:07] INFO: Start evaluating (total_samples: 348, total_iters: 348)...
[2026/09/30 02:40:13] INFO: [EVAL] #Images: 348 mIoU: 0.8102 Acc: 0.9763 Kappa: 0.7717 Dice: 0.8859
[2026/09/30 02:40:13] INFO: [EVAL] Class IoU: 
[0.9752 0.6451]
[2026/09/30 02:40:13] INFO: [EVAL] Class Precision: 
[0.9858 0.807 ]
[2026/09/30 02:40:13] INFO: [EVAL] Class Recall: 
[0.9891 0.7627]
[2026/09/30 02:40:13] INFO: [EVAL] The model with the best validation mIoU (0.8083) was saved at iter 13000.
[2026/09/30 02:40:13] INFO: [EVAL] The EMA model with the best validation mIoU (0.8111) was saved at iter 12000.
[2026/09/30 02:40:26] INFO: [TRAIN] epoch: 28, iter: 13100/18000, loss: 3.0372, lr: 0.000016, batch_cost: 0.0945, reader_cost: 0.00008, ips: 42.3311 samples/sec, max_mem_reserved: 887 MB, max_mem_allocated: 678 MB | ETA 00:07:43
[2026/09/30 02:40:39] INFO: [TRAIN] epoch: 28, iter: 13200/18000, loss: 3.0703, lr: 0.000016, batch_cost: 0.0982, reader_cost: 0.00009, ips: 40.7406 samples/sec, max_mem_reserved: 887 MB, max_mem_allocated: 678 MB | ETA 00:07:51
[2026/09/30 02:40:52] INFO: [TRAIN] epoch: 29, iter: 13300/18000, loss: 2.9658, lr: 0.000016, batch_cost: 0.0982, reader_cost: 0.00059, ips: 40.7189 samples/sec, max_mem_reserved: 887 MB, max_mem_allocated: 678 MB | ETA 00:07:41
[2026/09/30 02:41:05] INFO: [TRAIN] epoch: 29, iter: 13400/18000, loss: 3.0595, lr: 0.000015, batch_cost: 0.0994, reader_cost: 0.00009, ips: 40.2375 samples/sec, max_mem_reserved: 887 MB, max_mem_allocated: 678 MB | ETA 00:07:37
[2026/09/30 02:41:19] INFO: [TRAIN] epoch: 29, iter: 13500/18000, loss: 2.9803, lr: 0.000015, batch_cost: 0.1040, reader_cost: 0.00007, ips: 38.4767 samples/sec, max_mem_reserved: 887 MB, max_mem_allocated: 678 MB | ETA 00:07:47
[2026/09/30 02:41:32] INFO: [TRAIN] epoch: 29, iter: 13600/18000, loss: 3.1518, lr: 0.000015, batch_cost: 0.1002, reader_cost: 0.00012, ips: 39.9253 samples/sec, max_mem_reserved: 887 MB, max_mem_allocated: 678 MB | ETA 00:07:20
[2026/09/30 02:41:45] INFO: [TRAIN] epoch: 29, iter: 13700/18000, loss: 3.0009, lr: 0.000014, batch_cost: 0.1013, reader_cost: 0.00009, ips: 39.5034 samples/sec, max_mem_reserved: 887 MB, max_mem_allocated: 678 MB | ETA 00:07:15
[2026/09/30 02:41:58] INFO: [TRAIN] epoch: 30, iter: 13800/18000, loss: 2.9855, lr: 0.000014, batch_cost: 0.0988, reader_cost: 0.00068, ips: 40.4757 samples/sec, max_mem_reserved: 887 MB, max_mem_allocated: 678 MB | ETA 00:06:55
[2026/09/30 02:42:11] INFO: [TRAIN] epoch: 30, iter: 13900/18000, loss: 2.9404, lr: 0.000014, batch_cost: 0.0983, reader_cost: 0.00004, ips: 40.7085 samples/sec, max_mem_reserved: 887 MB, max_mem_allocated: 678 MB | ETA 00:06:42
[2026/09/30 02:42:24] INFO: [TRAIN] epoch: 30, iter: 14000/18000, loss: 3.0042, lr: 0.000013, batch_cost: 0.0986, reader_cost: 0.00006, ips: 40.5656 samples/sec, max_mem_reserved: 887 MB, max_mem_allocated: 678 MB | ETA 00:06:34
[2026/09/30 02:42:25] INFO: Start evaluating (total_samples: 348, total_iters: 348)...
[2026/09/30 02:42:30] INFO: [EVAL] #Images: 348 mIoU: 0.8080 Acc: 0.9755 Kappa: 0.7688 Dice: 0.8844
[2026/09/30 02:42:30] INFO: [EVAL] Class IoU: 
[0.9743 0.6417]
[2026/09/30 02:42:30] INFO: [EVAL] Class Precision: 
[0.9867 0.7853]
[2026/09/30 02:42:30] INFO: [EVAL] Class Recall: 
[0.9873 0.7783]
[2026/09/30 02:42:30] INFO: Start evaluating (total_samples: 348, total_iters: 348)...
[2026/09/30 02:42:36] INFO: [EVAL] #Images: 348 mIoU: 0.8104 Acc: 0.9763 Kappa: 0.7721 Dice: 0.8860
[2026/09/30 02:42:36] INFO: [EVAL] Class IoU: 
[0.9753 0.6455]
[2026/09/30 02:42:36] INFO: [EVAL] Class Precision: 
[0.9859 0.8076]
[2026/09/30 02:42:36] INFO: [EVAL] Class Recall: 
[0.9891 0.7628]
[2026/09/30 02:42:36] INFO: [EVAL] The model with the best validation mIoU (0.8083) was saved at iter 13000.
[2026/09/30 02:42:36] INFO: [EVAL] The EMA model with the best validation mIoU (0.8111) was saved at iter 12000.
[2026/09/30 02:42:49] INFO: [TRAIN] epoch: 30, iter: 14100/18000, loss: 3.0022, lr: 0.000013, batch_cost: 0.0990, reader_cost: 0.00007, ips: 40.3884 samples/sec, max_mem_reserved: 887 MB, max_mem_allocated: 678 MB | ETA 00:06:26
[2026/09/30 02:43:02] INFO: [TRAIN] epoch: 30, iter: 14200/18000, loss: 2.9648, lr: 0.000013, batch_cost: 0.0982, reader_cost: 0.00006, ips: 40.7474 samples/sec, max_mem_reserved: 887 MB, max_mem_allocated: 678 MB | ETA 00:06:13
[2026/09/30 02:43:15] INFO: [TRAIN] epoch: 31, iter: 14300/18000, loss: 3.1405, lr: 0.000012, batch_cost: 0.0976, reader_cost: 0.00061, ips: 40.9929 samples/sec, max_mem_reserved: 887 MB, max_mem_allocated: 678 MB | ETA 00:06:01
[2026/09/30 02:43:28] INFO: [TRAIN] epoch: 31, iter: 14400/18000, loss: 2.9835, lr: 0.000012, batch_cost: 0.0984, reader_cost: 0.00013, ips: 40.6322 samples/sec, max_mem_reserved: 887 MB, max_mem_allocated: 678 MB | ETA 00:05:54
[2026/09/30 02:43:41] INFO: [TRAIN] epoch: 31, iter: 14500/18000, loss: 3.0571, lr: 0.000012, batch_cost: 0.0989, reader_cost: 0.00006, ips: 40.4334 samples/sec, max_mem_reserved: 887 MB, max_mem_allocated: 678 MB | ETA 00:05:46
[2026/09/30 02:43:54] INFO: [TRAIN] epoch: 31, iter: 14600/18000, loss: 3.0869, lr: 0.000011, batch_cost: 0.0984, reader_cost: 0.00008, ips: 40.6631 samples/sec, max_mem_reserved: 887 MB, max_mem_allocated: 678 MB | ETA 00:05:34
[2026/09/30 02:44:07] INFO: [TRAIN] epoch: 32, iter: 14700/18000, loss: 3.0214, lr: 0.000011, batch_cost: 0.0964, reader_cost: 0.00048, ips: 41.4806 samples/sec, max_mem_reserved: 887 MB, max_mem_allocated: 678 MB | ETA 00:05:18
[2026/09/30 02:44:20] INFO: [TRAIN] epoch: 32, iter: 14800/18000, loss: 3.1140, lr: 0.000011, batch_cost: 0.0986, reader_cost: 0.00001, ips: 40.5595 samples/sec, max_mem_reserved: 887 MB, max_mem_allocated: 678 MB | ETA 00:05:15
[2026/09/30 02:44:33] INFO: [TRAIN] epoch: 32, iter: 14900/18000, loss: 2.9823, lr: 0.000010, batch_cost: 0.0977, reader_cost: 0.00007, ips: 40.9300 samples/sec, max_mem_reserved: 887 MB, max_mem_allocated: 678 MB | ETA 00:05:02
[2026/09/30 02:44:46] INFO: [TRAIN] epoch: 32, iter: 15000/18000, loss: 2.9997, lr: 0.000010, batch_cost: 0.0985, reader_cost: 0.00009, ips: 40.6166 samples/sec, max_mem_reserved: 887 MB, max_mem_allocated: 678 MB | ETA 00:04:55
[2026/09/30 02:44:46] INFO: Start evaluating (total_samples: 348, total_iters: 348)...
[2026/09/30 02:44:52] INFO: [EVAL] #Images: 348 mIoU: 0.8036 Acc: 0.9760 Kappa: 0.7621 Dice: 0.8810
[2026/09/30 02:44:52] INFO: [EVAL] Class IoU: 
[0.975  0.6323]
[2026/09/30 02:44:52] INFO: [EVAL] Class Precision: 
[0.984  0.8242]
[2026/09/30 02:44:52] INFO: [EVAL] Class Recall: 
[0.9907 0.7308]
[2026/09/30 02:44:52] INFO: Start evaluating (total_samples: 348, total_iters: 348)...
[2026/09/30 02:44:58] INFO: [EVAL] #Images: 348 mIoU: 0.8105 Acc: 0.9763 Kappa: 0.7722 Dice: 0.8861
[2026/09/30 02:44:58] INFO: [EVAL] Class IoU: 
[0.9752 0.6457]
[2026/09/30 02:44:58] INFO: [EVAL] Class Precision: 
[0.9861 0.8039]
[2026/09/30 02:44:58] INFO: [EVAL] Class Recall: 
[0.9888 0.7665]
[2026/09/30 02:44:58] INFO: [EVAL] The model with the best validation mIoU (0.8083) was saved at iter 13000.
[2026/09/30 02:44:58] INFO: [EVAL] The EMA model with the best validation mIoU (0.8111) was saved at iter 12000.
[2026/09/30 02:45:10] INFO: [TRAIN] epoch: 32, iter: 15100/18000, loss: 2.9903, lr: 0.000010, batch_cost: 0.0962, reader_cost: 0.00009, ips: 41.5598 samples/sec, max_mem_reserved: 887 MB, max_mem_allocated: 678 MB | ETA 00:04:39
[2026/09/30 02:45:23] INFO: [TRAIN] epoch: 33, iter: 15200/18000, loss: 3.0939, lr: 0.000009, batch_cost: 0.0955, reader_cost: 0.00068, ips: 41.8926 samples/sec, max_mem_reserved: 887 MB, max_mem_allocated: 678 MB | ETA 00:04:27
[2026/09/30 02:45:36] INFO: [TRAIN] epoch: 33, iter: 15300/18000, loss: 3.0039, lr: 0.000009, batch_cost: 0.0966, reader_cost: 0.00012, ips: 41.3904 samples/sec, max_mem_reserved: 887 MB, max_mem_allocated: 678 MB | ETA 00:04:20
[2026/09/30 02:45:49] INFO: [TRAIN] epoch: 33, iter: 15400/18000, loss: 3.1225, lr: 0.000009, batch_cost: 0.0976, reader_cost: 0.00006, ips: 40.9713 samples/sec, max_mem_reserved: 887 MB, max_mem_allocated: 678 MB | ETA 00:04:13
[2026/09/30 02:46:02] INFO: [TRAIN] epoch: 33, iter: 15500/18000, loss: 3.1231, lr: 0.000008, batch_cost: 0.0965, reader_cost: 0.00012, ips: 41.4553 samples/sec, max_mem_reserved: 887 MB, max_mem_allocated: 678 MB | ETA 00:04:01
[2026/09/30 02:46:14] INFO: [TRAIN] epoch: 33, iter: 15600/18000, loss: 3.0896, lr: 0.000008, batch_cost: 0.0961, reader_cost: 0.00009, ips: 41.6369 samples/sec, max_mem_reserved: 887 MB, max_mem_allocated: 678 MB | ETA 00:03:50
[2026/09/30 02:46:27] INFO: [TRAIN] epoch: 34, iter: 15700/18000, loss: 2.9192, lr: 0.000008, batch_cost: 0.0944, reader_cost: 0.00051, ips: 42.3793 samples/sec, max_mem_reserved: 887 MB, max_mem_allocated: 678 MB | ETA 00:03:37
[2026/09/30 02:46:40] INFO: [TRAIN] epoch: 34, iter: 15800/18000, loss: 2.9377, lr: 0.000007, batch_cost: 0.0989, reader_cost: 0.00007, ips: 40.4415 samples/sec, max_mem_reserved: 887 MB, max_mem_allocated: 678 MB | ETA 00:03:37
[2026/09/30 02:46:53] INFO: [TRAIN] epoch: 34, iter: 15900/18000, loss: 3.0013, lr: 0.000007, batch_cost: 0.0985, reader_cost: 0.00007, ips: 40.6212 samples/sec, max_mem_reserved: 887 MB, max_mem_allocated: 678 MB | ETA 00:03:26
[2026/09/30 02:47:06] INFO: [TRAIN] epoch: 34, iter: 16000/18000, loss: 3.1150, lr: 0.000007, batch_cost: 0.0992, reader_cost: 0.00010, ips: 40.3239 samples/sec, max_mem_reserved: 887 MB, max_mem_allocated: 678 MB | ETA 00:03:18
[2026/09/30 02:47:06] INFO: Start evaluating (total_samples: 348, total_iters: 348)...
[2026/09/30 02:47:12] INFO: [EVAL] #Images: 348 mIoU: 0.8085 Acc: 0.9762 Kappa: 0.7694 Dice: 0.8847
[2026/09/30 02:47:12] INFO: [EVAL] Class IoU: 
[0.9751 0.642 ]
[2026/09/30 02:47:12] INFO: [EVAL] Class Precision: 
[0.9855 0.8083]
[2026/09/30 02:47:12] INFO: [EVAL] Class Recall: 
[0.9892 0.7573]
[2026/09/30 02:47:12] INFO: Start evaluating (total_samples: 348, total_iters: 348)...
[2026/09/30 02:47:17] INFO: [EVAL] #Images: 348 mIoU: 0.8107 Acc: 0.9763 Kappa: 0.7726 Dice: 0.8863
[2026/09/30 02:47:17] INFO: [EVAL] Class IoU: 
[0.9753 0.6462]
[2026/09/30 02:47:17] INFO: [EVAL] Class Precision: 
[0.986  0.8054]
[2026/09/30 02:47:17] INFO: [EVAL] Class Recall: 
[0.9889 0.7658]
[2026/09/30 02:47:17] INFO: [EVAL] The model with the best validation mIoU (0.8085) was saved at iter 16000.
[2026/09/30 02:47:17] INFO: [EVAL] The EMA model with the best validation mIoU (0.8111) was saved at iter 12000.
[2026/09/30 02:47:31] INFO: [TRAIN] epoch: 34, iter: 16100/18000, loss: 2.9717, lr: 0.000006, batch_cost: 0.0990, reader_cost: 0.00010, ips: 40.3959 samples/sec, max_mem_reserved: 887 MB, max_mem_allocated: 678 MB | ETA 00:03:08
[2026/09/30 02:47:43] INFO: [TRAIN] epoch: 35, iter: 16200/18000, loss: 3.0237, lr: 0.000006, batch_cost: 0.0966, reader_cost: 0.00070, ips: 41.3902 samples/sec, max_mem_reserved: 887 MB, max_mem_allocated: 678 MB | ETA 00:02:53
[2026/09/30 02:47:56] INFO: [TRAIN] epoch: 35, iter: 16300/18000, loss: 2.8610, lr: 0.000006, batch_cost: 0.0970, reader_cost: 0.00009, ips: 41.2215 samples/sec, max_mem_reserved: 887 MB, max_mem_allocated: 678 MB | ETA 00:02:44
[2026/09/30 02:48:09] INFO: [TRAIN] epoch: 35, iter: 16400/18000, loss: 3.0342, lr: 0.000005, batch_cost: 0.0994, reader_cost: 0.00006, ips: 40.2293 samples/sec, max_mem_reserved: 887 MB, max_mem_allocated: 678 MB | ETA 00:02:39
[2026/09/30 02:48:22] INFO: [TRAIN] epoch: 35, iter: 16500/18000, loss: 2.9512, lr: 0.000005, batch_cost: 0.0998, reader_cost: 0.00009, ips: 40.0985 samples/sec, max_mem_reserved: 887 MB, max_mem_allocated: 678 MB | ETA 00:02:29
[2026/09/30 02:48:35] INFO: [TRAIN] epoch: 36, iter: 16600/18000, loss: 3.0133, lr: 0.000005, batch_cost: 0.0983, reader_cost: 0.00059, ips: 40.7121 samples/sec, max_mem_reserved: 887 MB, max_mem_allocated: 678 MB | ETA 00:02:17
[2026/09/30 02:48:48] INFO: [TRAIN] epoch: 36, iter: 16700/18000, loss: 2.9048, lr: 0.000004, batch_cost: 0.0985, reader_cost: 0.00009, ips: 40.6058 samples/sec, max_mem_reserved: 887 MB, max_mem_allocated: 678 MB | ETA 00:02:08
[2026/09/30 02:49:01] INFO: [TRAIN] epoch: 36, iter: 16800/18000, loss: 3.0638, lr: 0.000004, batch_cost: 0.0997, reader_cost: 0.00006, ips: 40.1284 samples/sec, max_mem_reserved: 887 MB, max_mem_allocated: 678 MB | ETA 00:01:59
[2026/09/30 02:49:14] INFO: [TRAIN] epoch: 36, iter: 16900/18000, loss: 2.9708, lr: 0.000004, batch_cost: 0.0984, reader_cost: 0.00004, ips: 40.6658 samples/sec, max_mem_reserved: 887 MB, max_mem_allocated: 678 MB | ETA 00:01:48
[2026/09/30 02:49:27] INFO: [TRAIN] epoch: 36, iter: 17000/18000, loss: 2.9627, lr: 0.000003, batch_cost: 0.0988, reader_cost: 0.00005, ips: 40.4838 samples/sec, max_mem_reserved: 887 MB, max_mem_allocated: 678 MB | ETA 00:01:38
[2026/09/30 02:49:27] INFO: Start evaluating (total_samples: 348, total_iters: 348)...
[2026/09/30 02:49:33] INFO: [EVAL] #Images: 348 mIoU: 0.8069 Acc: 0.9758 Kappa: 0.7671 Dice: 0.8835
[2026/09/30 02:49:33] INFO: [EVAL] Class IoU: 
[0.9747 0.6391]
[2026/09/30 02:49:33] INFO: [EVAL] Class Precision: 
[0.9856 0.8027]
[2026/09/30 02:49:33] INFO: [EVAL] Class Recall: 
[0.9889 0.7582]
[2026/09/30 02:49:33] INFO: Start evaluating (total_samples: 348, total_iters: 348)...
[2026/09/30 02:49:39] INFO: [EVAL] #Images: 348 mIoU: 0.8097 Acc: 0.9763 Kappa: 0.7711 Dice: 0.8855
[2026/09/30 02:49:39] INFO: [EVAL] Class IoU: 
[0.9752 0.6443]
[2026/09/30 02:49:39] INFO: [EVAL] Class Precision: 
[0.9858 0.8074]
[2026/09/30 02:49:39] INFO: [EVAL] Class Recall: 
[0.9891 0.7612]
[2026/09/30 02:49:39] INFO: [EVAL] The model with the best validation mIoU (0.8085) was saved at iter 16000.
[2026/09/30 02:49:39] INFO: [EVAL] The EMA model with the best validation mIoU (0.8111) was saved at iter 12000.
[2026/09/30 02:49:52] INFO: [TRAIN] epoch: 37, iter: 17100/18000, loss: 3.0650, lr: 0.000003, batch_cost: 0.1001, reader_cost: 0.00059, ips: 39.9515 samples/sec, max_mem_reserved: 887 MB, max_mem_allocated: 678 MB | ETA 00:01:30
[2026/09/30 02:50:05] INFO: [TRAIN] epoch: 37, iter: 17200/18000, loss: 2.8992, lr: 0.000003, batch_cost: 0.0996, reader_cost: 0.00005, ips: 40.1533 samples/sec, max_mem_reserved: 887 MB, max_mem_allocated: 678 MB | ETA 00:01:19
[2026/09/30 02:50:18] INFO: [TRAIN] epoch: 37, iter: 17300/18000, loss: 3.1160, lr: 0.000002, batch_cost: 0.0991, reader_cost: 0.00009, ips: 40.3756 samples/sec, max_mem_reserved: 887 MB, max_mem_allocated: 678 MB | ETA 00:01:09
[2026/09/30 02:50:31] INFO: [TRAIN] epoch: 37, iter: 17400/18000, loss: 2.9934, lr: 0.000002, batch_cost: 0.0982, reader_cost: 0.00008, ips: 40.7340 samples/sec, max_mem_reserved: 887 MB, max_mem_allocated: 678 MB | ETA 00:00:58
[2026/09/30 02:50:45] INFO: [TRAIN] epoch: 37, iter: 17500/18000, loss: 3.1209, lr: 0.000002, batch_cost: 0.1000, reader_cost: 0.00005, ips: 39.9951 samples/sec, max_mem_reserved: 887 MB, max_mem_allocated: 678 MB | ETA 00:00:50
[2026/09/30 02:50:58] INFO: [TRAIN] epoch: 38, iter: 17600/18000, loss: 3.0103, lr: 0.000001, batch_cost: 0.1013, reader_cost: 0.00064, ips: 39.4893 samples/sec, max_mem_reserved: 887 MB, max_mem_allocated: 678 MB | ETA 00:00:40
[2026/09/30 02:51:11] INFO: [TRAIN] epoch: 38, iter: 17700/18000, loss: 2.8817, lr: 0.000001, batch_cost: 0.0953, reader_cost: 0.00012, ips: 41.9565 samples/sec, max_mem_reserved: 887 MB, max_mem_allocated: 678 MB | ETA 00:00:28
[2026/09/30 02:51:24] INFO: [TRAIN] epoch: 38, iter: 17800/18000, loss: 3.0019, lr: 0.000001, batch_cost: 0.0986, reader_cost: 0.00010, ips: 40.5509 samples/sec, max_mem_reserved: 887 MB, max_mem_allocated: 678 MB | ETA 00:00:19
[2026/09/30 02:51:37] INFO: [TRAIN] epoch: 38, iter: 17900/18000, loss: 3.0235, lr: 0.000000, batch_cost: 0.1015, reader_cost: 0.00012, ips: 39.4018 samples/sec, max_mem_reserved: 887 MB, max_mem_allocated: 678 MB | ETA 00:00:10
[2026/09/30 02:51:50] INFO: [TRAIN] epoch: 38, iter: 18000/18000, loss: 3.1287, lr: 0.000000, batch_cost: 0.0996, reader_cost: 0.00006, ips: 40.1719 samples/sec, max_mem_reserved: 887 MB, max_mem_allocated: 678 MB | ETA 00:00:00
[2026/09/30 02:51:50] INFO: Start evaluating (total_samples: 348, total_iters: 348)...
[2026/09/30 02:51:56] INFO: [EVAL] #Images: 348 mIoU: 0.8066 Acc: 0.9761 Kappa: 0.7665 Dice: 0.8832
[2026/09/30 02:51:56] INFO: [EVAL] Class IoU: 
[0.9751 0.6381]
[2026/09/30 02:51:56] INFO: [EVAL] Class Precision: 
[0.9848 0.8164]
[2026/09/30 02:51:56] INFO: [EVAL] Class Recall: 
[0.99  0.745]
[2026/09/30 02:51:56] INFO: Start evaluating (total_samples: 348, total_iters: 348)...
[2026/09/30 02:52:02] INFO: [EVAL] #Images: 348 mIoU: 0.8093 Acc: 0.9762 Kappa: 0.7706 Dice: 0.8853
[2026/09/30 02:52:02] INFO: [EVAL] Class IoU: 
[0.9751 0.6436]
[2026/09/30 02:52:02] INFO: [EVAL] Class Precision: 
[0.9857 0.8067]
[2026/09/30 02:52:02] INFO: [EVAL] Class Recall: 
[0.9891 0.7609]
[2026/09/30 02:52:02] INFO: [EVAL] The model with the best validation mIoU (0.8085) was saved at iter 16000.
[2026/09/30 02:52:02] INFO: [EVAL] The EMA model with the best validation mIoU (0.8111) was saved at iter 12000.
<class 'paddle.nn.layer.conv.Conv2D'>'s flops has been counted
<class 'paddle.nn.layer.norm.BatchNorm2D'>'s flops has been counted
<class 'paddle.nn.layer.activation.ReLU'>'s flops has been counted
Cannot find suitable count function for <class 'paddle.nn.layer.pooling.MaxPool2D'>. Treat it as zero FLOPs.
<class 'paddle.nn.layer.pooling.AdaptiveAvgPool2D'>'s flops has been counted
Cannot find suitable count function for <class 'paddleseg.models.layers.wrap_functions.Add'>. Treat it as zero FLOPs.
Cannot find suitable count function for <class 'paddle.nn.layer.common.Identity'>. Treat it as zero FLOPs.
<class 'paddle.nn.layer.pooling.AvgPool2D'>'s flops has been counted
Cannot find suitable count function for <class 'paddle.nn.layer.activation.Sigmoid'>. Treat it as zero FLOPs.
<class 'paddle.nn.layer.common.Dropout'>'s flops has been counted
Cannot find suitable count function for <class 'paddleseg.models.ocrnet.SpatialGatherBlock'>. Treat it as zero FLOPs.
Cannot find suitable count function for <class 'paddle.nn.layer.common.Dropout2D'>. Treat it as zero FLOPs.
Total Flops: 4968996890     Total Params: 2553308
