WARNING: Logging before InitGoogleLogging() is written to STDERR
W0930 02:06:30.695915 17880 gpu_resources.cc:116] Please NOTE: device: 0, GPU Compute Capability: 12.0, Driver API Version: 13.2, Runtime API Version: 12.9
C:\Users\user\算法实验\venv_bisenet\Lib\site-packages\paddle\nn\layer\norm.py:885: UserWarning: When training, we now always track global mean and variance.
  warnings.warn(

  1/348 [..............................] - ETA: 47s - batch_cost: 0.1378 - reader cost: 0.0133
  3/348 [..............................] - ETA: 22s - batch_cost: 0.0662 - reader cost: 0.0044
  5/348 [..............................] - ETA: 17s - batch_cost: 0.0513 - reader cost: 0.0027
  7/348 [..............................] - ETA: 15s - batch_cost: 0.0447 - reader cost: 0.0020
  9/348 [..............................] - ETA: 14s - batch_cost: 0.0412 - reader cost: 0.0016
 11/348 [..............................] - ETA: 13s - batch_cost: 0.0388 - reader cost: 0.0014
 13/348 [>.............................] - ETA: 12s - batch_cost: 0.0374 - reader cost: 0.0012
 15/348 [>.............................] - ETA: 12s - batch_cost: 0.0361 - reader cost: 0.0010
 17/348 [>.............................] - ETA: 11s - batch_cost: 0.0353 - reader cost: 8.9791e-04
 19/348 [>.............................] - ETA: 11s - batch_cost: 0.0343 - reader cost: 8.0340e-04
 21/348 [>.............................] - ETA: 11s - batch_cost: 0.0338 - reader cost: 7.2688e-04
 23/348 [>.............................] - ETA: 10s - batch_cost: 0.0336 - reader cost: 7.0760e-04
 25/348 [=>............................] - ETA: 10s - batch_cost: 0.0330 - reader cost: 6.9132e-04
 27/348 [=>............................] - ETA: 10s - batch_cost: 0.0324 - reader cost: 6.4011e-04
 29/348 [=>............................] - ETA: 10s - batch_cost: 0.0321 - reader cost: 5.9596e-04
 32/348 [=>............................] - ETA: 9s - batch_cost: 0.0308 - reader cost: 5.6067e-04 
 35/348 [==>...........................] - ETA: 9s - batch_cost: 0.0298 - reader cost: 5.1261e-04
 38/348 [==>...........................] - ETA: 8s - batch_cost: 0.0287 - reader cost: 4.7214e-04
 41/348 [==>...........................] - ETA: 8s - batch_cost: 0.0279 - reader cost: 4.3760e-04
 44/348 [==>...........................] - ETA: 8s - batch_cost: 0.0272 - reader cost: 4.0776e-04
 47/348 [===>..........................] - ETA: 8s - batch_cost: 0.0266 - reader cost: 3.8173e-04
 50/348 [===>..........................] - ETA: 7s - batch_cost: 0.0261 - reader cost: 3.7902e-04
 53/348 [===>..........................] - ETA: 7s - batch_cost: 0.0257 - reader cost: 3.5756e-04
 56/348 [===>..........................] - ETA: 7s - batch_cost: 0.0253 - reader cost: 3.3841e-04
 59/348 [====>.........................] - ETA: 7s - batch_cost: 0.0248 - reader cost: 3.2120e-04
 62/348 [====>.........................] - ETA: 7s - batch_cost: 0.0246 - reader cost: 3.0566e-04
 66/348 [====>.........................] - ETA: 6s - batch_cost: 0.0241 - reader cost: 3.0229e-04
 70/348 [=====>........................] - ETA: 6s - batch_cost: 0.0236 - reader cost: 2.8502e-04
 74/348 [=====>........................] - ETA: 6s - batch_cost: 0.0232 - reader cost: 2.6961e-04
 78/348 [=====>........................] - ETA: 6s - batch_cost: 0.0229 - reader cost: 2.5579e-04
 81/348 [=====>........................] - ETA: 6s - batch_cost: 0.0227 - reader cost: 2.4631e-04
 84/348 [======>.......................] - ETA: 5s - batch_cost: 0.0226 - reader cost: 2.5551e-04
 87/348 [======>.......................] - ETA: 5s - batch_cost: 0.0224 - reader cost: 2.5820e-04
 90/348 [======>.......................] - ETA: 5s - batch_cost: 0.0222 - reader cost: 2.4959e-04
 93/348 [=======>......................] - ETA: 5s - batch_cost: 0.0221 - reader cost: 2.4154e-04
 97/348 [=======>......................] - ETA: 5s - batch_cost: 0.0219 - reader cost: 2.3158e-04
100/348 [=======>......................] - ETA: 5s - batch_cost: 0.0217 - reader cost: 2.2463e-04
103/348 [=======>......................] - ETA: 5s - batch_cost: 0.0217 - reader cost: 2.1809e-04
106/348 [========>.....................] - ETA: 5s - batch_cost: 0.0217 - reader cost: 2.1192e-04
109/348 [========>.....................] - ETA: 5s - batch_cost: 0.0216 - reader cost: 2.0608e-04
113/348 [========>.....................] - ETA: 5s - batch_cost: 0.0214 - reader cost: 1.9879e-04
117/348 [=========>....................] - ETA: 4s - batch_cost: 0.0212 - reader cost: 1.9199e-04
121/348 [=========>....................] - ETA: 4s - batch_cost: 0.0210 - reader cost: 1.8565e-04
124/348 [=========>....................] - ETA: 4s - batch_cost: 0.0209 - reader cost: 1.8115e-04
127/348 [=========>....................] - ETA: 4s - batch_cost: 0.0209 - reader cost: 1.7687e-04
130/348 [==========>...................] - ETA: 4s - batch_cost: 0.0208 - reader cost: 1.7279e-04
133/348 [==========>...................] - ETA: 4s - batch_cost: 0.0207 - reader cost: 1.8019e-04
136/348 [==========>...................] - ETA: 4s - batch_cost: 0.0207 - reader cost: 1.7621e-04
139/348 [==========>...................] - ETA: 4s - batch_cost: 0.0206 - reader cost: 1.7241e-04
142/348 [===========>..................] - ETA: 4s - batch_cost: 0.0205 - reader cost: 1.6877e-04
145/348 [===========>..................] - ETA: 4s - batch_cost: 0.0205 - reader cost: 1.6528e-04
148/348 [===========>..................] - ETA: 4s - batch_cost: 0.0204 - reader cost: 1.6193e-04
152/348 [============>.................] - ETA: 3s - batch_cost: 0.0203 - reader cost: 1.5767e-04
156/348 [============>.................] - ETA: 3s - batch_cost: 0.0202 - reader cost: 1.5362e-04
160/348 [============>.................] - ETA: 3s - batch_cost: 0.0201 - reader cost: 1.4978e-04
164/348 [=============>................] - ETA: 3s - batch_cost: 0.0199 - reader cost: 1.4613e-04
168/348 [=============>................] - ETA: 3s - batch_cost: 0.0198 - reader cost: 1.4860e-04
171/348 [=============>................] - ETA: 3s - batch_cost: 0.0198 - reader cost: 1.4599e-04
174/348 [==============>...............] - ETA: 3s - batch_cost: 0.0198 - reader cost: 1.4636e-04
177/348 [==============>...............] - ETA: 3s - batch_cost: 0.0198 - reader cost: 1.4388e-04
180/348 [==============>...............] - ETA: 3s - batch_cost: 0.0198 - reader cost: 1.4148e-04
183/348 [==============>...............] - ETA: 3s - batch_cost: 0.0198 - reader cost: 1.3916e-04
186/348 [===============>..............] - ETA: 3s - batch_cost: 0.0197 - reader cost: 1.3692e-04
190/348 [===============>..............] - ETA: 3s - batch_cost: 0.0197 - reader cost: 1.3404e-04
194/348 [===============>..............] - ETA: 3s - batch_cost: 0.0196 - reader cost: 1.3127e-04
197/348 [===============>..............] - ETA: 2s - batch_cost: 0.0196 - reader cost: 1.2927e-04
200/348 [================>.............] - ETA: 2s - batch_cost: 0.0196 - reader cost: 1.2733e-04
203/348 [================>.............] - ETA: 2s - batch_cost: 0.0196 - reader cost: 1.2545e-04
206/348 [================>.............] - ETA: 2s - batch_cost: 0.0197 - reader cost: 1.2363e-04
209/348 [=================>............] - ETA: 2s - batch_cost: 0.0197 - reader cost: 1.2185e-04
212/348 [=================>............] - ETA: 2s - batch_cost: 0.0197 - reader cost: 1.2013e-04
215/348 [=================>............] - ETA: 2s - batch_cost: 0.0197 - reader cost: 1.1845e-04
218/348 [=================>............] - ETA: 2s - batch_cost: 0.0196 - reader cost: 1.1914e-04
221/348 [==================>...........] - ETA: 2s - batch_cost: 0.0196 - reader cost: 1.1752e-04
224/348 [==================>...........] - ETA: 2s - batch_cost: 0.0196 - reader cost: 1.1594e-04
227/348 [==================>...........] - ETA: 2s - batch_cost: 0.0195 - reader cost: 1.1441e-04
230/348 [==================>...........] - ETA: 2s - batch_cost: 0.0196 - reader cost: 1.1292e-04
233/348 [===================>..........] - ETA: 2s - batch_cost: 0.0196 - reader cost: 1.1147e-04
236/348 [===================>..........] - ETA: 2s - batch_cost: 0.0197 - reader cost: 1.1221e-04
239/348 [===================>..........] - ETA: 2s - batch_cost: 0.0197 - reader cost: 1.1080e-04
242/348 [===================>..........] - ETA: 2s - batch_cost: 0.0197 - reader cost: 1.1356e-04
245/348 [====================>.........] - ETA: 2s - batch_cost: 0.0197 - reader cost: 1.1217e-04
248/348 [====================>.........] - ETA: 1s - batch_cost: 0.0197 - reader cost: 1.1082e-04
251/348 [====================>.........] - ETA: 1s - batch_cost: 0.0197 - reader cost: 1.1351e-04
254/348 [====================>.........] - ETA: 1s - batch_cost: 0.0197 - reader cost: 1.1217e-04
257/348 [=====================>........] - ETA: 1s - batch_cost: 0.0198 - reader cost: 1.1086e-04
260/348 [=====================>........] - ETA: 1s - batch_cost: 0.0198 - reader cost: 1.0958e-04
263/348 [=====================>........] - ETA: 1s - batch_cost: 0.0198 - reader cost: 1.0833e-04
266/348 [=====================>........] - ETA: 1s - batch_cost: 0.0198 - reader cost: 1.1087e-04
269/348 [======================>.......] - ETA: 1s - batch_cost: 0.0198 - reader cost: 1.0963e-04
272/348 [======================>.......] - ETA: 1s - batch_cost: 0.0199 - reader cost: 1.1211e-04
275/348 [======================>.......] - ETA: 1s - batch_cost: 0.0199 - reader cost: 1.1452e-04
279/348 [=======================>......] - ETA: 1s - batch_cost: 0.0198 - reader cost: 1.1288e-04
282/348 [=======================>......] - ETA: 1s - batch_cost: 0.0198 - reader cost: 1.1168e-04
285/348 [=======================>......] - ETA: 1s - batch_cost: 0.0198 - reader cost: 1.1050e-04
288/348 [=======================>......] - ETA: 1s - batch_cost: 0.0198 - reader cost: 1.0935e-04
291/348 [========================>.....] - ETA: 1s - batch_cost: 0.0198 - reader cost: 1.0823e-04
295/348 [========================>.....] - ETA: 1s - batch_cost: 0.0197 - reader cost: 1.0676e-04
298/348 [========================>.....] - ETA: 0s - batch_cost: 0.0198 - reader cost: 1.0780e-04
301/348 [========================>.....] - ETA: 0s - batch_cost: 0.0198 - reader cost: 1.1005e-04
303/348 [=========================>....] - ETA: 0s - batch_cost: 0.0199 - reader cost: 1.0933e-04
305/348 [=========================>....] - ETA: 0s - batch_cost: 0.0199 - reader cost: 1.0861e-04
308/348 [=========================>....] - ETA: 0s - batch_cost: 0.0200 - reader cost: 1.1077e-04
311/348 [=========================>....] - ETA: 0s - batch_cost: 0.0200 - reader cost: 1.0970e-04
314/348 [==========================>...] - ETA: 0s - batch_cost: 0.0200 - reader cost: 1.0865e-04
317/348 [==========================>...] - ETA: 0s - batch_cost: 0.0200 - reader cost: 1.0763e-04
320/348 [==========================>...] - ETA: 0s - batch_cost: 0.0199 - reader cost: 1.0662e-04
323/348 [==========================>...] - ETA: 0s - batch_cost: 0.0199 - reader cost: 1.0563e-04
326/348 [===========================>..] - ETA: 0s - batch_cost: 0.0200 - reader cost: 1.0465e-04
329/348 [===========================>..] - ETA: 0s - batch_cost: 0.0200 - reader cost: 1.0370e-04
332/348 [===========================>..] - ETA: 0s - batch_cost: 0.0200 - reader cost: 1.0276e-04
335/348 [===========================>..] - ETA: 0s - batch_cost: 0.0200 - reader cost: 1.0483e-04
338/348 [============================>.] - ETA: 0s - batch_cost: 0.0201 - reader cost: 1.0390e-04
341/348 [============================>.] - ETA: 0s - batch_cost: 0.0201 - reader cost: 1.0298e-04
343/348 [============================>.] - ETA: 0s - batch_cost: 0.0201 - reader cost: 1.0238e-04
346/348 [============================>.] - ETA: 0s - batch_cost: 0.0201 - reader cost: 1.0149e-04
348/348 [==============================] - 7s 20ms/step - batch_cost: 0.0201 - reader cost: 1.0091e-04

  1/348 [..............................] - ETA: 10s - batch_cost: 0.0296 - reader cost: 0.0089
  4/348 [..............................] - ETA: 8s - batch_cost: 0.0234 - reader cost: 0.0022 
  7/348 [..............................] - ETA: 7s - batch_cost: 0.0223 - reader cost: 0.0013
 11/348 [..............................] - ETA: 6s - batch_cost: 0.0198 - reader cost: 9.4583e-04
 15/348 [>.............................] - ETA: 6s - batch_cost: 0.0188 - reader cost: 6.9361e-04
 19/348 [>.............................] - ETA: 6s - batch_cost: 0.0182 - reader cost: 5.4758e-04
 22/348 [>.............................] - ETA: 6s - batch_cost: 0.0183 - reader cost: 4.7291e-04
 25/348 [=>............................] - ETA: 6s - batch_cost: 0.0185 - reader cost: 4.1616e-04
 28/348 [=>............................] - ETA: 5s - batch_cost: 0.0185 - reader cost: 3.7158e-04
 31/348 [=>............................] - ETA: 5s - batch_cost: 0.0183 - reader cost: 3.3562e-04
 34/348 [=>............................] - ETA: 5s - batch_cost: 0.0182 - reader cost: 3.0600e-04
 37/348 [==>...........................] - ETA: 5s - batch_cost: 0.0183 - reader cost: 2.8119e-04
 40/348 [==>...........................] - ETA: 5s - batch_cost: 0.0182 - reader cost: 2.6010e-04
 43/348 [==>...........................] - ETA: 5s - batch_cost: 0.0181 - reader cost: 2.4196e-04
 46/348 [==>...........................] - ETA: 5s - batch_cost: 0.0181 - reader cost: 2.2618e-04
 49/348 [===>..........................] - ETA: 5s - batch_cost: 0.0181 - reader cost: 2.1233e-04
 52/348 [===>..........................] - ETA: 5s - batch_cost: 0.0183 - reader cost: 2.0008e-04
 55/348 [===>..........................] - ETA: 5s - batch_cost: 0.0184 - reader cost: 1.8917e-04
 58/348 [====>.........................] - ETA: 5s - batch_cost: 0.0187 - reader cost: 1.7938e-04
 61/348 [====>.........................] - ETA: 5s - batch_cost: 0.0188 - reader cost: 1.7056e-04
 64/348 [====>.........................] - ETA: 5s - batch_cost: 0.0189 - reader cost: 1.6256e-04
 68/348 [====>.........................] - ETA: 5s - batch_cost: 0.0188 - reader cost: 1.5300e-04
 71/348 [=====>........................] - ETA: 5s - batch_cost: 0.0187 - reader cost: 1.6067e-04
 74/348 [=====>........................] - ETA: 5s - batch_cost: 0.0187 - reader cost: 1.5416e-04
 77/348 [=====>........................] - ETA: 5s - batch_cost: 0.0188 - reader cost: 1.4815e-04
 80/348 [=====>........................] - ETA: 5s - batch_cost: 0.0187 - reader cost: 1.4260e-04
 83/348 [======>.......................] - ETA: 4s - batch_cost: 0.0187 - reader cost: 1.3744e-04
 86/348 [======>.......................] - ETA: 4s - batch_cost: 0.0188 - reader cost: 1.3265e-04
 89/348 [======>.......................] - ETA: 4s - batch_cost: 0.0189 - reader cost: 1.2818e-04
 92/348 [======>.......................] - ETA: 4s - batch_cost: 0.0189 - reader cost: 1.2400e-04
 95/348 [=======>......................] - ETA: 4s - batch_cost: 0.0189 - reader cost: 1.2008e-04
 98/348 [=======>......................] - ETA: 4s - batch_cost: 0.0190 - reader cost: 1.1640e-04
101/348 [=======>......................] - ETA: 4s - batch_cost: 0.0191 - reader cost: 1.1295e-04
104/348 [=======>......................] - ETA: 4s - batch_cost: 0.0192 - reader cost: 1.0969e-04
107/348 [========>.....................] - ETA: 4s - batch_cost: 0.0193 - reader cost: 1.0661e-04
110/348 [========>.....................] - ETA: 4s - batch_cost: 0.0193 - reader cost: 1.0371e-04
113/348 [========>.....................] - ETA: 4s - batch_cost: 0.0193 - reader cost: 1.0095e-04
116/348 [=========>....................] - ETA: 4s - batch_cost: 0.0194 - reader cost: 1.0696e-04
119/348 [=========>....................] - ETA: 4s - batch_cost: 0.0195 - reader cost: 1.0427e-04
122/348 [=========>....................] - ETA: 4s - batch_cost: 0.0196 - reader cost: 1.0170e-04
125/348 [=========>....................] - ETA: 4s - batch_cost: 0.0197 - reader cost: 9.9262e-05
128/348 [==========>...................] - ETA: 4s - batch_cost: 0.0198 - reader cost: 9.6936e-05
131/348 [==========>...................] - ETA: 4s - batch_cost: 0.0198 - reader cost: 9.4716e-05
134/348 [==========>...................] - ETA: 4s - batch_cost: 0.0199 - reader cost: 9.2595e-05
137/348 [==========>...................] - ETA: 4s - batch_cost: 0.0199 - reader cost: 9.7854e-05
140/348 [===========>..................] - ETA: 4s - batch_cost: 0.0200 - reader cost: 9.5757e-05
143/348 [===========>..................] - ETA: 4s - batch_cost: 0.0200 - reader cost: 9.3749e-05
145/348 [===========>..................] - ETA: 4s - batch_cost: 0.0201 - reader cost: 9.9460e-05
148/348 [===========>..................] - ETA: 4s - batch_cost: 0.0202 - reader cost: 9.7444e-05
151/348 [============>.................] - ETA: 4s - batch_cost: 0.0203 - reader cost: 9.5508e-05
153/348 [============>.................] - ETA: 3s - batch_cost: 0.0204 - reader cost: 9.4259e-05
156/348 [============>.................] - ETA: 3s - batch_cost: 0.0203 - reader cost: 9.2447e-05
159/348 [============>.................] - ETA: 3s - batch_cost: 0.0203 - reader cost: 9.0703e-05
162/348 [============>.................] - ETA: 3s - batch_cost: 0.0204 - reader cost: 8.9023e-05
165/348 [=============>................] - ETA: 3s - batch_cost: 0.0204 - reader cost: 9.3473e-05
168/348 [=============>................] - ETA: 3s - batch_cost: 0.0204 - reader cost: 9.1804e-05
171/348 [=============>................] - ETA: 3s - batch_cost: 0.0204 - reader cost: 9.6091e-05
175/348 [==============>...............] - ETA: 3s - batch_cost: 0.0203 - reader cost: 9.3895e-05
178/348 [==============>...............] - ETA: 3s - batch_cost: 0.0203 - reader cost: 1.0356e-04
180/348 [==============>...............] - ETA: 3s - batch_cost: 0.0203 - reader cost: 1.0241e-04
183/348 [==============>...............] - ETA: 3s - batch_cost: 0.0204 - reader cost: 1.0073e-04
186/348 [===============>..............] - ETA: 3s - batch_cost: 0.0204 - reader cost: 9.9104e-05
189/348 [===============>..............] - ETA: 3s - batch_cost: 0.0205 - reader cost: 9.7531e-05
192/348 [===============>..............] - ETA: 3s - batch_cost: 0.0205 - reader cost: 9.6007e-05
195/348 [===============>..............] - ETA: 3s - batch_cost: 0.0206 - reader cost: 9.9660e-05
197/348 [===============>..............] - ETA: 3s - batch_cost: 0.0206 - reader cost: 9.8648e-05
200/348 [================>.............] - ETA: 3s - batch_cost: 0.0207 - reader cost: 9.7169e-05
203/348 [================>.............] - ETA: 3s - batch_cost: 0.0206 - reader cost: 9.5733e-05
206/348 [================>.............] - ETA: 2s - batch_cost: 0.0206 - reader cost: 9.4339e-05
209/348 [=================>............] - ETA: 2s - batch_cost: 0.0206 - reader cost: 9.2984e-05
212/348 [=================>............] - ETA: 2s - batch_cost: 0.0206 - reader cost: 9.1669e-05
215/348 [=================>............] - ETA: 2s - batch_cost: 0.0206 - reader cost: 9.0389e-05
218/348 [=================>............] - ETA: 2s - batch_cost: 0.0206 - reader cost: 8.9146e-05
221/348 [==================>...........] - ETA: 2s - batch_cost: 0.0206 - reader cost: 8.7935e-05
225/348 [==================>...........] - ETA: 2s - batch_cost: 0.0206 - reader cost: 8.6372e-05
228/348 [==================>...........] - ETA: 2s - batch_cost: 0.0205 - reader cost: 8.5236e-05
231/348 [==================>...........] - ETA: 2s - batch_cost: 0.0205 - reader cost: 8.4129e-05
234/348 [===================>..........] - ETA: 2s - batch_cost: 0.0205 - reader cost: 8.3050e-05
237/348 [===================>..........] - ETA: 2s - batch_cost: 0.0205 - reader cost: 8.9212e-05
240/348 [===================>..........] - ETA: 2s - batch_cost: 0.0205 - reader cost: 8.8097e-05
243/348 [===================>..........] - ETA: 2s - batch_cost: 0.0205 - reader cost: 8.7009e-05
246/348 [====================>.........] - ETA: 2s - batch_cost: 0.0204 - reader cost: 8.5948e-05
249/348 [====================>.........] - ETA: 2s - batch_cost: 0.0204 - reader cost: 8.4912e-05
252/348 [====================>.........] - ETA: 1s - batch_cost: 0.0204 - reader cost: 8.3902e-05
254/348 [====================>.........] - ETA: 1s - batch_cost: 0.0204 - reader cost: 8.3241e-05
257/348 [=====================>........] - ETA: 1s - batch_cost: 0.0205 - reader cost: 8.2269e-05
260/348 [=====================>........] - ETA: 1s - batch_cost: 0.0204 - reader cost: 8.1320e-05
263/348 [=====================>........] - ETA: 1s - batch_cost: 0.0204 - reader cost: 8.0392e-05
266/348 [=====================>........] - ETA: 1s - batch_cost: 0.0204 - reader cost: 7.9486e-05
269/348 [======================>.......] - ETA: 1s - batch_cost: 0.0204 - reader cost: 7.8599e-05
272/348 [======================>.......] - ETA: 1s - batch_cost: 0.0204 - reader cost: 7.7732e-05
275/348 [======================>.......] - ETA: 1s - batch_cost: 0.0204 - reader cost: 7.6884e-05
278/348 [======================>.......] - ETA: 1s - batch_cost: 0.0205 - reader cost: 7.6055e-05
281/348 [=======================>......] - ETA: 1s - batch_cost: 0.0205 - reader cost: 7.8838e-05
284/348 [=======================>......] - ETA: 1s - batch_cost: 0.0204 - reader cost: 7.8005e-05
287/348 [=======================>......] - ETA: 1s - batch_cost: 0.0205 - reader cost: 7.7189e-05
290/348 [========================>.....] - ETA: 1s - batch_cost: 0.0205 - reader cost: 7.6391e-05
292/348 [========================>.....] - ETA: 1s - batch_cost: 0.0205 - reader cost: 7.5868e-05
295/348 [========================>.....] - ETA: 1s - batch_cost: 0.0205 - reader cost: 7.5096e-05
298/348 [========================>.....] - ETA: 1s - batch_cost: 0.0206 - reader cost: 7.7721e-05
301/348 [========================>.....] - ETA: 0s - batch_cost: 0.0206 - reader cost: 7.6947e-05
304/348 [=========================>....] - ETA: 0s - batch_cost: 0.0206 - reader cost: 7.6187e-05
306/348 [=========================>....] - ETA: 0s - batch_cost: 0.0206 - reader cost: 7.5689e-05
309/348 [=========================>....] - ETA: 0s - batch_cost: 0.0207 - reader cost: 7.4954e-05
311/348 [=========================>....] - ETA: 0s - batch_cost: 0.0207 - reader cost: 7.4472e-05
314/348 [==========================>...] - ETA: 0s - batch_cost: 0.0208 - reader cost: 7.3761e-05
317/348 [==========================>...] - ETA: 0s - batch_cost: 0.0208 - reader cost: 7.6250e-05
320/348 [==========================>...] - ETA: 0s - batch_cost: 0.0208 - reader cost: 7.5535e-05
323/348 [==========================>...] - ETA: 0s - batch_cost: 0.0208 - reader cost: 7.4833e-05
326/348 [===========================>..] - ETA: 0s - batch_cost: 0.0209 - reader cost: 7.8789e-05
329/348 [===========================>..] - ETA: 0s - batch_cost: 0.0208 - reader cost: 7.8070e-05
332/348 [===========================>..] - ETA: 0s - batch_cost: 0.0208 - reader cost: 7.7365e-05
336/348 [===========================>..] - ETA: 0s - batch_cost: 0.0208 - reader cost: 7.6444e-05
339/348 [============================>.] - ETA: 0s - batch_cost: 0.0208 - reader cost: 7.5767e-05
342/348 [============================>.] - ETA: 0s - batch_cost: 0.0208 - reader cost: 7.5103e-05
345/348 [============================>.] - ETA: 0s - batch_cost: 0.0207 - reader cost: 7.8366e-05
348/348 [==============================] - 7s 21ms/step - batch_cost: 0.0207 - reader cost: 7.7690e-05
