[2026/09/30 02:52:06] INFO: 
------------Environment Information-------------
platform: Windows-11-10.0.26200-SP0
Python: 3.12.10 (tags/v3.12.10:0cc8128, Apr  8 2025, 12:21:36) [MSC v.1943 64 bit (AMD64)]
Paddle compiled with cuda: True
NVCC: Build cuda_13.4.r13.4/compiler.38657139_0
cudnn: 90.9
GPUs used: 1
CUDA_VISIBLE_DEVICES: None
GPU: ['GPU 0: NVIDIA GeForce']
PaddleSeg: 0.0.0.dev0
PaddlePaddle: 3.4.0
OpenCV: 4.11.0
------------------------------------------------
[2026/09/30 02:52:06] INFO: 
---------------Config Information---------------
batch_size: 4
iters: 18000
train_dataset:
  dataset_root: C:/Users/user/algolab_data
  edge: true
  mode: train
  num_classes: 2
  train_path: C:/Users/user/algolab_data/train.txt
  transforms:
  - max_scale_factor: 2.0
    min_scale_factor: 0.5
    scale_step_size: 0.25
    type: ResizeStepScaling
  - crop_size:
    - 400
    - 400
    type: RandomPaddingCrop
  - type: RandomHorizontalFlip
  - brightness_range: 0.5
    contrast_range: 0.5
    saturation_range: 0.5
    type: RandomDistort
  - type: Normalize
  type: Dataset
val_dataset:
  dataset_root: C:/Users/user/algolab_data
  mode: val
  num_classes: 2
  transforms:
  - type: Normalize
  type: Dataset
  val_path: C:/Users/user/algolab_data/val.txt
optimizer:
  beta1: 0.9
  beta2: 0.999
  type: AdamW
  weight_decay: 0.01
lr_scheduler:
  end_lr: 0.0
  learning_rate: 6.0e-05
  power: 1
  type: PolynomialDecay
loss:
  coef:
  - 1
  - 1
  - 1
  - 1
  - 1
  - 1.0
  types:
  - coef:
    - 0.8
    - 0.2
    losses:
    - min_kept: 65000
      type: OhemCrossEntropyLoss
    - type: DiceLoss
    type: MixedLoss
  - coef:
    - 0.8
    - 0.2
    losses:
    - min_kept: 65000
      type: OhemCrossEntropyLoss
    - type: DiceLoss
    type: MixedLoss
  - coef:
    - 0.8
    - 0.2
    losses:
    - min_kept: 65000
      type: OhemCrossEntropyLoss
    - type: DiceLoss
    type: MixedLoss
  - coef:
    - 0.8
    - 0.2
    losses:
    - min_kept: 65000
      type: OhemCrossEntropyLoss
    - type: DiceLoss
    type: MixedLoss
  - coef:
    - 0.8
    - 0.2
    losses:
    - min_kept: 65000
      type: OhemCrossEntropyLoss
    - type: DiceLoss
    type: MixedLoss
  - edge_label: true
    type: BCELoss
    weight: dynamic
model:
  context_type: none
  num_classes: 2
  shape_stream: true
  type: BiSeNetV2
------------------------------------------------

[2026/09/30 02:52:06] INFO: Set device: gpu
[2026/09/30 02:52:06] INFO: Use the following config to build model
model:
  context_type: none
  num_classes: 2
  shape_stream: true
  type: BiSeNetV2
[2026/09/30 02:52:07] INFO: Use the following config to build train_dataset
train_dataset:
  dataset_root: C:/Users/user/algolab_data
  edge: true
  mode: train
  num_classes: 2
  train_path: C:/Users/user/algolab_data/train.txt
  transforms:
  - max_scale_factor: 2.0
    min_scale_factor: 0.5
    scale_step_size: 0.25
    type: ResizeStepScaling
  - crop_size:
    - 400
    - 400
    type: RandomPaddingCrop
  - type: RandomHorizontalFlip
  - brightness_range: 0.5
    contrast_range: 0.5
    saturation_range: 0.5
    type: RandomDistort
  - type: Normalize
  type: Dataset
[2026/09/30 02:52:07] INFO: Use the following config to build val_dataset
val_dataset:
  dataset_root: C:/Users/user/algolab_data
  mode: val
  num_classes: 2
  transforms:
  - type: Normalize
  type: Dataset
  val_path: C:/Users/user/algolab_data/val.txt
[2026/09/30 02:52:07] INFO: Use the following config to build optimizer
optimizer:
  beta1: 0.9
  beta2: 0.999
  type: AdamW
  weight_decay: 0.01
[2026/09/30 02:52:07] INFO: Use the following config to build loss
loss:
  coef:
  - 1
  - 1
  - 1
  - 1
  - 1
  - 1.0
  types:
  - coef:
    - 0.8
    - 0.2
    losses:
    - min_kept: 65000
      type: OhemCrossEntropyLoss
    - type: DiceLoss
    type: MixedLoss
  - coef:
    - 0.8
    - 0.2
    losses:
    - min_kept: 65000
      type: OhemCrossEntropyLoss
    - type: DiceLoss
    type: MixedLoss
  - coef:
    - 0.8
    - 0.2
    losses:
    - min_kept: 65000
      type: OhemCrossEntropyLoss
    - type: DiceLoss
    type: MixedLoss
  - coef:
    - 0.8
    - 0.2
    losses:
    - min_kept: 65000
      type: OhemCrossEntropyLoss
    - type: DiceLoss
    type: MixedLoss
  - coef:
    - 0.8
    - 0.2
    losses:
    - min_kept: 65000
      type: OhemCrossEntropyLoss
    - type: DiceLoss
    type: MixedLoss
  - edge_label: true
    type: BCELoss
    weight: dynamic
[2026/09/30 02:52:26] INFO: [TRAIN] epoch: 1, iter: 100/18000, loss: 3.5541, lr: 0.000060, batch_cost: 0.1579, reader_cost: 0.04750, ips: 25.3304 samples/sec, max_mem_reserved: 1049 MB, max_mem_allocated: 819 MB | ETA 00:47:06
[2026/09/30 02:52:46] INFO: [TRAIN] epoch: 1, iter: 200/18000, loss: 3.2031, lr: 0.000059, batch_cost: 0.1576, reader_cost: 0.05404, ips: 25.3842 samples/sec, max_mem_reserved: 1049 MB, max_mem_allocated: 819 MB | ETA 00:46:44
[2026/09/30 02:53:08] INFO: [TRAIN] epoch: 1, iter: 300/18000, loss: 3.2205, lr: 0.000059, batch_cost: 0.1713, reader_cost: 0.06326, ips: 23.3532 samples/sec, max_mem_reserved: 1049 MB, max_mem_allocated: 819 MB | ETA 00:50:31
[2026/09/30 02:53:31] INFO: [TRAIN] epoch: 1, iter: 400/18000, loss: 3.2982, lr: 0.000059, batch_cost: 0.1851, reader_cost: 0.06788, ips: 21.6061 samples/sec, max_mem_reserved: 1049 MB, max_mem_allocated: 819 MB | ETA 00:54:18
[2026/09/30 02:53:51] INFO: [TRAIN] epoch: 2, iter: 500/18000, loss: 3.2165, lr: 0.000058, batch_cost: 0.1614, reader_cost: 0.05751, ips: 24.7813 samples/sec, max_mem_reserved: 1049 MB, max_mem_allocated: 819 MB | ETA 00:47:04
[2026/09/30 02:54:11] INFO: [TRAIN] epoch: 2, iter: 600/18000, loss: 3.2586, lr: 0.000058, batch_cost: 0.1570, reader_cost: 0.05069, ips: 25.4794 samples/sec, max_mem_reserved: 1049 MB, max_mem_allocated: 819 MB | ETA 00:45:31
[2026/09/30 02:54:31] INFO: [TRAIN] epoch: 2, iter: 700/18000, loss: 3.2573, lr: 0.000058, batch_cost: 0.1576, reader_cost: 0.05146, ips: 25.3822 samples/sec, max_mem_reserved: 1049 MB, max_mem_allocated: 819 MB | ETA 00:45:26
[2026/09/30 02:54:51] INFO: [TRAIN] epoch: 2, iter: 800/18000, loss: 3.2235, lr: 0.000057, batch_cost: 0.1551, reader_cost: 0.05012, ips: 25.7976 samples/sec, max_mem_reserved: 1049 MB, max_mem_allocated: 819 MB | ETA 00:44:26
[2026/09/30 02:55:11] INFO: [TRAIN] epoch: 2, iter: 900/18000, loss: 3.3238, lr: 0.000057, batch_cost: 0.1551, reader_cost: 0.05003, ips: 25.7888 samples/sec, max_mem_reserved: 1049 MB, max_mem_allocated: 819 MB | ETA 00:44:12
[2026/09/30 02:55:31] INFO: [TRAIN] epoch: 3, iter: 1000/18000, loss: 3.2954, lr: 0.000057, batch_cost: 0.1599, reader_cost: 0.05189, ips: 25.0223 samples/sec, max_mem_reserved: 1049 MB, max_mem_allocated: 819 MB | ETA 00:45:17
[2026/09/30 02:55:31] INFO: Start evaluating (total_samples: 348, total_iters: 348)...
[2026/09/30 02:55:38] INFO: [EVAL] #Images: 348 mIoU: 0.7149 Acc: 0.9658 Kappa: 0.6177 Dice: 0.8085
[2026/09/30 02:55:38] INFO: [EVAL] Class IoU: 
[0.9647 0.4651]
[2026/09/30 02:55:38] INFO: [EVAL] Class Precision: 
[0.9723 0.7978]
[2026/09/30 02:55:38] INFO: [EVAL] Class Recall: 
[0.992  0.5273]
[2026/09/30 02:55:38] INFO: Start evaluating (total_samples: 348, total_iters: 348)...
[2026/09/30 02:55:45] INFO: [EVAL] #Images: 348 mIoU: 0.6298 Acc: 0.9574 Kappa: 0.4469 Dice: 0.7215
[2026/09/30 02:55:45] INFO: [EVAL] Class IoU: 
[0.9566 0.303 ]
[2026/09/30 02:55:45] INFO: [EVAL] Class Precision: 
[0.9612 0.7989]
[2026/09/30 02:55:45] INFO: [EVAL] Class Recall: 
[0.9951 0.328 ]
[2026/09/30 02:55:45] INFO: [EVAL] The model with the best validation mIoU (0.7149) was saved at iter 1000.
[2026/09/30 02:55:45] INFO: [EVAL] The EMA model with the best validation mIoU (0.6298) was saved at iter 1000.
[2026/09/30 02:56:04] INFO: [TRAIN] epoch: 3, iter: 1100/18000, loss: 3.2798, lr: 0.000056, batch_cost: 0.1469, reader_cost: 0.04061, ips: 27.2234 samples/sec, max_mem_reserved: 1049 MB, max_mem_allocated: 819 MB | ETA 00:41:23
[2026/09/30 02:56:23] INFO: [TRAIN] epoch: 3, iter: 1200/18000, loss: 3.3410, lr: 0.000056, batch_cost: 0.1497, reader_cost: 0.04539, ips: 26.7172 samples/sec, max_mem_reserved: 1049 MB, max_mem_allocated: 819 MB | ETA 00:41:55
[2026/09/30 02:56:43] INFO: [TRAIN] epoch: 3, iter: 1300/18000, loss: 3.2991, lr: 0.000056, batch_cost: 0.1529, reader_cost: 0.04625, ips: 26.1662 samples/sec, max_mem_reserved: 1049 MB, max_mem_allocated: 819 MB | ETA 00:42:32
[2026/09/30 02:57:03] INFO: [TRAIN] epoch: 3, iter: 1400/18000, loss: 3.3903, lr: 0.000055, batch_cost: 0.1587, reader_cost: 0.05162, ips: 25.1991 samples/sec, max_mem_reserved: 1049 MB, max_mem_allocated: 819 MB | ETA 00:43:55
[2026/09/30 02:57:23] INFO: [TRAIN] epoch: 4, iter: 1500/18000, loss: 3.3204, lr: 0.000055, batch_cost: 0.1568, reader_cost: 0.05387, ips: 25.5041 samples/sec, max_mem_reserved: 1049 MB, max_mem_allocated: 819 MB | ETA 00:43:07
[2026/09/30 02:57:43] INFO: [TRAIN] epoch: 4, iter: 1600/18000, loss: 3.3316, lr: 0.000055, batch_cost: 0.1548, reader_cost: 0.04924, ips: 25.8355 samples/sec, max_mem_reserved: 1049 MB, max_mem_allocated: 819 MB | ETA 00:42:19
[2026/09/30 02:58:03] INFO: [TRAIN] epoch: 4, iter: 1700/18000, loss: 3.2689, lr: 0.000054, batch_cost: 0.1536, reader_cost: 0.05220, ips: 26.0469 samples/sec, max_mem_reserved: 1049 MB, max_mem_allocated: 819 MB | ETA 00:41:43
[2026/09/30 02:58:22] INFO: [TRAIN] epoch: 4, iter: 1800/18000, loss: 3.2868, lr: 0.000054, batch_cost: 0.1544, reader_cost: 0.05373, ips: 25.9063 samples/sec, max_mem_reserved: 1049 MB, max_mem_allocated: 819 MB | ETA 00:41:41
[2026/09/30 02:58:42] INFO: [TRAIN] epoch: 5, iter: 1900/18000, loss: 3.3604, lr: 0.000054, batch_cost: 0.1568, reader_cost: 0.05119, ips: 25.5044 samples/sec, max_mem_reserved: 1049 MB, max_mem_allocated: 819 MB | ETA 00:42:05
[2026/09/30 02:59:02] INFO: [TRAIN] epoch: 5, iter: 2000/18000, loss: 3.3433, lr: 0.000053, batch_cost: 0.1590, reader_cost: 0.05436, ips: 25.1640 samples/sec, max_mem_reserved: 1049 MB, max_mem_allocated: 819 MB | ETA 00:42:23
[2026/09/30 02:59:02] INFO: Start evaluating (total_samples: 348, total_iters: 348)...
[2026/09/30 02:59:08] INFO: [EVAL] #Images: 348 mIoU: 0.7517 Acc: 0.9694 Kappa: 0.6813 Dice: 0.8405
[2026/09/30 02:59:09] INFO: [EVAL] Class IoU: 
[0.9683 0.5351]
[2026/09/30 02:59:09] INFO: [EVAL] Class Precision: 
[0.9777 0.7909]
[2026/09/30 02:59:09] INFO: [EVAL] Class Recall: 
[0.9901 0.6233]
[2026/09/30 02:59:09] INFO: Start evaluating (total_samples: 348, total_iters: 348)...
[2026/09/30 02:59:15] INFO: [EVAL] #Images: 348 mIoU: 0.6712 Acc: 0.9625 Kappa: 0.5345 Dice: 0.7660
[2026/09/30 02:59:15] INFO: [EVAL] Class IoU: 
[0.9617 0.3808]
[2026/09/30 02:59:15] INFO: [EVAL] Class Precision: 
[0.9656 0.8509]
[2026/09/30 02:59:15] INFO: [EVAL] Class Recall: 
[0.9957 0.408 ]
[2026/09/30 02:59:15] INFO: [EVAL] The model with the best validation mIoU (0.7517) was saved at iter 2000.
[2026/09/30 02:59:15] INFO: [EVAL] The EMA model with the best validation mIoU (0.6712) was saved at iter 2000.
[2026/09/30 02:59:34] INFO: [TRAIN] epoch: 5, iter: 2100/18000, loss: 3.3012, lr: 0.000053, batch_cost: 0.1528, reader_cost: 0.04775, ips: 26.1775 samples/sec, max_mem_reserved: 1049 MB, max_mem_allocated: 819 MB | ETA 00:40:29
[2026/09/30 02:59:54] INFO: [TRAIN] epoch: 5, iter: 2200/18000, loss: 3.2871, lr: 0.000053, batch_cost: 0.1578, reader_cost: 0.05660, ips: 25.3561 samples/sec, max_mem_reserved: 1049 MB, max_mem_allocated: 819 MB | ETA 00:41:32
[2026/09/30 03:00:14] INFO: [TRAIN] epoch: 5, iter: 2300/18000, loss: 3.2941, lr: 0.000052, batch_cost: 0.1579, reader_cost: 0.05445, ips: 25.3373 samples/sec, max_mem_reserved: 1049 MB, max_mem_allocated: 819 MB | ETA 00:41:18
[2026/09/30 03:00:35] INFO: [TRAIN] epoch: 6, iter: 2400/18000, loss: 3.2849, lr: 0.000052, batch_cost: 0.1588, reader_cost: 0.05539, ips: 25.1815 samples/sec, max_mem_reserved: 1049 MB, max_mem_allocated: 819 MB | ETA 00:41:18
[2026/09/30 03:00:55] INFO: [TRAIN] epoch: 6, iter: 2500/18000, loss: 3.2005, lr: 0.000052, batch_cost: 0.1585, reader_cost: 0.05150, ips: 25.2399 samples/sec, max_mem_reserved: 1049 MB, max_mem_allocated: 819 MB | ETA 00:40:56
[2026/09/30 03:01:15] INFO: [TRAIN] epoch: 6, iter: 2600/18000, loss: 3.4167, lr: 0.000051, batch_cost: 0.1577, reader_cost: 0.05245, ips: 25.3574 samples/sec, max_mem_reserved: 1049 MB, max_mem_allocated: 819 MB | ETA 00:40:29
[2026/09/30 03:01:35] INFO: [TRAIN] epoch: 6, iter: 2700/18000, loss: 3.2295, lr: 0.000051, batch_cost: 0.1616, reader_cost: 0.05344, ips: 24.7482 samples/sec, max_mem_reserved: 1049 MB, max_mem_allocated: 819 MB | ETA 00:41:12
[2026/09/30 03:01:56] INFO: [TRAIN] epoch: 6, iter: 2800/18000, loss: 3.2036, lr: 0.000051, batch_cost: 0.1597, reader_cost: 0.05229, ips: 25.0505 samples/sec, max_mem_reserved: 1049 MB, max_mem_allocated: 819 MB | ETA 00:40:27
[2026/09/30 03:02:15] INFO: [TRAIN] epoch: 7, iter: 2900/18000, loss: 3.2926, lr: 0.000050, batch_cost: 0.1546, reader_cost: 0.05194, ips: 25.8733 samples/sec, max_mem_reserved: 1049 MB, max_mem_allocated: 819 MB | ETA 00:38:54
[2026/09/30 03:02:35] INFO: [TRAIN] epoch: 7, iter: 3000/18000, loss: 3.1892, lr: 0.000050, batch_cost: 0.1575, reader_cost: 0.05225, ips: 25.3993 samples/sec, max_mem_reserved: 1049 MB, max_mem_allocated: 819 MB | ETA 00:39:22
[2026/09/30 03:02:36] INFO: Start evaluating (total_samples: 348, total_iters: 348)...
[2026/09/30 03:02:42] INFO: [EVAL] #Images: 348 mIoU: 0.7865 Acc: 0.9729 Kappa: 0.7367 Dice: 0.8683
[2026/09/30 03:02:42] INFO: [EVAL] Class IoU: 
[0.9718 0.6012]
[2026/09/30 03:02:42] INFO: [EVAL] Class Precision: 
[0.9835 0.782 ]
[2026/09/30 03:02:42] INFO: [EVAL] Class Recall: 
[0.988  0.7223]
[2026/09/30 03:02:42] INFO: Start evaluating (total_samples: 348, total_iters: 348)...
[2026/09/30 03:02:49] INFO: [EVAL] #Images: 348 mIoU: 0.7266 Acc: 0.9682 Kappa: 0.6384 Dice: 0.8188
[2026/09/30 03:02:49] INFO: [EVAL] Class IoU: 
[0.9672 0.4861]
[2026/09/30 03:02:49] INFO: [EVAL] Class Precision: 
[0.9727 0.8455]
[2026/09/30 03:02:49] INFO: [EVAL] Class Recall: 
[0.9942 0.5335]
[2026/09/30 03:02:49] INFO: [EVAL] The model with the best validation mIoU (0.7865) was saved at iter 3000.
[2026/09/30 03:02:49] INFO: [EVAL] The EMA model with the best validation mIoU (0.7266) was saved at iter 3000.
[2026/09/30 03:03:09] INFO: [TRAIN] epoch: 7, iter: 3100/18000, loss: 3.2483, lr: 0.000050, batch_cost: 0.1532, reader_cost: 0.04392, ips: 26.1158 samples/sec, max_mem_reserved: 1049 MB, max_mem_allocated: 819 MB | ETA 00:38:02
[2026/09/30 03:03:28] INFO: [TRAIN] epoch: 7, iter: 3200/18000, loss: 3.2277, lr: 0.000049, batch_cost: 0.1578, reader_cost: 0.05565, ips: 25.3416 samples/sec, max_mem_reserved: 1049 MB, max_mem_allocated: 819 MB | ETA 00:38:56
[2026/09/30 03:03:48] INFO: [TRAIN] epoch: 7, iter: 3300/18000, loss: 3.2441, lr: 0.000049, batch_cost: 0.1552, reader_cost: 0.05049, ips: 25.7804 samples/sec, max_mem_reserved: 1049 MB, max_mem_allocated: 819 MB | ETA 00:38:00
[2026/09/30 03:04:08] INFO: [TRAIN] epoch: 8, iter: 3400/18000, loss: 3.2149, lr: 0.000049, batch_cost: 0.1575, reader_cost: 0.05605, ips: 25.4029 samples/sec, max_mem_reserved: 1049 MB, max_mem_allocated: 819 MB | ETA 00:38:18
[2026/09/30 03:04:28] INFO: [TRAIN] epoch: 8, iter: 3500/18000, loss: 3.2554, lr: 0.000048, batch_cost: 0.1589, reader_cost: 0.05774, ips: 25.1760 samples/sec, max_mem_reserved: 1049 MB, max_mem_allocated: 819 MB | ETA 00:38:23
[2026/09/30 03:04:48] INFO: [TRAIN] epoch: 8, iter: 3600/18000, loss: 3.2367, lr: 0.000048, batch_cost: 0.1578, reader_cost: 0.05283, ips: 25.3432 samples/sec, max_mem_reserved: 1049 MB, max_mem_allocated: 819 MB | ETA 00:37:52
[2026/09/30 03:05:08] INFO: [TRAIN] epoch: 8, iter: 3700/18000, loss: 3.3250, lr: 0.000048, batch_cost: 0.1575, reader_cost: 0.05182, ips: 25.3949 samples/sec, max_mem_reserved: 1049 MB, max_mem_allocated: 819 MB | ETA 00:37:32
[2026/09/30 03:05:28] INFO: [TRAIN] epoch: 9, iter: 3800/18000, loss: 3.1610, lr: 0.000047, batch_cost: 0.1589, reader_cost: 0.05385, ips: 25.1796 samples/sec, max_mem_reserved: 1049 MB, max_mem_allocated: 819 MB | ETA 00:37:35
[2026/09/30 03:05:48] INFO: [TRAIN] epoch: 9, iter: 3900/18000, loss: 3.1677, lr: 0.000047, batch_cost: 0.1575, reader_cost: 0.05132, ips: 25.3915 samples/sec, max_mem_reserved: 1049 MB, max_mem_allocated: 819 MB | ETA 00:37:01
[2026/09/30 03:06:08] INFO: [TRAIN] epoch: 9, iter: 4000/18000, loss: 3.2115, lr: 0.000047, batch_cost: 0.1573, reader_cost: 0.05183, ips: 25.4305 samples/sec, max_mem_reserved: 1049 MB, max_mem_allocated: 819 MB | ETA 00:36:42
[2026/09/30 03:06:09] INFO: Start evaluating (total_samples: 348, total_iters: 348)...
[2026/09/30 03:06:15] INFO: [EVAL] #Images: 348 mIoU: 0.7798 Acc: 0.9734 Kappa: 0.7261 Dice: 0.8630
[2026/09/30 03:06:15] INFO: [EVAL] Class IoU: 
[0.9723 0.5872]
[2026/09/30 03:06:15] INFO: [EVAL] Class Precision: 
[0.9805 0.8246]
[2026/09/30 03:06:15] INFO: [EVAL] Class Recall: 
[0.9915 0.671 ]
[2026/09/30 03:06:15] INFO: Start evaluating (total_samples: 348, total_iters: 348)...
[2026/09/30 03:06:22] INFO: [EVAL] #Images: 348 mIoU: 0.7664 Acc: 0.9720 Kappa: 0.7049 Dice: 0.8523
[2026/09/30 03:06:22] INFO: [EVAL] Class IoU: 
[0.971  0.5617]
[2026/09/30 03:06:22] INFO: [EVAL] Class Precision: 
[0.9784 0.8304]
[2026/09/30 03:06:22] INFO: [EVAL] Class Recall: 
[0.9922 0.6345]
[2026/09/30 03:06:22] INFO: [EVAL] The model with the best validation mIoU (0.7865) was saved at iter 3000.
[2026/09/30 03:06:22] INFO: [EVAL] The EMA model with the best validation mIoU (0.7664) was saved at iter 4000.
[2026/09/30 03:06:41] INFO: [TRAIN] epoch: 9, iter: 4100/18000, loss: 3.1798, lr: 0.000046, batch_cost: 0.1498, reader_cost: 0.04357, ips: 26.7083 samples/sec, max_mem_reserved: 1049 MB, max_mem_allocated: 819 MB | ETA 00:34:41
[2026/09/30 03:07:01] INFO: [TRAIN] epoch: 9, iter: 4200/18000, loss: 3.2211, lr: 0.000046, batch_cost: 0.1594, reader_cost: 0.05221, ips: 25.0870 samples/sec, max_mem_reserved: 1049 MB, max_mem_allocated: 819 MB | ETA 00:36:40
[2026/09/30 03:07:22] INFO: [TRAIN] epoch: 10, iter: 4300/18000, loss: 3.2473, lr: 0.000046, batch_cost: 0.1592, reader_cost: 0.05404, ips: 25.1197 samples/sec, max_mem_reserved: 1049 MB, max_mem_allocated: 819 MB | ETA 00:36:21
[2026/09/30 03:07:42] INFO: [TRAIN] epoch: 10, iter: 4400/18000, loss: 3.1567, lr: 0.000045, batch_cost: 0.1565, reader_cost: 0.05068, ips: 25.5621 samples/sec, max_mem_reserved: 1049 MB, max_mem_allocated: 819 MB | ETA 00:35:28
[2026/09/30 03:08:02] INFO: [TRAIN] epoch: 10, iter: 4500/18000, loss: 3.2749, lr: 0.000045, batch_cost: 0.1560, reader_cost: 0.05048, ips: 25.6336 samples/sec, max_mem_reserved: 1049 MB, max_mem_allocated: 819 MB | ETA 00:35:06
[2026/09/30 03:08:21] INFO: [TRAIN] epoch: 10, iter: 4600/18000, loss: 3.1852, lr: 0.000045, batch_cost: 0.1569, reader_cost: 0.05216, ips: 25.5020 samples/sec, max_mem_reserved: 1049 MB, max_mem_allocated: 819 MB | ETA 00:35:01
[2026/09/30 03:08:42] INFO: [TRAIN] epoch: 10, iter: 4700/18000, loss: 3.1642, lr: 0.000044, batch_cost: 0.1602, reader_cost: 0.05222, ips: 24.9723 samples/sec, max_mem_reserved: 1049 MB, max_mem_allocated: 819 MB | ETA 00:35:30
[2026/09/30 03:09:02] INFO: [TRAIN] epoch: 11, iter: 4800/18000, loss: 3.2417, lr: 0.000044, batch_cost: 0.1568, reader_cost: 0.05392, ips: 25.5072 samples/sec, max_mem_reserved: 1049 MB, max_mem_allocated: 819 MB | ETA 00:34:30
[2026/09/30 03:09:21] INFO: [TRAIN] epoch: 11, iter: 4900/18000, loss: 3.1363, lr: 0.000044, batch_cost: 0.1550, reader_cost: 0.05372, ips: 25.8114 samples/sec, max_mem_reserved: 1049 MB, max_mem_allocated: 819 MB | ETA 00:33:50
[2026/09/30 03:09:41] INFO: [TRAIN] epoch: 11, iter: 5000/18000, loss: 3.1251, lr: 0.000043, batch_cost: 0.1537, reader_cost: 0.04881, ips: 26.0200 samples/sec, max_mem_reserved: 1049 MB, max_mem_allocated: 819 MB | ETA 00:33:18
[2026/09/30 03:09:41] INFO: Start evaluating (total_samples: 348, total_iters: 348)...
[2026/09/30 03:09:48] INFO: [EVAL] #Images: 348 mIoU: 0.7979 Acc: 0.9735 Kappa: 0.7541 Dice: 0.8770
[2026/09/30 03:09:48] INFO: [EVAL] Class IoU: 
[0.9723 0.6235]
[2026/09/30 03:09:48] INFO: [EVAL] Class Precision: 
[0.9866 0.7606]
[2026/09/30 03:09:48] INFO: [EVAL] Class Recall: 
[0.9854 0.7757]
[2026/09/30 03:09:48] INFO: Start evaluating (total_samples: 348, total_iters: 348)...
[2026/09/30 03:09:55] INFO: [EVAL] #Images: 348 mIoU: 0.7873 Acc: 0.9739 Kappa: 0.7377 Dice: 0.8688
[2026/09/30 03:09:55] INFO: [EVAL] Class IoU: 
[0.9729 0.6017]
[2026/09/30 03:09:55] INFO: [EVAL] Class Precision: 
[0.982  0.8148]
[2026/09/30 03:09:55] INFO: [EVAL] Class Recall: 
[0.9905 0.697 ]
[2026/09/30 03:09:55] INFO: [EVAL] The model with the best validation mIoU (0.7979) was saved at iter 5000.
[2026/09/30 03:09:55] INFO: [EVAL] The EMA model with the best validation mIoU (0.7873) was saved at iter 5000.
[2026/09/30 03:10:14] INFO: [TRAIN] epoch: 11, iter: 5100/18000, loss: 3.1427, lr: 0.000043, batch_cost: 0.1478, reader_cost: 0.04531, ips: 27.0685 samples/sec, max_mem_reserved: 1049 MB, max_mem_allocated: 819 MB | ETA 00:31:46
[2026/09/30 03:10:34] INFO: [TRAIN] epoch: 11, iter: 5200/18000, loss: 3.1951, lr: 0.000043, batch_cost: 0.1556, reader_cost: 0.05393, ips: 25.7112 samples/sec, max_mem_reserved: 1049 MB, max_mem_allocated: 819 MB | ETA 00:33:11
[2026/09/30 03:10:54] INFO: [TRAIN] epoch: 12, iter: 5300/18000, loss: 3.2225, lr: 0.000042, batch_cost: 0.1609, reader_cost: 0.05413, ips: 24.8584 samples/sec, max_mem_reserved: 1049 MB, max_mem_allocated: 819 MB | ETA 00:34:03
[2026/09/30 03:11:14] INFO: [TRAIN] epoch: 12, iter: 5400/18000, loss: 3.0893, lr: 0.000042, batch_cost: 0.1566, reader_cost: 0.04995, ips: 25.5477 samples/sec, max_mem_reserved: 1049 MB, max_mem_allocated: 819 MB | ETA 00:32:52
[2026/09/30 03:11:34] INFO: [TRAIN] epoch: 12, iter: 5500/18000, loss: 3.1880, lr: 0.000042, batch_cost: 0.1603, reader_cost: 0.05119, ips: 24.9500 samples/sec, max_mem_reserved: 1049 MB, max_mem_allocated: 819 MB | ETA 00:33:24
[2026/09/30 03:11:54] INFO: [TRAIN] epoch: 12, iter: 5600/18000, loss: 3.0900, lr: 0.000041, batch_cost: 0.1581, reader_cost: 0.05010, ips: 25.3021 samples/sec, max_mem_reserved: 1049 MB, max_mem_allocated: 819 MB | ETA 00:32:40
[2026/09/30 03:12:14] INFO: [TRAIN] epoch: 13, iter: 5700/18000, loss: 3.1425, lr: 0.000041, batch_cost: 0.1590, reader_cost: 0.05077, ips: 25.1596 samples/sec, max_mem_reserved: 1049 MB, max_mem_allocated: 819 MB | ETA 00:32:35
[2026/09/30 03:12:35] INFO: [TRAIN] epoch: 13, iter: 5800/18000, loss: 3.1902, lr: 0.000041, batch_cost: 0.1616, reader_cost: 0.05654, ips: 24.7485 samples/sec, max_mem_reserved: 1049 MB, max_mem_allocated: 819 MB | ETA 00:32:51
[2026/09/30 03:12:55] INFO: [TRAIN] epoch: 13, iter: 5900/18000, loss: 3.1671, lr: 0.000040, batch_cost: 0.1609, reader_cost: 0.05538, ips: 24.8525 samples/sec, max_mem_reserved: 1049 MB, max_mem_allocated: 819 MB | ETA 00:32:27
[2026/09/30 03:13:16] INFO: [TRAIN] epoch: 13, iter: 6000/18000, loss: 3.2080, lr: 0.000040, batch_cost: 0.1606, reader_cost: 0.05412, ips: 24.9095 samples/sec, max_mem_reserved: 1049 MB, max_mem_allocated: 819 MB | ETA 00:32:06
[2026/09/30 03:13:16] INFO: Start evaluating (total_samples: 348, total_iters: 348)...
[2026/09/30 03:13:22] INFO: [EVAL] #Images: 348 mIoU: 0.8005 Acc: 0.9742 Kappa: 0.7577 Dice: 0.8789
[2026/09/30 03:13:22] INFO: [EVAL] Class IoU: 
[0.9731 0.6278]
[2026/09/30 03:13:22] INFO: [EVAL] Class Precision: 
[0.9862 0.7732]
[2026/09/30 03:13:22] INFO: [EVAL] Class Recall: 
[0.9865 0.7696]
[2026/09/30 03:13:22] INFO: Start evaluating (total_samples: 348, total_iters: 348)...
[2026/09/30 03:13:29] INFO: [EVAL] #Images: 348 mIoU: 0.7994 Acc: 0.9751 Kappa: 0.7559 Dice: 0.8780
[2026/09/30 03:13:29] INFO: [EVAL] Class IoU: 
[0.974  0.6248]
[2026/09/30 03:13:29] INFO: [EVAL] Class Precision: 
[0.9843 0.8055]
[2026/09/30 03:13:29] INFO: [EVAL] Class Recall: 
[0.9894 0.7359]
[2026/09/30 03:13:29] INFO: [EVAL] The model with the best validation mIoU (0.8005) was saved at iter 6000.
[2026/09/30 03:13:29] INFO: [EVAL] The EMA model with the best validation mIoU (0.7994) was saved at iter 6000.
[2026/09/30 03:13:49] INFO: [TRAIN] epoch: 13, iter: 6100/18000, loss: 3.0729, lr: 0.000040, batch_cost: 0.1540, reader_cost: 0.04909, ips: 25.9793 samples/sec, max_mem_reserved: 1049 MB, max_mem_allocated: 819 MB | ETA 00:30:32
[2026/09/30 03:14:09] INFO: [TRAIN] epoch: 14, iter: 6200/18000, loss: 3.1188, lr: 0.000039, batch_cost: 0.1608, reader_cost: 0.05493, ips: 24.8748 samples/sec, max_mem_reserved: 1049 MB, max_mem_allocated: 819 MB | ETA 00:31:37
[2026/09/30 03:14:29] INFO: [TRAIN] epoch: 14, iter: 6300/18000, loss: 3.1813, lr: 0.000039, batch_cost: 0.1596, reader_cost: 0.05399, ips: 25.0655 samples/sec, max_mem_reserved: 1049 MB, max_mem_allocated: 819 MB | ETA 00:31:07
[2026/09/30 03:14:50] INFO: [TRAIN] epoch: 14, iter: 6400/18000, loss: 3.2287, lr: 0.000039, batch_cost: 0.1583, reader_cost: 0.05175, ips: 25.2705 samples/sec, max_mem_reserved: 1049 MB, max_mem_allocated: 819 MB | ETA 00:30:36
[2026/09/30 03:15:10] INFO: [TRAIN] epoch: 14, iter: 6500/18000, loss: 3.0103, lr: 0.000038, batch_cost: 0.1591, reader_cost: 0.05450, ips: 25.1425 samples/sec, max_mem_reserved: 1049 MB, max_mem_allocated: 819 MB | ETA 00:30:29
[2026/09/30 03:15:30] INFO: [TRAIN] epoch: 14, iter: 6600/18000, loss: 3.0987, lr: 0.000038, batch_cost: 0.1575, reader_cost: 0.05656, ips: 25.3946 samples/sec, max_mem_reserved: 1049 MB, max_mem_allocated: 819 MB | ETA 00:29:55
[2026/09/30 03:15:50] INFO: [TRAIN] epoch: 15, iter: 6700/18000, loss: 3.2528, lr: 0.000038, batch_cost: 0.1600, reader_cost: 0.05628, ips: 24.9932 samples/sec, max_mem_reserved: 1049 MB, max_mem_allocated: 819 MB | ETA 00:30:08
[2026/09/30 03:16:10] INFO: [TRAIN] epoch: 15, iter: 6800/18000, loss: 3.0341, lr: 0.000037, batch_cost: 0.1570, reader_cost: 0.05649, ips: 25.4804 samples/sec, max_mem_reserved: 1049 MB, max_mem_allocated: 819 MB | ETA 00:29:18
[2026/09/30 03:16:29] INFO: [TRAIN] epoch: 15, iter: 6900/18000, loss: 3.0988, lr: 0.000037, batch_cost: 0.1565, reader_cost: 0.05579, ips: 25.5553 samples/sec, max_mem_reserved: 1049 MB, max_mem_allocated: 819 MB | ETA 00:28:57
[2026/09/30 03:16:50] INFO: [TRAIN] epoch: 15, iter: 7000/18000, loss: 3.2354, lr: 0.000037, batch_cost: 0.1599, reader_cost: 0.05661, ips: 25.0167 samples/sec, max_mem_reserved: 1049 MB, max_mem_allocated: 819 MB | ETA 00:29:18
[2026/09/30 03:16:50] INFO: Start evaluating (total_samples: 348, total_iters: 348)...
[2026/09/30 03:16:56] INFO: [EVAL] #Images: 348 mIoU: 0.8030 Acc: 0.9746 Kappa: 0.7615 Dice: 0.8807
[2026/09/30 03:16:56] INFO: [EVAL] Class IoU: 
[0.9735 0.6325]
[2026/09/30 03:16:56] INFO: [EVAL] Class Precision: 
[0.9865 0.7759]
[2026/09/30 03:16:56] INFO: [EVAL] Class Recall: 
[0.9866 0.7739]
[2026/09/30 03:16:56] INFO: Start evaluating (total_samples: 348, total_iters: 348)...
[2026/09/30 03:17:03] INFO: [EVAL] #Images: 348 mIoU: 0.8028 Acc: 0.9754 Kappa: 0.7610 Dice: 0.8805
[2026/09/30 03:17:03] INFO: [EVAL] Class IoU: 
[0.9743 0.6314]
[2026/09/30 03:17:03] INFO: [EVAL] Class Precision: 
[0.9849 0.8027]
[2026/09/30 03:17:03] INFO: [EVAL] Class Recall: 
[0.989  0.7474]
[2026/09/30 03:17:03] INFO: [EVAL] The model with the best validation mIoU (0.8030) was saved at iter 7000.
[2026/09/30 03:17:03] INFO: [EVAL] The EMA model with the best validation mIoU (0.8028) was saved at iter 7000.
[2026/09/30 03:17:23] INFO: [TRAIN] epoch: 15, iter: 7100/18000, loss: 3.1500, lr: 0.000036, batch_cost: 0.1533, reader_cost: 0.04820, ips: 26.0996 samples/sec, max_mem_reserved: 1049 MB, max_mem_allocated: 819 MB | ETA 00:27:50
[2026/09/30 03:17:43] INFO: [TRAIN] epoch: 16, iter: 7200/18000, loss: 3.1453, lr: 0.000036, batch_cost: 0.1622, reader_cost: 0.05513, ips: 24.6648 samples/sec, max_mem_reserved: 1049 MB, max_mem_allocated: 819 MB | ETA 00:29:11
[2026/09/30 03:18:04] INFO: [TRAIN] epoch: 16, iter: 7300/18000, loss: 3.1461, lr: 0.000036, batch_cost: 0.1604, reader_cost: 0.05449, ips: 24.9303 samples/sec, max_mem_reserved: 1049 MB, max_mem_allocated: 819 MB | ETA 00:28:36
[2026/09/30 03:18:24] INFO: [TRAIN] epoch: 16, iter: 7400/18000, loss: 3.1339, lr: 0.000035, batch_cost: 0.1605, reader_cost: 0.05242, ips: 24.9273 samples/sec, max_mem_reserved: 1049 MB, max_mem_allocated: 819 MB | ETA 00:28:20
[2026/09/30 03:18:44] INFO: [TRAIN] epoch: 16, iter: 7500/18000, loss: 3.0660, lr: 0.000035, batch_cost: 0.1577, reader_cost: 0.05187, ips: 25.3712 samples/sec, max_mem_reserved: 1049 MB, max_mem_allocated: 819 MB | ETA 00:27:35
[2026/09/30 03:19:04] INFO: [TRAIN] epoch: 17, iter: 7600/18000, loss: 3.1512, lr: 0.000035, batch_cost: 0.1590, reader_cost: 0.05354, ips: 25.1551 samples/sec, max_mem_reserved: 1049 MB, max_mem_allocated: 819 MB | ETA 00:27:33
[2026/09/30 03:19:24] INFO: [TRAIN] epoch: 17, iter: 7700/18000, loss: 3.0629, lr: 0.000034, batch_cost: 0.1567, reader_cost: 0.05180, ips: 25.5313 samples/sec, max_mem_reserved: 1049 MB, max_mem_allocated: 819 MB | ETA 00:26:53
[2026/09/30 03:19:44] INFO: [TRAIN] epoch: 17, iter: 7800/18000, loss: 3.1378, lr: 0.000034, batch_cost: 0.1586, reader_cost: 0.05230, ips: 25.2266 samples/sec, max_mem_reserved: 1049 MB, max_mem_allocated: 819 MB | ETA 00:26:57
[2026/09/30 03:20:05] INFO: [TRAIN] epoch: 17, iter: 7900/18000, loss: 3.1769, lr: 0.000034, batch_cost: 0.1579, reader_cost: 0.05134, ips: 25.3386 samples/sec, max_mem_reserved: 1049 MB, max_mem_allocated: 819 MB | ETA 00:26:34
[2026/09/30 03:20:24] INFO: [TRAIN] epoch: 17, iter: 8000/18000, loss: 3.1023, lr: 0.000033, batch_cost: 0.1578, reader_cost: 0.05204, ips: 25.3512 samples/sec, max_mem_reserved: 1049 MB, max_mem_allocated: 819 MB | ETA 00:26:17
[2026/09/30 03:20:25] INFO: Start evaluating (total_samples: 348, total_iters: 348)...
[2026/09/30 03:20:31] INFO: [EVAL] #Images: 348 mIoU: 0.7995 Acc: 0.9748 Kappa: 0.7561 Dice: 0.8780
[2026/09/30 03:20:31] INFO: [EVAL] Class IoU: 
[0.9737 0.6252]
[2026/09/30 03:20:31] INFO: [EVAL] Class Precision: 
[0.9847 0.7968]
[2026/09/30 03:20:31] INFO: [EVAL] Class Recall: 
[0.9886 0.7438]
[2026/09/30 03:20:31] INFO: Start evaluating (total_samples: 348, total_iters: 348)...
[2026/09/30 03:20:38] INFO: [EVAL] #Images: 348 mIoU: 0.8051 Acc: 0.9756 Kappa: 0.7643 Dice: 0.8822
[2026/09/30 03:20:38] INFO: [EVAL] Class IoU: 
[0.9746 0.6356]
[2026/09/30 03:20:38] INFO: [EVAL] Class Precision: 
[0.9853 0.8034]
[2026/09/30 03:20:38] INFO: [EVAL] Class Recall: 
[0.989  0.7527]
[2026/09/30 03:20:38] INFO: [EVAL] The model with the best validation mIoU (0.8030) was saved at iter 7000.
[2026/09/30 03:20:38] INFO: [EVAL] The EMA model with the best validation mIoU (0.8051) was saved at iter 8000.
[2026/09/30 03:20:58] INFO: [TRAIN] epoch: 18, iter: 8100/18000, loss: 3.0260, lr: 0.000033, batch_cost: 0.1540, reader_cost: 0.04562, ips: 25.9813 samples/sec, max_mem_reserved: 1049 MB, max_mem_allocated: 819 MB | ETA 00:25:24
[2026/09/30 03:21:19] INFO: [TRAIN] epoch: 18, iter: 8200/18000, loss: 3.1851, lr: 0.000033, batch_cost: 0.1647, reader_cost: 0.05805, ips: 24.2917 samples/sec, max_mem_reserved: 1049 MB, max_mem_allocated: 819 MB | ETA 00:26:53
[2026/09/30 03:21:39] INFO: [TRAIN] epoch: 18, iter: 8300/18000, loss: 3.0295, lr: 0.000032, batch_cost: 0.1630, reader_cost: 0.05298, ips: 24.5394 samples/sec, max_mem_reserved: 1049 MB, max_mem_allocated: 819 MB | ETA 00:26:21
[2026/09/30 03:22:00] INFO: [TRAIN] epoch: 18, iter: 8400/18000, loss: 3.1877, lr: 0.000032, batch_cost: 0.1616, reader_cost: 0.05396, ips: 24.7473 samples/sec, max_mem_reserved: 1049 MB, max_mem_allocated: 819 MB | ETA 00:25:51
[2026/09/30 03:22:19] INFO: [TRAIN] epoch: 18, iter: 8500/18000, loss: 3.0635, lr: 0.000032, batch_cost: 0.1559, reader_cost: 0.05470, ips: 25.6548 samples/sec, max_mem_reserved: 1049 MB, max_mem_allocated: 819 MB | ETA 00:24:41
[2026/09/30 03:22:40] INFO: [TRAIN] epoch: 19, iter: 8600/18000, loss: 3.0781, lr: 0.000031, batch_cost: 0.1598, reader_cost: 0.05396, ips: 25.0317 samples/sec, max_mem_reserved: 1049 MB, max_mem_allocated: 819 MB | ETA 00:25:02
[2026/09/30 03:23:00] INFO: [TRAIN] epoch: 19, iter: 8700/18000, loss: 3.0165, lr: 0.000031, batch_cost: 0.1594, reader_cost: 0.05222, ips: 25.0908 samples/sec, max_mem_reserved: 1049 MB, max_mem_allocated: 819 MB | ETA 00:24:42
[2026/09/30 03:23:20] INFO: [TRAIN] epoch: 19, iter: 8800/18000, loss: 3.1715, lr: 0.000031, batch_cost: 0.1575, reader_cost: 0.05307, ips: 25.3920 samples/sec, max_mem_reserved: 1049 MB, max_mem_allocated: 819 MB | ETA 00:24:09
[2026/09/30 03:23:40] INFO: [TRAIN] epoch: 19, iter: 8900/18000, loss: 3.1821, lr: 0.000030, batch_cost: 0.1578, reader_cost: 0.05165, ips: 25.3422 samples/sec, max_mem_reserved: 1049 MB, max_mem_allocated: 819 MB | ETA 00:23:56
[2026/09/30 03:24:00] INFO: [TRAIN] epoch: 19, iter: 9000/18000, loss: 3.0959, lr: 0.000030, batch_cost: 0.1550, reader_cost: 0.05045, ips: 25.8012 samples/sec, max_mem_reserved: 1049 MB, max_mem_allocated: 819 MB | ETA 00:23:15
[2026/09/30 03:24:00] INFO: Start evaluating (total_samples: 348, total_iters: 348)...
[2026/09/30 03:24:07] INFO: [EVAL] #Images: 348 mIoU: 0.7952 Acc: 0.9753 Kappa: 0.7495 Dice: 0.8747
[2026/09/30 03:24:07] INFO: [EVAL] Class IoU: 
[0.9743 0.6161]
[2026/09/30 03:24:07] INFO: [EVAL] Class Precision: 
[0.9823 0.8341]
[2026/09/30 03:24:07] INFO: [EVAL] Class Recall: 
[0.9916 0.7021]
[2026/09/30 03:24:07] INFO: Start evaluating (total_samples: 348, total_iters: 348)...
[2026/09/30 03:24:13] INFO: [EVAL] #Images: 348 mIoU: 0.8071 Acc: 0.9758 Kappa: 0.7673 Dice: 0.8836
[2026/09/30 03:24:13] INFO: [EVAL] Class IoU: 
[0.9747 0.6394]
[2026/09/30 03:24:13] INFO: [EVAL] Class Precision: 
[0.9856 0.802 ]
[2026/09/30 03:24:13] INFO: [EVAL] Class Recall: 
[0.9888 0.7593]
[2026/09/30 03:24:13] INFO: [EVAL] The model with the best validation mIoU (0.8030) was saved at iter 7000.
[2026/09/30 03:24:13] INFO: [EVAL] The EMA model with the best validation mIoU (0.8071) was saved at iter 9000.
[2026/09/30 03:24:33] INFO: [TRAIN] epoch: 20, iter: 9100/18000, loss: 3.0466, lr: 0.000030, batch_cost: 0.1520, reader_cost: 0.04646, ips: 26.3170 samples/sec, max_mem_reserved: 1049 MB, max_mem_allocated: 819 MB | ETA 00:22:32
[2026/09/30 03:24:53] INFO: [TRAIN] epoch: 20, iter: 9200/18000, loss: 2.9721, lr: 0.000029, batch_cost: 0.1556, reader_cost: 0.04821, ips: 25.7067 samples/sec, max_mem_reserved: 1049 MB, max_mem_allocated: 819 MB | ETA 00:22:49
[2026/09/30 03:25:13] INFO: [TRAIN] epoch: 20, iter: 9300/18000, loss: 3.0631, lr: 0.000029, batch_cost: 0.1568, reader_cost: 0.04858, ips: 25.5150 samples/sec, max_mem_reserved: 1049 MB, max_mem_allocated: 819 MB | ETA 00:22:43
[2026/09/30 03:25:33] INFO: [TRAIN] epoch: 20, iter: 9400/18000, loss: 3.1207, lr: 0.000029, batch_cost: 0.1546, reader_cost: 0.04863, ips: 25.8662 samples/sec, max_mem_reserved: 1049 MB, max_mem_allocated: 819 MB | ETA 00:22:09
[2026/09/30 03:25:53] INFO: [TRAIN] epoch: 21, iter: 9500/18000, loss: 3.0831, lr: 0.000028, batch_cost: 0.1605, reader_cost: 0.05051, ips: 24.9144 samples/sec, max_mem_reserved: 1049 MB, max_mem_allocated: 819 MB | ETA 00:22:44
[2026/09/30 03:26:14] INFO: [TRAIN] epoch: 21, iter: 9600/18000, loss: 3.0258, lr: 0.000028, batch_cost: 0.1642, reader_cost: 0.05219, ips: 24.3596 samples/sec, max_mem_reserved: 1049 MB, max_mem_allocated: 819 MB | ETA 00:22:59
[2026/09/30 03:26:35] INFO: [TRAIN] epoch: 21, iter: 9700/18000, loss: 3.1555, lr: 0.000028, batch_cost: 0.1649, reader_cost: 0.05228, ips: 24.2567 samples/sec, max_mem_reserved: 1049 MB, max_mem_allocated: 819 MB | ETA 00:22:48
[2026/09/30 03:26:56] INFO: [TRAIN] epoch: 21, iter: 9800/18000, loss: 2.9876, lr: 0.000027, batch_cost: 0.1655, reader_cost: 0.05523, ips: 24.1719 samples/sec, max_mem_reserved: 1049 MB, max_mem_allocated: 819 MB | ETA 00:22:36
[2026/09/30 03:27:18] INFO: [TRAIN] epoch: 21, iter: 9900/18000, loss: 3.1277, lr: 0.000027, batch_cost: 0.1760, reader_cost: 0.06952, ips: 22.7274 samples/sec, max_mem_reserved: 1049 MB, max_mem_allocated: 819 MB | ETA 00:23:45
[2026/09/30 03:27:41] INFO: [TRAIN] epoch: 22, iter: 10000/18000, loss: 3.0668, lr: 0.000027, batch_cost: 0.1816, reader_cost: 0.07635, ips: 22.0305 samples/sec, max_mem_reserved: 1049 MB, max_mem_allocated: 819 MB | ETA 00:24:12
[2026/09/30 03:27:41] INFO: Start evaluating (total_samples: 348, total_iters: 348)...
[2026/09/30 03:27:48] INFO: [EVAL] #Images: 348 mIoU: 0.8023 Acc: 0.9756 Kappa: 0.7602 Dice: 0.8801
[2026/09/30 03:27:48] INFO: [EVAL] Class IoU: 
[0.9746 0.63  ]
[2026/09/30 03:27:48] INFO: [EVAL] Class Precision: 
[0.9842 0.8154]
[2026/09/30 03:27:48] INFO: [EVAL] Class Recall: 
[0.99   0.7348]
[2026/09/30 03:27:48] INFO: Start evaluating (total_samples: 348, total_iters: 348)...
[2026/09/30 03:27:55] INFO: [EVAL] #Images: 348 mIoU: 0.8085 Acc: 0.9759 Kappa: 0.7694 Dice: 0.8847
[2026/09/30 03:27:55] INFO: [EVAL] Class IoU: 
[0.9748 0.6422]
[2026/09/30 03:27:55] INFO: [EVAL] Class Precision: 
[0.986  0.7998]
[2026/09/30 03:27:55] INFO: [EVAL] Class Recall: 
[0.9885 0.7652]
[2026/09/30 03:27:55] INFO: [EVAL] The model with the best validation mIoU (0.8030) was saved at iter 7000.
[2026/09/30 03:27:55] INFO: [EVAL] The EMA model with the best validation mIoU (0.8085) was saved at iter 10000.
[2026/09/30 03:28:14] INFO: [TRAIN] epoch: 22, iter: 10100/18000, loss: 3.0301, lr: 0.000026, batch_cost: 0.1517, reader_cost: 0.04978, ips: 26.3617 samples/sec, max_mem_reserved: 1049 MB, max_mem_allocated: 819 MB | ETA 00:19:58
[2026/09/30 03:28:35] INFO: [TRAIN] epoch: 22, iter: 10200/18000, loss: 3.1324, lr: 0.000026, batch_cost: 0.1599, reader_cost: 0.05479, ips: 25.0167 samples/sec, max_mem_reserved: 1049 MB, max_mem_allocated: 819 MB | ETA 00:20:47
[2026/09/30 03:28:55] INFO: [TRAIN] epoch: 22, iter: 10300/18000, loss: 3.0869, lr: 0.000026, batch_cost: 0.1576, reader_cost: 0.05186, ips: 25.3823 samples/sec, max_mem_reserved: 1049 MB, max_mem_allocated: 819 MB | ETA 00:20:13
[2026/09/30 03:29:15] INFO: [TRAIN] epoch: 22, iter: 10400/18000, loss: 3.0301, lr: 0.000025, batch_cost: 0.1574, reader_cost: 0.05217, ips: 25.4178 samples/sec, max_mem_reserved: 1049 MB, max_mem_allocated: 819 MB | ETA 00:19:56
[2026/09/30 03:29:35] INFO: [TRAIN] epoch: 23, iter: 10500/18000, loss: 3.1333, lr: 0.000025, batch_cost: 0.1587, reader_cost: 0.05267, ips: 25.2124 samples/sec, max_mem_reserved: 1049 MB, max_mem_allocated: 819 MB | ETA 00:19:49
[2026/09/30 03:29:55] INFO: [TRAIN] epoch: 23, iter: 10600/18000, loss: 3.0441, lr: 0.000025, batch_cost: 0.1559, reader_cost: 0.04944, ips: 25.6527 samples/sec, max_mem_reserved: 1049 MB, max_mem_allocated: 819 MB | ETA 00:19:13
[2026/09/30 03:30:16] INFO: [TRAIN] epoch: 23, iter: 10700/18000, loss: 3.1158, lr: 0.000024, batch_cost: 0.1630, reader_cost: 0.05198, ips: 24.5409 samples/sec, max_mem_reserved: 1049 MB, max_mem_allocated: 819 MB | ETA 00:19:49
[2026/09/30 03:30:37] INFO: [TRAIN] epoch: 23, iter: 10800/18000, loss: 3.0305, lr: 0.000024, batch_cost: 0.1673, reader_cost: 0.06309, ips: 23.9145 samples/sec, max_mem_reserved: 1049 MB, max_mem_allocated: 819 MB | ETA 00:20:04
[2026/09/30 03:30:58] INFO: [TRAIN] epoch: 23, iter: 10900/18000, loss: 3.1239, lr: 0.000024, batch_cost: 0.1726, reader_cost: 0.06641, ips: 23.1784 samples/sec, max_mem_reserved: 1049 MB, max_mem_allocated: 819 MB | ETA 00:20:25
[2026/09/30 03:31:20] INFO: [TRAIN] epoch: 24, iter: 11000/18000, loss: 3.0244, lr: 0.000023, batch_cost: 0.1754, reader_cost: 0.06914, ips: 22.8101 samples/sec, max_mem_reserved: 1049 MB, max_mem_allocated: 819 MB | ETA 00:20:27
[2026/09/30 03:31:20] INFO: Start evaluating (total_samples: 348, total_iters: 348)...
[2026/09/30 03:31:28] INFO: [EVAL] #Images: 348 mIoU: 0.8095 Acc: 0.9763 Kappa: 0.7708 Dice: 0.8854
[2026/09/30 03:31:28] INFO: [EVAL] Class IoU: 
[0.9752 0.6438]
[2026/09/30 03:31:28] INFO: [EVAL] Class Precision: 
[0.9857 0.8088]
[2026/09/30 03:31:28] INFO: [EVAL] Class Recall: 
[0.9893 0.7594]
[2026/09/30 03:31:28] INFO: Start evaluating (total_samples: 348, total_iters: 348)...
[2026/09/30 03:31:35] INFO: [EVAL] #Images: 348 mIoU: 0.8098 Acc: 0.9761 Kappa: 0.7713 Dice: 0.8856
[2026/09/30 03:31:35] INFO: [EVAL] Class IoU: 
[0.975  0.6446]
[2026/09/30 03:31:35] INFO: [EVAL] Class Precision: 
[0.9862 0.8002]
[2026/09/30 03:31:35] INFO: [EVAL] Class Recall: 
[0.9885 0.7683]
[2026/09/30 03:31:35] INFO: [EVAL] The model with the best validation mIoU (0.8095) was saved at iter 11000.
[2026/09/30 03:31:35] INFO: [EVAL] The EMA model with the best validation mIoU (0.8098) was saved at iter 11000.
[2026/09/30 03:31:57] INFO: [TRAIN] epoch: 24, iter: 11100/18000, loss: 3.0242, lr: 0.000023, batch_cost: 0.1672, reader_cost: 0.05938, ips: 23.9178 samples/sec, max_mem_reserved: 1049 MB, max_mem_allocated: 819 MB | ETA 00:19:13
[2026/09/30 03:32:16] INFO: [TRAIN] epoch: 24, iter: 11200/18000, loss: 3.0443, lr: 0.000023, batch_cost: 0.1546, reader_cost: 0.04837, ips: 25.8772 samples/sec, max_mem_reserved: 1049 MB, max_mem_allocated: 819 MB | ETA 00:17:31
[2026/09/30 03:32:36] INFO: [TRAIN] epoch: 24, iter: 11300/18000, loss: 3.0767, lr: 0.000022, batch_cost: 0.1553, reader_cost: 0.04741, ips: 25.7500 samples/sec, max_mem_reserved: 1049 MB, max_mem_allocated: 819 MB | ETA 00:17:20
[2026/09/30 03:32:56] INFO: [TRAIN] epoch: 25, iter: 11400/18000, loss: 3.1606, lr: 0.000022, batch_cost: 0.1556, reader_cost: 0.04949, ips: 25.7014 samples/sec, max_mem_reserved: 1049 MB, max_mem_allocated: 819 MB | ETA 00:17:07
[2026/09/30 03:33:17] INFO: [TRAIN] epoch: 25, iter: 11500/18000, loss: 2.9976, lr: 0.000022, batch_cost: 0.1629, reader_cost: 0.05882, ips: 24.5546 samples/sec, max_mem_reserved: 1049 MB, max_mem_allocated: 819 MB | ETA 00:17:38
[2026/09/30 03:33:38] INFO: [TRAIN] epoch: 25, iter: 11600/18000, loss: 3.0621, lr: 0.000021, batch_cost: 0.1742, reader_cost: 0.07637, ips: 22.9611 samples/sec, max_mem_reserved: 1049 MB, max_mem_allocated: 819 MB | ETA 00:18:34
[2026/09/30 03:34:00] INFO: [TRAIN] epoch: 25, iter: 11700/18000, loss: 3.0797, lr: 0.000021, batch_cost: 0.1733, reader_cost: 0.06719, ips: 23.0842 samples/sec, max_mem_reserved: 1049 MB, max_mem_allocated: 819 MB | ETA 00:18:11
[2026/09/30 03:34:20] INFO: [TRAIN] epoch: 25, iter: 11800/18000, loss: 3.0044, lr: 0.000021, batch_cost: 0.1607, reader_cost: 0.06480, ips: 24.8894 samples/sec, max_mem_reserved: 1049 MB, max_mem_allocated: 819 MB | ETA 00:16:36
[2026/09/30 03:34:40] INFO: [TRAIN] epoch: 26, iter: 11900/18000, loss: 3.0628, lr: 0.000020, batch_cost: 0.1586, reader_cost: 0.05940, ips: 25.2228 samples/sec, max_mem_reserved: 1049 MB, max_mem_allocated: 819 MB | ETA 00:16:07
[2026/09/30 03:35:00] INFO: [TRAIN] epoch: 26, iter: 12000/18000, loss: 3.0764, lr: 0.000020, batch_cost: 0.1541, reader_cost: 0.04983, ips: 25.9506 samples/sec, max_mem_reserved: 1049 MB, max_mem_allocated: 819 MB | ETA 00:15:24
[2026/09/30 03:35:00] INFO: Start evaluating (total_samples: 348, total_iters: 348)...
[2026/09/30 03:35:06] INFO: [EVAL] #Images: 348 mIoU: 0.8033 Acc: 0.9741 Kappa: 0.7620 Dice: 0.8810
[2026/09/30 03:35:06] INFO: [EVAL] Class IoU: 
[0.9729 0.6336]
[2026/09/30 03:35:06] INFO: [EVAL] Class Precision: 
[0.9875 0.7602]
[2026/09/30 03:35:06] INFO: [EVAL] Class Recall: 
[0.985  0.7919]
[2026/09/30 03:35:06] INFO: Start evaluating (total_samples: 348, total_iters: 348)...
[2026/09/30 03:35:13] INFO: [EVAL] #Images: 348 mIoU: 0.8113 Acc: 0.9762 Kappa: 0.7734 Dice: 0.8867
[2026/09/30 03:35:13] INFO: [EVAL] Class IoU: 
[0.9751 0.6474]
[2026/09/30 03:35:13] INFO: [EVAL] Class Precision: 
[0.9865 0.7983]
[2026/09/30 03:35:13] INFO: [EVAL] Class Recall: 
[0.9883 0.774 ]
[2026/09/30 03:35:13] INFO: [EVAL] The model with the best validation mIoU (0.8095) was saved at iter 11000.
[2026/09/30 03:35:13] INFO: [EVAL] The EMA model with the best validation mIoU (0.8113) was saved at iter 12000.
[2026/09/30 03:35:32] INFO: [TRAIN] epoch: 26, iter: 12100/18000, loss: 3.0505, lr: 0.000020, batch_cost: 0.1483, reader_cost: 0.04302, ips: 26.9709 samples/sec, max_mem_reserved: 1049 MB, max_mem_allocated: 819 MB | ETA 00:14:35
[2026/09/30 03:35:52] INFO: [TRAIN] epoch: 26, iter: 12200/18000, loss: 2.9691, lr: 0.000019, batch_cost: 0.1541, reader_cost: 0.04979, ips: 25.9610 samples/sec, max_mem_reserved: 1049 MB, max_mem_allocated: 819 MB | ETA 00:14:53
[2026/09/30 03:36:11] INFO: [TRAIN] epoch: 26, iter: 12300/18000, loss: 3.0765, lr: 0.000019, batch_cost: 0.1535, reader_cost: 0.04825, ips: 26.0520 samples/sec, max_mem_reserved: 1049 MB, max_mem_allocated: 819 MB | ETA 00:14:35
[2026/09/30 03:36:31] INFO: [TRAIN] epoch: 27, iter: 12400/18000, loss: 3.1174, lr: 0.000019, batch_cost: 0.1554, reader_cost: 0.05351, ips: 25.7446 samples/sec, max_mem_reserved: 1049 MB, max_mem_allocated: 819 MB | ETA 00:14:30
[2026/09/30 03:36:51] INFO: [TRAIN] epoch: 27, iter: 12500/18000, loss: 3.1080, lr: 0.000018, batch_cost: 0.1567, reader_cost: 0.05323, ips: 25.5306 samples/sec, max_mem_reserved: 1049 MB, max_mem_allocated: 819 MB | ETA 00:14:21
[2026/09/30 03:37:11] INFO: [TRAIN] epoch: 27, iter: 12600/18000, loss: 3.0617, lr: 0.000018, batch_cost: 0.1572, reader_cost: 0.05491, ips: 25.4500 samples/sec, max_mem_reserved: 1049 MB, max_mem_allocated: 819 MB | ETA 00:14:08
[2026/09/30 03:37:31] INFO: [TRAIN] epoch: 27, iter: 12700/18000, loss: 3.1047, lr: 0.000018, batch_cost: 0.1564, reader_cost: 0.05158, ips: 25.5761 samples/sec, max_mem_reserved: 1049 MB, max_mem_allocated: 819 MB | ETA 00:13:48
[2026/09/30 03:37:52] INFO: [TRAIN] epoch: 28, iter: 12800/18000, loss: 2.9784, lr: 0.000017, batch_cost: 0.1698, reader_cost: 0.05697, ips: 23.5614 samples/sec, max_mem_reserved: 1049 MB, max_mem_allocated: 819 MB | ETA 00:14:42
[2026/09/30 03:38:08] INFO: [TRAIN] epoch: 28, iter: 12900/18000, loss: 3.0586, lr: 0.000017, batch_cost: 0.1279, reader_cost: 0.03986, ips: 31.2807 samples/sec, max_mem_reserved: 1049 MB, max_mem_allocated: 819 MB | ETA 00:10:52
[2026/09/30 03:38:24] INFO: [TRAIN] epoch: 28, iter: 13000/18000, loss: 3.1039, lr: 0.000017, batch_cost: 0.1225, reader_cost: 0.03686, ips: 32.6450 samples/sec, max_mem_reserved: 1049 MB, max_mem_allocated: 819 MB | ETA 00:10:12
[2026/09/30 03:38:24] INFO: Start evaluating (total_samples: 348, total_iters: 348)...
[2026/09/30 03:38:30] INFO: [EVAL] #Images: 348 mIoU: 0.8086 Acc: 0.9763 Kappa: 0.7694 Dice: 0.8847
[2026/09/30 03:38:30] INFO: [EVAL] Class IoU: 
[0.9753 0.6418]
[2026/09/30 03:38:30] INFO: [EVAL] Class Precision: 
[0.9852 0.8154]
[2026/09/30 03:38:30] INFO: [EVAL] Class Recall: 
[0.9898 0.751 ]
[2026/09/30 03:38:30] INFO: Start evaluating (total_samples: 348, total_iters: 348)...
[2026/09/30 03:38:35] INFO: [EVAL] #Images: 348 mIoU: 0.8096 Acc: 0.9760 Kappa: 0.7710 Dice: 0.8855
[2026/09/30 03:38:35] INFO: [EVAL] Class IoU: 
[0.9749 0.6443]
[2026/09/30 03:38:35] INFO: [EVAL] Class Precision: 
[0.9863 0.7977]
[2026/09/30 03:38:35] INFO: [EVAL] Class Recall: 
[0.9883 0.7702]
[2026/09/30 03:38:35] INFO: [EVAL] The model with the best validation mIoU (0.8095) was saved at iter 11000.
[2026/09/30 03:38:35] INFO: [EVAL] The EMA model with the best validation mIoU (0.8113) was saved at iter 12000.
[2026/09/30 03:38:50] INFO: [TRAIN] epoch: 28, iter: 13100/18000, loss: 3.0657, lr: 0.000016, batch_cost: 0.1150, reader_cost: 0.03102, ips: 34.7872 samples/sec, max_mem_reserved: 1049 MB, max_mem_allocated: 819 MB | ETA 00:09:23
[2026/09/30 03:39:06] INFO: [TRAIN] epoch: 28, iter: 13200/18000, loss: 3.0942, lr: 0.000016, batch_cost: 0.1351, reader_cost: 0.05696, ips: 29.6171 samples/sec, max_mem_reserved: 1049 MB, max_mem_allocated: 819 MB | ETA 00:10:48
[2026/09/30 03:39:22] INFO: [TRAIN] epoch: 29, iter: 13300/18000, loss: 2.9968, lr: 0.000016, batch_cost: 0.1398, reader_cost: 0.06541, ips: 28.6072 samples/sec, max_mem_reserved: 1049 MB, max_mem_allocated: 819 MB | ETA 00:10:57
[2026/09/30 03:39:37] INFO: [TRAIN] epoch: 29, iter: 13400/18000, loss: 3.0864, lr: 0.000015, batch_cost: 0.1196, reader_cost: 0.03834, ips: 33.4539 samples/sec, max_mem_reserved: 1049 MB, max_mem_allocated: 819 MB | ETA 00:09:10
[2026/09/30 03:39:52] INFO: [TRAIN] epoch: 29, iter: 13500/18000, loss: 3.0121, lr: 0.000015, batch_cost: 0.1174, reader_cost: 0.03260, ips: 34.0717 samples/sec, max_mem_reserved: 1049 MB, max_mem_allocated: 819 MB | ETA 00:08:48
[2026/09/30 03:40:07] INFO: [TRAIN] epoch: 29, iter: 13600/18000, loss: 3.1857, lr: 0.000015, batch_cost: 0.1268, reader_cost: 0.04838, ips: 31.5391 samples/sec, max_mem_reserved: 1049 MB, max_mem_allocated: 819 MB | ETA 00:09:18
[2026/09/30 03:40:22] INFO: [TRAIN] epoch: 29, iter: 13700/18000, loss: 3.0277, lr: 0.000014, batch_cost: 0.1257, reader_cost: 0.05263, ips: 31.8317 samples/sec, max_mem_reserved: 1049 MB, max_mem_allocated: 819 MB | ETA 00:09:00
[2026/09/30 03:40:38] INFO: [TRAIN] epoch: 30, iter: 13800/18000, loss: 3.0207, lr: 0.000014, batch_cost: 0.1268, reader_cost: 0.04642, ips: 31.5420 samples/sec, max_mem_reserved: 1049 MB, max_mem_allocated: 819 MB | ETA 00:08:52
[2026/09/30 03:40:53] INFO: [TRAIN] epoch: 30, iter: 13900/18000, loss: 2.9705, lr: 0.000014, batch_cost: 0.1266, reader_cost: 0.04689, ips: 31.6005 samples/sec, max_mem_reserved: 1049 MB, max_mem_allocated: 819 MB | ETA 00:08:38
[2026/09/30 03:41:09] INFO: [TRAIN] epoch: 30, iter: 14000/18000, loss: 3.0235, lr: 0.000013, batch_cost: 0.1294, reader_cost: 0.04789, ips: 30.9105 samples/sec, max_mem_reserved: 1049 MB, max_mem_allocated: 819 MB | ETA 00:08:37
[2026/09/30 03:41:09] INFO: Start evaluating (total_samples: 348, total_iters: 348)...
[2026/09/30 03:41:14] INFO: [EVAL] #Images: 348 mIoU: 0.8075 Acc: 0.9749 Kappa: 0.7681 Dice: 0.8841
[2026/09/30 03:41:14] INFO: [EVAL] Class IoU: 
[0.9737 0.6413]
[2026/09/30 03:41:14] INFO: [EVAL] Class Precision: 
[0.9877 0.7677]
[2026/09/30 03:41:14] INFO: [EVAL] Class Recall: 
[0.9856 0.7957]
[2026/09/30 03:41:14] INFO: Start evaluating (total_samples: 348, total_iters: 348)...
[2026/09/30 03:41:19] INFO: [EVAL] #Images: 348 mIoU: 0.8101 Acc: 0.9761 Kappa: 0.7716 Dice: 0.8858
[2026/09/30 03:41:19] INFO: [EVAL] Class IoU: 
[0.975  0.6451]
[2026/09/30 03:41:19] INFO: [EVAL] Class Precision: 
[0.9863 0.7989]
[2026/09/30 03:41:19] INFO: [EVAL] Class Recall: 
[0.9884 0.7702]
[2026/09/30 03:41:19] INFO: [EVAL] The model with the best validation mIoU (0.8095) was saved at iter 11000.
[2026/09/30 03:41:19] INFO: [EVAL] The EMA model with the best validation mIoU (0.8113) was saved at iter 12000.
[2026/09/30 03:41:34] INFO: [TRAIN] epoch: 30, iter: 14100/18000, loss: 3.0238, lr: 0.000013, batch_cost: 0.1171, reader_cost: 0.03272, ips: 34.1585 samples/sec, max_mem_reserved: 1049 MB, max_mem_allocated: 819 MB | ETA 00:07:36
[2026/09/30 03:41:50] INFO: [TRAIN] epoch: 30, iter: 14200/18000, loss: 2.9861, lr: 0.000013, batch_cost: 0.1247, reader_cost: 0.04125, ips: 32.0794 samples/sec, max_mem_reserved: 1049 MB, max_mem_allocated: 819 MB | ETA 00:07:53
[2026/09/30 03:42:05] INFO: [TRAIN] epoch: 31, iter: 14300/18000, loss: 3.1773, lr: 0.000012, batch_cost: 0.1206, reader_cost: 0.03661, ips: 33.1573 samples/sec, max_mem_reserved: 1049 MB, max_mem_allocated: 819 MB | ETA 00:07:26
[2026/09/30 03:42:20] INFO: [TRAIN] epoch: 31, iter: 14400/18000, loss: 3.0178, lr: 0.000012, batch_cost: 0.1200, reader_cost: 0.03552, ips: 33.3306 samples/sec, max_mem_reserved: 1049 MB, max_mem_allocated: 819 MB | ETA 00:07:12
[2026/09/30 03:42:35] INFO: [TRAIN] epoch: 31, iter: 14500/18000, loss: 3.0800, lr: 0.000012, batch_cost: 0.1242, reader_cost: 0.03707, ips: 32.2163 samples/sec, max_mem_reserved: 1049 MB, max_mem_allocated: 819 MB | ETA 00:07:14
[2026/09/30 03:42:50] INFO: [TRAIN] epoch: 31, iter: 14600/18000, loss: 3.1080, lr: 0.000011, batch_cost: 0.1184, reader_cost: 0.03325, ips: 33.7838 samples/sec, max_mem_reserved: 1049 MB, max_mem_allocated: 819 MB | ETA 00:06:42
[2026/09/30 03:43:05] INFO: [TRAIN] epoch: 32, iter: 14700/18000, loss: 3.0438, lr: 0.000011, batch_cost: 0.1172, reader_cost: 0.03321, ips: 34.1227 samples/sec, max_mem_reserved: 1049 MB, max_mem_allocated: 819 MB | ETA 00:06:26
[2026/09/30 03:43:20] INFO: [TRAIN] epoch: 32, iter: 14800/18000, loss: 3.1456, lr: 0.000011, batch_cost: 0.1182, reader_cost: 0.03408, ips: 33.8324 samples/sec, max_mem_reserved: 1049 MB, max_mem_allocated: 819 MB | ETA 00:06:18
[2026/09/30 03:43:36] INFO: [TRAIN] epoch: 32, iter: 14900/18000, loss: 3.0119, lr: 0.000010, batch_cost: 0.1235, reader_cost: 0.03732, ips: 32.3999 samples/sec, max_mem_reserved: 1049 MB, max_mem_allocated: 819 MB | ETA 00:06:22
[2026/09/30 03:43:50] INFO: [TRAIN] epoch: 32, iter: 15000/18000, loss: 3.0181, lr: 0.000010, batch_cost: 0.1173, reader_cost: 0.03281, ips: 34.1102 samples/sec, max_mem_reserved: 1049 MB, max_mem_allocated: 819 MB | ETA 00:05:51
[2026/09/30 03:43:50] INFO: Start evaluating (total_samples: 348, total_iters: 348)...
[2026/09/30 03:43:56] INFO: [EVAL] #Images: 348 mIoU: 0.7965 Acc: 0.9742 Kappa: 0.7518 Dice: 0.8759
[2026/09/30 03:43:56] INFO: [EVAL] Class IoU: 
[0.9731 0.62  ]
[2026/09/30 03:43:56] INFO: [EVAL] Class Precision: 
[0.9848 0.7862]
[2026/09/30 03:43:56] INFO: [EVAL] Class Recall: 
[0.9879 0.7457]
[2026/09/30 03:43:56] INFO: Start evaluating (total_samples: 348, total_iters: 348)...
[2026/09/30 03:44:02] INFO: [EVAL] #Images: 348 mIoU: 0.8100 Acc: 0.9759 Kappa: 0.7716 Dice: 0.8858
[2026/09/30 03:44:02] INFO: [EVAL] Class IoU: 
[0.9748 0.6452]
[2026/09/30 03:44:02] INFO: [EVAL] Class Precision: 
[0.9866 0.7938]
[2026/09/30 03:44:02] INFO: [EVAL] Class Recall: 
[0.988  0.7751]
[2026/09/30 03:44:02] INFO: [EVAL] The model with the best validation mIoU (0.8095) was saved at iter 11000.
[2026/09/30 03:44:02] INFO: [EVAL] The EMA model with the best validation mIoU (0.8113) was saved at iter 12000.
[2026/09/30 03:44:16] INFO: [TRAIN] epoch: 32, iter: 15100/18000, loss: 3.0205, lr: 0.000010, batch_cost: 0.1115, reader_cost: 0.02746, ips: 35.8752 samples/sec, max_mem_reserved: 1049 MB, max_mem_allocated: 819 MB | ETA 00:05:23
[2026/09/30 03:44:31] INFO: [TRAIN] epoch: 33, iter: 15200/18000, loss: 3.1285, lr: 0.000009, batch_cost: 0.1209, reader_cost: 0.03772, ips: 33.0740 samples/sec, max_mem_reserved: 1049 MB, max_mem_allocated: 819 MB | ETA 00:05:38
[2026/09/30 03:44:47] INFO: [TRAIN] epoch: 33, iter: 15300/18000, loss: 3.0326, lr: 0.000009, batch_cost: 0.1251, reader_cost: 0.04176, ips: 31.9749 samples/sec, max_mem_reserved: 1049 MB, max_mem_allocated: 819 MB | ETA 00:05:37
[2026/09/30 03:45:02] INFO: [TRAIN] epoch: 33, iter: 15400/18000, loss: 3.1541, lr: 0.000009, batch_cost: 0.1265, reader_cost: 0.04642, ips: 31.6315 samples/sec, max_mem_reserved: 1049 MB, max_mem_allocated: 819 MB | ETA 00:05:28
[2026/09/30 03:45:17] INFO: [TRAIN] epoch: 33, iter: 15500/18000, loss: 3.1522, lr: 0.000008, batch_cost: 0.1285, reader_cost: 0.05127, ips: 31.1298 samples/sec, max_mem_reserved: 1049 MB, max_mem_allocated: 819 MB | ETA 00:05:21
[2026/09/30 03:45:33] INFO: [TRAIN] epoch: 33, iter: 15600/18000, loss: 3.1083, lr: 0.000008, batch_cost: 0.1285, reader_cost: 0.05067, ips: 31.1376 samples/sec, max_mem_reserved: 1049 MB, max_mem_allocated: 819 MB | ETA 00:05:08
[2026/09/30 03:45:48] INFO: [TRAIN] epoch: 34, iter: 15700/18000, loss: 2.9398, lr: 0.000008, batch_cost: 0.1235, reader_cost: 0.03908, ips: 32.3989 samples/sec, max_mem_reserved: 1049 MB, max_mem_allocated: 819 MB | ETA 00:04:43
[2026/09/30 03:46:03] INFO: [TRAIN] epoch: 34, iter: 15800/18000, loss: 2.9570, lr: 0.000007, batch_cost: 0.1226, reader_cost: 0.04159, ips: 32.6132 samples/sec, max_mem_reserved: 1049 MB, max_mem_allocated: 819 MB | ETA 00:04:29
[2026/09/30 03:46:19] INFO: [TRAIN] epoch: 34, iter: 15900/18000, loss: 3.0212, lr: 0.000007, batch_cost: 0.1283, reader_cost: 0.05359, ips: 31.1707 samples/sec, max_mem_reserved: 1049 MB, max_mem_allocated: 819 MB | ETA 00:04:29
[2026/09/30 03:46:34] INFO: [TRAIN] epoch: 34, iter: 16000/18000, loss: 3.1510, lr: 0.000007, batch_cost: 0.1272, reader_cost: 0.05017, ips: 31.4385 samples/sec, max_mem_reserved: 1049 MB, max_mem_allocated: 819 MB | ETA 00:04:14
[2026/09/30 03:46:34] INFO: Start evaluating (total_samples: 348, total_iters: 348)...
[2026/09/30 03:46:39] INFO: [EVAL] #Images: 348 mIoU: 0.8079 Acc: 0.9757 Kappa: 0.7686 Dice: 0.8843
[2026/09/30 03:46:39] INFO: [EVAL] Class IoU: 
[0.9746 0.6413]
[2026/09/30 03:46:39] INFO: [EVAL] Class Precision: 
[0.9862 0.794 ]
[2026/09/30 03:46:39] INFO: [EVAL] Class Recall: 
[0.9881 0.7692]
[2026/09/30 03:46:39] INFO: Start evaluating (total_samples: 348, total_iters: 348)...
[2026/09/30 03:46:44] INFO: [EVAL] #Images: 348 mIoU: 0.8103 Acc: 0.9760 Kappa: 0.7720 Dice: 0.8860
[2026/09/30 03:46:44] INFO: [EVAL] Class IoU: 
[0.9749 0.6457]
[2026/09/30 03:46:44] INFO: [EVAL] Class Precision: 
[0.9865 0.796 ]
[2026/09/30 03:46:44] INFO: [EVAL] Class Recall: 
[0.9881 0.7737]
[2026/09/30 03:46:45] INFO: [EVAL] The model with the best validation mIoU (0.8095) was saved at iter 11000.
[2026/09/30 03:46:45] INFO: [EVAL] The EMA model with the best validation mIoU (0.8113) was saved at iter 12000.
[2026/09/30 03:46:59] INFO: [TRAIN] epoch: 34, iter: 16100/18000, loss: 2.9860, lr: 0.000006, batch_cost: 0.1175, reader_cost: 0.03560, ips: 34.0490 samples/sec, max_mem_reserved: 1049 MB, max_mem_allocated: 819 MB | ETA 00:03:43
[2026/09/30 03:47:15] INFO: [TRAIN] epoch: 35, iter: 16200/18000, loss: 3.0527, lr: 0.000006, batch_cost: 0.1253, reader_cost: 0.04260, ips: 31.9347 samples/sec, max_mem_reserved: 1049 MB, max_mem_allocated: 819 MB | ETA 00:03:45
[2026/09/30 03:47:30] INFO: [TRAIN] epoch: 35, iter: 16300/18000, loss: 2.8837, lr: 0.000006, batch_cost: 0.1266, reader_cost: 0.04562, ips: 31.5978 samples/sec, max_mem_reserved: 1049 MB, max_mem_allocated: 819 MB | ETA 00:03:35
[2026/09/30 03:47:46] INFO: [TRAIN] epoch: 35, iter: 16400/18000, loss: 3.0602, lr: 0.000005, batch_cost: 0.1247, reader_cost: 0.04116, ips: 32.0821 samples/sec, max_mem_reserved: 1049 MB, max_mem_allocated: 819 MB | ETA 00:03:19
[2026/09/30 03:48:01] INFO: [TRAIN] epoch: 35, iter: 16500/18000, loss: 2.9729, lr: 0.000005, batch_cost: 0.1230, reader_cost: 0.03964, ips: 32.5253 samples/sec, max_mem_reserved: 1049 MB, max_mem_allocated: 819 MB | ETA 00:03:04
[2026/09/30 03:48:16] INFO: [TRAIN] epoch: 36, iter: 16600/18000, loss: 3.0457, lr: 0.000005, batch_cost: 0.1255, reader_cost: 0.04339, ips: 31.8622 samples/sec, max_mem_reserved: 1049 MB, max_mem_allocated: 819 MB | ETA 00:02:55
[2026/09/30 03:48:31] INFO: [TRAIN] epoch: 36, iter: 16700/18000, loss: 2.9299, lr: 0.000004, batch_cost: 0.1216, reader_cost: 0.03859, ips: 32.8969 samples/sec, max_mem_reserved: 1049 MB, max_mem_allocated: 819 MB | ETA 00:02:38
[2026/09/30 03:48:46] INFO: [TRAIN] epoch: 36, iter: 16800/18000, loss: 3.0832, lr: 0.000004, batch_cost: 0.1210, reader_cost: 0.03780, ips: 33.0683 samples/sec, max_mem_reserved: 1049 MB, max_mem_allocated: 819 MB | ETA 00:02:25
[2026/09/30 03:49:02] INFO: [TRAIN] epoch: 36, iter: 16900/18000, loss: 3.0022, lr: 0.000004, batch_cost: 0.1241, reader_cost: 0.04015, ips: 32.2314 samples/sec, max_mem_reserved: 1049 MB, max_mem_allocated: 819 MB | ETA 00:02:16
[2026/09/30 03:49:17] INFO: [TRAIN] epoch: 36, iter: 17000/18000, loss: 2.9911, lr: 0.000003, batch_cost: 0.1228, reader_cost: 0.03774, ips: 32.5617 samples/sec, max_mem_reserved: 1049 MB, max_mem_allocated: 819 MB | ETA 00:02:02
[2026/09/30 03:49:17] INFO: Start evaluating (total_samples: 348, total_iters: 348)...
[2026/09/30 03:49:23] INFO: [EVAL] #Images: 348 mIoU: 0.8076 Acc: 0.9757 Kappa: 0.7681 Dice: 0.8841
[2026/09/30 03:49:23] INFO: [EVAL] Class IoU: 
[0.9746 0.6407]
[2026/09/30 03:49:23] INFO: [EVAL] Class Precision: 
[0.9861 0.7949]
[2026/09/30 03:49:23] INFO: [EVAL] Class Recall: 
[0.9881 0.7676]
[2026/09/30 03:49:23] INFO: Start evaluating (total_samples: 348, total_iters: 348)...
[2026/09/30 03:49:29] INFO: [EVAL] #Images: 348 mIoU: 0.8097 Acc: 0.9760 Kappa: 0.7711 Dice: 0.8855
[2026/09/30 03:49:29] INFO: [EVAL] Class IoU: 
[0.9749 0.6445]
[2026/09/30 03:49:29] INFO: [EVAL] Class Precision: 
[0.9864 0.7964]
[2026/09/30 03:49:29] INFO: [EVAL] Class Recall: 
[0.9882 0.7716]
[2026/09/30 03:49:29] INFO: [EVAL] The model with the best validation mIoU (0.8095) was saved at iter 11000.
[2026/09/30 03:49:29] INFO: [EVAL] The EMA model with the best validation mIoU (0.8113) was saved at iter 12000.
[2026/09/30 03:49:44] INFO: [TRAIN] epoch: 37, iter: 17100/18000, loss: 3.0866, lr: 0.000003, batch_cost: 0.1185, reader_cost: 0.03349, ips: 33.7535 samples/sec, max_mem_reserved: 1049 MB, max_mem_allocated: 819 MB | ETA 00:01:46
[2026/09/30 03:49:59] INFO: [TRAIN] epoch: 37, iter: 17200/18000, loss: 2.9312, lr: 0.000003, batch_cost: 0.1183, reader_cost: 0.03238, ips: 33.8028 samples/sec, max_mem_reserved: 1049 MB, max_mem_allocated: 819 MB | ETA 00:01:34
[2026/09/30 03:50:14] INFO: [TRAIN] epoch: 37, iter: 17300/18000, loss: 3.1429, lr: 0.000002, batch_cost: 0.1201, reader_cost: 0.03587, ips: 33.3184 samples/sec, max_mem_reserved: 1049 MB, max_mem_allocated: 819 MB | ETA 00:01:24
[2026/09/30 03:50:29] INFO: [TRAIN] epoch: 37, iter: 17400/18000, loss: 3.0219, lr: 0.000002, batch_cost: 0.1210, reader_cost: 0.03595, ips: 33.0491 samples/sec, max_mem_reserved: 1049 MB, max_mem_allocated: 819 MB | ETA 00:01:12
[2026/09/30 03:50:44] INFO: [TRAIN] epoch: 37, iter: 17500/18000, loss: 3.1526, lr: 0.000002, batch_cost: 0.1195, reader_cost: 0.03301, ips: 33.4829 samples/sec, max_mem_reserved: 1049 MB, max_mem_allocated: 819 MB | ETA 00:00:59
[2026/09/30 03:50:59] INFO: [TRAIN] epoch: 38, iter: 17600/18000, loss: 3.0332, lr: 0.000001, batch_cost: 0.1232, reader_cost: 0.04110, ips: 32.4625 samples/sec, max_mem_reserved: 1049 MB, max_mem_allocated: 819 MB | ETA 00:00:49
[2026/09/30 03:51:15] INFO: [TRAIN] epoch: 38, iter: 17700/18000, loss: 2.9037, lr: 0.000001, batch_cost: 0.1360, reader_cost: 0.06167, ips: 29.4079 samples/sec, max_mem_reserved: 1049 MB, max_mem_allocated: 819 MB | ETA 00:00:40
[2026/09/30 03:51:31] INFO: [TRAIN] epoch: 38, iter: 17800/18000, loss: 3.0333, lr: 0.000001, batch_cost: 0.1291, reader_cost: 0.04593, ips: 30.9803 samples/sec, max_mem_reserved: 1049 MB, max_mem_allocated: 819 MB | ETA 00:00:25
[2026/09/30 03:51:46] INFO: [TRAIN] epoch: 38, iter: 17900/18000, loss: 3.0464, lr: 0.000000, batch_cost: 0.1251, reader_cost: 0.04020, ips: 31.9863 samples/sec, max_mem_reserved: 1049 MB, max_mem_allocated: 819 MB | ETA 00:00:12
[2026/09/30 03:52:02] INFO: [TRAIN] epoch: 38, iter: 18000/18000, loss: 3.1552, lr: 0.000000, batch_cost: 0.1301, reader_cost: 0.04851, ips: 30.7480 samples/sec, max_mem_reserved: 1049 MB, max_mem_allocated: 819 MB | ETA 00:00:00
[2026/09/30 03:52:02] INFO: Start evaluating (total_samples: 348, total_iters: 348)...
[2026/09/30 03:52:07] INFO: [EVAL] #Images: 348 mIoU: 0.8073 Acc: 0.9759 Kappa: 0.7676 Dice: 0.8838
[2026/09/30 03:52:07] INFO: [EVAL] Class IoU: 
[0.9748 0.6398]
[2026/09/30 03:52:07] INFO: [EVAL] Class Precision: 
[0.9856 0.8032]
[2026/09/30 03:52:07] INFO: [EVAL] Class Recall: 
[0.9889 0.7588]
[2026/09/30 03:52:07] INFO: Start evaluating (total_samples: 348, total_iters: 348)...
[2026/09/30 03:52:12] INFO: [EVAL] #Images: 348 mIoU: 0.8092 Acc: 0.9759 Kappa: 0.7704 Dice: 0.8852
[2026/09/30 03:52:12] INFO: [EVAL] Class IoU: 
[0.9748 0.6436]
[2026/09/30 03:52:12] INFO: [EVAL] Class Precision: 
[0.9863 0.7957]
[2026/09/30 03:52:12] INFO: [EVAL] Class Recall: 
[0.9882 0.771 ]
[2026/09/30 03:52:13] INFO: [EVAL] The model with the best validation mIoU (0.8095) was saved at iter 11000.
[2026/09/30 03:52:13] INFO: [EVAL] The EMA model with the best validation mIoU (0.8113) was saved at iter 12000.
<class 'paddle.nn.layer.conv.Conv2D'>'s flops has been counted
<class 'paddle.nn.layer.norm.BatchNorm2D'>'s flops has been counted
<class 'paddle.nn.layer.activation.ReLU'>'s flops has been counted
Cannot find suitable count function for <class 'paddle.nn.layer.pooling.MaxPool2D'>. Treat it as zero FLOPs.
<class 'paddle.nn.layer.pooling.AdaptiveAvgPool2D'>'s flops has been counted
Cannot find suitable count function for <class 'paddleseg.models.layers.wrap_functions.Add'>. Treat it as zero FLOPs.
Cannot find suitable count function for <class 'paddle.nn.layer.common.Identity'>. Treat it as zero FLOPs.
<class 'paddle.nn.layer.pooling.AvgPool2D'>'s flops has been counted
Cannot find suitable count function for <class 'paddle.nn.layer.activation.Sigmoid'>. Treat it as zero FLOPs.
<class 'paddle.nn.layer.common.Dropout'>'s flops has been counted
Cannot find suitable count function for <class 'paddleseg.models.layers.activation.Activation'>. Treat it as zero FLOPs.
Total Flops: 6007277542     Total Params: 2449313
