信息: 用提供的模式无法找到文件。
D:\论文复现\envs\paddle32\lib\site-packages\paddle\utils\cpp_extension\extension_utils.py:718: UserWarning: No ccache found. Please be aware that recompiling all source files may be required. You can download and install ccache from: https://github.com/ccache/ccache/blob/master/doc/INSTALL.md
  warnings.warn(warning_message)
信息: 用提供的模式无法找到文件。
信息: 用提供的模式无法找到文件。
WARNING: Logging before InitGoogleLogging() is written to STDERR
W0921 22:37:00.239454 39896 gpu_resources.cc:114] Please NOTE: device: 0, GPU Compute Capability: 12.0, Driver API Version: 13.2, Runtime API Version: 12.9
信息: 用提供的模式无法找到文件。
D:\论文复现\envs\paddle32\lib\site-packages\paddle\nn\layer\norm.py:818: UserWarning: When training, we now always track global mean and variance.
  warnings.warn(

  1/348 [..............................] - ETA: 35s - batch_cost: 0.1013 - reader cost: 0.0081
  6/348 [..............................] - ETA: 9s - batch_cost: 0.0269 - reader cost: 0.0014 
 11/348 [..............................] - ETA: 6s - batch_cost: 0.0204 - reader cost: 8.7142e-04
 15/348 [>.............................] - ETA: 6s - batch_cost: 0.0184 - reader cost: 6.3904e-04
 19/348 [>.............................] - ETA: 5s - batch_cost: 0.0173 - reader cost: 5.0451e-04
 24/348 [=>............................] - ETA: 5s - batch_cost: 0.0163 - reader cost: 3.9940e-04
 28/348 [=>............................] - ETA: 5s - batch_cost: 0.0158 - reader cost: 3.4234e-04
 33/348 [=>............................] - ETA: 4s - batch_cost: 0.0151 - reader cost: 2.9047e-04
 37/348 [==>...........................] - ETA: 4s - batch_cost: 0.0149 - reader cost: 2.5907e-04
 42/348 [==>...........................] - ETA: 4s - batch_cost: 0.0146 - reader cost: 2.2823e-04
 47/348 [===>..........................] - ETA: 4s - batch_cost: 0.0143 - reader cost: 2.0395e-04
 52/348 [===>..........................] - ETA: 4s - batch_cost: 0.0141 - reader cost: 2.2285e-04
 56/348 [===>..........................] - ETA: 4s - batch_cost: 0.0140 - reader cost: 2.2485e-04
 61/348 [====>.........................] - ETA: 4s - batch_cost: 0.0138 - reader cost: 2.0642e-04
 66/348 [====>.........................] - ETA: 3s - batch_cost: 0.0137 - reader cost: 1.9079e-04
 70/348 [=====>........................] - ETA: 3s - batch_cost: 0.0137 - reader cost: 1.7988e-04
 74/348 [=====>........................] - ETA: 3s - batch_cost: 0.0136 - reader cost: 1.7016e-04
 78/348 [=====>........................] - ETA: 3s - batch_cost: 0.0136 - reader cost: 1.6143e-04
 82/348 [======>.......................] - ETA: 3s - batch_cost: 0.0136 - reader cost: 1.5356e-04
 86/348 [======>.......................] - ETA: 3s - batch_cost: 0.0135 - reader cost: 1.6463e-04
 90/348 [======>.......................] - ETA: 3s - batch_cost: 0.0136 - reader cost: 1.5731e-04
 95/348 [=======>......................] - ETA: 3s - batch_cost: 0.0135 - reader cost: 1.4903e-04
 99/348 [=======>......................] - ETA: 3s - batch_cost: 0.0135 - reader cost: 1.4301e-04
103/348 [=======>......................] - ETA: 3s - batch_cost: 0.0135 - reader cost: 1.3746e-04
108/348 [========>.....................] - ETA: 3s - batch_cost: 0.0134 - reader cost: 1.3109e-04
112/348 [========>.....................] - ETA: 3s - batch_cost: 0.0134 - reader cost: 1.3533e-04
116/348 [=========>....................] - ETA: 3s - batch_cost: 0.0134 - reader cost: 1.3066e-04
121/348 [=========>....................] - ETA: 3s - batch_cost: 0.0133 - reader cost: 1.3768e-04
125/348 [=========>....................] - ETA: 2s - batch_cost: 0.0133 - reader cost: 1.3327e-04
130/348 [==========>...................] - ETA: 2s - batch_cost: 0.0132 - reader cost: 1.2815e-04
135/348 [==========>...................] - ETA: 2s - batch_cost: 0.0132 - reader cost: 1.2340e-04
139/348 [==========>...................] - ETA: 2s - batch_cost: 0.0132 - reader cost: 1.1985e-04
144/348 [===========>..................] - ETA: 2s - batch_cost: 0.0131 - reader cost: 1.1569e-04
149/348 [===========>..................] - ETA: 2s - batch_cost: 0.0131 - reader cost: 1.1846e-04
153/348 [============>.................] - ETA: 2s - batch_cost: 0.0131 - reader cost: 1.1537e-04
158/348 [============>.................] - ETA: 2s - batch_cost: 0.0130 - reader cost: 1.2438e-04
162/348 [============>.................] - ETA: 2s - batch_cost: 0.0130 - reader cost: 1.2131e-04
166/348 [=============>................] - ETA: 2s - batch_cost: 0.0130 - reader cost: 1.1839e-04
171/348 [=============>................] - ETA: 2s - batch_cost: 0.0130 - reader cost: 1.2372e-04
176/348 [==============>...............] - ETA: 2s - batch_cost: 0.0129 - reader cost: 1.2021e-04
181/348 [==============>...............] - ETA: 2s - batch_cost: 0.0129 - reader cost: 1.1689e-04
185/348 [==============>...............] - ETA: 2s - batch_cost: 0.0129 - reader cost: 1.1436e-04
189/348 [===============>..............] - ETA: 2s - batch_cost: 0.0129 - reader cost: 1.1194e-04
193/348 [===============>..............] - ETA: 2s - batch_cost: 0.0129 - reader cost: 1.0962e-04
197/348 [===============>..............] - ETA: 1s - batch_cost: 0.0129 - reader cost: 1.0739e-04
202/348 [================>.............] - ETA: 1s - batch_cost: 0.0129 - reader cost: 1.0969e-04
206/348 [================>.............] - ETA: 1s - batch_cost: 0.0129 - reader cost: 1.1245e-04
210/348 [=================>............] - ETA: 1s - batch_cost: 0.0129 - reader cost: 1.1031e-04
215/348 [=================>............] - ETA: 1s - batch_cost: 0.0129 - reader cost: 1.0775e-04
220/348 [=================>............] - ETA: 1s - batch_cost: 0.0129 - reader cost: 1.0530e-04
224/348 [==================>...........] - ETA: 1s - batch_cost: 0.0129 - reader cost: 1.0342e-04
228/348 [==================>...........] - ETA: 1s - batch_cost: 0.0129 - reader cost: 1.0384e-04
232/348 [===================>..........] - ETA: 1s - batch_cost: 0.0129 - reader cost: 1.0205e-04
236/348 [===================>..........] - ETA: 1s - batch_cost: 0.0129 - reader cost: 1.0032e-04
241/348 [===================>..........] - ETA: 1s - batch_cost: 0.0129 - reader cost: 1.0236e-04
245/348 [====================>.........] - ETA: 1s - batch_cost: 0.0129 - reader cost: 1.0069e-04
249/348 [====================>.........] - ETA: 1s - batch_cost: 0.0129 - reader cost: 9.9074e-05
254/348 [====================>.........] - ETA: 1s - batch_cost: 0.0129 - reader cost: 9.7124e-05
259/348 [=====================>........] - ETA: 1s - batch_cost: 0.0129 - reader cost: 9.5249e-05
264/348 [=====================>........] - ETA: 1s - batch_cost: 0.0128 - reader cost: 9.3445e-05
269/348 [======================>.......] - ETA: 1s - batch_cost: 0.0128 - reader cost: 9.1708e-05
274/348 [======================>.......] - ETA: 0s - batch_cost: 0.0128 - reader cost: 9.0034e-05
279/348 [=======================>......] - ETA: 0s - batch_cost: 0.0128 - reader cost: 8.8421e-05
284/348 [=======================>......] - ETA: 0s - batch_cost: 0.0127 - reader cost: 8.6864e-05
289/348 [=======================>......] - ETA: 0s - batch_cost: 0.0127 - reader cost: 8.5361e-05
294/348 [========================>.....] - ETA: 0s - batch_cost: 0.0127 - reader cost: 8.5654e-05
298/348 [========================>.....] - ETA: 0s - batch_cost: 0.0127 - reader cost: 8.4504e-05
303/348 [=========================>....] - ETA: 0s - batch_cost: 0.0127 - reader cost: 8.3110e-05
308/348 [=========================>....] - ETA: 0s - batch_cost: 0.0127 - reader cost: 8.1761e-05
313/348 [=========================>....] - ETA: 0s - batch_cost: 0.0127 - reader cost: 8.0454e-05
318/348 [==========================>...] - ETA: 0s - batch_cost: 0.0127 - reader cost: 8.2559e-05
322/348 [==========================>...] - ETA: 0s - batch_cost: 0.0127 - reader cost: 8.4639e-05
326/348 [===========================>..] - ETA: 0s - batch_cost: 0.0127 - reader cost: 8.6662e-05
330/348 [===========================>..] - ETA: 0s - batch_cost: 0.0127 - reader cost: 8.5612e-05
334/348 [===========================>..] - ETA: 0s - batch_cost: 0.0127 - reader cost: 8.4586e-05
338/348 [============================>.] - ETA: 0s - batch_cost: 0.0128 - reader cost: 8.3585e-05
342/348 [============================>.] - ETA: 0s - batch_cost: 0.0128 - reader cost: 8.2608e-05
347/348 [============================>.] - ETA: 0s - batch_cost: 0.0127 - reader cost: 8.4300e-05
348/348 [==============================] - 4s 13ms/step - batch_cost: 0.0127 - reader cost: 8.4058e-05

  1/348 [..............................] - ETA: 8s - batch_cost: 0.0237 - reader cost: 0.0081
  5/348 [..............................] - ETA: 5s - batch_cost: 0.0156 - reader cost: 0.0018
 10/348 [..............................] - ETA: 4s - batch_cost: 0.0133 - reader cost: 9.0728e-04
 15/348 [>.............................] - ETA: 4s - batch_cost: 0.0128 - reader cost: 6.0485e-04
 19/348 [>.............................] - ETA: 4s - batch_cost: 0.0132 - reader cost: 4.7751e-04
 23/348 [>.............................] - ETA: 4s - batch_cost: 0.0133 - reader cost: 3.9447e-04
 28/348 [=>............................] - ETA: 4s - batch_cost: 0.0130 - reader cost: 3.2403e-04
 33/348 [=>............................] - ETA: 4s - batch_cost: 0.0128 - reader cost: 2.7493e-04
 38/348 [==>...........................] - ETA: 4s - batch_cost: 0.0128 - reader cost: 2.5668e-04
 42/348 [==>...........................] - ETA: 3s - batch_cost: 0.0128 - reader cost: 2.3224e-04
 47/348 [===>..........................] - ETA: 3s - batch_cost: 0.0127 - reader cost: 2.0753e-04
 52/348 [===>..........................] - ETA: 3s - batch_cost: 0.0127 - reader cost: 1.8758e-04
 56/348 [===>..........................] - ETA: 3s - batch_cost: 0.0127 - reader cost: 1.7418e-04
 61/348 [====>.........................] - ETA: 3s - batch_cost: 0.0126 - reader cost: 1.5990e-04
 66/348 [====>.........................] - ETA: 3s - batch_cost: 0.0126 - reader cost: 1.4779e-04
 71/348 [=====>........................] - ETA: 3s - batch_cost: 0.0125 - reader cost: 1.3738e-04
 76/348 [=====>........................] - ETA: 3s - batch_cost: 0.0125 - reader cost: 1.2834e-04
 80/348 [=====>........................] - ETA: 3s - batch_cost: 0.0125 - reader cost: 1.2192e-04
 85/348 [======>.......................] - ETA: 3s - batch_cost: 0.0125 - reader cost: 1.1475e-04
 89/348 [======>.......................] - ETA: 3s - batch_cost: 0.0125 - reader cost: 1.2094e-04
 93/348 [=======>......................] - ETA: 3s - batch_cost: 0.0125 - reader cost: 1.2113e-04
 98/348 [=======>......................] - ETA: 3s - batch_cost: 0.0125 - reader cost: 1.2515e-04
103/348 [=======>......................] - ETA: 3s - batch_cost: 0.0125 - reader cost: 1.1908e-04
108/348 [========>.....................] - ETA: 3s - batch_cost: 0.0125 - reader cost: 1.1356e-04
112/348 [========>.....................] - ETA: 2s - batch_cost: 0.0125 - reader cost: 1.0951e-04
116/348 [=========>....................] - ETA: 2s - batch_cost: 0.0125 - reader cost: 1.0573e-04
121/348 [=========>....................] - ETA: 2s - batch_cost: 0.0125 - reader cost: 1.0136e-04
125/348 [=========>....................] - ETA: 2s - batch_cost: 0.0125 - reader cost: 1.0614e-04
130/348 [==========>...................] - ETA: 2s - batch_cost: 0.0125 - reader cost: 1.0206e-04
134/348 [==========>...................] - ETA: 2s - batch_cost: 0.0125 - reader cost: 9.9013e-05
139/348 [==========>...................] - ETA: 2s - batch_cost: 0.0125 - reader cost: 9.5451e-05
143/348 [===========>..................] - ETA: 2s - batch_cost: 0.0125 - reader cost: 9.2782e-05
148/348 [===========>..................] - ETA: 2s - batch_cost: 0.0125 - reader cost: 8.9647e-05
152/348 [============>.................] - ETA: 2s - batch_cost: 0.0125 - reader cost: 8.7288e-05
157/348 [============>.................] - ETA: 2s - batch_cost: 0.0124 - reader cost: 8.4508e-05
161/348 [============>.................] - ETA: 2s - batch_cost: 0.0125 - reader cost: 8.8653e-05
166/348 [=============>................] - ETA: 2s - batch_cost: 0.0125 - reader cost: 8.5983e-05
171/348 [=============>................] - ETA: 2s - batch_cost: 0.0124 - reader cost: 8.3469e-05
176/348 [==============>...............] - ETA: 2s - batch_cost: 0.0124 - reader cost: 8.1098e-05
181/348 [==============>...............] - ETA: 2s - batch_cost: 0.0124 - reader cost: 7.8857e-05
186/348 [===============>..............] - ETA: 2s - batch_cost: 0.0124 - reader cost: 7.6737e-05
190/348 [===============>..............] - ETA: 1s - batch_cost: 0.0124 - reader cost: 8.0373e-05
195/348 [===============>..............] - ETA: 1s - batch_cost: 0.0123 - reader cost: 7.8313e-05
199/348 [================>.............] - ETA: 1s - batch_cost: 0.0123 - reader cost: 7.6738e-05
204/348 [================>.............] - ETA: 1s - batch_cost: 0.0123 - reader cost: 7.4858e-05
208/348 [================>.............] - ETA: 1s - batch_cost: 0.0124 - reader cost: 7.3418e-05
212/348 [=================>............] - ETA: 1s - batch_cost: 0.0124 - reader cost: 7.2033e-05
216/348 [=================>............] - ETA: 1s - batch_cost: 0.0124 - reader cost: 7.0699e-05
221/348 [==================>...........] - ETA: 1s - batch_cost: 0.0124 - reader cost: 6.9099e-05
226/348 [==================>...........] - ETA: 1s - batch_cost: 0.0124 - reader cost: 7.2031e-05
231/348 [==================>...........] - ETA: 1s - batch_cost: 0.0124 - reader cost: 7.4795e-05
236/348 [===================>..........] - ETA: 1s - batch_cost: 0.0123 - reader cost: 7.9585e-05
241/348 [===================>..........] - ETA: 1s - batch_cost: 0.0123 - reader cost: 7.7934e-05
245/348 [====================>.........] - ETA: 1s - batch_cost: 0.0123 - reader cost: 8.0742e-05
249/348 [====================>.........] - ETA: 1s - batch_cost: 0.0123 - reader cost: 7.9445e-05
253/348 [====================>.........] - ETA: 1s - batch_cost: 0.0124 - reader cost: 8.2161e-05
257/348 [=====================>........] - ETA: 1s - batch_cost: 0.0124 - reader cost: 8.0882e-05
261/348 [=====================>........] - ETA: 1s - batch_cost: 0.0124 - reader cost: 8.6920e-05
265/348 [=====================>........] - ETA: 1s - batch_cost: 0.0124 - reader cost: 8.5608e-05
270/348 [======================>.......] - ETA: 0s - batch_cost: 0.0124 - reader cost: 8.4023e-05
275/348 [======================>.......] - ETA: 0s - batch_cost: 0.0124 - reader cost: 8.2495e-05
279/348 [=======================>......] - ETA: 0s - batch_cost: 0.0124 - reader cost: 8.1313e-05
284/348 [=======================>......] - ETA: 0s - batch_cost: 0.0124 - reader cost: 8.3482e-05
289/348 [=======================>......] - ETA: 0s - batch_cost: 0.0124 - reader cost: 8.2037e-05
293/348 [========================>.....] - ETA: 0s - batch_cost: 0.0124 - reader cost: 8.0917e-05
297/348 [========================>.....] - ETA: 0s - batch_cost: 0.0124 - reader cost: 7.9828e-05
302/348 [=========================>....] - ETA: 0s - batch_cost: 0.0124 - reader cost: 7.8506e-05
306/348 [=========================>....] - ETA: 0s - batch_cost: 0.0124 - reader cost: 7.7480e-05
310/348 [=========================>....] - ETA: 0s - batch_cost: 0.0124 - reader cost: 7.6480e-05
314/348 [==========================>...] - ETA: 0s - batch_cost: 0.0124 - reader cost: 7.5506e-05
319/348 [==========================>...] - ETA: 0s - batch_cost: 0.0124 - reader cost: 7.7465e-05
323/348 [==========================>...] - ETA: 0s - batch_cost: 0.0124 - reader cost: 8.0953e-05
328/348 [===========================>..] - ETA: 0s - batch_cost: 0.0124 - reader cost: 7.9719e-05
332/348 [===========================>..] - ETA: 0s - batch_cost: 0.0124 - reader cost: 7.8759e-05
336/348 [===========================>..] - ETA: 0s - batch_cost: 0.0124 - reader cost: 7.7821e-05
340/348 [============================>.] - ETA: 0s - batch_cost: 0.0124 - reader cost: 7.6905e-05
344/348 [============================>.] - ETA: 0s - batch_cost: 0.0124 - reader cost: 7.7475e-05
348/348 [==============================] - 4s 13ms/step - batch_cost: 0.0124 - reader cost: 7.6584e-05

  1/348 [..............................] - ETA: 9s - batch_cost: 0.0282 - reader cost: 0.0100
  4/348 [..............................] - ETA: 7s - batch_cost: 0.0216 - reader cost: 0.0025
  8/348 [..............................] - ETA: 6s - batch_cost: 0.0193 - reader cost: 0.0014
 11/348 [..............................] - ETA: 6s - batch_cost: 0.0188 - reader cost: 0.0010
 15/348 [>.............................] - ETA: 5s - batch_cost: 0.0176 - reader cost: 7.7559e-04
 19/348 [>.............................] - ETA: 5s - batch_cost: 0.0172 - reader cost: 6.1231e-04
 22/348 [>.............................] - ETA: 5s - batch_cost: 0.0173 - reader cost: 5.2881e-04
 25/348 [=>............................] - ETA: 5s - batch_cost: 0.0175 - reader cost: 4.6535e-04
 28/348 [=>............................] - ETA: 5s - batch_cost: 0.0177 - reader cost: 4.1550e-04
 31/348 [=>............................] - ETA: 5s - batch_cost: 0.0177 - reader cost: 3.7529e-04
 34/348 [=>............................] - ETA: 5s - batch_cost: 0.0176 - reader cost: 3.4217e-04
 37/348 [==>...........................] - ETA: 5s - batch_cost: 0.0176 - reader cost: 3.1443e-04
 41/348 [==>...........................] - ETA: 5s - batch_cost: 0.0174 - reader cost: 3.0829e-04
 45/348 [==>...........................] - ETA: 5s - batch_cost: 0.0172 - reader cost: 3.0311e-04
 48/348 [===>..........................] - ETA: 5s - batch_cost: 0.0173 - reader cost: 2.8417e-04
 52/348 [===>..........................] - ETA: 5s - batch_cost: 0.0172 - reader cost: 2.8154e-04
 55/348 [===>..........................] - ETA: 5s - batch_cost: 0.0172 - reader cost: 2.6619e-04
 59/348 [====>.........................] - ETA: 5s - batch_cost: 0.0171 - reader cost: 2.4814e-04
 62/348 [====>.........................] - ETA: 4s - batch_cost: 0.0172 - reader cost: 2.3613e-04
 66/348 [====>.........................] - ETA: 4s - batch_cost: 0.0171 - reader cost: 2.2182e-04
 70/348 [=====>........................] - ETA: 4s - batch_cost: 0.0170 - reader cost: 2.0915e-04
 74/348 [=====>........................] - ETA: 4s - batch_cost: 0.0170 - reader cost: 2.1137e-04
 77/348 [=====>........................] - ETA: 4s - batch_cost: 0.0170 - reader cost: 2.0314e-04
 81/348 [=====>........................] - ETA: 4s - batch_cost: 0.0169 - reader cost: 1.9310e-04
 85/348 [======>.......................] - ETA: 4s - batch_cost: 0.0169 - reader cost: 1.8402e-04
 89/348 [======>.......................] - ETA: 4s - batch_cost: 0.0168 - reader cost: 1.7575e-04
 93/348 [=======>......................] - ETA: 4s - batch_cost: 0.0168 - reader cost: 1.6819e-04
 96/348 [=======>......................] - ETA: 4s - batch_cost: 0.0168 - reader cost: 1.6293e-04
100/348 [=======>......................] - ETA: 4s - batch_cost: 0.0167 - reader cost: 1.5641e-04
104/348 [=======>......................] - ETA: 4s - batch_cost: 0.0166 - reader cost: 1.5040e-04
108/348 [========>.....................] - ETA: 4s - batch_cost: 0.0166 - reader cost: 1.4483e-04
112/348 [========>.....................] - ETA: 3s - batch_cost: 0.0165 - reader cost: 1.4856e-04
116/348 [=========>....................] - ETA: 3s - batch_cost: 0.0165 - reader cost: 1.4344e-04
119/348 [=========>....................] - ETA: 3s - batch_cost: 0.0165 - reader cost: 1.4814e-04
122/348 [=========>....................] - ETA: 3s - batch_cost: 0.0165 - reader cost: 1.4450e-04
126/348 [=========>....................] - ETA: 3s - batch_cost: 0.0165 - reader cost: 1.4785e-04
130/348 [==========>...................] - ETA: 3s - batch_cost: 0.0164 - reader cost: 1.5098e-04
133/348 [==========>...................] - ETA: 3s - batch_cost: 0.0165 - reader cost: 1.5606e-04
136/348 [==========>...................] - ETA: 3s - batch_cost: 0.0165 - reader cost: 1.5262e-04
140/348 [===========>..................] - ETA: 3s - batch_cost: 0.0165 - reader cost: 1.6253e-04
143/348 [===========>..................] - ETA: 3s - batch_cost: 0.0165 - reader cost: 1.5912e-04
147/348 [===========>..................] - ETA: 3s - batch_cost: 0.0165 - reader cost: 1.5479e-04
150/348 [===========>..................] - ETA: 3s - batch_cost: 0.0165 - reader cost: 1.5169e-04
154/348 [============>.................] - ETA: 3s - batch_cost: 0.0165 - reader cost: 1.6138e-04
157/348 [============>.................] - ETA: 3s - batch_cost: 0.0165 - reader cost: 1.5830e-04
160/348 [============>.................] - ETA: 3s - batch_cost: 0.0165 - reader cost: 1.5533e-04
163/348 [=============>................] - ETA: 3s - batch_cost: 0.0165 - reader cost: 1.5561e-04
167/348 [=============>................] - ETA: 3s - batch_cost: 0.0165 - reader cost: 1.5188e-04
170/348 [=============>................] - ETA: 2s - batch_cost: 0.0165 - reader cost: 1.4920e-04
173/348 [=============>................] - ETA: 2s - batch_cost: 0.0166 - reader cost: 1.4662e-04
177/348 [==============>...............] - ETA: 2s - batch_cost: 0.0166 - reader cost: 1.4330e-04
180/348 [==============>...............] - ETA: 2s - batch_cost: 0.0166 - reader cost: 1.4091e-04
183/348 [==============>...............] - ETA: 2s - batch_cost: 0.0166 - reader cost: 1.3860e-04
187/348 [===============>..............] - ETA: 2s - batch_cost: 0.0166 - reader cost: 1.3564e-04
190/348 [===============>..............] - ETA: 2s - batch_cost: 0.0166 - reader cost: 1.3350e-04
194/348 [===============>..............] - ETA: 2s - batch_cost: 0.0166 - reader cost: 1.3074e-04
198/348 [================>.............] - ETA: 2s - batch_cost: 0.0165 - reader cost: 1.2810e-04
201/348 [================>.............] - ETA: 2s - batch_cost: 0.0165 - reader cost: 1.2619e-04
205/348 [================>.............] - ETA: 2s - batch_cost: 0.0165 - reader cost: 1.2373e-04
209/348 [=================>............] - ETA: 2s - batch_cost: 0.0165 - reader cost: 1.2615e-04
212/348 [=================>............] - ETA: 2s - batch_cost: 0.0165 - reader cost: 1.2908e-04
216/348 [=================>............] - ETA: 2s - batch_cost: 0.0165 - reader cost: 1.2669e-04
219/348 [=================>............] - ETA: 2s - batch_cost: 0.0165 - reader cost: 1.2496e-04
222/348 [==================>...........] - ETA: 2s - batch_cost: 0.0165 - reader cost: 1.2327e-04
225/348 [==================>...........] - ETA: 2s - batch_cost: 0.0165 - reader cost: 1.2163e-04
228/348 [==================>...........] - ETA: 2s - batch_cost: 0.0165 - reader cost: 1.2003e-04
231/348 [==================>...........] - ETA: 1s - batch_cost: 0.0166 - reader cost: 1.2069e-04
235/348 [===================>..........] - ETA: 1s - batch_cost: 0.0166 - reader cost: 1.2289e-04
238/348 [===================>..........] - ETA: 1s - batch_cost: 0.0166 - reader cost: 1.2134e-04
241/348 [===================>..........] - ETA: 1s - batch_cost: 0.0166 - reader cost: 1.2607e-04
245/348 [====================>.........] - ETA: 1s - batch_cost: 0.0166 - reader cost: 1.2810e-04
249/348 [====================>.........] - ETA: 1s - batch_cost: 0.0166 - reader cost: 1.2604e-04
252/348 [====================>.........] - ETA: 1s - batch_cost: 0.0166 - reader cost: 1.2851e-04
256/348 [=====================>........] - ETA: 1s - batch_cost: 0.0166 - reader cost: 1.2650e-04
260/348 [=====================>........] - ETA: 1s - batch_cost: 0.0166 - reader cost: 1.2842e-04
263/348 [=====================>........] - ETA: 1s - batch_cost: 0.0166 - reader cost: 1.2696e-04
266/348 [=====================>........] - ETA: 1s - batch_cost: 0.0166 - reader cost: 1.2751e-04
269/348 [======================>.......] - ETA: 1s - batch_cost: 0.0166 - reader cost: 1.2609e-04
273/348 [======================>.......] - ETA: 1s - batch_cost: 0.0166 - reader cost: 1.2424e-04
276/348 [======================>.......] - ETA: 1s - batch_cost: 0.0166 - reader cost: 1.2289e-04
280/348 [=======================>......] - ETA: 1s - batch_cost: 0.0166 - reader cost: 1.2114e-04
284/348 [=======================>......] - ETA: 1s - batch_cost: 0.0166 - reader cost: 1.1943e-04
287/348 [=======================>......] - ETA: 1s - batch_cost: 0.0166 - reader cost: 1.1818e-04
291/348 [========================>.....] - ETA: 0s - batch_cost: 0.0166 - reader cost: 1.1834e-04
295/348 [========================>.....] - ETA: 0s - batch_cost: 0.0166 - reader cost: 1.1673e-04
298/348 [========================>.....] - ETA: 0s - batch_cost: 0.0166 - reader cost: 1.1556e-04
302/348 [=========================>....] - ETA: 0s - batch_cost: 0.0166 - reader cost: 1.1403e-04
306/348 [=========================>....] - ETA: 0s - batch_cost: 0.0166 - reader cost: 1.1254e-04
309/348 [=========================>....] - ETA: 0s - batch_cost: 0.0166 - reader cost: 1.1144e-04
313/348 [=========================>....] - ETA: 0s - batch_cost: 0.0166 - reader cost: 1.1002e-04
317/348 [==========================>...] - ETA: 0s - batch_cost: 0.0166 - reader cost: 1.0863e-04
320/348 [==========================>...] - ETA: 0s - batch_cost: 0.0166 - reader cost: 1.0761e-04
323/348 [==========================>...] - ETA: 0s - batch_cost: 0.0166 - reader cost: 1.0661e-04
327/348 [===========================>..] - ETA: 0s - batch_cost: 0.0166 - reader cost: 1.0531e-04
331/348 [===========================>..] - ETA: 0s - batch_cost: 0.0166 - reader cost: 1.0404e-04
334/348 [===========================>..] - ETA: 0s - batch_cost: 0.0166 - reader cost: 1.0310e-04
337/348 [============================>.] - ETA: 0s - batch_cost: 0.0166 - reader cost: 1.0219e-04
340/348 [============================>.] - ETA: 0s - batch_cost: 0.0166 - reader cost: 1.0128e-04
343/348 [============================>.] - ETA: 0s - batch_cost: 0.0166 - reader cost: 1.0482e-04
348/348 [==============================] - 6s 17ms/step - batch_cost: 0.0165 - reader cost: 1.0331e-04

  1/348 [..............................] - ETA: 8s - batch_cost: 0.0256 - reader cost: 0.0115
  5/348 [..............................] - ETA: 5s - batch_cost: 0.0164 - reader cost: 0.0024
 10/348 [..............................] - ETA: 4s - batch_cost: 0.0142 - reader cost: 0.0012
 15/348 [>.............................] - ETA: 4s - batch_cost: 0.0134 - reader cost: 7.9926e-04
 20/348 [>.............................] - ETA: 4s - batch_cost: 0.0128 - reader cost: 5.9944e-04
 25/348 [=>............................] - ETA: 4s - batch_cost: 0.0126 - reader cost: 4.7956e-04
 29/348 [=>............................] - ETA: 4s - batch_cost: 0.0126 - reader cost: 4.1341e-04
 34/348 [=>............................] - ETA: 3s - batch_cost: 0.0123 - reader cost: 3.8409e-04
 39/348 [==>...........................] - ETA: 3s - batch_cost: 0.0121 - reader cost: 3.8637e-04
 44/348 [==>...........................] - ETA: 3s - batch_cost: 0.0120 - reader cost: 3.4246e-04
 49/348 [===>..........................] - ETA: 3s - batch_cost: 0.0119 - reader cost: 3.0752e-04
 53/348 [===>..........................] - ETA: 3s - batch_cost: 0.0121 - reader cost: 2.8431e-04
 57/348 [===>..........................] - ETA: 3s - batch_cost: 0.0121 - reader cost: 2.9072e-04
 61/348 [====>.........................] - ETA: 3s - batch_cost: 0.0121 - reader cost: 2.7166e-04
 64/348 [====>.........................] - ETA: 3s - batch_cost: 0.0123 - reader cost: 2.5893e-04
 68/348 [====>.........................] - ETA: 3s - batch_cost: 0.0123 - reader cost: 2.5829e-04
 73/348 [=====>........................] - ETA: 3s - batch_cost: 0.0123 - reader cost: 2.4060e-04
 78/348 [=====>........................] - ETA: 3s - batch_cost: 0.0123 - reader cost: 2.2517e-04
 82/348 [======>.......................] - ETA: 3s - batch_cost: 0.0124 - reader cost: 2.2037e-04
 87/348 [======>.......................] - ETA: 3s - batch_cost: 0.0124 - reader cost: 2.3073e-04
 90/348 [======>.......................] - ETA: 3s - batch_cost: 0.0125 - reader cost: 2.2304e-04
 94/348 [=======>......................] - ETA: 3s - batch_cost: 0.0126 - reader cost: 2.1354e-04
 98/348 [=======>......................] - ETA: 3s - batch_cost: 0.0127 - reader cost: 2.2552e-04
102/348 [=======>......................] - ETA: 3s - batch_cost: 0.0128 - reader cost: 2.1667e-04
105/348 [========>.....................] - ETA: 3s - batch_cost: 0.0130 - reader cost: 2.1048e-04
109/348 [========>.....................] - ETA: 3s - batch_cost: 0.0131 - reader cost: 2.0276e-04
114/348 [========>.....................] - ETA: 3s - batch_cost: 0.0131 - reader cost: 1.9387e-04
118/348 [=========>....................] - ETA: 3s - batch_cost: 0.0131 - reader cost: 1.8729e-04
122/348 [=========>....................] - ETA: 2s - batch_cost: 0.0131 - reader cost: 1.8937e-04
126/348 [=========>....................] - ETA: 2s - batch_cost: 0.0131 - reader cost: 1.8750e-04
130/348 [==========>...................] - ETA: 2s - batch_cost: 0.0131 - reader cost: 1.8173e-04
135/348 [==========>...................] - ETA: 2s - batch_cost: 0.0131 - reader cost: 1.7500e-04
140/348 [===========>..................] - ETA: 2s - batch_cost: 0.0131 - reader cost: 1.6875e-04
145/348 [===========>..................] - ETA: 2s - batch_cost: 0.0130 - reader cost: 1.6983e-04
150/348 [===========>..................] - ETA: 2s - batch_cost: 0.0129 - reader cost: 1.6417e-04
155/348 [============>.................] - ETA: 2s - batch_cost: 0.0129 - reader cost: 1.6538e-04
160/348 [============>.................] - ETA: 2s - batch_cost: 0.0129 - reader cost: 1.6647e-04
165/348 [=============>................] - ETA: 2s - batch_cost: 0.0129 - reader cost: 1.6142e-04
169/348 [=============>................] - ETA: 2s - batch_cost: 0.0129 - reader cost: 1.5760e-04
173/348 [=============>................] - ETA: 2s - batch_cost: 0.0129 - reader cost: 1.5979e-04
177/348 [==============>...............] - ETA: 2s - batch_cost: 0.0129 - reader cost: 1.5902e-04
181/348 [==============>...............] - ETA: 2s - batch_cost: 0.0130 - reader cost: 1.5551e-04
185/348 [==============>...............] - ETA: 2s - batch_cost: 0.0130 - reader cost: 1.5215e-04
188/348 [===============>..............] - ETA: 2s - batch_cost: 0.0130 - reader cost: 1.4972e-04
192/348 [===============>..............] - ETA: 2s - batch_cost: 0.0131 - reader cost: 1.4660e-04
195/348 [===============>..............] - ETA: 2s - batch_cost: 0.0132 - reader cost: 1.4947e-04
199/348 [================>.............] - ETA: 1s - batch_cost: 0.0132 - reader cost: 1.4647e-04
203/348 [================>.............] - ETA: 1s - batch_cost: 0.0133 - reader cost: 1.4358e-04
206/348 [================>.............] - ETA: 1s - batch_cost: 0.0133 - reader cost: 1.4149e-04
209/348 [=================>............] - ETA: 1s - batch_cost: 0.0134 - reader cost: 1.4424e-04
213/348 [=================>............] - ETA: 1s - batch_cost: 0.0134 - reader cost: 1.4153e-04
217/348 [=================>............] - ETA: 1s - batch_cost: 0.0134 - reader cost: 1.3892e-04
221/348 [==================>...........] - ETA: 1s - batch_cost: 0.0135 - reader cost: 1.3641e-04
225/348 [==================>...........] - ETA: 1s - batch_cost: 0.0135 - reader cost: 1.3398e-04
229/348 [==================>...........] - ETA: 1s - batch_cost: 0.0134 - reader cost: 1.3603e-04
233/348 [===================>..........] - ETA: 1s - batch_cost: 0.0134 - reader cost: 1.3369e-04
237/348 [===================>..........] - ETA: 1s - batch_cost: 0.0135 - reader cost: 1.3144e-04
242/348 [===================>..........] - ETA: 1s - batch_cost: 0.0135 - reader cost: 1.2872e-04
247/348 [====================>.........] - ETA: 1s - batch_cost: 0.0134 - reader cost: 1.2611e-04
252/348 [====================>.........] - ETA: 1s - batch_cost: 0.0134 - reader cost: 1.2759e-04
257/348 [=====================>........] - ETA: 1s - batch_cost: 0.0133 - reader cost: 1.2511e-04
261/348 [=====================>........] - ETA: 1s - batch_cost: 0.0133 - reader cost: 1.2319e-04
265/348 [=====================>........] - ETA: 1s - batch_cost: 0.0133 - reader cost: 1.2133e-04
268/348 [======================>.......] - ETA: 1s - batch_cost: 0.0134 - reader cost: 1.2368e-04