[2026/10/01 13:37:01] WARNING: Add the `num_classes` in train_dataset and val_dataset config to model config. We suggest you manually set `num_classes` in model config.
[2026/10/01 13:37:01] INFO: 
------------Environment Information-------------
platform: Windows-11-10.0.26200-SP0
Python: 3.12.10 (tags/v3.12.10:0cc8128, Apr  8 2025, 12:21:36) [MSC v.1943 64 bit (AMD64)]
Paddle compiled with cuda: True
NVCC: Build cuda_13.4.r13.4/compiler.38657139_0
cudnn: 90.9
GPUs used: 1
CUDA_VISIBLE_DEVICES: None
GPU: ['GPU 0: NVIDIA GeForce']
PaddleSeg: 0.0.0.dev0
PaddlePaddle: 3.4.0
OpenCV: 4.11.0
------------------------------------------------
[2026/10/01 13:37:01] INFO: 
---------------Config Information---------------
batch_size: 4
iters: 20
train_dataset:
  dataset_root: C:/Users/user/algolab_data
  mode: train
  num_classes: 2
  train_path: C:/Users/user/algolab_data/train.txt
  transforms:
  - max_scale_factor: 1.25
    min_scale_factor: 0.75
    scale_step_size: 0.25
    type: ResizeStepScaling
  - crop_size:
    - 400
    - 400
    type: RandomPaddingCrop
  - type: RandomHorizontalFlip
  - brightness_range: 0.5
    contrast_range: 0.5
    saturation_range: 0.5
    type: RandomDistort
  - type: Normalize
  type: Dataset
val_dataset:
  dataset_root: C:/Users/user/algolab_data
  mode: val
  num_classes: 2
  transforms:
  - type: Normalize
  type: Dataset
  val_path: C:/Users/user/algolab_data/val.txt
optimizer:
  beta1: 0.9
  beta2: 0.999
  type: AdamW
  weight_decay: 0.01
lr_scheduler:
  end_lr: 0.0
  learning_rate: 6.0e-05
  power: 1
  type: PolynomialDecay
loss:
  coef:
  - 1
  types:
  - type: CrossEntropyLoss
model:
  backbone:
    type: HRNet_W18
  backbone_indices:
  - 0
  num_classes: 2
  type: OCRNet
------------------------------------------------

[2026/10/01 13:37:01] INFO: Set device: gpu
[2026/10/01 13:37:01] INFO: Use the following config to build model
model:
  backbone:
    type: HRNet_W18
  backbone_indices:
  - 0
  num_classes: 2
  type: OCRNet
WARNING: Logging before InitGoogleLogging() is written to STDERR
W1001 13:37:01.689520  4380 gpu_resources.cc:116] Please NOTE: device: 0, GPU Compute Capability: 12.0, Driver API Version: 13.2, Runtime API Version: 12.9
[2026/10/01 13:37:02] INFO: Use the following config to build train_dataset
train_dataset:
  dataset_root: C:/Users/user/algolab_data
  mode: train
  num_classes: 2
  train_path: C:/Users/user/algolab_data/train.txt
  transforms:
  - max_scale_factor: 1.25
    min_scale_factor: 0.75
    scale_step_size: 0.25
    type: ResizeStepScaling
  - crop_size:
    - 400
    - 400
    type: RandomPaddingCrop
  - type: RandomHorizontalFlip
  - brightness_range: 0.5
    contrast_range: 0.5
    saturation_range: 0.5
    type: RandomDistort
  - type: Normalize
  type: Dataset
[2026/10/01 13:37:02] INFO: Use the following config to build val_dataset
val_dataset:
  dataset_root: C:/Users/user/algolab_data
  mode: val
  num_classes: 2
  transforms:
  - type: Normalize
  type: Dataset
  val_path: C:/Users/user/algolab_data/val.txt
[2026/10/01 13:37:02] INFO: Use the following config to build optimizer
optimizer:
  beta1: 0.9
  beta2: 0.999
  type: AdamW
  weight_decay: 0.01
[2026/10/01 13:37:02] INFO: Use the following config to build loss
loss:
  coef:
  - 1
  types:
  - type: CrossEntropyLoss
C:\venv_bisenet\Lib\site-packages\paddle\nn\layer\norm.py:885: UserWarning: When training, we now always track global mean and variance.
  warnings.warn(
Traceback (most recent call last):
  File "C:\local_wave2src\tools\train.py", line 252, in <module>
    main(args)
  File "C:\local_wave2src\tools\train.py", line 222, in main
    train(model,
  File "C:\local_wave2src\paddleseg\core\train.py", line 259, in train
    loss_list = loss_computation(logits_list=logits_list,
                ^^^^^^^^^^^^^^^^^^^^^^^^^^^^^^^^^^^^^^^^^
  File "C:\local_wave2src\paddleseg\core\train.py", line 45, in loss_computation
    check_logits_losses(logits_list, losses)
  File "C:\local_wave2src\paddleseg\core\train.py", line 39, in check_logits_losses
    raise RuntimeError(
RuntimeError: The length of logits_list should equal to the types of loss config: 2 != 1.
