[2026/10/01 13:08:01] INFO: 
------------Environment Information-------------
platform: Windows-11-10.0.26200-SP0
Python: 3.12.10 (tags/v3.12.10:0cc8128, Apr  8 2025, 12:21:36) [MSC v.1943 64 bit (AMD64)]
Paddle compiled with cuda: True
NVCC: Build cuda_13.4.r13.4/compiler.38657139_0
cudnn: 90.9
GPUs used: 1
CUDA_VISIBLE_DEVICES: None
GPU: ['GPU 0: NVIDIA GeForce']
PaddleSeg: 0.0.0.dev0
PaddlePaddle: 3.4.0
OpenCV: 4.11.0
------------------------------------------------
[2026/10/01 13:08:01] INFO: 
---------------Config Information---------------
batch_size: 4
iters: 20
train_dataset:
  dataset_root: C:/Users/user/algolab_data
  mode: train
  num_classes: 2
  train_path: C:/Users/user/algolab_data/train.txt
  transforms:
  - max_scale_factor: 1.25
    min_scale_factor: 0.75
    scale_step_size: 0.25
    type: ResizeStepScaling
  - crop_size:
    - 400
    - 400
    type: RandomPaddingCrop
  - type: RandomHorizontalFlip
  - brightness_range: 0.5
    contrast_range: 0.5
    saturation_range: 0.5
    type: RandomDistort
  - type: Normalize
  type: Dataset
val_dataset:
  dataset_root: C:/Users/user/algolab_data
  mode: val
  num_classes: 2
  transforms:
  - type: Normalize
  type: Dataset
  val_path: C:/Users/user/algolab_data/val.txt
optimizer:
  beta1: 0.9
  beta2: 0.999
  type: AdamW
  weight_decay: 0.01
lr_scheduler:
  end_lr: 0.0
  learning_rate: 6.0e-05
  power: 1
  type: PolynomialDecay
loss:
  coef:
  - 1
  types:
  - type: CrossEntropyLoss
model:
  backbone:
    pretrained: https://bj.bcebos.com/paddleseg/dygraph/backbone/mix_vision_transformer_b0.tar.gz
    type: MixVisionTransformer_B0
  embedding_dim: 256
  num_classes: 2
  type: SegFormer
------------------------------------------------

[2026/10/01 13:08:01] INFO: Set device: gpu
[2026/10/01 13:08:01] INFO: Use the following config to build model
model:
  backbone:
    pretrained: https://bj.bcebos.com/paddleseg/dygraph/backbone/mix_vision_transformer_b0.tar.gz
    type: MixVisionTransformer_B0
  embedding_dim: 256
  num_classes: 2
  type: SegFormer
WARNING: Logging before InitGoogleLogging() is written to STDERR
W1001 13:08:01.343822 43152 gpu_resources.cc:116] Please NOTE: device: 0, GPU Compute Capability: 12.0, Driver API Version: 13.2, Runtime API Version: 12.9
[2026/10/01 13:08:01] INFO: Loading pretrained model from https://bj.bcebos.com/paddleseg/dygraph/backbone/mix_vision_transformer_b0.tar.gz
[2026/10/01 13:08:01] INFO: There are 176/176 variables loaded into MixVisionTransformer.
[2026/10/01 13:08:01] INFO: Use the following config to build train_dataset
train_dataset:
  dataset_root: C:/Users/user/algolab_data
  mode: train
  num_classes: 2
  train_path: C:/Users/user/algolab_data/train.txt
  transforms:
  - max_scale_factor: 1.25
    min_scale_factor: 0.75
    scale_step_size: 0.25
    type: ResizeStepScaling
  - crop_size:
    - 400
    - 400
    type: RandomPaddingCrop
  - type: RandomHorizontalFlip
  - brightness_range: 0.5
    contrast_range: 0.5
    saturation_range: 0.5
    type: RandomDistort
  - type: Normalize
  type: Dataset
[2026/10/01 13:08:01] INFO: Use the following config to build val_dataset
val_dataset:
  dataset_root: C:/Users/user/algolab_data
  mode: val
  num_classes: 2
  transforms:
  - type: Normalize
  type: Dataset
  val_path: C:/Users/user/algolab_data/val.txt
[2026/10/01 13:08:01] INFO: Use the following config to build optimizer
optimizer:
  beta1: 0.9
  beta2: 0.999
  type: AdamW
  weight_decay: 0.01
[2026/10/01 13:08:01] INFO: Use the following config to build loss
loss:
  coef:
  - 1
  types:
  - type: CrossEntropyLoss
C:\venv_bisenet\Lib\site-packages\paddle\nn\layer\norm.py:885: UserWarning: When training, we now always track global mean and variance.
  warnings.warn(
[2026/10/01 13:08:03] INFO: [TRAIN] epoch: 1, iter: 10/20, loss: 0.8884, lr: 0.000033, batch_cost: 0.1929, reader_cost: 0.01156, ips: 20.7338 samples/sec, max_mem_reserved: 1219 MB, max_mem_allocated: 1081 MB | ETA 00:00:01
[2026/10/01 13:08:04] INFO: [TRAIN] epoch: 1, iter: 20/20, loss: 0.7385, lr: 0.000003, batch_cost: 0.0555, reader_cost: 0.00010, ips: 72.0614 samples/sec, max_mem_reserved: 1219 MB, max_mem_allocated: 1081 MB | ETA 00:00:00
[2026/10/01 13:08:04] INFO: Start evaluating (total_samples: 348, total_iters: 348)...

  1/348 [..............................] - ETA: 32s - batch_cost: 0.0928 - reader cost: 0.0115
  6/348 [..............................] - ETA: 8s - batch_cost: 0.0249 - reader cost: 0.0019 
 11/348 [..............................] - ETA: 6s - batch_cost: 0.0194 - reader cost: 0.0010
 15/348 [>.............................] - ETA: 6s - batch_cost: 0.0183 - reader cost: 7.6741e-04
 19/348 [>.............................] - ETA: 5s - batch_cost: 0.0178 - reader cost: 7.1153e-04
 23/348 [>.............................] - ETA: 5s - batch_cost: 0.0172 - reader cost: 5.8778e-04
 27/348 [=>............................] - ETA: 5s - batch_cost: 0.0169 - reader cost: 5.0071e-04
 31/348 [=>............................] - ETA: 5s - batch_cost: 0.0166 - reader cost: 4.5285e-04
 35/348 [==>...........................] - ETA: 5s - batch_cost: 0.0163 - reader cost: 4.0109e-04
 39/348 [==>...........................] - ETA: 4s - batch_cost: 0.0161 - reader cost: 3.5996e-04
 43/348 [==>...........................] - ETA: 4s - batch_cost: 0.0158 - reader cost: 3.4973e-04
 47/348 [===>..........................] - ETA: 4s - batch_cost: 0.0157 - reader cost: 3.1996e-04
 51/348 [===>..........................] - ETA: 4s - batch_cost: 0.0156 - reader cost: 2.9487e-04
 55/348 [===>..........................] - ETA: 4s - batch_cost: 0.0154 - reader cost: 2.7342e-04
 58/348 [====>.........................] - ETA: 4s - batch_cost: 0.0156 - reader cost: 2.5928e-04
 61/348 [====>.........................] - ETA: 4s - batch_cost: 0.0157 - reader cost: 2.4653e-04
 65/348 [====>.........................] - ETA: 4s - batch_cost: 0.0157 - reader cost: 2.4674e-04
 69/348 [====>.........................] - ETA: 4s - batch_cost: 0.0157 - reader cost: 2.3244e-04
 73/348 [=====>........................] - ETA: 4s - batch_cost: 0.0157 - reader cost: 2.1970e-04
 77/348 [=====>........................] - ETA: 4s - batch_cost: 0.0156 - reader cost: 2.0829e-04
 81/348 [=====>........................] - ETA: 4s - batch_cost: 0.0157 - reader cost: 2.1046e-04
 85/348 [======>.......................] - ETA: 4s - batch_cost: 0.0157 - reader cost: 2.2412e-04
 89/348 [======>.......................] - ETA: 4s - batch_cost: 0.0156 - reader cost: 2.1405e-04
 93/348 [=======>......................] - ETA: 3s - batch_cost: 0.0155 - reader cost: 2.0485e-04
 97/348 [=======>......................] - ETA: 3s - batch_cost: 0.0154 - reader cost: 1.9640e-04
101/348 [=======>......................] - ETA: 3s - batch_cost: 0.0154 - reader cost: 1.8862e-04
105/348 [========>.....................] - ETA: 3s - batch_cost: 0.0153 - reader cost: 1.8143e-04
109/348 [========>.....................] - ETA: 3s - batch_cost: 0.0152 - reader cost: 1.7478e-04
113/348 [========>.....................] - ETA: 3s - batch_cost: 0.0151 - reader cost: 1.7744e-04
116/348 [=========>....................] - ETA: 3s - batch_cost: 0.0152 - reader cost: 1.8149e-04
120/348 [=========>....................] - ETA: 3s - batch_cost: 0.0152 - reader cost: 1.7544e-04
123/348 [=========>....................] - ETA: 3s - batch_cost: 0.0153 - reader cost: 1.7116e-04
127/348 [=========>....................] - ETA: 3s - batch_cost: 0.0153 - reader cost: 1.7370e-04
131/348 [==========>...................] - ETA: 3s - batch_cost: 0.0152 - reader cost: 1.6839e-04
135/348 [==========>...................] - ETA: 3s - batch_cost: 0.0152 - reader cost: 1.6341e-04
139/348 [==========>...................] - ETA: 3s - batch_cost: 0.0151 - reader cost: 1.5870e-04
143/348 [===========>..................] - ETA: 3s - batch_cost: 0.0151 - reader cost: 1.5426e-04
147/348 [===========>..................] - ETA: 3s - batch_cost: 0.0151 - reader cost: 1.5007e-04
151/348 [============>.................] - ETA: 2s - batch_cost: 0.0151 - reader cost: 1.4609e-04
155/348 [============>.................] - ETA: 2s - batch_cost: 0.0151 - reader cost: 1.4232e-04
159/348 [============>.................] - ETA: 2s - batch_cost: 0.0151 - reader cost: 1.3874e-04
163/348 [=============>................] - ETA: 2s - batch_cost: 0.0151 - reader cost: 1.3534e-04
167/348 [=============>................] - ETA: 2s - batch_cost: 0.0151 - reader cost: 1.3810e-04
170/348 [=============>................] - ETA: 2s - batch_cost: 0.0151 - reader cost: 1.4156e-04
174/348 [==============>...............] - ETA: 2s - batch_cost: 0.0151 - reader cost: 1.3831e-04
178/348 [==============>...............] - ETA: 2s - batch_cost: 0.0151 - reader cost: 1.3832e-04
182/348 [==============>...............] - ETA: 2s - batch_cost: 0.0151 - reader cost: 1.3528e-04
186/348 [===============>..............] - ETA: 2s - batch_cost: 0.0151 - reader cost: 1.3237e-04
190/348 [===============>..............] - ETA: 2s - batch_cost: 0.0150 - reader cost: 1.3490e-04
194/348 [===============>..............] - ETA: 2s - batch_cost: 0.0151 - reader cost: 1.3727e-04
198/348 [================>.............] - ETA: 2s - batch_cost: 0.0151 - reader cost: 1.3955e-04
202/348 [================>.............] - ETA: 2s - batch_cost: 0.0151 - reader cost: 1.3678e-04
206/348 [================>.............] - ETA: 2s - batch_cost: 0.0151 - reader cost: 1.3413e-04
210/348 [=================>............] - ETA: 2s - batch_cost: 0.0150 - reader cost: 1.3157e-04
213/348 [=================>............] - ETA: 2s - batch_cost: 0.0151 - reader cost: 1.2972e-04
217/348 [=================>............] - ETA: 1s - batch_cost: 0.0150 - reader cost: 1.2733e-04
221/348 [==================>...........] - ETA: 1s - batch_cost: 0.0150 - reader cost: 1.2502e-04
225/348 [==================>...........] - ETA: 1s - batch_cost: 0.0150 - reader cost: 1.2280e-04
229/348 [==================>...........] - ETA: 1s - batch_cost: 0.0150 - reader cost: 1.2066e-04
233/348 [===================>..........] - ETA: 1s - batch_cost: 0.0149 - reader cost: 1.1858e-04
237/348 [===================>..........] - ETA: 1s - batch_cost: 0.0149 - reader cost: 1.1658e-04
241/348 [===================>..........] - ETA: 1s - batch_cost: 0.0149 - reader cost: 1.1883e-04
245/348 [====================>.........] - ETA: 1s - batch_cost: 0.0149 - reader cost: 1.1689e-04
249/348 [====================>.........] - ETA: 1s - batch_cost: 0.0149 - reader cost: 1.1501e-04
253/348 [====================>.........] - ETA: 1s - batch_cost: 0.0149 - reader cost: 1.1319e-04
257/348 [=====================>........] - ETA: 1s - batch_cost: 0.0148 - reader cost: 1.1532e-04
261/348 [=====================>........] - ETA: 1s - batch_cost: 0.0148 - reader cost: 1.1355e-04
265/348 [=====================>........] - ETA: 1s - batch_cost: 0.0148 - reader cost: 1.1184e-04
269/348 [======================>.......] - ETA: 1s - batch_cost: 0.0148 - reader cost: 1.1017e-04
273/348 [======================>.......] - ETA: 1s - batch_cost: 0.0148 - reader cost: 1.0856e-04
277/348 [======================>.......] - ETA: 1s - batch_cost: 0.0148 - reader cost: 1.0699e-04
281/348 [=======================>......] - ETA: 0s - batch_cost: 0.0148 - reader cost: 1.0547e-04
285/348 [=======================>......] - ETA: 0s - batch_cost: 0.0148 - reader cost: 1.0399e-04
289/348 [=======================>......] - ETA: 0s - batch_cost: 0.0147 - reader cost: 1.0255e-04
294/348 [========================>.....] - ETA: 0s - batch_cost: 0.0147 - reader cost: 1.0081e-04
298/348 [========================>.....] - ETA: 0s - batch_cost: 0.0147 - reader cost: 9.9453e-05
302/348 [=========================>....] - ETA: 0s - batch_cost: 0.0147 - reader cost: 9.8135e-05
306/348 [=========================>....] - ETA: 0s - batch_cost: 0.0146 - reader cost: 1.0015e-04
310/348 [=========================>....] - ETA: 0s - batch_cost: 0.0146 - reader cost: 1.0208e-04
314/348 [==========================>...] - ETA: 0s - batch_cost: 0.0147 - reader cost: 1.0078e-04
318/348 [==========================>...] - ETA: 0s - batch_cost: 0.0147 - reader cost: 9.9516e-05
322/348 [==========================>...] - ETA: 0s - batch_cost: 0.0147 - reader cost: 9.8280e-05
326/348 [===========================>..] - ETA: 0s - batch_cost: 0.0147 - reader cost: 1.0017e-04
330/348 [===========================>..] - ETA: 0s - batch_cost: 0.0147 - reader cost: 9.8955e-05
333/348 [===========================>..] - ETA: 0s - batch_cost: 0.0147 - reader cost: 9.8064e-05
336/348 [===========================>..] - ETA: 0s - batch_cost: 0.0147 - reader cost: 9.7188e-05
340/348 [============================>.] - ETA: 0s - batch_cost: 0.0147 - reader cost: 1.0064e-04
344/348 [============================>.] - ETA: 0s - batch_cost: 0.0147 - reader cost: 9.9470e-05
348/348 [==============================] - 5s 15ms/step - batch_cost: 0.0147 - reader cost: 9.8326e-05
[2026/10/01 13:08:09] INFO: [EVAL] #Images: 348 mIoU: 0.5389 Acc: 0.9217 Kappa: 0.2306 Dice: 0.6152
[2026/10/01 13:08:09] INFO: [EVAL] Class IoU: 
[0.9205 0.1573]
[2026/10/01 13:08:09] INFO: [EVAL] Class Precision: 
[0.9559 0.2862]
[2026/10/01 13:08:09] INFO: [EVAL] Class Recall: 
[0.9614 0.2588]
[2026/10/01 13:08:09] INFO: Start evaluating (total_samples: 348, total_iters: 348)...

  1/348 [..............................] - ETA: 9s - batch_cost: 0.0282 - reader cost: 0.0100
  5/348 [..............................] - ETA: 5s - batch_cost: 0.0173 - reader cost: 0.0020
  9/348 [..............................] - ETA: 5s - batch_cost: 0.0164 - reader cost: 0.0011
 13/348 [>.............................] - ETA: 5s - batch_cost: 0.0167 - reader cost: 7.7083e-04
 17/348 [>.............................] - ETA: 5s - batch_cost: 0.0166 - reader cost: 5.8945e-04
 21/348 [>.............................] - ETA: 5s - batch_cost: 0.0164 - reader cost: 4.7718e-04
 25/348 [=>............................] - ETA: 5s - batch_cost: 0.0161 - reader cost: 4.0083e-04
 29/348 [=>............................] - ETA: 5s - batch_cost: 0.0160 - reader cost: 3.8001e-04
 33/348 [=>............................] - ETA: 5s - batch_cost: 0.0159 - reader cost: 3.4965e-04
 37/348 [==>...........................] - ETA: 4s - batch_cost: 0.0156 - reader cost: 3.1185e-04
 41/348 [==>...........................] - ETA: 4s - batch_cost: 0.0155 - reader cost: 2.8143e-04
 45/348 [==>...........................] - ETA: 4s - batch_cost: 0.0155 - reader cost: 2.5641e-04
 49/348 [===>..........................] - ETA: 4s - batch_cost: 0.0155 - reader cost: 2.3548e-04
 53/348 [===>..........................] - ETA: 4s - batch_cost: 0.0155 - reader cost: 2.3665e-04
 57/348 [===>..........................] - ETA: 4s - batch_cost: 0.0155 - reader cost: 2.2004e-04
 61/348 [====>.........................] - ETA: 4s - batch_cost: 0.0154 - reader cost: 2.0561e-04
 65/348 [====>.........................] - ETA: 4s - batch_cost: 0.0152 - reader cost: 1.9296e-04
 69/348 [====>.........................] - ETA: 4s - batch_cost: 0.0152 - reader cost: 1.9626e-04
 73/348 [=====>........................] - ETA: 4s - batch_cost: 0.0151 - reader cost: 1.8551e-04
 77/348 [=====>........................] - ETA: 4s - batch_cost: 0.0150 - reader cost: 1.7587e-04
 81/348 [=====>........................] - ETA: 4s - batch_cost: 0.0149 - reader cost: 1.6719e-04
 85/348 [======>.......................] - ETA: 3s - batch_cost: 0.0149 - reader cost: 1.7118e-04
 89/348 [======>.......................] - ETA: 3s - batch_cost: 0.0149 - reader cost: 1.6349e-04
 93/348 [=======>......................] - ETA: 3s - batch_cost: 0.0149 - reader cost: 1.5646e-04
 96/348 [=======>......................] - ETA: 3s - batch_cost: 0.0150 - reader cost: 1.5157e-04
100/348 [=======>......................] - ETA: 3s - batch_cost: 0.0149 - reader cost: 1.5560e-04
104/348 [=======>......................] - ETA: 3s - batch_cost: 0.0148 - reader cost: 1.4961e-04
108/348 [========>.....................] - ETA: 3s - batch_cost: 0.0148 - reader cost: 1.4407e-04
112/348 [========>.....................] - ETA: 3s - batch_cost: 0.0148 - reader cost: 1.3893e-04
116/348 [=========>....................] - ETA: 3s - batch_cost: 0.0148 - reader cost: 1.3414e-04
120/348 [=========>....................] - ETA: 3s - batch_cost: 0.0147 - reader cost: 1.2966e-04
124/348 [=========>....................] - ETA: 3s - batch_cost: 0.0147 - reader cost: 1.2548e-04
128/348 [==========>...................] - ETA: 3s - batch_cost: 0.0147 - reader cost: 1.2156e-04
132/348 [==========>...................] - ETA: 3s - batch_cost: 0.0147 - reader cost: 1.2186e-04
136/348 [==========>...................] - ETA: 3s - batch_cost: 0.0147 - reader cost: 1.1827e-04
140/348 [===========>..................] - ETA: 3s - batch_cost: 0.0147 - reader cost: 1.1489e-04
144/348 [===========>..................] - ETA: 3s - batch_cost: 0.0147 - reader cost: 1.1170e-04
148/348 [===========>..................] - ETA: 2s - batch_cost: 0.0146 - reader cost: 1.0868e-04
152/348 [============>.................] - ETA: 2s - batch_cost: 0.0147 - reader cost: 1.0582e-04
156/348 [============>.................] - ETA: 2s - batch_cost: 0.0147 - reader cost: 1.0311e-04
160/348 [============>.................] - ETA: 2s - batch_cost: 0.0147 - reader cost: 1.0372e-04
164/348 [=============>................] - ETA: 2s - batch_cost: 0.0147 - reader cost: 1.0119e-04
168/348 [=============>................] - ETA: 2s - batch_cost: 0.0147 - reader cost: 9.8783e-05
172/348 [=============>................] - ETA: 2s - batch_cost: 0.0147 - reader cost: 1.0230e-04
176/348 [==============>...............] - ETA: 2s - batch_cost: 0.0148 - reader cost: 9.9972e-05
180/348 [==============>...............] - ETA: 2s - batch_cost: 0.0148 - reader cost: 9.7750e-05
184/348 [==============>...............] - ETA: 2s - batch_cost: 0.0147 - reader cost: 9.5625e-05
188/348 [===============>..............] - ETA: 2s - batch_cost: 0.0147 - reader cost: 9.8909e-05
192/348 [===============>..............] - ETA: 2s - batch_cost: 0.0147 - reader cost: 9.6849e-05
196/348 [===============>..............] - ETA: 2s - batch_cost: 0.0147 - reader cost: 1.0506e-04
200/348 [================>.............] - ETA: 2s - batch_cost: 0.0147 - reader cost: 1.0296e-04
204/348 [================>.............] - ETA: 2s - batch_cost: 0.0147 - reader cost: 1.0094e-04
208/348 [================>.............] - ETA: 2s - batch_cost: 0.0147 - reader cost: 9.8999e-05
212/348 [=================>............] - ETA: 1s - batch_cost: 0.0146 - reader cost: 9.7131e-05
216/348 [=================>............] - ETA: 1s - batch_cost: 0.0146 - reader cost: 9.5332e-05
220/348 [=================>............] - ETA: 1s - batch_cost: 0.0146 - reader cost: 9.3599e-05
224/348 [==================>...........] - ETA: 1s - batch_cost: 0.0146 - reader cost: 9.1927e-05
228/348 [==================>...........] - ETA: 1s - batch_cost: 0.0146 - reader cost: 9.0315e-05
232/348 [===================>..........] - ETA: 1s - batch_cost: 0.0146 - reader cost: 8.8757e-05
236/348 [===================>..........] - ETA: 1s - batch_cost: 0.0145 - reader cost: 8.7253e-05
240/348 [===================>..........] - ETA: 1s - batch_cost: 0.0146 - reader cost: 8.5799e-05
243/348 [===================>..........] - ETA: 1s - batch_cost: 0.0146 - reader cost: 8.4740e-05
247/348 [====================>.........] - ETA: 1s - batch_cost: 0.0146 - reader cost: 8.3367e-05
251/348 [====================>.........] - ETA: 1s - batch_cost: 0.0146 - reader cost: 8.2039e-05
255/348 [====================>.........] - ETA: 1s - batch_cost: 0.0146 - reader cost: 8.0752e-05
259/348 [=====================>........] - ETA: 1s - batch_cost: 0.0146 - reader cost: 7.9505e-05
263/348 [=====================>........] - ETA: 1s - batch_cost: 0.0146 - reader cost: 7.8296e-05
267/348 [======================>.......] - ETA: 1s - batch_cost: 0.0146 - reader cost: 8.0869e-05
271/348 [======================>.......] - ETA: 1s - batch_cost: 0.0146 - reader cost: 7.9675e-05
276/348 [======================>.......] - ETA: 1s - batch_cost: 0.0145 - reader cost: 7.8232e-05
281/348 [=======================>......] - ETA: 0s - batch_cost: 0.0145 - reader cost: 7.6840e-05
286/348 [=======================>......] - ETA: 0s - batch_cost: 0.0144 - reader cost: 7.5496e-05
290/348 [========================>.....] - ETA: 0s - batch_cost: 0.0144 - reader cost: 7.4455e-05
295/348 [========================>.....] - ETA: 0s - batch_cost: 0.0144 - reader cost: 7.6585e-05
299/348 [========================>.....] - ETA: 0s - batch_cost: 0.0144 - reader cost: 7.5560e-05
303/348 [=========================>....] - ETA: 0s - batch_cost: 0.0144 - reader cost: 7.4563e-05
306/348 [=========================>....] - ETA: 0s - batch_cost: 0.0144 - reader cost: 7.3832e-05
310/348 [=========================>....] - ETA: 0s - batch_cost: 0.0144 - reader cost: 7.2879e-05
314/348 [==========================>...] - ETA: 0s - batch_cost: 0.0144 - reader cost: 7.3776e-05
318/348 [==========================>...] - ETA: 0s - batch_cost: 0.0145 - reader cost: 7.2848e-05
322/348 [==========================>...] - ETA: 0s - batch_cost: 0.0145 - reader cost: 7.1943e-05
326/348 [===========================>..] - ETA: 0s - batch_cost: 0.0145 - reader cost: 7.1060e-05
329/348 [===========================>..] - ETA: 0s - batch_cost: 0.0145 - reader cost: 7.0412e-05
333/348 [===========================>..] - ETA: 0s - batch_cost: 0.0145 - reader cost: 6.9567e-05
336/348 [===========================>..] - ETA: 0s - batch_cost: 0.0146 - reader cost: 6.8946e-05
339/348 [============================>.] - ETA: 0s - batch_cost: 0.0146 - reader cost: 6.8335e-05
342/348 [============================>.] - ETA: 0s - batch_cost: 0.0146 - reader cost: 7.3586e-05
346/348 [============================>.] - ETA: 0s - batch_cost: 0.0146 - reader cost: 7.2735e-05
348/348 [==============================] - 5s 15ms/step - batch_cost: 0.0146 - reader cost: 7.2317e-05
[2026/10/01 13:08:14] INFO: [EVAL] #Images: 348 mIoU: 0.5123 Acc: 0.9131 Kappa: 0.1564 Dice: 0.5782
[2026/10/01 13:08:14] INFO: [EVAL] Class IoU: 
[0.9121 0.1125]
[2026/10/01 13:08:14] INFO: [EVAL] Class Precision: 
[0.952  0.2099]
[2026/10/01 13:08:14] INFO: [EVAL] Class Recall: 
[0.956  0.1952]
[2026/10/01 13:08:14] INFO: [EVAL] The model with the best validation mIoU (0.5389) was saved at iter 20.
[2026/10/01 13:08:14] INFO: [EVAL] The EMA model with the best validation mIoU (0.5123) was saved at iter 20.
<class 'paddle.nn.layer.conv.Conv2D'>'s flops has been counted
Cannot find suitable count function for <class 'paddle.nn.layer.norm.LayerNorm'>. Treat it as zero FLOPs.
<class 'paddle.nn.layer.common.Linear'>'s flops has been counted
<class 'paddle.nn.layer.common.Dropout'>'s flops has been counted
Cannot find suitable count function for <class 'paddleseg.models.backbones.transformer_utils.Identity'>. Treat it as zero FLOPs.
Cannot find suitable count function for <class 'paddle.nn.layer.activation.GELU'>. Treat it as zero FLOPs.
Cannot find suitable count function for <class 'paddleseg.models.backbones.transformer_utils.DropPath'>. Treat it as zero FLOPs.
Cannot find suitable count function for <class 'paddle.nn.layer.common.Dropout2D'>. Treat it as zero FLOPs.
<class 'paddle.nn.layer.norm.BatchNorm2D'>'s flops has been counted
<class 'paddle.nn.layer.activation.ReLU'>'s flops has been counted
Total Flops: 4135182528     Total Params: 3715170
