[2026/10/07 21:12:48] INFO: 
------------Environment Information-------------
platform: Windows-11-10.0.26200-SP0
Python: 3.12.10 (tags/v3.12.10:0cc8128, Apr  8 2025, 12:21:36) [MSC v.1943 64 bit (AMD64)]
Paddle compiled with cuda: True
NVCC: Build cuda_13.4.r13.4/compiler.38657139_0
cudnn: 90.9
GPUs used: 1
CUDA_VISIBLE_DEVICES: None
GPU: ['GPU 0: NVIDIA GeForce']
PaddleSeg: 0.0.0.dev0
PaddlePaddle: 3.4.0
OpenCV: 4.11.0
------------------------------------------------
[2026/10/07 21:12:48] INFO: 
---------------Config Information---------------
batch_size: 4
iters: 18000
train_dataset:
  dataset_root: C:/Users/user/algolab_data
  mode: train
  num_classes: 2
  train_path: C:/Users/user/algolab_data/train.txt
  transforms:
  - max_scale_factor: 1.25
    min_scale_factor: 0.75
    scale_step_size: 0.25
    type: ResizeStepScaling
  - crop_size:
    - 400
    - 400
    type: RandomPaddingCrop
  - type: RandomHorizontalFlip
  - brightness_range: 0.5
    contrast_range: 0.5
    saturation_range: 0.5
    type: RandomDistort
  - type: Normalize
  type: Dataset
val_dataset:
  dataset_root: C:/Users/user/algolab_data
  mode: val
  num_classes: 2
  transforms:
  - type: Normalize
  type: Dataset
  val_path: C:/Users/user/algolab_data/val.txt
optimizer:
  beta1: 0.9
  beta2: 0.999
  type: AdamW
  weight_decay: 0.01
lr_scheduler:
  end_lr: 0.0
  learning_rate: 6.0e-05
  power: 1
  type: PolynomialDecay
loss:
  coef:
  - 1
  types:
  - type: CrossEntropyLoss
model:
  backbone:
    pretrained: https://bj.bcebos.com/paddleseg/dygraph/backbone/mix_vision_transformer_b0.tar.gz
    type: MixVisionTransformer_B0
  decoder_variant: uafm
  embedding_dim: 256
  num_classes: 2
  type: SegFormer
------------------------------------------------

[2026/10/07 21:12:48] INFO: Set device: gpu
[2026/10/07 21:12:48] INFO: Use the following config to build model
model:
  backbone:
    pretrained: https://bj.bcebos.com/paddleseg/dygraph/backbone/mix_vision_transformer_b0.tar.gz
    type: MixVisionTransformer_B0
  decoder_variant: uafm
  embedding_dim: 256
  num_classes: 2
  type: SegFormer
[2026/10/07 21:12:48] INFO: Loading pretrained model from https://bj.bcebos.com/paddleseg/dygraph/backbone/mix_vision_transformer_b0.tar.gz
[2026/10/07 21:12:48] INFO: There are 176/176 variables loaded into MixVisionTransformer.
[2026/10/07 21:12:48] INFO: Use the following config to build train_dataset
train_dataset:
  dataset_root: C:/Users/user/algolab_data
  mode: train
  num_classes: 2
  train_path: C:/Users/user/algolab_data/train.txt
  transforms:
  - max_scale_factor: 1.25
    min_scale_factor: 0.75
    scale_step_size: 0.25
    type: ResizeStepScaling
  - crop_size:
    - 400
    - 400
    type: RandomPaddingCrop
  - type: RandomHorizontalFlip
  - brightness_range: 0.5
    contrast_range: 0.5
    saturation_range: 0.5
    type: RandomDistort
  - type: Normalize
  type: Dataset
[2026/10/07 21:12:48] INFO: Use the following config to build val_dataset
val_dataset:
  dataset_root: C:/Users/user/algolab_data
  mode: val
  num_classes: 2
  transforms:
  - type: Normalize
  type: Dataset
  val_path: C:/Users/user/algolab_data/val.txt
[2026/10/07 21:12:48] INFO: Use the following config to build optimizer
optimizer:
  beta1: 0.9
  beta2: 0.999
  type: AdamW
  weight_decay: 0.01
[2026/10/07 21:12:48] INFO: Use the following config to build loss
loss:
  coef:
  - 1
  types:
  - type: CrossEntropyLoss
[2026/10/07 21:12:59] INFO: [TRAIN] epoch: 1, iter: 100/18000, loss: 0.2836, lr: 0.000060, batch_cost: 0.0922, reader_cost: 0.00104, ips: 43.3629 samples/sec, max_mem_reserved: 1680 MB, max_mem_allocated: 1339 MB | ETA 00:27:31
[2026/10/07 21:13:09] INFO: [TRAIN] epoch: 1, iter: 200/18000, loss: 0.1371, lr: 0.000059, batch_cost: 0.0803, reader_cost: 0.00008, ips: 49.8418 samples/sec, max_mem_reserved: 1680 MB, max_mem_allocated: 1339 MB | ETA 00:23:48
[2026/10/07 21:13:19] INFO: [TRAIN] epoch: 1, iter: 300/18000, loss: 0.1133, lr: 0.000059, batch_cost: 0.0811, reader_cost: 0.00012, ips: 49.3454 samples/sec, max_mem_reserved: 1680 MB, max_mem_allocated: 1339 MB | ETA 00:23:54
[2026/10/07 21:13:29] INFO: [TRAIN] epoch: 1, iter: 400/18000, loss: 0.1088, lr: 0.000059, batch_cost: 0.0807, reader_cost: 0.00012, ips: 49.5600 samples/sec, max_mem_reserved: 1680 MB, max_mem_allocated: 1339 MB | ETA 00:23:40
[2026/10/07 21:13:39] INFO: [TRAIN] epoch: 2, iter: 500/18000, loss: 0.1075, lr: 0.000058, batch_cost: 0.0802, reader_cost: 0.00053, ips: 49.8596 samples/sec, max_mem_reserved: 1680 MB, max_mem_allocated: 1339 MB | ETA 00:23:23
[2026/10/07 21:13:49] INFO: [TRAIN] epoch: 2, iter: 600/18000, loss: 0.1160, lr: 0.000058, batch_cost: 0.0803, reader_cost: 0.00011, ips: 49.8094 samples/sec, max_mem_reserved: 1680 MB, max_mem_allocated: 1339 MB | ETA 00:23:17
[2026/10/07 21:13:58] INFO: [TRAIN] epoch: 2, iter: 700/18000, loss: 0.1200, lr: 0.000058, batch_cost: 0.0800, reader_cost: 0.00004, ips: 50.0083 samples/sec, max_mem_reserved: 1680 MB, max_mem_allocated: 1339 MB | ETA 00:23:03
[2026/10/07 21:14:08] INFO: [TRAIN] epoch: 2, iter: 800/18000, loss: 0.1108, lr: 0.000057, batch_cost: 0.0808, reader_cost: 0.00011, ips: 49.4990 samples/sec, max_mem_reserved: 1680 MB, max_mem_allocated: 1339 MB | ETA 00:23:09
[2026/10/07 21:14:18] INFO: [TRAIN] epoch: 2, iter: 900/18000, loss: 0.0979, lr: 0.000057, batch_cost: 0.0809, reader_cost: 0.00007, ips: 49.4342 samples/sec, max_mem_reserved: 1680 MB, max_mem_allocated: 1339 MB | ETA 00:23:03
[2026/10/07 21:14:28] INFO: [TRAIN] epoch: 3, iter: 1000/18000, loss: 0.0915, lr: 0.000057, batch_cost: 0.0812, reader_cost: 0.00051, ips: 49.2744 samples/sec, max_mem_reserved: 1680 MB, max_mem_allocated: 1339 MB | ETA 00:23:00
[2026/10/07 21:14:28] INFO: Start evaluating (total_samples: 348, total_iters: 348)...
[2026/10/07 21:14:34] INFO: [EVAL] #Images: 348 mIoU: 0.8077 Acc: 0.9762 Kappa: 0.7682 Dice: 0.8841
[2026/10/07 21:14:34] INFO: [EVAL] Class IoU: 
[0.9752 0.6403]
[2026/10/07 21:14:34] INFO: [EVAL] Class Precision: 
[0.9851 0.8145]
[2026/10/07 21:14:34] INFO: [EVAL] Class Recall: 
[0.9898 0.7497]
[2026/10/07 21:14:34] INFO: Start evaluating (total_samples: 348, total_iters: 348)...
[2026/10/07 21:14:40] INFO: [EVAL] #Images: 348 mIoU: 0.7944 Acc: 0.9741 Kappa: 0.7485 Dice: 0.8743
[2026/10/07 21:14:40] INFO: [EVAL] Class IoU: 
[0.973  0.6158]
[2026/10/07 21:14:40] INFO: [EVAL] Class Precision: 
[0.9842 0.7908]
[2026/10/07 21:14:40] INFO: [EVAL] Class Recall: 
[0.9884 0.7356]
[2026/10/07 21:14:41] INFO: [EVAL] The model with the best validation mIoU (0.8077) was saved at iter 1000.
[2026/10/07 21:14:41] INFO: [EVAL] The EMA model with the best validation mIoU (0.7944) was saved at iter 1000.
[2026/10/07 21:14:50] INFO: [TRAIN] epoch: 3, iter: 1100/18000, loss: 0.0775, lr: 0.000056, batch_cost: 0.0812, reader_cost: 0.00004, ips: 49.2759 samples/sec, max_mem_reserved: 1680 MB, max_mem_allocated: 1339 MB | ETA 00:22:51
[2026/10/07 21:15:01] INFO: [TRAIN] epoch: 3, iter: 1200/18000, loss: 0.0995, lr: 0.000056, batch_cost: 0.0848, reader_cost: 0.00008, ips: 47.1556 samples/sec, max_mem_reserved: 1680 MB, max_mem_allocated: 1339 MB | ETA 00:23:45
[2026/10/07 21:15:12] INFO: [TRAIN] epoch: 3, iter: 1300/18000, loss: 0.0956, lr: 0.000056, batch_cost: 0.0898, reader_cost: 0.00007, ips: 44.5545 samples/sec, max_mem_reserved: 1680 MB, max_mem_allocated: 1339 MB | ETA 00:24:59
[2026/10/07 21:15:21] INFO: [TRAIN] epoch: 3, iter: 1400/18000, loss: 0.0841, lr: 0.000055, batch_cost: 0.0820, reader_cost: 0.00005, ips: 48.7614 samples/sec, max_mem_reserved: 1680 MB, max_mem_allocated: 1339 MB | ETA 00:22:41
[2026/10/07 21:15:30] INFO: [TRAIN] epoch: 4, iter: 1500/18000, loss: 0.0840, lr: 0.000055, batch_cost: 0.0764, reader_cost: 0.00057, ips: 52.3895 samples/sec, max_mem_reserved: 1680 MB, max_mem_allocated: 1339 MB | ETA 00:20:59
[2026/10/07 21:15:38] INFO: [TRAIN] epoch: 4, iter: 1600/18000, loss: 0.0839, lr: 0.000055, batch_cost: 0.0768, reader_cost: 0.00005, ips: 52.0690 samples/sec, max_mem_reserved: 1680 MB, max_mem_allocated: 1339 MB | ETA 00:20:59
[2026/10/07 21:15:47] INFO: [TRAIN] epoch: 4, iter: 1700/18000, loss: 0.0681, lr: 0.000054, batch_cost: 0.0770, reader_cost: 0.00006, ips: 51.9287 samples/sec, max_mem_reserved: 1680 MB, max_mem_allocated: 1339 MB | ETA 00:20:55
[2026/10/07 21:15:56] INFO: [TRAIN] epoch: 4, iter: 1800/18000, loss: 0.0810, lr: 0.000054, batch_cost: 0.0771, reader_cost: 0.00007, ips: 51.8739 samples/sec, max_mem_reserved: 1680 MB, max_mem_allocated: 1339 MB | ETA 00:20:49
[2026/10/07 21:16:04] INFO: [TRAIN] epoch: 5, iter: 1900/18000, loss: 0.0916, lr: 0.000054, batch_cost: 0.0778, reader_cost: 0.00051, ips: 51.4369 samples/sec, max_mem_reserved: 1680 MB, max_mem_allocated: 1339 MB | ETA 00:20:52
[2026/10/07 21:16:13] INFO: [TRAIN] epoch: 5, iter: 2000/18000, loss: 0.0744, lr: 0.000053, batch_cost: 0.0773, reader_cost: 0.00006, ips: 51.7499 samples/sec, max_mem_reserved: 1680 MB, max_mem_allocated: 1339 MB | ETA 00:20:36
[2026/10/07 21:16:13] INFO: Start evaluating (total_samples: 348, total_iters: 348)...
[2026/10/07 21:16:18] INFO: [EVAL] #Images: 348 mIoU: 0.8114 Acc: 0.9768 Kappa: 0.7735 Dice: 0.8867
[2026/10/07 21:16:18] INFO: [EVAL] Class IoU: 
[0.9758 0.6471]
[2026/10/07 21:16:18] INFO: [EVAL] Class Precision: 
[0.9852 0.8228]
[2026/10/07 21:16:18] INFO: [EVAL] Class Recall: 
[0.9903 0.7518]
[2026/10/07 21:16:18] INFO: Start evaluating (total_samples: 348, total_iters: 348)...
[2026/10/07 21:16:23] INFO: [EVAL] #Images: 348 mIoU: 0.8093 Acc: 0.9762 Kappa: 0.7704 Dice: 0.8852
[2026/10/07 21:16:23] INFO: [EVAL] Class IoU: 
[0.9752 0.6434]
[2026/10/07 21:16:23] INFO: [EVAL] Class Precision: 
[0.9857 0.8077]
[2026/10/07 21:16:23] INFO: [EVAL] Class Recall: 
[0.9892 0.7597]
[2026/10/07 21:16:23] INFO: [EVAL] The model with the best validation mIoU (0.8114) was saved at iter 2000.
[2026/10/07 21:16:23] INFO: [EVAL] The EMA model with the best validation mIoU (0.8093) was saved at iter 2000.
[2026/10/07 21:16:31] INFO: [TRAIN] epoch: 5, iter: 2100/18000, loss: 0.0864, lr: 0.000053, batch_cost: 0.0766, reader_cost: 0.00004, ips: 52.2211 samples/sec, max_mem_reserved: 1680 MB, max_mem_allocated: 1339 MB | ETA 00:20:17
[2026/10/07 21:16:40] INFO: [TRAIN] epoch: 5, iter: 2200/18000, loss: 0.0800, lr: 0.000053, batch_cost: 0.0772, reader_cost: 0.00006, ips: 51.8456 samples/sec, max_mem_reserved: 1680 MB, max_mem_allocated: 1339 MB | ETA 00:20:19
[2026/10/07 21:16:49] INFO: [TRAIN] epoch: 5, iter: 2300/18000, loss: 0.0751, lr: 0.000052, batch_cost: 0.0765, reader_cost: 0.00011, ips: 52.2724 samples/sec, max_mem_reserved: 1680 MB, max_mem_allocated: 1339 MB | ETA 00:20:01
[2026/10/07 21:16:57] INFO: [TRAIN] epoch: 6, iter: 2400/18000, loss: 0.0773, lr: 0.000052, batch_cost: 0.0768, reader_cost: 0.00055, ips: 52.1087 samples/sec, max_mem_reserved: 1680 MB, max_mem_allocated: 1339 MB | ETA 00:19:57
[2026/10/07 21:17:06] INFO: [TRAIN] epoch: 6, iter: 2500/18000, loss: 0.0703, lr: 0.000052, batch_cost: 0.0764, reader_cost: 0.00004, ips: 52.3732 samples/sec, max_mem_reserved: 1680 MB, max_mem_allocated: 1339 MB | ETA 00:19:43
[2026/10/07 21:17:15] INFO: [TRAIN] epoch: 6, iter: 2600/18000, loss: 0.0818, lr: 0.000051, batch_cost: 0.0768, reader_cost: 0.00005, ips: 52.0888 samples/sec, max_mem_reserved: 1680 MB, max_mem_allocated: 1339 MB | ETA 00:19:42
[2026/10/07 21:17:23] INFO: [TRAIN] epoch: 6, iter: 2700/18000, loss: 0.0777, lr: 0.000051, batch_cost: 0.0773, reader_cost: 0.00006, ips: 51.7379 samples/sec, max_mem_reserved: 1680 MB, max_mem_allocated: 1339 MB | ETA 00:19:42
[2026/10/07 21:17:32] INFO: [TRAIN] epoch: 6, iter: 2800/18000, loss: 0.0765, lr: 0.000051, batch_cost: 0.0770, reader_cost: 0.00008, ips: 51.9654 samples/sec, max_mem_reserved: 1680 MB, max_mem_allocated: 1339 MB | ETA 00:19:30
[2026/10/07 21:17:41] INFO: [TRAIN] epoch: 7, iter: 2900/18000, loss: 0.0878, lr: 0.000050, batch_cost: 0.0774, reader_cost: 0.00052, ips: 51.7027 samples/sec, max_mem_reserved: 1680 MB, max_mem_allocated: 1339 MB | ETA 00:19:28
[2026/10/07 21:17:49] INFO: [TRAIN] epoch: 7, iter: 3000/18000, loss: 0.0804, lr: 0.000050, batch_cost: 0.0774, reader_cost: 0.00007, ips: 51.6626 samples/sec, max_mem_reserved: 1680 MB, max_mem_allocated: 1339 MB | ETA 00:19:21
[2026/10/07 21:17:49] INFO: Start evaluating (total_samples: 348, total_iters: 348)...
[2026/10/07 21:17:54] INFO: [EVAL] #Images: 348 mIoU: 0.8109 Acc: 0.9767 Kappa: 0.7728 Dice: 0.8864
[2026/10/07 21:17:54] INFO: [EVAL] Class IoU: 
[0.9756 0.6462]
[2026/10/07 21:17:54] INFO: [EVAL] Class Precision: 
[0.9854 0.818 ]
[2026/10/07 21:17:54] INFO: [EVAL] Class Recall: 
[0.9899 0.7547]
[2026/10/07 21:17:54] INFO: Start evaluating (total_samples: 348, total_iters: 348)...
[2026/10/07 21:17:59] INFO: [EVAL] #Images: 348 mIoU: 0.8170 Acc: 0.9773 Kappa: 0.7816 Dice: 0.8908
[2026/10/07 21:17:59] INFO: [EVAL] Class IoU: 
[0.9762 0.6579]
[2026/10/07 21:17:59] INFO: [EVAL] Class Precision: 
[0.9865 0.8145]
[2026/10/07 21:17:59] INFO: [EVAL] Class Recall: 
[0.9894 0.7738]
[2026/10/07 21:17:59] INFO: [EVAL] The model with the best validation mIoU (0.8114) was saved at iter 2000.
[2026/10/07 21:17:59] INFO: [EVAL] The EMA model with the best validation mIoU (0.8170) was saved at iter 3000.
[2026/10/07 21:18:08] INFO: [TRAIN] epoch: 7, iter: 3100/18000, loss: 0.0697, lr: 0.000050, batch_cost: 0.0772, reader_cost: 0.00008, ips: 51.8245 samples/sec, max_mem_reserved: 1680 MB, max_mem_allocated: 1339 MB | ETA 00:19:10
[2026/10/07 21:18:16] INFO: [TRAIN] epoch: 7, iter: 3200/18000, loss: 0.0714, lr: 0.000049, batch_cost: 0.0770, reader_cost: 0.00005, ips: 51.9151 samples/sec, max_mem_reserved: 1680 MB, max_mem_allocated: 1339 MB | ETA 00:19:00
[2026/10/07 21:18:25] INFO: [TRAIN] epoch: 7, iter: 3300/18000, loss: 0.0680, lr: 0.000049, batch_cost: 0.0772, reader_cost: 0.00006, ips: 51.8242 samples/sec, max_mem_reserved: 1680 MB, max_mem_allocated: 1339 MB | ETA 00:18:54
[2026/10/07 21:18:34] INFO: [TRAIN] epoch: 8, iter: 3400/18000, loss: 0.0742, lr: 0.000049, batch_cost: 0.0774, reader_cost: 0.00055, ips: 51.6956 samples/sec, max_mem_reserved: 1680 MB, max_mem_allocated: 1339 MB | ETA 00:18:49
[2026/10/07 21:18:42] INFO: [TRAIN] epoch: 8, iter: 3500/18000, loss: 0.0734, lr: 0.000048, batch_cost: 0.0768, reader_cost: 0.00006, ips: 52.0960 samples/sec, max_mem_reserved: 1680 MB, max_mem_allocated: 1339 MB | ETA 00:18:33
[2026/10/07 21:18:51] INFO: [TRAIN] epoch: 8, iter: 3600/18000, loss: 0.0734, lr: 0.000048, batch_cost: 0.0767, reader_cost: 0.00005, ips: 52.1337 samples/sec, max_mem_reserved: 1680 MB, max_mem_allocated: 1339 MB | ETA 00:18:24
[2026/10/07 21:19:00] INFO: [TRAIN] epoch: 8, iter: 3700/18000, loss: 0.0791, lr: 0.000048, batch_cost: 0.0770, reader_cost: 0.00007, ips: 51.9439 samples/sec, max_mem_reserved: 1680 MB, max_mem_allocated: 1339 MB | ETA 00:18:21
[2026/10/07 21:19:08] INFO: [TRAIN] epoch: 9, iter: 3800/18000, loss: 0.0711, lr: 0.000047, batch_cost: 0.0772, reader_cost: 0.00044, ips: 51.8276 samples/sec, max_mem_reserved: 1680 MB, max_mem_allocated: 1339 MB | ETA 00:18:15
[2026/10/07 21:19:17] INFO: [TRAIN] epoch: 9, iter: 3900/18000, loss: 0.0677, lr: 0.000047, batch_cost: 0.0765, reader_cost: 0.00008, ips: 52.2811 samples/sec, max_mem_reserved: 1680 MB, max_mem_allocated: 1339 MB | ETA 00:17:58
[2026/10/07 21:19:26] INFO: [TRAIN] epoch: 9, iter: 4000/18000, loss: 0.0699, lr: 0.000047, batch_cost: 0.0769, reader_cost: 0.00002, ips: 52.0148 samples/sec, max_mem_reserved: 1680 MB, max_mem_allocated: 1339 MB | ETA 00:17:56
[2026/10/07 21:19:26] INFO: Start evaluating (total_samples: 348, total_iters: 348)...
[2026/10/07 21:19:30] INFO: [EVAL] #Images: 348 mIoU: 0.8258 Acc: 0.9782 Kappa: 0.7940 Dice: 0.8970
[2026/10/07 21:19:30] INFO: [EVAL] Class IoU: 
[0.9772 0.6744]
[2026/10/07 21:19:30] INFO: [EVAL] Class Precision: 
[0.988  0.8127]
[2026/10/07 21:19:30] INFO: [EVAL] Class Recall: 
[0.989  0.7985]
[2026/10/07 21:19:30] INFO: Start evaluating (total_samples: 348, total_iters: 348)...
[2026/10/07 21:19:35] INFO: [EVAL] #Images: 348 mIoU: 0.8209 Acc: 0.9777 Kappa: 0.7872 Dice: 0.8936
[2026/10/07 21:19:35] INFO: [EVAL] Class IoU: 
[0.9767 0.6652]
[2026/10/07 21:19:35] INFO: [EVAL] Class Precision: 
[0.9871 0.8137]
[2026/10/07 21:19:35] INFO: [EVAL] Class Recall: 
[0.9892 0.7848]
[2026/10/07 21:19:35] INFO: [EVAL] The model with the best validation mIoU (0.8258) was saved at iter 4000.
[2026/10/07 21:19:35] INFO: [EVAL] The EMA model with the best validation mIoU (0.8209) was saved at iter 4000.
[2026/10/07 21:19:44] INFO: [TRAIN] epoch: 9, iter: 4100/18000, loss: 0.0783, lr: 0.000046, batch_cost: 0.0763, reader_cost: 0.00006, ips: 52.4217 samples/sec, max_mem_reserved: 1680 MB, max_mem_allocated: 1339 MB | ETA 00:17:40
[2026/10/07 21:19:52] INFO: [TRAIN] epoch: 9, iter: 4200/18000, loss: 0.0677, lr: 0.000046, batch_cost: 0.0761, reader_cost: 0.00006, ips: 52.5717 samples/sec, max_mem_reserved: 1680 MB, max_mem_allocated: 1339 MB | ETA 00:17:29
[2026/10/07 21:20:01] INFO: [TRAIN] epoch: 10, iter: 4300/18000, loss: 0.0754, lr: 0.000046, batch_cost: 0.0767, reader_cost: 0.00051, ips: 52.1740 samples/sec, max_mem_reserved: 1680 MB, max_mem_allocated: 1339 MB | ETA 00:17:30
[2026/10/07 21:20:10] INFO: [TRAIN] epoch: 10, iter: 4400/18000, loss: 0.0678, lr: 0.000045, batch_cost: 0.0771, reader_cost: 0.00008, ips: 51.8812 samples/sec, max_mem_reserved: 1680 MB, max_mem_allocated: 1339 MB | ETA 00:17:28
[2026/10/07 21:20:18] INFO: [TRAIN] epoch: 10, iter: 4500/18000, loss: 0.0785, lr: 0.000045, batch_cost: 0.0771, reader_cost: 0.00006, ips: 51.8614 samples/sec, max_mem_reserved: 1680 MB, max_mem_allocated: 1339 MB | ETA 00:17:21
[2026/10/07 21:20:27] INFO: [TRAIN] epoch: 10, iter: 4600/18000, loss: 0.0767, lr: 0.000045, batch_cost: 0.0775, reader_cost: 0.00005, ips: 51.6103 samples/sec, max_mem_reserved: 1680 MB, max_mem_allocated: 1339 MB | ETA 00:17:18
[2026/10/07 21:20:36] INFO: [TRAIN] epoch: 10, iter: 4700/18000, loss: 0.0640, lr: 0.000044, batch_cost: 0.0774, reader_cost: 0.00010, ips: 51.7081 samples/sec, max_mem_reserved: 1680 MB, max_mem_allocated: 1339 MB | ETA 00:17:08
[2026/10/07 21:20:45] INFO: [TRAIN] epoch: 11, iter: 4800/18000, loss: 0.0707, lr: 0.000044, batch_cost: 0.0775, reader_cost: 0.00052, ips: 51.5838 samples/sec, max_mem_reserved: 1680 MB, max_mem_allocated: 1339 MB | ETA 00:17:03
[2026/10/07 21:20:53] INFO: [TRAIN] epoch: 11, iter: 4900/18000, loss: 0.0655, lr: 0.000044, batch_cost: 0.0772, reader_cost: 0.00003, ips: 51.8048 samples/sec, max_mem_reserved: 1680 MB, max_mem_allocated: 1339 MB | ETA 00:16:51
[2026/10/07 21:21:02] INFO: [TRAIN] epoch: 11, iter: 5000/18000, loss: 0.0661, lr: 0.000043, batch_cost: 0.0778, reader_cost: 0.00005, ips: 51.3942 samples/sec, max_mem_reserved: 1680 MB, max_mem_allocated: 1339 MB | ETA 00:16:51
[2026/10/07 21:21:02] INFO: Start evaluating (total_samples: 348, total_iters: 348)...
[2026/10/07 21:21:07] INFO: [EVAL] #Images: 348 mIoU: 0.8245 Acc: 0.9779 Kappa: 0.7922 Dice: 0.8961
[2026/10/07 21:21:07] INFO: [EVAL] Class IoU: 
[0.9768 0.6721]
[2026/10/07 21:21:07] INFO: [EVAL] Class Precision: 
[0.9882 0.8055]
[2026/10/07 21:21:07] INFO: [EVAL] Class Recall: 
[0.9884 0.8023]
[2026/10/07 21:21:07] INFO: Start evaluating (total_samples: 348, total_iters: 348)...
[2026/10/07 21:21:12] INFO: [EVAL] #Images: 348 mIoU: 0.8232 Acc: 0.9779 Kappa: 0.7903 Dice: 0.8951
[2026/10/07 21:21:12] INFO: [EVAL] Class IoU: 
[0.9769 0.6695]
[2026/10/07 21:21:12] INFO: [EVAL] Class Precision: 
[0.9876 0.8117]
[2026/10/07 21:21:12] INFO: [EVAL] Class Recall: 
[0.989  0.7926]
[2026/10/07 21:21:12] INFO: [EVAL] The model with the best validation mIoU (0.8258) was saved at iter 4000.
[2026/10/07 21:21:12] INFO: [EVAL] The EMA model with the best validation mIoU (0.8232) was saved at iter 5000.
[2026/10/07 21:21:20] INFO: [TRAIN] epoch: 11, iter: 5100/18000, loss: 0.0734, lr: 0.000043, batch_cost: 0.0762, reader_cost: 0.00006, ips: 52.5226 samples/sec, max_mem_reserved: 1680 MB, max_mem_allocated: 1339 MB | ETA 00:16:22
[2026/10/07 21:21:29] INFO: [TRAIN] epoch: 11, iter: 5200/18000, loss: 0.0698, lr: 0.000043, batch_cost: 0.0757, reader_cost: 0.00008, ips: 52.8273 samples/sec, max_mem_reserved: 1680 MB, max_mem_allocated: 1339 MB | ETA 00:16:09
[2026/10/07 21:21:37] INFO: [TRAIN] epoch: 12, iter: 5300/18000, loss: 0.0766, lr: 0.000042, batch_cost: 0.0759, reader_cost: 0.00051, ips: 52.6805 samples/sec, max_mem_reserved: 1680 MB, max_mem_allocated: 1339 MB | ETA 00:16:04
[2026/10/07 21:21:46] INFO: [TRAIN] epoch: 12, iter: 5400/18000, loss: 0.0700, lr: 0.000042, batch_cost: 0.0774, reader_cost: 0.00009, ips: 51.6561 samples/sec, max_mem_reserved: 1680 MB, max_mem_allocated: 1339 MB | ETA 00:16:15
[2026/10/07 21:21:55] INFO: [TRAIN] epoch: 12, iter: 5500/18000, loss: 0.0668, lr: 0.000042, batch_cost: 0.0770, reader_cost: 0.00007, ips: 51.9522 samples/sec, max_mem_reserved: 1680 MB, max_mem_allocated: 1339 MB | ETA 00:16:02
[2026/10/07 21:22:03] INFO: [TRAIN] epoch: 12, iter: 5600/18000, loss: 0.0659, lr: 0.000041, batch_cost: 0.0768, reader_cost: 0.00005, ips: 52.0678 samples/sec, max_mem_reserved: 1680 MB, max_mem_allocated: 1339 MB | ETA 00:15:52
[2026/10/07 21:22:12] INFO: [TRAIN] epoch: 13, iter: 5700/18000, loss: 0.0647, lr: 0.000041, batch_cost: 0.0762, reader_cost: 0.00051, ips: 52.4838 samples/sec, max_mem_reserved: 1680 MB, max_mem_allocated: 1339 MB | ETA 00:15:37
[2026/10/07 21:22:21] INFO: [TRAIN] epoch: 13, iter: 5800/18000, loss: 0.0694, lr: 0.000041, batch_cost: 0.0748, reader_cost: 0.00009, ips: 53.4586 samples/sec, max_mem_reserved: 1680 MB, max_mem_allocated: 1339 MB | ETA 00:15:12
[2026/10/07 21:22:29] INFO: [TRAIN] epoch: 13, iter: 5900/18000, loss: 0.0633, lr: 0.000040, batch_cost: 0.0749, reader_cost: 0.00004, ips: 53.4167 samples/sec, max_mem_reserved: 1680 MB, max_mem_allocated: 1339 MB | ETA 00:15:06
[2026/10/07 21:22:38] INFO: [TRAIN] epoch: 13, iter: 6000/18000, loss: 0.0634, lr: 0.000040, batch_cost: 0.0762, reader_cost: 0.00010, ips: 52.4825 samples/sec, max_mem_reserved: 1680 MB, max_mem_allocated: 1339 MB | ETA 00:15:14
[2026/10/07 21:22:38] INFO: Start evaluating (total_samples: 348, total_iters: 348)...
[2026/10/07 21:22:42] INFO: [EVAL] #Images: 348 mIoU: 0.8163 Acc: 0.9775 Kappa: 0.7804 Dice: 0.8902
[2026/10/07 21:22:42] INFO: [EVAL] Class IoU: 
[0.9765 0.6561]
[2026/10/07 21:22:42] INFO: [EVAL] Class Precision: 
[0.9858 0.8261]
[2026/10/07 21:22:42] INFO: [EVAL] Class Recall: 
[0.9904 0.7612]
[2026/10/07 21:22:42] INFO: Start evaluating (total_samples: 348, total_iters: 348)...
[2026/10/07 21:22:47] INFO: [EVAL] #Images: 348 mIoU: 0.8246 Acc: 0.9781 Kappa: 0.7922 Dice: 0.8961
[2026/10/07 21:22:47] INFO: [EVAL] Class IoU: 
[0.9771 0.672 ]
[2026/10/07 21:22:47] INFO: [EVAL] Class Precision: 
[0.9877 0.8144]
[2026/10/07 21:22:47] INFO: [EVAL] Class Recall: 
[0.9892 0.7935]
[2026/10/07 21:22:47] INFO: [EVAL] The model with the best validation mIoU (0.8258) was saved at iter 4000.
[2026/10/07 21:22:47] INFO: [EVAL] The EMA model with the best validation mIoU (0.8246) was saved at iter 6000.
[2026/10/07 21:22:56] INFO: [TRAIN] epoch: 13, iter: 6100/18000, loss: 0.0624, lr: 0.000040, batch_cost: 0.0771, reader_cost: 0.00008, ips: 51.8901 samples/sec, max_mem_reserved: 1680 MB, max_mem_allocated: 1339 MB | ETA 00:15:17
[2026/10/07 21:23:05] INFO: [TRAIN] epoch: 14, iter: 6200/18000, loss: 0.0701, lr: 0.000039, batch_cost: 0.0772, reader_cost: 0.00055, ips: 51.7938 samples/sec, max_mem_reserved: 1680 MB, max_mem_allocated: 1339 MB | ETA 00:15:11
[2026/10/07 21:23:13] INFO: [TRAIN] epoch: 14, iter: 6300/18000, loss: 0.0699, lr: 0.000039, batch_cost: 0.0755, reader_cost: 0.00005, ips: 53.0062 samples/sec, max_mem_reserved: 1680 MB, max_mem_allocated: 1339 MB | ETA 00:14:42
[2026/10/07 21:23:22] INFO: [TRAIN] epoch: 14, iter: 6400/18000, loss: 0.0762, lr: 0.000039, batch_cost: 0.0764, reader_cost: 0.00008, ips: 52.3686 samples/sec, max_mem_reserved: 1680 MB, max_mem_allocated: 1339 MB | ETA 00:14:46
[2026/10/07 21:23:30] INFO: [TRAIN] epoch: 14, iter: 6500/18000, loss: 0.0620, lr: 0.000038, batch_cost: 0.0767, reader_cost: 0.00003, ips: 52.1303 samples/sec, max_mem_reserved: 1680 MB, max_mem_allocated: 1339 MB | ETA 00:14:42
[2026/10/07 21:23:39] INFO: [TRAIN] epoch: 14, iter: 6600/18000, loss: 0.0634, lr: 0.000038, batch_cost: 0.0760, reader_cost: 0.00007, ips: 52.6121 samples/sec, max_mem_reserved: 1680 MB, max_mem_allocated: 1339 MB | ETA 00:14:26
[2026/10/07 21:23:48] INFO: [TRAIN] epoch: 15, iter: 6700/18000, loss: 0.0682, lr: 0.000038, batch_cost: 0.0767, reader_cost: 0.00049, ips: 52.1418 samples/sec, max_mem_reserved: 1680 MB, max_mem_allocated: 1339 MB | ETA 00:14:26
[2026/10/07 21:23:56] INFO: [TRAIN] epoch: 15, iter: 6800/18000, loss: 0.0639, lr: 0.000037, batch_cost: 0.0769, reader_cost: 0.00006, ips: 52.0077 samples/sec, max_mem_reserved: 1680 MB, max_mem_allocated: 1339 MB | ETA 00:14:21
[2026/10/07 21:24:05] INFO: [TRAIN] epoch: 15, iter: 6900/18000, loss: 0.0583, lr: 0.000037, batch_cost: 0.0773, reader_cost: 0.00009, ips: 51.7682 samples/sec, max_mem_reserved: 1680 MB, max_mem_allocated: 1339 MB | ETA 00:14:17
[2026/10/07 21:24:14] INFO: [TRAIN] epoch: 15, iter: 7000/18000, loss: 0.0706, lr: 0.000037, batch_cost: 0.0770, reader_cost: 0.00006, ips: 51.9169 samples/sec, max_mem_reserved: 1680 MB, max_mem_allocated: 1339 MB | ETA 00:14:07
[2026/10/07 21:24:14] INFO: Start evaluating (total_samples: 348, total_iters: 348)...
[2026/10/07 21:24:18] INFO: [EVAL] #Images: 348 mIoU: 0.8206 Acc: 0.9773 Kappa: 0.7868 Dice: 0.8934
[2026/10/07 21:24:18] INFO: [EVAL] Class IoU: 
[0.9762 0.6651]
[2026/10/07 21:24:18] INFO: [EVAL] Class Precision: 
[0.9879 0.7991]
[2026/10/07 21:24:18] INFO: [EVAL] Class Recall: 
[0.988  0.7986]
[2026/10/07 21:24:18] INFO: Start evaluating (total_samples: 348, total_iters: 348)...
[2026/10/07 21:24:23] INFO: [EVAL] #Images: 348 mIoU: 0.8252 Acc: 0.9783 Kappa: 0.7932 Dice: 0.8966
[2026/10/07 21:24:23] INFO: [EVAL] Class IoU: 
[0.9772 0.6732]
[2026/10/07 21:24:23] INFO: [EVAL] Class Precision: 
[0.9876 0.8166]
[2026/10/07 21:24:23] INFO: [EVAL] Class Recall: 
[0.9893 0.7932]
[2026/10/07 21:24:23] INFO: [EVAL] The model with the best validation mIoU (0.8258) was saved at iter 4000.
[2026/10/07 21:24:23] INFO: [EVAL] The EMA model with the best validation mIoU (0.8252) was saved at iter 7000.
[2026/10/07 21:24:32] INFO: [TRAIN] epoch: 15, iter: 7100/18000, loss: 0.0627, lr: 0.000036, batch_cost: 0.0773, reader_cost: 0.00005, ips: 51.7256 samples/sec, max_mem_reserved: 1680 MB, max_mem_allocated: 1339 MB | ETA 00:14:02
[2026/10/07 21:24:41] INFO: [TRAIN] epoch: 16, iter: 7200/18000, loss: 0.0686, lr: 0.000036, batch_cost: 0.0772, reader_cost: 0.00052, ips: 51.8289 samples/sec, max_mem_reserved: 1680 MB, max_mem_allocated: 1339 MB | ETA 00:13:53
[2026/10/07 21:24:49] INFO: [TRAIN] epoch: 16, iter: 7300/18000, loss: 0.0631, lr: 0.000036, batch_cost: 0.0767, reader_cost: 0.00007, ips: 52.1681 samples/sec, max_mem_reserved: 1680 MB, max_mem_allocated: 1339 MB | ETA 00:13:40
[2026/10/07 21:24:58] INFO: [TRAIN] epoch: 16, iter: 7400/18000, loss: 0.0703, lr: 0.000035, batch_cost: 0.0774, reader_cost: 0.00007, ips: 51.6585 samples/sec, max_mem_reserved: 1680 MB, max_mem_allocated: 1339 MB | ETA 00:13:40
[2026/10/07 21:25:07] INFO: [TRAIN] epoch: 16, iter: 7500/18000, loss: 0.0623, lr: 0.000035, batch_cost: 0.0766, reader_cost: 0.00006, ips: 52.1931 samples/sec, max_mem_reserved: 1680 MB, max_mem_allocated: 1339 MB | ETA 00:13:24
[2026/10/07 21:25:15] INFO: [TRAIN] epoch: 17, iter: 7600/18000, loss: 0.0595, lr: 0.000035, batch_cost: 0.0769, reader_cost: 0.00052, ips: 52.0351 samples/sec, max_mem_reserved: 1680 MB, max_mem_allocated: 1339 MB | ETA 00:13:19
[2026/10/07 21:25:24] INFO: [TRAIN] epoch: 17, iter: 7700/18000, loss: 0.0659, lr: 0.000034, batch_cost: 0.0762, reader_cost: 0.00007, ips: 52.5054 samples/sec, max_mem_reserved: 1680 MB, max_mem_allocated: 1339 MB | ETA 00:13:04
[2026/10/07 21:25:32] INFO: [TRAIN] epoch: 17, iter: 7800/18000, loss: 0.0603, lr: 0.000034, batch_cost: 0.0764, reader_cost: 0.00006, ips: 52.3454 samples/sec, max_mem_reserved: 1680 MB, max_mem_allocated: 1339 MB | ETA 00:12:59
[2026/10/07 21:25:41] INFO: [TRAIN] epoch: 17, iter: 7900/18000, loss: 0.0654, lr: 0.000034, batch_cost: 0.0760, reader_cost: 0.00005, ips: 52.6423 samples/sec, max_mem_reserved: 1680 MB, max_mem_allocated: 1339 MB | ETA 00:12:47
[2026/10/07 21:25:50] INFO: [TRAIN] epoch: 17, iter: 8000/18000, loss: 0.0603, lr: 0.000033, batch_cost: 0.0763, reader_cost: 0.00009, ips: 52.4103 samples/sec, max_mem_reserved: 1680 MB, max_mem_allocated: 1339 MB | ETA 00:12:43
[2026/10/07 21:25:50] INFO: Start evaluating (total_samples: 348, total_iters: 348)...
[2026/10/07 21:25:54] INFO: [EVAL] #Images: 348 mIoU: 0.8255 Acc: 0.9783 Kappa: 0.7936 Dice: 0.8968
[2026/10/07 21:25:54] INFO: [EVAL] Class IoU: 
[0.9772 0.6738]
[2026/10/07 21:25:54] INFO: [EVAL] Class Precision: 
[0.9878 0.815 ]
[2026/10/07 21:25:54] INFO: [EVAL] Class Recall: 
[0.9892 0.7954]
[2026/10/07 21:25:54] INFO: Start evaluating (total_samples: 348, total_iters: 348)...
[2026/10/07 21:25:59] INFO: [EVAL] #Images: 348 mIoU: 0.8259 Acc: 0.9784 Kappa: 0.7941 Dice: 0.8970
[2026/10/07 21:25:59] INFO: [EVAL] Class IoU: 
[0.9774 0.6743]
[2026/10/07 21:25:59] INFO: [EVAL] Class Precision: 
[0.9875 0.8201]
[2026/10/07 21:25:59] INFO: [EVAL] Class Recall: 
[0.9896 0.7914]
[2026/10/07 21:25:59] INFO: [EVAL] The model with the best validation mIoU (0.8258) was saved at iter 4000.
[2026/10/07 21:25:59] INFO: [EVAL] The EMA model with the best validation mIoU (0.8259) was saved at iter 8000.
[2026/10/07 21:26:08] INFO: [TRAIN] epoch: 18, iter: 8100/18000, loss: 0.0609, lr: 0.000033, batch_cost: 0.0771, reader_cost: 0.00049, ips: 51.8678 samples/sec, max_mem_reserved: 1680 MB, max_mem_allocated: 1339 MB | ETA 00:12:43
[2026/10/07 21:26:16] INFO: [TRAIN] epoch: 18, iter: 8200/18000, loss: 0.0635, lr: 0.000033, batch_cost: 0.0769, reader_cost: 0.00007, ips: 52.0095 samples/sec, max_mem_reserved: 1680 MB, max_mem_allocated: 1339 MB | ETA 00:12:33
[2026/10/07 21:26:25] INFO: [TRAIN] epoch: 18, iter: 8300/18000, loss: 0.0613, lr: 0.000032, batch_cost: 0.0767, reader_cost: 0.00005, ips: 52.1473 samples/sec, max_mem_reserved: 1680 MB, max_mem_allocated: 1339 MB | ETA 00:12:24
[2026/10/07 21:26:34] INFO: [TRAIN] epoch: 18, iter: 8400/18000, loss: 0.0677, lr: 0.000032, batch_cost: 0.0773, reader_cost: 0.00005, ips: 51.7442 samples/sec, max_mem_reserved: 1680 MB, max_mem_allocated: 1339 MB | ETA 00:12:22
[2026/10/07 21:26:42] INFO: [TRAIN] epoch: 18, iter: 8500/18000, loss: 0.0645, lr: 0.000032, batch_cost: 0.0769, reader_cost: 0.00005, ips: 52.0123 samples/sec, max_mem_reserved: 1680 MB, max_mem_allocated: 1339 MB | ETA 00:12:10
[2026/10/07 21:26:51] INFO: [TRAIN] epoch: 19, iter: 8600/18000, loss: 0.0602, lr: 0.000031, batch_cost: 0.0770, reader_cost: 0.00047, ips: 51.9699 samples/sec, max_mem_reserved: 1680 MB, max_mem_allocated: 1339 MB | ETA 00:12:03
[2026/10/07 21:27:00] INFO: [TRAIN] epoch: 19, iter: 8700/18000, loss: 0.0600, lr: 0.000031, batch_cost: 0.0768, reader_cost: 0.00005, ips: 52.0527 samples/sec, max_mem_reserved: 1680 MB, max_mem_allocated: 1339 MB | ETA 00:11:54
[2026/10/07 21:27:08] INFO: [TRAIN] epoch: 19, iter: 8800/18000, loss: 0.0594, lr: 0.000031, batch_cost: 0.0766, reader_cost: 0.00008, ips: 52.2017 samples/sec, max_mem_reserved: 1680 MB, max_mem_allocated: 1339 MB | ETA 00:11:44
[2026/10/07 21:27:17] INFO: [TRAIN] epoch: 19, iter: 8900/18000, loss: 0.0724, lr: 0.000030, batch_cost: 0.0753, reader_cost: 0.00009, ips: 53.0927 samples/sec, max_mem_reserved: 1680 MB, max_mem_allocated: 1339 MB | ETA 00:11:25
[2026/10/07 21:27:26] INFO: [TRAIN] epoch: 19, iter: 9000/18000, loss: 0.0596, lr: 0.000030, batch_cost: 0.0764, reader_cost: 0.00002, ips: 52.3236 samples/sec, max_mem_reserved: 1680 MB, max_mem_allocated: 1339 MB | ETA 00:11:28
[2026/10/07 21:27:26] INFO: Start evaluating (total_samples: 348, total_iters: 348)...
[2026/10/07 21:27:30] INFO: [EVAL] #Images: 348 mIoU: 0.8194 Acc: 0.9784 Kappa: 0.7848 Dice: 0.8924
[2026/10/07 21:27:30] INFO: [EVAL] Class IoU: 
[0.9774 0.6614]
[2026/10/07 21:27:30] INFO: [EVAL] Class Precision: 
[0.985 0.852]
[2026/10/07 21:27:30] INFO: [EVAL] Class Recall: 
[0.9922 0.7472]
[2026/10/07 21:27:30] INFO: Start evaluating (total_samples: 348, total_iters: 348)...
[2026/10/07 21:27:35] INFO: [EVAL] #Images: 348 mIoU: 0.8260 Acc: 0.9784 Kappa: 0.7943 Dice: 0.8972
[2026/10/07 21:27:35] INFO: [EVAL] Class IoU: 
[0.9773 0.6747]
[2026/10/07 21:27:35] INFO: [EVAL] Class Precision: 
[0.9878 0.8168]
[2026/10/07 21:27:35] INFO: [EVAL] Class Recall: 
[0.9893 0.795 ]
[2026/10/07 21:27:35] INFO: [EVAL] The model with the best validation mIoU (0.8258) was saved at iter 4000.
[2026/10/07 21:27:35] INFO: [EVAL] The EMA model with the best validation mIoU (0.8260) was saved at iter 9000.
[2026/10/07 21:27:44] INFO: [TRAIN] epoch: 20, iter: 9100/18000, loss: 0.0659, lr: 0.000030, batch_cost: 0.0764, reader_cost: 0.00045, ips: 52.3602 samples/sec, max_mem_reserved: 1680 MB, max_mem_allocated: 1339 MB | ETA 00:11:19
[2026/10/07 21:27:52] INFO: [TRAIN] epoch: 20, iter: 9200/18000, loss: 0.0568, lr: 0.000029, batch_cost: 0.0773, reader_cost: 0.00006, ips: 51.7576 samples/sec, max_mem_reserved: 1680 MB, max_mem_allocated: 1339 MB | ETA 00:11:20
[2026/10/07 21:28:01] INFO: [TRAIN] epoch: 20, iter: 9300/18000, loss: 0.0602, lr: 0.000029, batch_cost: 0.0762, reader_cost: 0.00005, ips: 52.4769 samples/sec, max_mem_reserved: 1680 MB, max_mem_allocated: 1339 MB | ETA 00:11:03
[2026/10/07 21:28:09] INFO: [TRAIN] epoch: 20, iter: 9400/18000, loss: 0.0621, lr: 0.000029, batch_cost: 0.0756, reader_cost: 0.00005, ips: 52.8804 samples/sec, max_mem_reserved: 1680 MB, max_mem_allocated: 1339 MB | ETA 00:10:50
[2026/10/07 21:28:18] INFO: [TRAIN] epoch: 21, iter: 9500/18000, loss: 0.0607, lr: 0.000028, batch_cost: 0.0768, reader_cost: 0.00049, ips: 52.0809 samples/sec, max_mem_reserved: 1680 MB, max_mem_allocated: 1339 MB | ETA 00:10:52
[2026/10/07 21:28:27] INFO: [TRAIN] epoch: 21, iter: 9600/18000, loss: 0.0605, lr: 0.000028, batch_cost: 0.0758, reader_cost: 0.00009, ips: 52.7613 samples/sec, max_mem_reserved: 1680 MB, max_mem_allocated: 1339 MB | ETA 00:10:36
[2026/10/07 21:28:35] INFO: [TRAIN] epoch: 21, iter: 9700/18000, loss: 0.0660, lr: 0.000028, batch_cost: 0.0759, reader_cost: 0.00006, ips: 52.6702 samples/sec, max_mem_reserved: 1680 MB, max_mem_allocated: 1339 MB | ETA 00:10:30
[2026/10/07 21:28:44] INFO: [TRAIN] epoch: 21, iter: 9800/18000, loss: 0.0552, lr: 0.000027, batch_cost: 0.0773, reader_cost: 0.00007, ips: 51.7645 samples/sec, max_mem_reserved: 1680 MB, max_mem_allocated: 1339 MB | ETA 00:10:33
[2026/10/07 21:28:53] INFO: [TRAIN] epoch: 21, iter: 9900/18000, loss: 0.0646, lr: 0.000027, batch_cost: 0.0765, reader_cost: 0.00007, ips: 52.3192 samples/sec, max_mem_reserved: 1680 MB, max_mem_allocated: 1339 MB | ETA 00:10:19
[2026/10/07 21:29:01] INFO: [TRAIN] epoch: 22, iter: 10000/18000, loss: 0.0659, lr: 0.000027, batch_cost: 0.0776, reader_cost: 0.00050, ips: 51.5526 samples/sec, max_mem_reserved: 1680 MB, max_mem_allocated: 1339 MB | ETA 00:10:20
[2026/10/07 21:29:01] INFO: Start evaluating (total_samples: 348, total_iters: 348)...
[2026/10/07 21:29:06] INFO: [EVAL] #Images: 348 mIoU: 0.8216 Acc: 0.9783 Kappa: 0.7880 Dice: 0.8940
[2026/10/07 21:29:06] INFO: [EVAL] Class IoU: 
[0.9773 0.6659]
[2026/10/07 21:29:06] INFO: [EVAL] Class Precision: 
[0.9861 0.8345]
[2026/10/07 21:29:06] INFO: [EVAL] Class Recall: 
[0.9909 0.7672]
[2026/10/07 21:29:06] INFO: Start evaluating (total_samples: 348, total_iters: 348)...
[2026/10/07 21:29:11] INFO: [EVAL] #Images: 348 mIoU: 0.8263 Acc: 0.9785 Kappa: 0.7946 Dice: 0.8973
[2026/10/07 21:29:11] INFO: [EVAL] Class IoU: 
[0.9775 0.6751]
[2026/10/07 21:29:11] INFO: [EVAL] Class Precision: 
[0.9876 0.8205]
[2026/10/07 21:29:11] INFO: [EVAL] Class Recall: 
[0.9896 0.792 ]
[2026/10/07 21:29:11] INFO: [EVAL] The model with the best validation mIoU (0.8258) was saved at iter 4000.
[2026/10/07 21:29:11] INFO: [EVAL] The EMA model with the best validation mIoU (0.8263) was saved at iter 10000.
[2026/10/07 21:29:20] INFO: [TRAIN] epoch: 22, iter: 10100/18000, loss: 0.0565, lr: 0.000026, batch_cost: 0.0770, reader_cost: 0.00011, ips: 51.9643 samples/sec, max_mem_reserved: 1680 MB, max_mem_allocated: 1339 MB | ETA 00:10:08
[2026/10/07 21:29:28] INFO: [TRAIN] epoch: 22, iter: 10200/18000, loss: 0.0597, lr: 0.000026, batch_cost: 0.0774, reader_cost: 0.00005, ips: 51.6855 samples/sec, max_mem_reserved: 1680 MB, max_mem_allocated: 1339 MB | ETA 00:10:03
[2026/10/07 21:29:37] INFO: [TRAIN] epoch: 22, iter: 10300/18000, loss: 0.0631, lr: 0.000026, batch_cost: 0.0764, reader_cost: 0.00009, ips: 52.3850 samples/sec, max_mem_reserved: 1680 MB, max_mem_allocated: 1339 MB | ETA 00:09:47
[2026/10/07 21:29:46] INFO: [TRAIN] epoch: 22, iter: 10400/18000, loss: 0.0646, lr: 0.000025, batch_cost: 0.0764, reader_cost: 0.00007, ips: 52.3675 samples/sec, max_mem_reserved: 1680 MB, max_mem_allocated: 1339 MB | ETA 00:09:40
[2026/10/07 21:29:54] INFO: [TRAIN] epoch: 23, iter: 10500/18000, loss: 0.0603, lr: 0.000025, batch_cost: 0.0775, reader_cost: 0.00055, ips: 51.6293 samples/sec, max_mem_reserved: 1680 MB, max_mem_allocated: 1339 MB | ETA 00:09:41
[2026/10/07 21:30:03] INFO: [TRAIN] epoch: 23, iter: 10600/18000, loss: 0.0585, lr: 0.000025, batch_cost: 0.0769, reader_cost: 0.00006, ips: 51.9878 samples/sec, max_mem_reserved: 1680 MB, max_mem_allocated: 1339 MB | ETA 00:09:29
[2026/10/07 21:30:12] INFO: [TRAIN] epoch: 23, iter: 10700/18000, loss: 0.0562, lr: 0.000024, batch_cost: 0.0768, reader_cost: 0.00005, ips: 52.1044 samples/sec, max_mem_reserved: 1680 MB, max_mem_allocated: 1339 MB | ETA 00:09:20
[2026/10/07 21:30:20] INFO: [TRAIN] epoch: 23, iter: 10800/18000, loss: 0.0590, lr: 0.000024, batch_cost: 0.0770, reader_cost: 0.00012, ips: 51.9253 samples/sec, max_mem_reserved: 1680 MB, max_mem_allocated: 1339 MB | ETA 00:09:14
[2026/10/07 21:30:29] INFO: [TRAIN] epoch: 23, iter: 10900/18000, loss: 0.0643, lr: 0.000024, batch_cost: 0.0769, reader_cost: 0.00006, ips: 52.0190 samples/sec, max_mem_reserved: 1680 MB, max_mem_allocated: 1339 MB | ETA 00:09:05
[2026/10/07 21:30:38] INFO: [TRAIN] epoch: 24, iter: 11000/18000, loss: 0.0596, lr: 0.000023, batch_cost: 0.0776, reader_cost: 0.00048, ips: 51.5186 samples/sec, max_mem_reserved: 1680 MB, max_mem_allocated: 1339 MB | ETA 00:09:03
[2026/10/07 21:30:38] INFO: Start evaluating (total_samples: 348, total_iters: 348)...
[2026/10/07 21:30:42] INFO: [EVAL] #Images: 348 mIoU: 0.8235 Acc: 0.9784 Kappa: 0.7907 Dice: 0.8953
[2026/10/07 21:30:42] INFO: [EVAL] Class IoU: 
[0.9774 0.6696]
[2026/10/07 21:30:42] INFO: [EVAL] Class Precision: 
[0.9866 0.8309]
[2026/10/07 21:30:42] INFO: [EVAL] Class Recall: 
[0.9906 0.7753]
[2026/10/07 21:30:42] INFO: Start evaluating (total_samples: 348, total_iters: 348)...
[2026/10/07 21:30:47] INFO: [EVAL] #Images: 348 mIoU: 0.8263 Acc: 0.9785 Kappa: 0.7947 Dice: 0.8973
[2026/10/07 21:30:47] INFO: [EVAL] Class IoU: 
[0.9775 0.6752]
[2026/10/07 21:30:47] INFO: [EVAL] Class Precision: 
[0.9876 0.8202]
[2026/10/07 21:30:47] INFO: [EVAL] Class Recall: 
[0.9896 0.7924]
[2026/10/07 21:30:47] INFO: [EVAL] The model with the best validation mIoU (0.8258) was saved at iter 4000.
[2026/10/07 21:30:47] INFO: [EVAL] The EMA model with the best validation mIoU (0.8263) was saved at iter 11000.
[2026/10/07 21:30:56] INFO: [TRAIN] epoch: 24, iter: 11100/18000, loss: 0.0576, lr: 0.000023, batch_cost: 0.0767, reader_cost: 0.00014, ips: 52.1661 samples/sec, max_mem_reserved: 1680 MB, max_mem_allocated: 1339 MB | ETA 00:08:49
[2026/10/07 21:31:04] INFO: [TRAIN] epoch: 24, iter: 11200/18000, loss: 0.0582, lr: 0.000023, batch_cost: 0.0765, reader_cost: 0.00006, ips: 52.2627 samples/sec, max_mem_reserved: 1680 MB, max_mem_allocated: 1339 MB | ETA 00:08:40
[2026/10/07 21:31:13] INFO: [TRAIN] epoch: 24, iter: 11300/18000, loss: 0.0651, lr: 0.000022, batch_cost: 0.0768, reader_cost: 0.00004, ips: 52.0903 samples/sec, max_mem_reserved: 1680 MB, max_mem_allocated: 1339 MB | ETA 00:08:34
[2026/10/07 21:31:22] INFO: [TRAIN] epoch: 25, iter: 11400/18000, loss: 0.0595, lr: 0.000022, batch_cost: 0.0773, reader_cost: 0.00055, ips: 51.7382 samples/sec, max_mem_reserved: 1680 MB, max_mem_allocated: 1339 MB | ETA 00:08:30
[2026/10/07 21:31:30] INFO: [TRAIN] epoch: 25, iter: 11500/18000, loss: 0.0598, lr: 0.000022, batch_cost: 0.0767, reader_cost: 0.00005, ips: 52.1522 samples/sec, max_mem_reserved: 1680 MB, max_mem_allocated: 1339 MB | ETA 00:08:18
[2026/10/07 21:31:39] INFO: [TRAIN] epoch: 25, iter: 11600/18000, loss: 0.0574, lr: 0.000021, batch_cost: 0.0766, reader_cost: 0.00010, ips: 52.1990 samples/sec, max_mem_reserved: 1680 MB, max_mem_allocated: 1339 MB | ETA 00:08:10
[2026/10/07 21:31:48] INFO: [TRAIN] epoch: 25, iter: 11700/18000, loss: 0.0599, lr: 0.000021, batch_cost: 0.0770, reader_cost: 0.00007, ips: 51.9417 samples/sec, max_mem_reserved: 1680 MB, max_mem_allocated: 1339 MB | ETA 00:08:05
[2026/10/07 21:31:56] INFO: [TRAIN] epoch: 25, iter: 11800/18000, loss: 0.0606, lr: 0.000021, batch_cost: 0.0769, reader_cost: 0.00003, ips: 52.0483 samples/sec, max_mem_reserved: 1680 MB, max_mem_allocated: 1339 MB | ETA 00:07:56
[2026/10/07 21:32:05] INFO: [TRAIN] epoch: 26, iter: 11900/18000, loss: 0.0554, lr: 0.000020, batch_cost: 0.0770, reader_cost: 0.00048, ips: 51.9521 samples/sec, max_mem_reserved: 1680 MB, max_mem_allocated: 1339 MB | ETA 00:07:49
[2026/10/07 21:32:13] INFO: [TRAIN] epoch: 26, iter: 12000/18000, loss: 0.0575, lr: 0.000020, batch_cost: 0.0771, reader_cost: 0.00005, ips: 51.8703 samples/sec, max_mem_reserved: 1680 MB, max_mem_allocated: 1339 MB | ETA 00:07:42
[2026/10/07 21:32:13] INFO: Start evaluating (total_samples: 348, total_iters: 348)...
[2026/10/07 21:32:18] INFO: [EVAL] #Images: 348 mIoU: 0.8235 Acc: 0.9783 Kappa: 0.7907 Dice: 0.8953
[2026/10/07 21:32:18] INFO: [EVAL] Class IoU: 
[0.9773 0.6696]
[2026/10/07 21:32:18] INFO: [EVAL] Class Precision: 
[0.9868 0.8277]
[2026/10/07 21:32:18] INFO: [EVAL] Class Recall: 
[0.9903 0.7781]
[2026/10/07 21:32:18] INFO: Start evaluating (total_samples: 348, total_iters: 348)...
[2026/10/07 21:32:23] INFO: [EVAL] #Images: 348 mIoU: 0.8259 Acc: 0.9784 Kappa: 0.7941 Dice: 0.8970
[2026/10/07 21:32:23] INFO: [EVAL] Class IoU: 
[0.9773 0.6744]
[2026/10/07 21:32:23] INFO: [EVAL] Class Precision: 
[0.9877 0.8177]
[2026/10/07 21:32:23] INFO: [EVAL] Class Recall: 
[0.9894 0.7937]
[2026/10/07 21:32:23] INFO: [EVAL] The model with the best validation mIoU (0.8258) was saved at iter 4000.
[2026/10/07 21:32:23] INFO: [EVAL] The EMA model with the best validation mIoU (0.8263) was saved at iter 11000.
[2026/10/07 21:32:32] INFO: [TRAIN] epoch: 26, iter: 12100/18000, loss: 0.0589, lr: 0.000020, batch_cost: 0.0771, reader_cost: 0.00003, ips: 51.8936 samples/sec, max_mem_reserved: 1680 MB, max_mem_allocated: 1339 MB | ETA 00:07:34
[2026/10/07 21:32:40] INFO: [TRAIN] epoch: 26, iter: 12200/18000, loss: 0.0581, lr: 0.000019, batch_cost: 0.0768, reader_cost: 0.00002, ips: 52.0727 samples/sec, max_mem_reserved: 1680 MB, max_mem_allocated: 1339 MB | ETA 00:07:25
[2026/10/07 21:32:49] INFO: [TRAIN] epoch: 26, iter: 12300/18000, loss: 0.0559, lr: 0.000019, batch_cost: 0.0769, reader_cost: 0.00007, ips: 52.0461 samples/sec, max_mem_reserved: 1680 MB, max_mem_allocated: 1339 MB | ETA 00:07:18
[2026/10/07 21:32:58] INFO: [TRAIN] epoch: 27, iter: 12400/18000, loss: 0.0618, lr: 0.000019, batch_cost: 0.0771, reader_cost: 0.00044, ips: 51.8817 samples/sec, max_mem_reserved: 1680 MB, max_mem_allocated: 1339 MB | ETA 00:07:11
[2026/10/07 21:33:06] INFO: [TRAIN] epoch: 27, iter: 12500/18000, loss: 0.0587, lr: 0.000018, batch_cost: 0.0768, reader_cost: 0.00006, ips: 52.0531 samples/sec, max_mem_reserved: 1680 MB, max_mem_allocated: 1339 MB | ETA 00:07:02
[2026/10/07 21:33:15] INFO: [TRAIN] epoch: 27, iter: 12600/18000, loss: 0.0557, lr: 0.000018, batch_cost: 0.0754, reader_cost: 0.00002, ips: 53.0204 samples/sec, max_mem_reserved: 1680 MB, max_mem_allocated: 1339 MB | ETA 00:06:47
[2026/10/07 21:33:24] INFO: [TRAIN] epoch: 27, iter: 12700/18000, loss: 0.0576, lr: 0.000018, batch_cost: 0.0818, reader_cost: 0.00006, ips: 48.9211 samples/sec, max_mem_reserved: 1680 MB, max_mem_allocated: 1339 MB | ETA 00:07:13
[2026/10/07 21:33:33] INFO: [TRAIN] epoch: 28, iter: 12800/18000, loss: 0.0560, lr: 0.000017, batch_cost: 0.0810, reader_cost: 0.00053, ips: 49.3763 samples/sec, max_mem_reserved: 1680 MB, max_mem_allocated: 1339 MB | ETA 00:07:01
[2026/10/07 21:33:42] INFO: [TRAIN] epoch: 28, iter: 12900/18000, loss: 0.0557, lr: 0.000017, batch_cost: 0.0811, reader_cost: 0.00011, ips: 49.3126 samples/sec, max_mem_reserved: 1680 MB, max_mem_allocated: 1339 MB | ETA 00:06:53
[2026/10/07 21:33:52] INFO: [TRAIN] epoch: 28, iter: 13000/18000, loss: 0.0589, lr: 0.000017, batch_cost: 0.0807, reader_cost: 0.00007, ips: 49.5804 samples/sec, max_mem_reserved: 1680 MB, max_mem_allocated: 1339 MB | ETA 00:06:43
[2026/10/07 21:33:52] INFO: Start evaluating (total_samples: 348, total_iters: 348)...
[2026/10/07 21:33:57] INFO: [EVAL] #Images: 348 mIoU: 0.8237 Acc: 0.9778 Kappa: 0.7911 Dice: 0.8956
[2026/10/07 21:33:57] INFO: [EVAL] Class IoU: 
[0.9767 0.6707]
[2026/10/07 21:33:57] INFO: [EVAL] Class Precision: 
[0.9882 0.8036]
[2026/10/07 21:33:57] INFO: [EVAL] Class Recall: 
[0.9883 0.8021]
[2026/10/07 21:33:57] INFO: Start evaluating (total_samples: 348, total_iters: 348)...
[2026/10/07 21:34:02] INFO: [EVAL] #Images: 348 mIoU: 0.8252 Acc: 0.9783 Kappa: 0.7932 Dice: 0.8966
[2026/10/07 21:34:02] INFO: [EVAL] Class IoU: 
[0.9773 0.6732]
[2026/10/07 21:34:02] INFO: [EVAL] Class Precision: 
[0.9876 0.8178]
[2026/10/07 21:34:02] INFO: [EVAL] Class Recall: 
[0.9894 0.792 ]
[2026/10/07 21:34:02] INFO: [EVAL] The model with the best validation mIoU (0.8258) was saved at iter 4000.
[2026/10/07 21:34:02] INFO: [EVAL] The EMA model with the best validation mIoU (0.8263) was saved at iter 11000.
[2026/10/07 21:34:11] INFO: [TRAIN] epoch: 28, iter: 13100/18000, loss: 0.0554, lr: 0.000016, batch_cost: 0.0809, reader_cost: 0.00005, ips: 49.4674 samples/sec, max_mem_reserved: 1680 MB, max_mem_allocated: 1339 MB | ETA 00:06:36
[2026/10/07 21:34:20] INFO: [TRAIN] epoch: 28, iter: 13200/18000, loss: 0.0596, lr: 0.000016, batch_cost: 0.0809, reader_cost: 0.00006, ips: 49.4474 samples/sec, max_mem_reserved: 1680 MB, max_mem_allocated: 1339 MB | ETA 00:06:28
[2026/10/07 21:34:29] INFO: [TRAIN] epoch: 29, iter: 13300/18000, loss: 0.0499, lr: 0.000016, batch_cost: 0.0805, reader_cost: 0.00047, ips: 49.6602 samples/sec, max_mem_reserved: 1680 MB, max_mem_allocated: 1339 MB | ETA 00:06:18
[2026/10/07 21:34:39] INFO: [TRAIN] epoch: 29, iter: 13400/18000, loss: 0.0589, lr: 0.000015, batch_cost: 0.0813, reader_cost: 0.00009, ips: 49.1968 samples/sec, max_mem_reserved: 1680 MB, max_mem_allocated: 1339 MB | ETA 00:06:14
[2026/10/07 21:34:48] INFO: [TRAIN] epoch: 29, iter: 13500/18000, loss: 0.0569, lr: 0.000015, batch_cost: 0.0811, reader_cost: 0.00005, ips: 49.3148 samples/sec, max_mem_reserved: 1680 MB, max_mem_allocated: 1339 MB | ETA 00:06:05
[2026/10/07 21:34:57] INFO: [TRAIN] epoch: 29, iter: 13600/18000, loss: 0.0595, lr: 0.000015, batch_cost: 0.0818, reader_cost: 0.00005, ips: 48.8899 samples/sec, max_mem_reserved: 1680 MB, max_mem_allocated: 1339 MB | ETA 00:05:59
[2026/10/07 21:35:06] INFO: [TRAIN] epoch: 29, iter: 13700/18000, loss: 0.0531, lr: 0.000014, batch_cost: 0.0814, reader_cost: 0.00008, ips: 49.1123 samples/sec, max_mem_reserved: 1680 MB, max_mem_allocated: 1339 MB | ETA 00:05:50
[2026/10/07 21:35:16] INFO: [TRAIN] epoch: 30, iter: 13800/18000, loss: 0.0577, lr: 0.000014, batch_cost: 0.0811, reader_cost: 0.00049, ips: 49.3452 samples/sec, max_mem_reserved: 1680 MB, max_mem_allocated: 1339 MB | ETA 00:05:40
[2026/10/07 21:35:25] INFO: [TRAIN] epoch: 30, iter: 13900/18000, loss: 0.0522, lr: 0.000014, batch_cost: 0.0812, reader_cost: 0.00007, ips: 49.2526 samples/sec, max_mem_reserved: 1680 MB, max_mem_allocated: 1339 MB | ETA 00:05:32
[2026/10/07 21:35:34] INFO: [TRAIN] epoch: 30, iter: 14000/18000, loss: 0.0566, lr: 0.000013, batch_cost: 0.0812, reader_cost: 0.00005, ips: 49.2473 samples/sec, max_mem_reserved: 1680 MB, max_mem_allocated: 1339 MB | ETA 00:05:24
[2026/10/07 21:35:34] INFO: Start evaluating (total_samples: 348, total_iters: 348)...
[2026/10/07 21:35:39] INFO: [EVAL] #Images: 348 mIoU: 0.8218 Acc: 0.9779 Kappa: 0.7883 Dice: 0.8942
[2026/10/07 21:35:39] INFO: [EVAL] Class IoU: 
[0.9769 0.6667]
[2026/10/07 21:35:39] INFO: [EVAL] Class Precision: 
[0.9869 0.8197]
[2026/10/07 21:35:39] INFO: [EVAL] Class Recall: 
[0.9897 0.7812]
[2026/10/07 21:35:39] INFO: Start evaluating (total_samples: 348, total_iters: 348)...
[2026/10/07 21:35:44] INFO: [EVAL] #Images: 348 mIoU: 0.8247 Acc: 0.9782 Kappa: 0.7924 Dice: 0.8962
[2026/10/07 21:35:44] INFO: [EVAL] Class IoU: 
[0.9772 0.6721]
[2026/10/07 21:35:44] INFO: [EVAL] Class Precision: 
[0.9875 0.8183]
[2026/10/07 21:35:44] INFO: [EVAL] Class Recall: 
[0.9895 0.79  ]
[2026/10/07 21:35:44] INFO: [EVAL] The model with the best validation mIoU (0.8258) was saved at iter 4000.
[2026/10/07 21:35:44] INFO: [EVAL] The EMA model with the best validation mIoU (0.8263) was saved at iter 11000.
[2026/10/07 21:35:53] INFO: [TRAIN] epoch: 30, iter: 14100/18000, loss: 0.0566, lr: 0.000013, batch_cost: 0.0813, reader_cost: 0.00009, ips: 49.2194 samples/sec, max_mem_reserved: 1680 MB, max_mem_allocated: 1339 MB | ETA 00:05:16
[2026/10/07 21:36:02] INFO: [TRAIN] epoch: 30, iter: 14200/18000, loss: 0.0539, lr: 0.000013, batch_cost: 0.0814, reader_cost: 0.00006, ips: 49.1395 samples/sec, max_mem_reserved: 1680 MB, max_mem_allocated: 1339 MB | ETA 00:05:09
[2026/10/07 21:36:12] INFO: [TRAIN] epoch: 31, iter: 14300/18000, loss: 0.0587, lr: 0.000012, batch_cost: 0.0815, reader_cost: 0.00054, ips: 49.0769 samples/sec, max_mem_reserved: 1680 MB, max_mem_allocated: 1339 MB | ETA 00:05:01
[2026/10/07 21:36:21] INFO: [TRAIN] epoch: 31, iter: 14400/18000, loss: 0.0574, lr: 0.000012, batch_cost: 0.0802, reader_cost: 0.00005, ips: 49.8874 samples/sec, max_mem_reserved: 1680 MB, max_mem_allocated: 1339 MB | ETA 00:04:48
[2026/10/07 21:36:30] INFO: [TRAIN] epoch: 31, iter: 14500/18000, loss: 0.0544, lr: 0.000012, batch_cost: 0.0806, reader_cost: 0.00005, ips: 49.6563 samples/sec, max_mem_reserved: 1680 MB, max_mem_allocated: 1339 MB | ETA 00:04:41
[2026/10/07 21:36:39] INFO: [TRAIN] epoch: 31, iter: 14600/18000, loss: 0.0561, lr: 0.000011, batch_cost: 0.0796, reader_cost: 0.00002, ips: 50.2378 samples/sec, max_mem_reserved: 1680 MB, max_mem_allocated: 1339 MB | ETA 00:04:30
[2026/10/07 21:36:48] INFO: [TRAIN] epoch: 32, iter: 14700/18000, loss: 0.0597, lr: 0.000011, batch_cost: 0.0799, reader_cost: 0.00050, ips: 50.0442 samples/sec, max_mem_reserved: 1680 MB, max_mem_allocated: 1339 MB | ETA 00:04:23
[2026/10/07 21:36:57] INFO: [TRAIN] epoch: 32, iter: 14800/18000, loss: 0.0553, lr: 0.000011, batch_cost: 0.0796, reader_cost: 0.00004, ips: 50.2274 samples/sec, max_mem_reserved: 1680 MB, max_mem_allocated: 1339 MB | ETA 00:04:14
[2026/10/07 21:37:06] INFO: [TRAIN] epoch: 32, iter: 14900/18000, loss: 0.0542, lr: 0.000010, batch_cost: 0.0791, reader_cost: 0.00003, ips: 50.5452 samples/sec, max_mem_reserved: 1680 MB, max_mem_allocated: 1339 MB | ETA 00:04:05
[2026/10/07 21:37:15] INFO: [TRAIN] epoch: 32, iter: 15000/18000, loss: 0.0532, lr: 0.000010, batch_cost: 0.0796, reader_cost: 0.00004, ips: 50.2735 samples/sec, max_mem_reserved: 1680 MB, max_mem_allocated: 1339 MB | ETA 00:03:58
[2026/10/07 21:37:15] INFO: Start evaluating (total_samples: 348, total_iters: 348)...
[2026/10/07 21:37:20] INFO: [EVAL] #Images: 348 mIoU: 0.8217 Acc: 0.9779 Kappa: 0.7882 Dice: 0.8941
[2026/10/07 21:37:20] INFO: [EVAL] Class IoU: 
[0.9769 0.6666]
[2026/10/07 21:37:20] INFO: [EVAL] Class Precision: 
[0.987  0.8177]
[2026/10/07 21:37:20] INFO: [EVAL] Class Recall: 
[0.9896 0.7829]
[2026/10/07 21:37:20] INFO: Start evaluating (total_samples: 348, total_iters: 348)...
[2026/10/07 21:37:25] INFO: [EVAL] #Images: 348 mIoU: 0.8237 Acc: 0.9781 Kappa: 0.7911 Dice: 0.8956
[2026/10/07 21:37:25] INFO: [EVAL] Class IoU: 
[0.9771 0.6704]
[2026/10/07 21:37:25] INFO: [EVAL] Class Precision: 
[0.9874 0.816 ]
[2026/10/07 21:37:25] INFO: [EVAL] Class Recall: 
[0.9893 0.7899]
[2026/10/07 21:37:25] INFO: [EVAL] The model with the best validation mIoU (0.8258) was saved at iter 4000.
[2026/10/07 21:37:25] INFO: [EVAL] The EMA model with the best validation mIoU (0.8263) was saved at iter 11000.
[2026/10/07 21:37:34] INFO: [TRAIN] epoch: 32, iter: 15100/18000, loss: 0.0543, lr: 0.000010, batch_cost: 0.0816, reader_cost: 0.00009, ips: 49.0058 samples/sec, max_mem_reserved: 1680 MB, max_mem_allocated: 1339 MB | ETA 00:03:56
[2026/10/07 21:37:43] INFO: [TRAIN] epoch: 33, iter: 15200/18000, loss: 0.0603, lr: 0.000009, batch_cost: 0.0819, reader_cost: 0.00057, ips: 48.8698 samples/sec, max_mem_reserved: 1680 MB, max_mem_allocated: 1339 MB | ETA 00:03:49
[2026/10/07 21:37:52] INFO: [TRAIN] epoch: 33, iter: 15300/18000, loss: 0.0521, lr: 0.000009, batch_cost: 0.0803, reader_cost: 0.00007, ips: 49.7946 samples/sec, max_mem_reserved: 1680 MB, max_mem_allocated: 1339 MB | ETA 00:03:36
[2026/10/07 21:38:02] INFO: [TRAIN] epoch: 33, iter: 15400/18000, loss: 0.0604, lr: 0.000009, batch_cost: 0.0805, reader_cost: 0.00004, ips: 49.6777 samples/sec, max_mem_reserved: 1680 MB, max_mem_allocated: 1339 MB | ETA 00:03:29
[2026/10/07 21:38:11] INFO: [TRAIN] epoch: 33, iter: 15500/18000, loss: 0.0594, lr: 0.000008, batch_cost: 0.0815, reader_cost: 0.00012, ips: 49.0572 samples/sec, max_mem_reserved: 1680 MB, max_mem_allocated: 1339 MB | ETA 00:03:23
[2026/10/07 21:38:20] INFO: [TRAIN] epoch: 33, iter: 15600/18000, loss: 0.0538, lr: 0.000008, batch_cost: 0.0804, reader_cost: 0.00006, ips: 49.7704 samples/sec, max_mem_reserved: 1680 MB, max_mem_allocated: 1339 MB | ETA 00:03:12
[2026/10/07 21:38:29] INFO: [TRAIN] epoch: 34, iter: 15700/18000, loss: 0.0542, lr: 0.000008, batch_cost: 0.0812, reader_cost: 0.00044, ips: 49.2392 samples/sec, max_mem_reserved: 1680 MB, max_mem_allocated: 1339 MB | ETA 00:03:06
[2026/10/07 21:38:38] INFO: [TRAIN] epoch: 34, iter: 15800/18000, loss: 0.0522, lr: 0.000007, batch_cost: 0.0811, reader_cost: 0.00006, ips: 49.3351 samples/sec, max_mem_reserved: 1680 MB, max_mem_allocated: 1339 MB | ETA 00:02:58
[2026/10/07 21:38:47] INFO: [TRAIN] epoch: 34, iter: 15900/18000, loss: 0.0559, lr: 0.000007, batch_cost: 0.0813, reader_cost: 0.00004, ips: 49.1841 samples/sec, max_mem_reserved: 1680 MB, max_mem_allocated: 1339 MB | ETA 00:02:50
[2026/10/07 21:38:56] INFO: [TRAIN] epoch: 34, iter: 16000/18000, loss: 0.0547, lr: 0.000007, batch_cost: 0.0808, reader_cost: 0.00009, ips: 49.5323 samples/sec, max_mem_reserved: 1680 MB, max_mem_allocated: 1339 MB | ETA 00:02:41
[2026/10/07 21:38:57] INFO: Start evaluating (total_samples: 348, total_iters: 348)...
[2026/10/07 21:39:02] INFO: [EVAL] #Images: 348 mIoU: 0.8253 Acc: 0.9779 Kappa: 0.7933 Dice: 0.8967
[2026/10/07 21:39:02] INFO: [EVAL] Class IoU: 
[0.9769 0.6737]
[2026/10/07 21:39:02] INFO: [EVAL] Class Precision: 
[0.9885 0.8026]
[2026/10/07 21:39:02] INFO: [EVAL] Class Recall: 
[0.9881 0.8074]
[2026/10/07 21:39:02] INFO: Start evaluating (total_samples: 348, total_iters: 348)...
[2026/10/07 21:39:07] INFO: [EVAL] #Images: 348 mIoU: 0.8242 Acc: 0.9781 Kappa: 0.7917 Dice: 0.8959
[2026/10/07 21:39:07] INFO: [EVAL] Class IoU: 
[0.9771 0.6713]
[2026/10/07 21:39:07] INFO: [EVAL] Class Precision: 
[0.9876 0.8148]
[2026/10/07 21:39:07] INFO: [EVAL] Class Recall: 
[0.9892 0.7921]
[2026/10/07 21:39:07] INFO: [EVAL] The model with the best validation mIoU (0.8258) was saved at iter 4000.
[2026/10/07 21:39:07] INFO: [EVAL] The EMA model with the best validation mIoU (0.8263) was saved at iter 11000.
[2026/10/07 21:39:16] INFO: [TRAIN] epoch: 34, iter: 16100/18000, loss: 0.0524, lr: 0.000006, batch_cost: 0.0800, reader_cost: 0.00004, ips: 50.0156 samples/sec, max_mem_reserved: 1680 MB, max_mem_allocated: 1339 MB | ETA 00:02:31
[2026/10/07 21:39:25] INFO: [TRAIN] epoch: 35, iter: 16200/18000, loss: 0.0576, lr: 0.000006, batch_cost: 0.0801, reader_cost: 0.00049, ips: 49.9365 samples/sec, max_mem_reserved: 1680 MB, max_mem_allocated: 1339 MB | ETA 00:02:24
[2026/10/07 21:39:34] INFO: [TRAIN] epoch: 35, iter: 16300/18000, loss: 0.0509, lr: 0.000006, batch_cost: 0.0804, reader_cost: 0.00004, ips: 49.7444 samples/sec, max_mem_reserved: 1680 MB, max_mem_allocated: 1339 MB | ETA 00:02:16
[2026/10/07 21:39:43] INFO: [TRAIN] epoch: 35, iter: 16400/18000, loss: 0.0620, lr: 0.000005, batch_cost: 0.0809, reader_cost: 0.00008, ips: 49.4310 samples/sec, max_mem_reserved: 1680 MB, max_mem_allocated: 1339 MB | ETA 00:02:09
[2026/10/07 21:39:53] INFO: [TRAIN] epoch: 35, iter: 16500/18000, loss: 0.0523, lr: 0.000005, batch_cost: 0.0810, reader_cost: 0.00007, ips: 49.4041 samples/sec, max_mem_reserved: 1680 MB, max_mem_allocated: 1339 MB | ETA 00:02:01
[2026/10/07 21:40:02] INFO: [TRAIN] epoch: 36, iter: 16600/18000, loss: 0.0639, lr: 0.000005, batch_cost: 0.0809, reader_cost: 0.00051, ips: 49.4529 samples/sec, max_mem_reserved: 1680 MB, max_mem_allocated: 1339 MB | ETA 00:01:53
[2026/10/07 21:40:11] INFO: [TRAIN] epoch: 36, iter: 16700/18000, loss: 0.0520, lr: 0.000004, batch_cost: 0.0805, reader_cost: 0.00010, ips: 49.7161 samples/sec, max_mem_reserved: 1680 MB, max_mem_allocated: 1339 MB | ETA 00:01:44
[2026/10/07 21:40:20] INFO: [TRAIN] epoch: 36, iter: 16800/18000, loss: 0.0590, lr: 0.000004, batch_cost: 0.0808, reader_cost: 0.00006, ips: 49.5348 samples/sec, max_mem_reserved: 1680 MB, max_mem_allocated: 1339 MB | ETA 00:01:36
[2026/10/07 21:40:29] INFO: [TRAIN] epoch: 36, iter: 16900/18000, loss: 0.0549, lr: 0.000004, batch_cost: 0.0804, reader_cost: 0.00004, ips: 49.7713 samples/sec, max_mem_reserved: 1680 MB, max_mem_allocated: 1339 MB | ETA 00:01:28
[2026/10/07 21:40:38] INFO: [TRAIN] epoch: 36, iter: 17000/18000, loss: 0.0524, lr: 0.000003, batch_cost: 0.0808, reader_cost: 0.00005, ips: 49.4889 samples/sec, max_mem_reserved: 1680 MB, max_mem_allocated: 1339 MB | ETA 00:01:20
[2026/10/07 21:40:38] INFO: Start evaluating (total_samples: 348, total_iters: 348)...
[2026/10/07 21:40:44] INFO: [EVAL] #Images: 348 mIoU: 0.8257 Acc: 0.9781 Kappa: 0.7939 Dice: 0.8969
[2026/10/07 21:40:44] INFO: [EVAL] Class IoU: 
[0.977  0.6743]
[2026/10/07 21:40:44] INFO: [EVAL] Class Precision: 
[0.9883 0.8069]
[2026/10/07 21:40:44] INFO: [EVAL] Class Recall: 
[0.9885 0.8041]
[2026/10/07 21:40:44] INFO: Start evaluating (total_samples: 348, total_iters: 348)...
[2026/10/07 21:40:49] INFO: [EVAL] #Images: 348 mIoU: 0.8245 Acc: 0.9781 Kappa: 0.7922 Dice: 0.8961
[2026/10/07 21:40:49] INFO: [EVAL] Class IoU: 
[0.9771 0.672 ]
[2026/10/07 21:40:49] INFO: [EVAL] Class Precision: 
[0.9877 0.8146]
[2026/10/07 21:40:49] INFO: [EVAL] Class Recall: 
[0.9892 0.7934]
[2026/10/07 21:40:49] INFO: [EVAL] The model with the best validation mIoU (0.8258) was saved at iter 4000.
[2026/10/07 21:40:49] INFO: [EVAL] The EMA model with the best validation mIoU (0.8263) was saved at iter 11000.
[2026/10/07 21:40:58] INFO: [TRAIN] epoch: 37, iter: 17100/18000, loss: 0.0534, lr: 0.000003, batch_cost: 0.0812, reader_cost: 0.00051, ips: 49.2394 samples/sec, max_mem_reserved: 1680 MB, max_mem_allocated: 1339 MB | ETA 00:01:13
[2026/10/07 21:41:07] INFO: [TRAIN] epoch: 37, iter: 17200/18000, loss: 0.0512, lr: 0.000003, batch_cost: 0.0797, reader_cost: 0.00008, ips: 50.1619 samples/sec, max_mem_reserved: 1680 MB, max_mem_allocated: 1339 MB | ETA 00:01:03
[2026/10/07 21:41:16] INFO: [TRAIN] epoch: 37, iter: 17300/18000, loss: 0.0600, lr: 0.000002, batch_cost: 0.0798, reader_cost: 0.00002, ips: 50.1368 samples/sec, max_mem_reserved: 1680 MB, max_mem_allocated: 1339 MB | ETA 00:00:55
[2026/10/07 21:41:25] INFO: [TRAIN] epoch: 37, iter: 17400/18000, loss: 0.0538, lr: 0.000002, batch_cost: 0.0801, reader_cost: 0.00007, ips: 49.9101 samples/sec, max_mem_reserved: 1680 MB, max_mem_allocated: 1339 MB | ETA 00:00:48
[2026/10/07 21:41:34] INFO: [TRAIN] epoch: 37, iter: 17500/18000, loss: 0.0561, lr: 0.000002, batch_cost: 0.0807, reader_cost: 0.00009, ips: 49.5581 samples/sec, max_mem_reserved: 1680 MB, max_mem_allocated: 1339 MB | ETA 00:00:40
[2026/10/07 21:41:43] INFO: [TRAIN] epoch: 38, iter: 17600/18000, loss: 0.0529, lr: 0.000001, batch_cost: 0.0808, reader_cost: 0.00055, ips: 49.5019 samples/sec, max_mem_reserved: 1680 MB, max_mem_allocated: 1339 MB | ETA 00:00:32
[2026/10/07 21:41:52] INFO: [TRAIN] epoch: 38, iter: 17700/18000, loss: 0.0496, lr: 0.000001, batch_cost: 0.0807, reader_cost: 0.00011, ips: 49.5455 samples/sec, max_mem_reserved: 1680 MB, max_mem_allocated: 1339 MB | ETA 00:00:24
[2026/10/07 21:42:02] INFO: [TRAIN] epoch: 38, iter: 17800/18000, loss: 0.0575, lr: 0.000001, batch_cost: 0.0810, reader_cost: 0.00006, ips: 49.3648 samples/sec, max_mem_reserved: 1680 MB, max_mem_allocated: 1339 MB | ETA 00:00:16
[2026/10/07 21:42:11] INFO: [TRAIN] epoch: 38, iter: 17900/18000, loss: 0.0536, lr: 0.000000, batch_cost: 0.0817, reader_cost: 0.00005, ips: 48.9771 samples/sec, max_mem_reserved: 1680 MB, max_mem_allocated: 1339 MB | ETA 00:00:08
[2026/10/07 21:42:20] INFO: [TRAIN] epoch: 38, iter: 18000/18000, loss: 0.0590, lr: 0.000000, batch_cost: 0.0805, reader_cost: 0.00004, ips: 49.6622 samples/sec, max_mem_reserved: 1680 MB, max_mem_allocated: 1339 MB | ETA 00:00:00
[2026/10/07 21:42:20] INFO: Start evaluating (total_samples: 348, total_iters: 348)...
[2026/10/07 21:42:25] INFO: [EVAL] #Images: 348 mIoU: 0.8246 Acc: 0.9781 Kappa: 0.7923 Dice: 0.8962
[2026/10/07 21:42:25] INFO: [EVAL] Class IoU: 
[0.9771 0.6722]
[2026/10/07 21:42:25] INFO: [EVAL] Class Precision: 
[0.9878 0.8125]
[2026/10/07 21:42:25] INFO: [EVAL] Class Recall: 
[0.989  0.7955]
[2026/10/07 21:42:25] INFO: Start evaluating (total_samples: 348, total_iters: 348)...
[2026/10/07 21:42:30] INFO: [EVAL] #Images: 348 mIoU: 0.8247 Acc: 0.9781 Kappa: 0.7924 Dice: 0.8962
[2026/10/07 21:42:30] INFO: [EVAL] Class IoU: 
[0.9771 0.6723]
[2026/10/07 21:42:30] INFO: [EVAL] Class Precision: 
[0.9878 0.8131]
[2026/10/07 21:42:30] INFO: [EVAL] Class Recall: 
[0.9891 0.7952]
[2026/10/07 21:42:30] INFO: [EVAL] The model with the best validation mIoU (0.8258) was saved at iter 4000.
[2026/10/07 21:42:30] INFO: [EVAL] The EMA model with the best validation mIoU (0.8263) was saved at iter 11000.
<class 'paddle.nn.layer.conv.Conv2D'>'s flops has been counted
Cannot find suitable count function for <class 'paddle.nn.layer.norm.LayerNorm'>. Treat it as zero FLOPs.
<class 'paddle.nn.layer.common.Linear'>'s flops has been counted
<class 'paddle.nn.layer.common.Dropout'>'s flops has been counted
Cannot find suitable count function for <class 'paddleseg.models.backbones.transformer_utils.Identity'>. Treat it as zero FLOPs.
Cannot find suitable count function for <class 'paddle.nn.layer.activation.GELU'>. Treat it as zero FLOPs.
Cannot find suitable count function for <class 'paddleseg.models.backbones.transformer_utils.DropPath'>. Treat it as zero FLOPs.
Cannot find suitable count function for <class 'paddle.nn.layer.common.Dropout2D'>. Treat it as zero FLOPs.
<class 'paddle.nn.layer.norm.BatchNorm2D'>'s flops has been counted
<class 'paddle.nn.layer.activation.ReLU'>'s flops has been counted
Total Flops: 15942862528     Total Params: 4896968
