WARNING: Logging before InitGoogleLogging() is written to STDERR
W1007 10:03:00.658912 56632 gpu_resources.cc:116] Please NOTE: device: 0, GPU Compute Capability: 12.0, Driver API Version: 13.2, Runtime API Version: 12.9
C:\venv_bisenet\Lib\site-packages\paddle\nn\layer\norm.py:885: UserWarning: When training, we now always track global mean and variance.
  warnings.warn(

  1/348 [..............................] - ETA: 43s - batch_cost: 0.1267 - reader cost: 0.0110
  6/348 [..............................] - ETA: 10s - batch_cost: 0.0308 - reader cost: 0.0018
 11/348 [..............................] - ETA: 7s - batch_cost: 0.0221 - reader cost: 0.0010 
 16/348 [>.............................] - ETA: 6s - batch_cost: 0.0187 - reader cost: 6.8806e-04
 21/348 [>.............................] - ETA: 5s - batch_cost: 0.0170 - reader cost: 5.2424e-04
 26/348 [=>............................] - ETA: 5s - batch_cost: 0.0158 - reader cost: 4.2342e-04
 31/348 [=>............................] - ETA: 4s - batch_cost: 0.0151 - reader cost: 3.8738e-04
 36/348 [==>...........................] - ETA: 4s - batch_cost: 0.0146 - reader cost: 3.6136e-04
 41/348 [==>...........................] - ETA: 4s - batch_cost: 0.0143 - reader cost: 3.1729e-04
 46/348 [==>...........................] - ETA: 4s - batch_cost: 0.0139 - reader cost: 2.8280e-04
 51/348 [===>..........................] - ETA: 4s - batch_cost: 0.0137 - reader cost: 2.5508e-04
 56/348 [===>..........................] - ETA: 3s - batch_cost: 0.0134 - reader cost: 2.3230e-04
 61/348 [====>.........................] - ETA: 3s - batch_cost: 0.0133 - reader cost: 2.1326e-04
 66/348 [====>.........................] - ETA: 3s - batch_cost: 0.0131 - reader cost: 1.9710e-04
 71/348 [=====>........................] - ETA: 3s - batch_cost: 0.0130 - reader cost: 1.8322e-04
 76/348 [=====>........................] - ETA: 3s - batch_cost: 0.0129 - reader cost: 1.7117e-04
 81/348 [=====>........................] - ETA: 3s - batch_cost: 0.0128 - reader cost: 1.6060e-04
 86/348 [======>.......................] - ETA: 3s - batch_cost: 0.0127 - reader cost: 1.6290e-04
 91/348 [======>.......................] - ETA: 3s - batch_cost: 0.0127 - reader cost: 1.5395e-04
 96/348 [=======>......................] - ETA: 3s - batch_cost: 0.0127 - reader cost: 1.4593e-04
101/348 [=======>......................] - ETA: 3s - batch_cost: 0.0126 - reader cost: 1.4861e-04
106/348 [========>.....................] - ETA: 3s - batch_cost: 0.0126 - reader cost: 1.4160e-04
111/348 [========>.....................] - ETA: 2s - batch_cost: 0.0125 - reader cost: 1.3522e-04
116/348 [=========>....................] - ETA: 2s - batch_cost: 0.0125 - reader cost: 1.2939e-04
121/348 [=========>....................] - ETA: 2s - batch_cost: 0.0125 - reader cost: 1.2404e-04
125/348 [=========>....................] - ETA: 2s - batch_cost: 0.0125 - reader cost: 1.2807e-04
130/348 [==========>...................] - ETA: 2s - batch_cost: 0.0125 - reader cost: 1.2314e-04
135/348 [==========>...................] - ETA: 2s - batch_cost: 0.0124 - reader cost: 1.3338e-04
140/348 [===========>..................] - ETA: 2s - batch_cost: 0.0124 - reader cost: 1.2862e-04
144/348 [===========>..................] - ETA: 2s - batch_cost: 0.0124 - reader cost: 1.2504e-04
149/348 [===========>..................] - ETA: 2s - batch_cost: 0.0124 - reader cost: 1.2085e-04
154/348 [============>.................] - ETA: 2s - batch_cost: 0.0124 - reader cost: 1.1692e-04
159/348 [============>.................] - ETA: 2s - batch_cost: 0.0123 - reader cost: 1.1325e-04
163/348 [=============>................] - ETA: 2s - batch_cost: 0.0123 - reader cost: 1.1047e-04
168/348 [=============>................] - ETA: 2s - batch_cost: 0.0123 - reader cost: 1.0718e-04
173/348 [=============>................] - ETA: 2s - batch_cost: 0.0123 - reader cost: 1.0408e-04
178/348 [==============>...............] - ETA: 2s - batch_cost: 0.0122 - reader cost: 1.0116e-04
183/348 [==============>...............] - ETA: 2s - batch_cost: 0.0122 - reader cost: 9.8395e-05
188/348 [===============>..............] - ETA: 1s - batch_cost: 0.0122 - reader cost: 9.5778e-05
193/348 [===============>..............] - ETA: 1s - batch_cost: 0.0122 - reader cost: 9.3297e-05
198/348 [================>.............] - ETA: 1s - batch_cost: 0.0121 - reader cost: 9.0941e-05
203/348 [================>.............] - ETA: 1s - batch_cost: 0.0121 - reader cost: 8.8701e-05
208/348 [================>.............] - ETA: 1s - batch_cost: 0.0121 - reader cost: 9.6186e-05
213/348 [=================>............] - ETA: 1s - batch_cost: 0.0121 - reader cost: 9.3928e-05
218/348 [=================>............] - ETA: 1s - batch_cost: 0.0120 - reader cost: 9.1774e-05
223/348 [==================>...........] - ETA: 1s - batch_cost: 0.0120 - reader cost: 8.9716e-05
228/348 [==================>...........] - ETA: 1s - batch_cost: 0.0120 - reader cost: 8.7748e-05
233/348 [===================>..........] - ETA: 1s - batch_cost: 0.0120 - reader cost: 8.5865e-05
237/348 [===================>..........] - ETA: 1s - batch_cost: 0.0120 - reader cost: 8.4416e-05
242/348 [===================>..........] - ETA: 1s - batch_cost: 0.0120 - reader cost: 8.2672e-05
246/348 [====================>.........] - ETA: 1s - batch_cost: 0.0120 - reader cost: 8.1328e-05
251/348 [====================>.........] - ETA: 1s - batch_cost: 0.0121 - reader cost: 7.9708e-05
256/348 [=====================>........] - ETA: 1s - batch_cost: 0.0120 - reader cost: 7.8151e-05
260/348 [=====================>........] - ETA: 1s - batch_cost: 0.0121 - reader cost: 8.0794e-05
265/348 [=====================>........] - ETA: 1s - batch_cost: 0.0121 - reader cost: 7.9269e-05
270/348 [======================>.......] - ETA: 0s - batch_cost: 0.0120 - reader cost: 7.7801e-05
275/348 [======================>.......] - ETA: 0s - batch_cost: 0.0120 - reader cost: 7.6387e-05
280/348 [=======================>......] - ETA: 0s - batch_cost: 0.0120 - reader cost: 7.6816e-05
285/348 [=======================>......] - ETA: 0s - batch_cost: 0.0120 - reader cost: 7.8980e-05
290/348 [========================>.....] - ETA: 0s - batch_cost: 0.0120 - reader cost: 7.7618e-05
295/348 [========================>.....] - ETA: 0s - batch_cost: 0.0120 - reader cost: 7.6303e-05
300/348 [========================>.....] - ETA: 0s - batch_cost: 0.0120 - reader cost: 7.5031e-05
305/348 [=========================>....] - ETA: 0s - batch_cost: 0.0120 - reader cost: 7.3801e-05
310/348 [=========================>....] - ETA: 0s - batch_cost: 0.0120 - reader cost: 7.2611e-05
315/348 [==========================>...] - ETA: 0s - batch_cost: 0.0120 - reader cost: 7.1458e-05
320/348 [==========================>...] - ETA: 0s - batch_cost: 0.0120 - reader cost: 7.0342e-05
325/348 [===========================>..] - ETA: 0s - batch_cost: 0.0120 - reader cost: 6.9259e-05
329/348 [===========================>..] - ETA: 0s - batch_cost: 0.0120 - reader cost: 6.8417e-05
333/348 [===========================>..] - ETA: 0s - batch_cost: 0.0121 - reader cost: 6.7596e-05
337/348 [============================>.] - ETA: 0s - batch_cost: 0.0121 - reader cost: 6.6793e-05
342/348 [============================>.] - ETA: 0s - batch_cost: 0.0121 - reader cost: 6.5817e-05
348/348 [==============================] - 4s 12ms/step - batch_cost: 0.0120 - reader cost: 6.4682e-05

  1/348 [..............................] - ETA: 7s - batch_cost: 0.0222 - reader cost: 0.0087
  5/348 [..............................] - ETA: 5s - batch_cost: 0.0150 - reader cost: 0.0017
 10/348 [..............................] - ETA: 4s - batch_cost: 0.0136 - reader cost: 8.7028e-04
 15/348 [>.............................] - ETA: 4s - batch_cost: 0.0129 - reader cost: 5.8018e-04
 20/348 [>.............................] - ETA: 4s - batch_cost: 0.0126 - reader cost: 4.3514e-04
 24/348 [=>............................] - ETA: 4s - batch_cost: 0.0126 - reader cost: 3.6261e-04
 29/348 [=>............................] - ETA: 4s - batch_cost: 0.0126 - reader cost: 3.0009e-04
 33/348 [=>............................] - ETA: 3s - batch_cost: 0.0126 - reader cost: 2.6372e-04
 38/348 [==>...........................] - ETA: 3s - batch_cost: 0.0125 - reader cost: 2.2902e-04
 43/348 [==>...........................] - ETA: 3s - batch_cost: 0.0125 - reader cost: 2.0239e-04
 48/348 [===>..........................] - ETA: 3s - batch_cost: 0.0123 - reader cost: 1.8131e-04
 53/348 [===>..........................] - ETA: 3s - batch_cost: 0.0122 - reader cost: 1.6420e-04
 57/348 [===>..........................] - ETA: 3s - batch_cost: 0.0122 - reader cost: 1.5268e-04
 62/348 [====>.........................] - ETA: 3s - batch_cost: 0.0121 - reader cost: 1.4037e-04
 67/348 [====>.........................] - ETA: 3s - batch_cost: 0.0121 - reader cost: 1.2989e-04
 71/348 [=====>........................] - ETA: 3s - batch_cost: 0.0122 - reader cost: 1.2257e-04
 75/348 [=====>........................] - ETA: 3s - batch_cost: 0.0122 - reader cost: 1.1604e-04
 80/348 [=====>........................] - ETA: 3s - batch_cost: 0.0122 - reader cost: 1.2129e-04
 85/348 [======>.......................] - ETA: 3s - batch_cost: 0.0121 - reader cost: 1.1415e-04
 90/348 [======>.......................] - ETA: 3s - batch_cost: 0.0121 - reader cost: 1.1893e-04
 95/348 [=======>......................] - ETA: 3s - batch_cost: 0.0120 - reader cost: 1.1267e-04
100/348 [=======>......................] - ETA: 3s - batch_cost: 0.0120 - reader cost: 1.0703e-04
105/348 [========>.....................] - ETA: 2s - batch_cost: 0.0120 - reader cost: 1.0194e-04
110/348 [========>.....................] - ETA: 2s - batch_cost: 0.0120 - reader cost: 1.0537e-04
115/348 [========>.....................] - ETA: 2s - batch_cost: 0.0120 - reader cost: 1.0079e-04
119/348 [=========>....................] - ETA: 2s - batch_cost: 0.0120 - reader cost: 9.7405e-05
123/348 [=========>....................] - ETA: 2s - batch_cost: 0.0121 - reader cost: 9.4237e-05
128/348 [==========>...................] - ETA: 2s - batch_cost: 0.0121 - reader cost: 9.0556e-05
133/348 [==========>...................] - ETA: 2s - batch_cost: 0.0121 - reader cost: 8.7152e-05
137/348 [==========>...................] - ETA: 2s - batch_cost: 0.0121 - reader cost: 8.4607e-05
142/348 [===========>..................] - ETA: 2s - batch_cost: 0.0121 - reader cost: 8.1628e-05
147/348 [===========>..................] - ETA: 2s - batch_cost: 0.0121 - reader cost: 8.5652e-05
151/348 [============>.................] - ETA: 2s - batch_cost: 0.0121 - reader cost: 9.0012e-05
156/348 [============>.................] - ETA: 2s - batch_cost: 0.0121 - reader cost: 8.7127e-05
160/348 [============>.................] - ETA: 2s - batch_cost: 0.0122 - reader cost: 9.1195e-05
165/348 [=============>................] - ETA: 2s - batch_cost: 0.0122 - reader cost: 8.8432e-05
170/348 [=============>................] - ETA: 2s - batch_cost: 0.0122 - reader cost: 8.5831e-05
174/348 [==============>...............] - ETA: 2s - batch_cost: 0.0122 - reader cost: 8.3858e-05
178/348 [==============>...............] - ETA: 2s - batch_cost: 0.0122 - reader cost: 8.1973e-05
183/348 [==============>...............] - ETA: 2s - batch_cost: 0.0122 - reader cost: 7.9733e-05
187/348 [===============>..............] - ETA: 1s - batch_cost: 0.0122 - reader cost: 7.8028e-05
192/348 [===============>..............] - ETA: 1s - batch_cost: 0.0122 - reader cost: 7.5996e-05
196/348 [===============>..............] - ETA: 1s - batch_cost: 0.0122 - reader cost: 8.2829e-05
200/348 [================>.............] - ETA: 1s - batch_cost: 0.0122 - reader cost: 8.1172e-05
204/348 [================>.............] - ETA: 1s - batch_cost: 0.0122 - reader cost: 7.9580e-05
208/348 [================>.............] - ETA: 1s - batch_cost: 0.0123 - reader cost: 7.8050e-05
212/348 [=================>............] - ETA: 1s - batch_cost: 0.0123 - reader cost: 8.1294e-05
217/348 [=================>............] - ETA: 1s - batch_cost: 0.0123 - reader cost: 7.9421e-05
222/348 [==================>...........] - ETA: 1s - batch_cost: 0.0123 - reader cost: 7.7632e-05
227/348 [==================>...........] - ETA: 1s - batch_cost: 0.0123 - reader cost: 7.5922e-05
232/348 [===================>..........] - ETA: 1s - batch_cost: 0.0123 - reader cost: 7.4286e-05
237/348 [===================>..........] - ETA: 1s - batch_cost: 0.0123 - reader cost: 7.2719e-05
241/348 [===================>..........] - ETA: 1s - batch_cost: 0.0123 - reader cost: 7.1512e-05
245/348 [====================>.........] - ETA: 1s - batch_cost: 0.0123 - reader cost: 7.0344e-05
249/348 [====================>.........] - ETA: 1s - batch_cost: 0.0123 - reader cost: 6.9214e-05
254/348 [====================>.........] - ETA: 1s - batch_cost: 0.0123 - reader cost: 6.7852e-05
259/348 [=====================>........] - ETA: 1s - batch_cost: 0.0123 - reader cost: 6.6542e-05
263/348 [=====================>........] - ETA: 1s - batch_cost: 0.0124 - reader cost: 6.5530e-05
267/348 [======================>.......] - ETA: 1s - batch_cost: 0.0124 - reader cost: 6.8297e-05
272/348 [======================>.......] - ETA: 0s - batch_cost: 0.0124 - reader cost: 6.7041e-05
277/348 [======================>.......] - ETA: 0s - batch_cost: 0.0124 - reader cost: 6.5831e-05
282/348 [=======================>......] - ETA: 0s - batch_cost: 0.0123 - reader cost: 6.4664e-05
286/348 [=======================>......] - ETA: 0s - batch_cost: 0.0124 - reader cost: 6.3759e-05
291/348 [========================>.....] - ETA: 0s - batch_cost: 0.0123 - reader cost: 6.4442e-05
295/348 [========================>.....] - ETA: 0s - batch_cost: 0.0124 - reader cost: 6.3568e-05
299/348 [========================>.....] - ETA: 0s - batch_cost: 0.0124 - reader cost: 6.2718e-05
303/348 [=========================>....] - ETA: 0s - batch_cost: 0.0124 - reader cost: 6.1890e-05
308/348 [=========================>....] - ETA: 0s - batch_cost: 0.0124 - reader cost: 6.0885e-05
313/348 [=========================>....] - ETA: 0s - batch_cost: 0.0124 - reader cost: 5.9912e-05
318/348 [==========================>...] - ETA: 0s - batch_cost: 0.0124 - reader cost: 5.8970e-05
323/348 [==========================>...] - ETA: 0s - batch_cost: 0.0123 - reader cost: 5.8058e-05
328/348 [===========================>..] - ETA: 0s - batch_cost: 0.0123 - reader cost: 5.7172e-05
333/348 [===========================>..] - ETA: 0s - batch_cost: 0.0123 - reader cost: 5.9318e-05
337/348 [============================>.] - ETA: 0s - batch_cost: 0.0123 - reader cost: 5.8613e-05
341/348 [============================>.] - ETA: 0s - batch_cost: 0.0124 - reader cost: 6.0855e-05
346/348 [============================>.] - ETA: 0s - batch_cost: 0.0124 - reader cost: 5.9976e-05
348/348 [==============================] - 4s 12ms/step - batch_cost: 0.0123 - reader cost: 5.9631e-05
