[2026/10/07 10:01:29] INFO: 
------------Environment Information-------------
platform: Windows-11-10.0.26200-SP0
Python: 3.12.10 (tags/v3.12.10:0cc8128, Apr  8 2025, 12:21:36) [MSC v.1943 64 bit (AMD64)]
Paddle compiled with cuda: True
NVCC: Build cuda_13.4.r13.4/compiler.38657139_0
cudnn: 90.9
GPUs used: 1
CUDA_VISIBLE_DEVICES: None
GPU: ['GPU 0: NVIDIA GeForce']
PaddleSeg: 0.0.0.dev0
PaddlePaddle: 3.4.0
OpenCV: 4.11.0
------------------------------------------------
[2026/10/07 10:01:29] INFO: 
---------------Config Information---------------
batch_size: 1
iters: 20
train_dataset:
  dataset_root: C:/Users/user/algolab_data
  mode: train
  num_classes: 2
  train_path: C:/Users/user/algolab_data/train.txt
  transforms:
  - max_scale_factor: 2.0
    min_scale_factor: 0.5
    scale_step_size: 0.25
    type: ResizeStepScaling
  - crop_size:
    - 400
    - 400
    type: RandomPaddingCrop
  - type: RandomHorizontalFlip
  - brightness_range: 0.5
    contrast_range: 0.5
    saturation_range: 0.5
    type: RandomDistort
  - type: Normalize
  type: Dataset
val_dataset:
  dataset_root: C:/Users/user/algolab_data
  mode: val
  num_classes: 2
  transforms:
  - type: Normalize
  type: Dataset
  val_path: C:/Users/user/algolab_data/val.txt
optimizer:
  beta1: 0.9
  beta2: 0.999
  type: AdamW
  weight_decay: 0.01
lr_scheduler:
  learning_rate: 6.0e-05
  power: 1
  type: PolynomialDecay
loss:
  coef:
  - 1
  types:
  - min_kept: 65000
    type: OhemCrossEntropyLoss
model:
  align_corners: false
  aspp_out_channels: 256
  aspp_ratios:
  - 1
  - 12
  - 24
  - 36
  backbone:
    multi_grid:
    - 1
    - 2
    - 4
    output_stride: 8
    pretrained: https://bj.bcebos.com/paddleseg/dygraph/resnet50_vd_ssld_v2.tar.gz
    type: ResNet50_vd
  backbone_indices:
  - 0
  - 3
  num_classes: 2
  pretrained: null
  type: DeepLabV3P
------------------------------------------------

[2026/10/07 10:01:29] INFO: Set device: gpu
[2026/10/07 10:01:29] INFO: Use the following config to build model
model:
  align_corners: false
  aspp_out_channels: 256
  aspp_ratios:
  - 1
  - 12
  - 24
  - 36
  backbone:
    multi_grid:
    - 1
    - 2
    - 4
    output_stride: 8
    pretrained: https://bj.bcebos.com/paddleseg/dygraph/resnet50_vd_ssld_v2.tar.gz
    type: ResNet50_vd
  backbone_indices:
  - 0
  - 3
  num_classes: 2
  pretrained: null
  type: DeepLabV3P
WARNING: Logging before InitGoogleLogging() is written to STDERR
W1007 10:01:29.261605 16424 gpu_resources.cc:116] Please NOTE: device: 0, GPU Compute Capability: 12.0, Driver API Version: 13.2, Runtime API Version: 12.9
[2026/10/07 10:01:29] INFO: Loading pretrained model from https://bj.bcebos.com/paddleseg/dygraph/resnet50_vd_ssld_v2.tar.gz
Connecting to https://bj.bcebos.com/paddleseg/dygraph/resnet50_vd_ssld_v2.tar.gz
Downloading resnet50_vd_ssld_v2.tar.gz

[                                                  ] 0.00%
[                                                  ] 0.07%
[                                                  ] 0.20%
[                                                  ] 0.33%
[                                                  ] 0.43%
[                                                  ] 0.74%
[                                                  ] 0.96%
[                                                  ] 1.18%
[                                                  ] 1.40%
[                                                  ] 1.61%
[                                                  ] 1.85%
[=                                                 ] 2.08%
[=                                                 ] 2.32%
[=                                                 ] 2.56%
[=                                                 ] 2.80%
[=                                                 ] 3.05%
[=                                                 ] 3.29%
[=                                                 ] 3.53%
[=                                                 ] 3.76%
[=                                                 ] 3.96%
[==                                                ] 4.17%
[==                                                ] 4.40%
[==                                                ] 4.64%
[==                                                ] 4.89%
[==                                                ] 5.14%
[==                                                ] 5.39%
[==                                                ] 5.65%
[==                                                ] 5.92%
[===                                               ] 6.17%
[===                                               ] 6.43%
[===                                               ] 6.61%
[===                                               ] 6.81%
[===                                               ] 7.01%
[===                                               ] 7.21%
[===                                               ] 7.41%
[===                                               ] 7.62%
[===                                               ] 7.84%
[====                                              ] 8.06%
[====                                              ] 8.29%
[====                                              ] 8.52%
[====                                              ] 8.76%
[====                                              ] 8.99%
[====                                              ] 9.19%
[====                                              ] 9.40%
[====                                              ] 9.61%
[====                                              ] 9.84%
[=====                                             ] 10.08%
[=====                                             ] 10.25%
[=====                                             ] 10.50%
[=====                                             ] 10.75%
[=====                                             ] 11.01%
[=====                                             ] 11.26%
[=====                                             ] 11.52%
[=====                                             ] 11.78%
[======                                            ] 12.00%
[======                                            ] 12.26%
[======                                            ] 12.46%
[======                                            ] 12.71%
[======                                            ] 12.96%
[======                                            ] 13.21%
[======                                            ] 13.48%
[======                                            ] 13.75%
[=======                                           ] 14.02%
[=======                                           ] 14.28%
[=======                                           ] 14.53%
[=======                                           ] 14.76%
[=======                                           ] 14.96%
[=======                                           ] 15.23%
[=======                                           ] 15.50%
[=======                                           ] 15.77%
[========                                          ] 16.05%
[========                                          ] 16.31%
[========                                          ] 16.58%
[========                                          ] 16.85%
[========                                          ] 17.12%
[========                                          ] 17.33%
[========                                          ] 17.56%
[========                                          ] 17.86%
[=========                                         ] 18.16%
[=========                                         ] 18.44%
[=========                                         ] 18.67%
[=========                                         ] 18.93%
[=========                                         ] 19.20%
[=========                                         ] 19.47%
[=========                                         ] 19.75%
[=========                                         ] 19.99%
[==========                                        ] 20.31%
[==========                                        ] 20.63%
[==========                                        ] 20.95%
[==========                                        ] 21.27%
[==========                                        ] 21.60%
[==========                                        ] 21.93%
[===========                                       ] 22.25%
[===========                                       ] 22.58%
[===========                                       ] 22.89%
[===========                                       ] 23.19%
[===========                                       ] 23.46%
[===========                                       ] 23.75%
[============                                      ] 24.04%
[============                                      ] 24.36%
[============                                      ] 24.64%
[============                                      ] 24.95%
[============                                      ] 25.27%
[============                                      ] 25.62%
[============                                      ] 25.94%
[=============                                     ] 26.23%
[=============                                     ] 26.56%
[=============                                     ] 26.89%
[=============                                     ] 27.24%
[=============                                     ] 27.51%
[=============                                     ] 27.84%
[==============                                    ] 28.21%
[==============                                    ] 28.58%
[==============                                    ] 28.92%
[==============                                    ] 29.22%
[==============                                    ] 29.58%
[==============                                    ] 29.92%
[===============                                   ] 30.27%
[===============                                   ] 30.60%
[===============                                   ] 30.93%
[===============                                   ] 31.32%
[===============                                   ] 31.68%
[===============                                   ] 31.89%
[================                                  ] 32.36%
[================                                  ] 32.62%
[================                                  ] 32.92%
[================                                  ] 33.17%
[================                                  ] 33.46%
[================                                  ] 33.77%
[=================                                 ] 34.07%
[=================                                 ] 34.38%
[=================                                 ] 34.68%
[=================                                 ] 35.01%
[=================                                 ] 35.32%
[=================                                 ] 35.65%
[=================                                 ] 35.99%
[==================                                ] 36.34%
[==================                                ] 36.66%
[==================                                ] 37.01%
[==================                                ] 37.37%
[==================                                ] 37.74%
[===================                               ] 38.05%
[===================                               ] 38.40%
[===================                               ] 38.79%
[===================                               ] 39.13%
[===================                               ] 39.50%
[===================                               ] 39.89%
[====================                              ] 40.24%
[====================                              ] 40.58%
[====================                              ] 40.92%
[====================                              ] 41.30%
[====================                              ] 41.66%
[=====================                             ] 42.00%
[=====================                             ] 42.38%
[=====================                             ] 42.80%
[=====================                             ] 43.18%
[=====================                             ] 43.55%
[=====================                             ] 43.91%
[======================                            ] 44.32%
[======================                            ] 44.69%
[======================                            ] 45.09%
[======================                            ] 45.45%
[======================                            ] 45.83%
[=======================                           ] 46.22%
[=======================                           ] 46.59%
[=======================                           ] 46.98%
[=======================                           ] 47.36%
[=======================                           ] 47.73%
[========================                          ] 48.14%
[========================                          ] 48.51%
[========================                          ] 48.94%
[========================                          ] 49.32%
[========================                          ] 49.72%
[=========================                         ] 50.06%
[=========================                         ] 50.47%
[=========================                         ] 50.86%
[=========================                         ] 51.24%
[=========================                         ] 51.64%
[==========================                        ] 52.04%
[==========================                        ] 52.44%
[==========================                        ] 52.85%
[==========================                        ] 53.22%
[==========================                        ] 53.60%
[==========================                        ] 53.96%
[===========================                       ] 54.36%
[===========================                       ] 54.75%
[===========================                       ] 55.09%
[===========================                       ] 55.51%
[===========================                       ] 55.89%
[============================                      ] 56.23%
[============================                      ] 56.64%
[============================                      ] 57.06%
[============================                      ] 57.48%
[============================                      ] 57.82%
[=============================                     ] 58.21%
[=============================                     ] 58.51%
[=============================                     ] 58.78%
[=============================                     ] 59.06%
[=============================                     ] 59.39%
[=============================                     ] 59.72%
[==============================                    ] 60.03%
[==============================                    ] 60.36%
[==============================                    ] 60.67%
[==============================                    ] 61.02%
[==============================                    ] 61.34%
[==============================                    ] 61.68%
[===============================                   ] 62.05%
[===============================                   ] 62.39%
[===============================                   ] 62.73%
[===============================                   ] 63.11%
[===============================                   ] 63.43%
[===============================                   ] 63.80%
[================================                  ] 64.12%
[================================                  ] 64.46%
[================================                  ] 64.96%
[================================                  ] 65.26%
[================================                  ] 65.57%
[================================                  ] 65.89%
[=================================                 ] 66.21%
[=================================                 ] 66.44%
[=================================                 ] 66.71%
[=================================                 ] 67.04%
[=================================                 ] 67.36%
[=================================                 ] 67.69%
[=================================                 ] 67.99%
[==================================                ] 68.25%
[==================================                ] 68.56%
[==================================                ] 68.90%
[==================================                ] 69.18%
[==================================                ] 69.45%
[==================================                ] 69.78%
[===================================               ] 70.11%
[===================================               ] 70.38%
[===================================               ] 70.66%
[===================================               ] 71.00%
[===================================               ] 71.29%
[===================================               ] 71.60%
[===================================               ] 71.91%
[====================================              ] 72.18%
[====================================              ] 72.51%
[====================================              ] 72.82%
[====================================              ] 73.14%
[====================================              ] 73.42%
[====================================              ] 73.75%
[=====================================             ] 74.06%
[=====================================             ] 74.39%
[=====================================             ] 74.71%
[=====================================             ] 74.99%
[=====================================             ] 75.34%
[=====================================             ] 75.65%
[=====================================             ] 75.98%
[======================================            ] 76.32%
[======================================            ] 76.66%
[======================================            ] 77.05%
[======================================            ] 77.43%
[======================================            ] 77.81%
[=======================================           ] 78.20%
[=======================================           ] 78.60%
[=======================================           ] 78.91%
[=======================================           ] 79.31%
[=======================================           ] 79.59%
[=======================================           ] 79.89%
[========================================          ] 80.19%
[========================================          ] 80.50%
[========================================          ] 80.81%
[========================================          ] 81.13%
[========================================          ] 81.44%
[========================================          ] 81.71%
[========================================          ] 81.98%
[=========================================         ] 82.28%
[=========================================         ] 82.59%
[=========================================         ] 82.86%
[=========================================         ] 83.17%
[=========================================         ] 83.53%
[=========================================         ] 83.90%
[==========================================        ] 84.25%
[==========================================        ] 84.55%
[==========================================        ] 84.85%
[==========================================        ] 85.19%
[==========================================        ] 85.58%
[==========================================        ] 85.92%
[===========================================       ] 86.22%
[===========================================       ] 86.53%
[===========================================       ] 86.80%
[===========================================       ] 87.06%
[===========================================       ] 87.30%
[===========================================       ] 87.52%
[===========================================       ] 87.79%
[============================================      ] 88.04%
[============================================      ] 88.28%
[============================================      ] 88.55%
[============================================      ] 88.80%
[============================================      ] 89.06%
[============================================      ] 89.35%
[============================================      ] 89.61%
[============================================      ] 89.91%
[=============================================     ] 90.18%
[=============================================     ] 90.47%
[=============================================     ] 90.77%
[=============================================     ] 91.01%
[=============================================     ] 91.29%
[=============================================     ] 91.62%
[=============================================     ] 91.90%
[==============================================    ] 92.20%
[==============================================    ] 92.46%
[==============================================    ] 92.74%
[==============================================    ] 93.04%
[==============================================    ] 93.30%
[==============================================    ] 93.59%
[==============================================    ] 93.88%
[===============================================   ] 94.18%
[===============================================   ] 94.48%
[===============================================   ] 94.73%
[===============================================   ] 95.03%
[===============================================   ] 95.33%
[===============================================   ] 95.63%
[===============================================   ] 95.91%
[================================================  ] 96.23%
[================================================  ] 96.54%
[================================================  ] 96.81%
[================================================  ] 97.12%
[================================================  ] 97.43%
[================================================  ] 97.75%
[================================================= ] 98.07%
[================================================= ] 98.39%
[================================================= ] 98.68%
[================================================= ] 99.03%
[================================================= ] 99.37%
[================================================= ] 99.65%
[================================================= ] 99.98%
[==================================================] 100.00%
Uncompress resnet50_vd_ssld_v2.tar.gz

[                                                  ] 0.00%
[=========================                         ] 50.00%
[==================================================] 100.00%
C:\venv_bisenet\Lib\site-packages\paddle\framework\restricted_unpickler.py:221: VisibleDeprecationWarning: dtype(): align should be passed as Python or NumPy boolean but got `align=0`. Did you mean to pass a tuple to create a subarray type? (Deprecated NumPy 2.4)
  return RestrictedUnpickler(f, encoding=encoding).load()
[2026/10/07 10:02:07] INFO: There are 275/275 variables loaded into ResNet_vd.
[2026/10/07 10:02:07] INFO: Use the following config to build train_dataset
train_dataset:
  dataset_root: C:/Users/user/algolab_data
  mode: train
  num_classes: 2
  train_path: C:/Users/user/algolab_data/train.txt
  transforms:
  - max_scale_factor: 2.0
    min_scale_factor: 0.5
    scale_step_size: 0.25
    type: ResizeStepScaling
  - crop_size:
    - 400
    - 400
    type: RandomPaddingCrop
  - type: RandomHorizontalFlip
  - brightness_range: 0.5
    contrast_range: 0.5
    saturation_range: 0.5
    type: RandomDistort
  - type: Normalize
  type: Dataset
[2026/10/07 10:02:07] INFO: Use the following config to build val_dataset
val_dataset:
  dataset_root: C:/Users/user/algolab_data
  mode: val
  num_classes: 2
  transforms:
  - type: Normalize
  type: Dataset
  val_path: C:/Users/user/algolab_data/val.txt
[2026/10/07 10:02:07] INFO: Use the following config to build optimizer
optimizer:
  beta1: 0.9
  beta2: 0.999
  type: AdamW
  weight_decay: 0.01
[2026/10/07 10:02:07] INFO: Use the following config to build loss
loss:
  coef:
  - 1
  types:
  - min_kept: 65000
    type: OhemCrossEntropyLoss
C:\venv_bisenet\Lib\site-packages\paddle\nn\layer\norm.py:885: UserWarning: When training, we now always track global mean and variance.
  warnings.warn(
W1007 10:02:08.499531 16424 backward.cc:694] While running Node (Conv2dGradNodeFinal) raises an EnforceNotMet exception
Traceback (most recent call last):
  File "C:\local_wave1src\tools\train.py", line 252, in <module>
    main(args)
  File "C:\local_wave1src\tools\train.py", line 222, in main
    train(model,
  File "C:\local_wave1src\paddleseg\core\train.py", line 264, in train
    loss.backward()
  File "C:\venv_bisenet\Lib\site-packages\paddle\base\wrapped_decorator.py", line 50, in wrapper
    return decorated(*args, **kwargs)
           ^^^^^^^^^^^^^^^^^^^^^^^^^^
  File "C:\venv_bisenet\Lib\site-packages\paddle\base\framework.py", line 727, in __impl__
    return func(*args, **kwargs)
           ^^^^^^^^^^^^^^^^^^^^^
  File "C:\venv_bisenet\Lib\site-packages\paddle\base\dygraph\tensor_patch_methods.py", line 373, in backward
    core.eager.run_backward(
OSError: (External) CUDNN error(4000), CUDNN_STATUS_INTERNAL_ERROR. 
  [Hint: Please search for the error code(4000) on website (https://docs.nvidia.com/deeplearning/cudnn/api/index.html#cudnnStatus_t) to get Nvidia's official solution and advice about CUDNN Error.] (at ../paddle/phi/kernels/gpudnn/conv_cudnn_v7.h:267)

