[2026/10/08 12:13:53] INFO: 
------------Environment Information-------------
platform: Windows-11-10.0.26200-SP0
Python: 3.12.10 (tags/v3.12.10:0cc8128, Apr  8 2025, 12:21:36) [MSC v.1943 64 bit (AMD64)]
Paddle compiled with cuda: True
NVCC: Build cuda_13.4.r13.4/compiler.38657139_0
cudnn: 90.9
GPUs used: 1
CUDA_VISIBLE_DEVICES: None
GPU: ['GPU 0: NVIDIA GeForce']
PaddleSeg: 0.0.0.dev0
PaddlePaddle: 3.4.0
OpenCV: 4.11.0
------------------------------------------------
[2026/10/08 12:13:53] INFO: 
---------------Config Information---------------
batch_size: 4
iters: 20
train_dataset:
  dataset_root: C:/Users/user/algolab_data
  mode: train
  num_classes: 2
  train_path: C:/Users/user/algolab_data/train.txt
  transforms:
  - max_scale_factor: 1.25
    min_scale_factor: 0.75
    scale_step_size: 0.25
    type: ResizeStepScaling
  - crop_size:
    - 400
    - 400
    type: RandomPaddingCrop
  - type: RandomHorizontalFlip
  - brightness_range: 0.5
    contrast_range: 0.5
    saturation_range: 0.5
    type: RandomDistort
  - type: Normalize
  type: Dataset
val_dataset:
  dataset_root: C:/Users/user/algolab_data
  mode: val
  num_classes: 2
  transforms:
  - type: Normalize
  type: Dataset
  val_path: C:/Users/user/algolab_data/val.txt
optimizer:
  beta1: 0.9
  beta2: 0.999
  type: AdamW
  weight_decay: 0.01
lr_scheduler:
  end_lr: 0.0
  learning_rate: 6.0e-05
  power: 1
  type: PolynomialDecay
loss:
  coef:
  - 1
  - 1
  - 1
  types:
  - min_kept: 65000
    type: OhemCrossEntropyLoss
  - min_kept: 65000
    type: OhemCrossEntropyLoss
  - min_kept: 65000
    type: OhemCrossEntropyLoss
model:
  arm_out_chs:
  - 32
  - 64
  - 128
  backbone:
    pretrained: https://bj.bcebos.com/paddleseg/dygraph/PP_STDCNet1.tar.gz
    type: STDC1
  num_classes: 2
  seg_head_inter_chs:
  - 32
  - 64
  - 64
  type: PPLiteSeg
------------------------------------------------

[2026/10/08 12:13:53] INFO: Set device: gpu
[2026/10/08 12:13:53] INFO: Use the following config to build model
model:
  arm_out_chs:
  - 32
  - 64
  - 128
  backbone:
    pretrained: https://bj.bcebos.com/paddleseg/dygraph/PP_STDCNet1.tar.gz
    type: STDC1
  num_classes: 2
  seg_head_inter_chs:
  - 32
  - 64
  - 64
  type: PPLiteSeg
WARNING: Logging before InitGoogleLogging() is written to STDERR
W1008 12:13:53.423431  6136 gpu_resources.cc:116] Please NOTE: device: 0, GPU Compute Capability: 12.0, Driver API Version: 13.2, Runtime API Version: 12.9
[2026/10/08 12:13:53] INFO: Loading pretrained model from https://bj.bcebos.com/paddleseg/dygraph/PP_STDCNet1.tar.gz
C:\venv_bisenet\Lib\site-packages\paddle\framework\restricted_unpickler.py:221: VisibleDeprecationWarning: dtype(): align should be passed as Python or NumPy boolean but got `align=0`. Did you mean to pass a tuple to create a subarray type? (Deprecated NumPy 2.4)
  return RestrictedUnpickler(f, encoding=encoding).load()
[2026/10/08 12:13:53] INFO: There are 145/145 variables loaded into STDCNet.
[2026/10/08 12:13:53] INFO: Use the following config to build train_dataset
train_dataset:
  dataset_root: C:/Users/user/algolab_data
  mode: train
  num_classes: 2
  train_path: C:/Users/user/algolab_data/train.txt
  transforms:
  - max_scale_factor: 1.25
    min_scale_factor: 0.75
    scale_step_size: 0.25
    type: ResizeStepScaling
  - crop_size:
    - 400
    - 400
    type: RandomPaddingCrop
  - type: RandomHorizontalFlip
  - brightness_range: 0.5
    contrast_range: 0.5
    saturation_range: 0.5
    type: RandomDistort
  - type: Normalize
  type: Dataset
[2026/10/08 12:13:53] INFO: Use the following config to build val_dataset
val_dataset:
  dataset_root: C:/Users/user/algolab_data
  mode: val
  num_classes: 2
  transforms:
  - type: Normalize
  type: Dataset
  val_path: C:/Users/user/algolab_data/val.txt
[2026/10/08 12:13:53] INFO: Use the following config to build optimizer
optimizer:
  beta1: 0.9
  beta2: 0.999
  type: AdamW
  weight_decay: 0.01
[2026/10/08 12:13:53] INFO: Use the following config to build loss
loss:
  coef:
  - 1
  - 1
  - 1
  types:
  - min_kept: 65000
    type: OhemCrossEntropyLoss
  - min_kept: 65000
    type: OhemCrossEntropyLoss
  - min_kept: 65000
    type: OhemCrossEntropyLoss
C:\venv_bisenet\Lib\site-packages\paddle\nn\layer\norm.py:885: UserWarning: When training, we now always track global mean and variance.
  warnings.warn(
[2026/10/08 12:13:55] INFO: [TRAIN] epoch: 1, iter: 5/20, loss: 2.5132, lr: 0.000048, batch_cost: 0.3969, reader_cost: 0.03750, ips: 10.0777 samples/sec, max_mem_reserved: 548 MB, max_mem_allocated: 514 MB | ETA 00:00:05
[2026/10/08 12:13:56] INFO: [TRAIN] epoch: 1, iter: 10/20, loss: 2.2151, lr: 0.000033, batch_cost: 0.0721, reader_cost: 0.00000, ips: 55.4584 samples/sec, max_mem_reserved: 548 MB, max_mem_allocated: 514 MB | ETA 00:00:00
[2026/10/08 12:13:56] INFO: [TRAIN] epoch: 1, iter: 15/20, loss: 2.4082, lr: 0.000018, batch_cost: 0.0715, reader_cost: 0.00000, ips: 55.9780 samples/sec, max_mem_reserved: 548 MB, max_mem_allocated: 514 MB | ETA 00:00:00
[2026/10/08 12:13:57] INFO: [TRAIN] epoch: 1, iter: 20/20, loss: 2.0600, lr: 0.000003, batch_cost: 0.0726, reader_cost: 0.00000, ips: 55.1014 samples/sec, max_mem_reserved: 548 MB, max_mem_allocated: 514 MB | ETA 00:00:00
[2026/10/08 12:13:57] INFO: Start evaluating (total_samples: 348, total_iters: 348)...

  1/348 [..............................] - ETA: 43s - batch_cost: 0.1259 - reader cost: 0.0159
  4/348 [..............................] - ETA: 16s - batch_cost: 0.0470 - reader cost: 0.0040
  7/348 [..............................] - ETA: 11s - batch_cost: 0.0343 - reader cost: 0.0023
 10/348 [..............................] - ETA: 10s - batch_cost: 0.0298 - reader cost: 0.0016
 13/348 [>.............................] - ETA: 9s - batch_cost: 0.0276 - reader cost: 0.0012 
 16/348 [>.............................] - ETA: 8s - batch_cost: 0.0263 - reader cost: 9.9133e-04
 19/348 [>.............................] - ETA: 8s - batch_cost: 0.0252 - reader cost: 8.3480e-04
 22/348 [>.............................] - ETA: 7s - batch_cost: 0.0242 - reader cost: 7.2097e-04
 25/348 [=>............................] - ETA: 7s - batch_cost: 0.0235 - reader cost: 6.3445e-04
 28/348 [=>............................] - ETA: 7s - batch_cost: 0.0230 - reader cost: 5.6647e-04
 31/348 [=>............................] - ETA: 7s - batch_cost: 0.0224 - reader cost: 5.4396e-04
 34/348 [=>............................] - ETA: 6s - batch_cost: 0.0222 - reader cost: 4.9597e-04
 37/348 [==>...........................] - ETA: 6s - batch_cost: 0.0219 - reader cost: 4.5575e-04
 40/348 [==>...........................] - ETA: 6s - batch_cost: 0.0215 - reader cost: 4.2157e-04
 43/348 [==>...........................] - ETA: 6s - batch_cost: 0.0214 - reader cost: 4.1541e-04
 46/348 [==>...........................] - ETA: 6s - batch_cost: 0.0213 - reader cost: 3.8832e-04
 49/348 [===>..........................] - ETA: 6s - batch_cost: 0.0213 - reader cost: 3.6454e-04
 52/348 [===>..........................] - ETA: 6s - batch_cost: 0.0212 - reader cost: 3.4351e-04
 55/348 [===>..........................] - ETA: 6s - batch_cost: 0.0212 - reader cost: 3.2477e-04
 58/348 [====>.........................] - ETA: 6s - batch_cost: 0.0211 - reader cost: 3.0798e-04
 61/348 [====>.........................] - ETA: 6s - batch_cost: 0.0211 - reader cost: 2.9283e-04
 64/348 [====>.........................] - ETA: 6s - batch_cost: 0.0210 - reader cost: 2.7910e-04
 67/348 [====>.........................] - ETA: 5s - batch_cost: 0.0210 - reader cost: 2.6661e-04
 70/348 [=====>........................] - ETA: 5s - batch_cost: 0.0209 - reader cost: 2.6945e-04
 73/348 [=====>........................] - ETA: 5s - batch_cost: 0.0209 - reader cost: 2.5837e-04
 76/348 [=====>........................] - ETA: 5s - batch_cost: 0.0208 - reader cost: 2.6134e-04
 79/348 [=====>........................] - ETA: 5s - batch_cost: 0.0207 - reader cost: 2.6419e-04
 82/348 [======>.......................] - ETA: 5s - batch_cost: 0.0206 - reader cost: 2.5452e-04
 85/348 [======>.......................] - ETA: 5s - batch_cost: 0.0206 - reader cost: 2.4554e-04
 88/348 [======>.......................] - ETA: 5s - batch_cost: 0.0205 - reader cost: 2.3717e-04
 91/348 [======>.......................] - ETA: 5s - batch_cost: 0.0205 - reader cost: 2.2935e-04
 94/348 [=======>......................] - ETA: 5s - batch_cost: 0.0204 - reader cost: 2.2812e-04
 97/348 [=======>......................] - ETA: 5s - batch_cost: 0.0204 - reader cost: 2.2107e-04
100/348 [=======>......................] - ETA: 5s - batch_cost: 0.0203 - reader cost: 2.1443e-04
103/348 [=======>......................] - ETA: 4s - batch_cost: 0.0203 - reader cost: 2.1787e-04
106/348 [========>.....................] - ETA: 4s - batch_cost: 0.0202 - reader cost: 2.1170e-04
109/348 [========>.....................] - ETA: 4s - batch_cost: 0.0202 - reader cost: 2.0587e-04
112/348 [========>.....................] - ETA: 4s - batch_cost: 0.0202 - reader cost: 2.0036e-04
115/348 [========>.....................] - ETA: 4s - batch_cost: 0.0202 - reader cost: 1.9513e-04
118/348 [=========>....................] - ETA: 4s - batch_cost: 0.0201 - reader cost: 1.9017e-04
121/348 [=========>....................] - ETA: 4s - batch_cost: 0.0201 - reader cost: 1.8964e-04
124/348 [=========>....................] - ETA: 4s - batch_cost: 0.0201 - reader cost: 1.8505e-04
127/348 [=========>....................] - ETA: 4s - batch_cost: 0.0201 - reader cost: 1.8068e-04
130/348 [==========>...................] - ETA: 4s - batch_cost: 0.0201 - reader cost: 1.7651e-04
133/348 [==========>...................] - ETA: 4s - batch_cost: 0.0201 - reader cost: 1.8004e-04
136/348 [==========>...................] - ETA: 4s - batch_cost: 0.0201 - reader cost: 1.7607e-04
139/348 [==========>...................] - ETA: 4s - batch_cost: 0.0201 - reader cost: 1.7227e-04
142/348 [===========>..................] - ETA: 4s - batch_cost: 0.0201 - reader cost: 1.6863e-04
145/348 [===========>..................] - ETA: 4s - batch_cost: 0.0201 - reader cost: 1.6514e-04
148/348 [===========>..................] - ETA: 4s - batch_cost: 0.0201 - reader cost: 1.6179e-04
151/348 [============>.................] - ETA: 3s - batch_cost: 0.0201 - reader cost: 1.6521e-04
154/348 [============>.................] - ETA: 3s - batch_cost: 0.0201 - reader cost: 1.6199e-04
157/348 [============>.................] - ETA: 3s - batch_cost: 0.0201 - reader cost: 1.5889e-04
160/348 [============>.................] - ETA: 3s - batch_cost: 0.0201 - reader cost: 1.5591e-04
163/348 [=============>................] - ETA: 3s - batch_cost: 0.0201 - reader cost: 1.5304e-04
166/348 [=============>................] - ETA: 3s - batch_cost: 0.0200 - reader cost: 1.5028e-04
169/348 [=============>................] - ETA: 3s - batch_cost: 0.0200 - reader cost: 1.5352e-04
172/348 [=============>................] - ETA: 3s - batch_cost: 0.0200 - reader cost: 1.5085e-04
175/348 [==============>...............] - ETA: 3s - batch_cost: 0.0200 - reader cost: 1.5398e-04
178/348 [==============>...............] - ETA: 3s - batch_cost: 0.0199 - reader cost: 1.5138e-04
181/348 [==============>...............] - ETA: 3s - batch_cost: 0.0199 - reader cost: 1.4887e-04
184/348 [==============>...............] - ETA: 3s - batch_cost: 0.0199 - reader cost: 1.4645e-04
188/348 [===============>..............] - ETA: 3s - batch_cost: 0.0198 - reader cost: 1.4333e-04
191/348 [===============>..............] - ETA: 3s - batch_cost: 0.0198 - reader cost: 1.4108e-04
194/348 [===============>..............] - ETA: 3s - batch_cost: 0.0198 - reader cost: 1.3890e-04
197/348 [===============>..............] - ETA: 3s - batch_cost: 0.0198 - reader cost: 1.3678e-04
200/348 [================>.............] - ETA: 2s - batch_cost: 0.0198 - reader cost: 1.3975e-04
203/348 [================>.............] - ETA: 2s - batch_cost: 0.0197 - reader cost: 1.3768e-04
206/348 [================>.............] - ETA: 2s - batch_cost: 0.0197 - reader cost: 1.3568e-04
209/348 [=================>............] - ETA: 2s - batch_cost: 0.0196 - reader cost: 1.3373e-04
212/348 [=================>............] - ETA: 2s - batch_cost: 0.0196 - reader cost: 1.3184e-04
215/348 [=================>............] - ETA: 2s - batch_cost: 0.0196 - reader cost: 1.3000e-04
218/348 [=================>............] - ETA: 2s - batch_cost: 0.0196 - reader cost: 1.3288e-04
221/348 [==================>...........] - ETA: 2s - batch_cost: 0.0196 - reader cost: 1.3557e-04
224/348 [==================>...........] - ETA: 2s - batch_cost: 0.0196 - reader cost: 1.3375e-04
227/348 [==================>...........] - ETA: 2s - batch_cost: 0.0196 - reader cost: 1.3199e-04
230/348 [==================>...........] - ETA: 2s - batch_cost: 0.0196 - reader cost: 1.3458e-04
233/348 [===================>..........] - ETA: 2s - batch_cost: 0.0195 - reader cost: 1.3284e-04
236/348 [===================>..........] - ETA: 2s - batch_cost: 0.0195 - reader cost: 1.3536e-04
239/348 [===================>..........] - ETA: 2s - batch_cost: 0.0195 - reader cost: 1.3366e-04
242/348 [===================>..........] - ETA: 2s - batch_cost: 0.0195 - reader cost: 1.3200e-04
245/348 [====================>.........] - ETA: 2s - batch_cost: 0.0195 - reader cost: 1.3039e-04
248/348 [====================>.........] - ETA: 1s - batch_cost: 0.0195 - reader cost: 1.2881e-04
251/348 [====================>.........] - ETA: 1s - batch_cost: 0.0195 - reader cost: 1.3124e-04
254/348 [====================>.........] - ETA: 1s - batch_cost: 0.0195 - reader cost: 1.3363e-04
257/348 [=====================>........] - ETA: 1s - batch_cost: 0.0195 - reader cost: 1.3207e-04
260/348 [=====================>........] - ETA: 1s - batch_cost: 0.0195 - reader cost: 1.3054e-04
263/348 [=====================>........] - ETA: 1s - batch_cost: 0.0195 - reader cost: 1.2905e-04
266/348 [=====================>........] - ETA: 1s - batch_cost: 0.0195 - reader cost: 1.2760e-04
269/348 [======================>.......] - ETA: 1s - batch_cost: 0.0195 - reader cost: 1.2618e-04
272/348 [======================>.......] - ETA: 1s - batch_cost: 0.0195 - reader cost: 1.2478e-04
275/348 [======================>.......] - ETA: 1s - batch_cost: 0.0195 - reader cost: 1.2342e-04
278/348 [======================>.......] - ETA: 1s - batch_cost: 0.0195 - reader cost: 1.2209e-04
281/348 [=======================>......] - ETA: 1s - batch_cost: 0.0195 - reader cost: 1.2079e-04
284/348 [=======================>......] - ETA: 1s - batch_cost: 0.0195 - reader cost: 1.2305e-04
287/348 [=======================>......] - ETA: 1s - batch_cost: 0.0195 - reader cost: 1.2177e-04
290/348 [========================>.....] - ETA: 1s - batch_cost: 0.0195 - reader cost: 1.2395e-04
293/348 [========================>.....] - ETA: 1s - batch_cost: 0.0195 - reader cost: 1.2268e-04
296/348 [========================>.....] - ETA: 1s - batch_cost: 0.0195 - reader cost: 1.2482e-04
300/348 [========================>.....] - ETA: 0s - batch_cost: 0.0194 - reader cost: 1.2315e-04
303/348 [=========================>....] - ETA: 0s - batch_cost: 0.0194 - reader cost: 1.2193e-04
306/348 [=========================>....] - ETA: 0s - batch_cost: 0.0194 - reader cost: 1.2074e-04
309/348 [=========================>....] - ETA: 0s - batch_cost: 0.0194 - reader cost: 1.1957e-04
312/348 [=========================>....] - ETA: 0s - batch_cost: 0.0194 - reader cost: 1.1842e-04
315/348 [==========================>...] - ETA: 0s - batch_cost: 0.0194 - reader cost: 1.1729e-04
318/348 [==========================>...] - ETA: 0s - batch_cost: 0.0194 - reader cost: 1.1937e-04
322/348 [==========================>...] - ETA: 0s - batch_cost: 0.0193 - reader cost: 1.1789e-04
325/348 [===========================>..] - ETA: 0s - batch_cost: 0.0193 - reader cost: 1.1680e-04
328/348 [===========================>..] - ETA: 0s - batch_cost: 0.0193 - reader cost: 1.1573e-04
331/348 [===========================>..] - ETA: 0s - batch_cost: 0.0193 - reader cost: 1.1468e-04
333/348 [===========================>..] - ETA: 0s - batch_cost: 0.0194 - reader cost: 1.1399e-04
336/348 [===========================>..] - ETA: 0s - batch_cost: 0.0194 - reader cost: 1.1297e-04
339/348 [============================>.] - ETA: 0s - batch_cost: 0.0194 - reader cost: 1.1198e-04
342/348 [============================>.] - ETA: 0s - batch_cost: 0.0194 - reader cost: 1.1099e-04
345/348 [============================>.] - ETA: 0s - batch_cost: 0.0194 - reader cost: 1.1003e-04
348/348 [==============================] - 7s 19ms/step - batch_cost: 0.0193 - reader cost: 1.0908e-04
[2026/10/08 12:14:04] INFO: [EVAL] #Images: 348 mIoU: 0.4771 Acc: 0.9171 Kappa: 0.0319 Dice: 0.5144
[2026/10/08 12:14:04] INFO: [EVAL] Class IoU: 
[0.9169 0.0374]
[2026/10/08 12:14:04] INFO: [EVAL] Class Precision: 
[0.9449 0.0981]
[2026/10/08 12:14:04] INFO: [EVAL] Class Recall: 
[0.9686 0.057 ]
[2026/10/08 12:14:04] INFO: Start evaluating (total_samples: 348, total_iters: 348)...

  1/348 [..............................] - ETA: 13s - batch_cost: 0.0388 - reader cost: 0.0144
  4/348 [..............................] - ETA: 8s - batch_cost: 0.0254 - reader cost: 0.0039 
  7/348 [..............................] - ETA: 7s - batch_cost: 0.0234 - reader cost: 0.0022
 10/348 [..............................] - ETA: 7s - batch_cost: 0.0221 - reader cost: 0.0015
 13/348 [>.............................] - ETA: 7s - batch_cost: 0.0216 - reader cost: 0.0012
 16/348 [>.............................] - ETA: 7s - batch_cost: 0.0213 - reader cost: 9.6391e-04
 19/348 [>.............................] - ETA: 6s - batch_cost: 0.0209 - reader cost: 8.1171e-04
 22/348 [>.............................] - ETA: 6s - batch_cost: 0.0205 - reader cost: 7.0103e-04
 25/348 [=>............................] - ETA: 6s - batch_cost: 0.0203 - reader cost: 6.1690e-04
 28/348 [=>............................] - ETA: 6s - batch_cost: 0.0201 - reader cost: 5.5081e-04
 31/348 [=>............................] - ETA: 6s - batch_cost: 0.0202 - reader cost: 5.4651e-04
 34/348 [=>............................] - ETA: 6s - batch_cost: 0.0202 - reader cost: 4.9829e-04
 37/348 [==>...........................] - ETA: 6s - batch_cost: 0.0201 - reader cost: 4.5789e-04
 40/348 [==>...........................] - ETA: 6s - batch_cost: 0.0200 - reader cost: 4.2354e-04
 43/348 [==>...........................] - ETA: 6s - batch_cost: 0.0200 - reader cost: 3.9400e-04
 46/348 [==>...........................] - ETA: 6s - batch_cost: 0.0199 - reader cost: 3.6830e-04
 49/348 [===>..........................] - ETA: 5s - batch_cost: 0.0199 - reader cost: 3.4575e-04
 52/348 [===>..........................] - ETA: 5s - batch_cost: 0.0198 - reader cost: 3.2580e-04
 55/348 [===>..........................] - ETA: 5s - batch_cost: 0.0198 - reader cost: 3.0803e-04
 58/348 [====>.........................] - ETA: 5s - batch_cost: 0.0196 - reader cost: 2.9210e-04
 61/348 [====>.........................] - ETA: 5s - batch_cost: 0.0195 - reader cost: 2.7773e-04
 64/348 [====>.........................] - ETA: 5s - batch_cost: 0.0195 - reader cost: 2.6472e-04
 67/348 [====>.........................] - ETA: 5s - batch_cost: 0.0195 - reader cost: 2.5286e-04
 70/348 [=====>........................] - ETA: 5s - batch_cost: 0.0195 - reader cost: 2.5631e-04
 73/348 [=====>........................] - ETA: 5s - batch_cost: 0.0194 - reader cost: 2.4578e-04
 76/348 [=====>........................] - ETA: 5s - batch_cost: 0.0194 - reader cost: 2.3608e-04
 79/348 [=====>........................] - ETA: 5s - batch_cost: 0.0194 - reader cost: 2.3979e-04
 82/348 [======>.......................] - ETA: 5s - batch_cost: 0.0193 - reader cost: 2.3102e-04
 85/348 [======>.......................] - ETA: 5s - batch_cost: 0.0193 - reader cost: 2.2287e-04
 88/348 [======>.......................] - ETA: 5s - batch_cost: 0.0192 - reader cost: 2.1527e-04
 91/348 [======>.......................] - ETA: 4s - batch_cost: 0.0192 - reader cost: 2.0817e-04
 94/348 [=======>......................] - ETA: 4s - batch_cost: 0.0192 - reader cost: 2.0153e-04
 97/348 [=======>......................] - ETA: 4s - batch_cost: 0.0192 - reader cost: 1.9530e-04
100/348 [=======>......................] - ETA: 4s - batch_cost: 0.0192 - reader cost: 1.9942e-04
103/348 [=======>......................] - ETA: 4s - batch_cost: 0.0191 - reader cost: 1.9361e-04
106/348 [========>.....................] - ETA: 4s - batch_cost: 0.0192 - reader cost: 1.8813e-04
109/348 [========>.....................] - ETA: 4s - batch_cost: 0.0192 - reader cost: 1.8295e-04
112/348 [========>.....................] - ETA: 4s - batch_cost: 0.0191 - reader cost: 1.7805e-04
115/348 [========>.....................] - ETA: 4s - batch_cost: 0.0191 - reader cost: 1.8210e-04
118/348 [=========>....................] - ETA: 4s - batch_cost: 0.0191 - reader cost: 1.8588e-04
121/348 [=========>....................] - ETA: 4s - batch_cost: 0.0192 - reader cost: 1.8127e-04
124/348 [=========>....................] - ETA: 4s - batch_cost: 0.0192 - reader cost: 1.7689e-04
127/348 [=========>....................] - ETA: 4s - batch_cost: 0.0193 - reader cost: 1.7271e-04
130/348 [==========>...................] - ETA: 4s - batch_cost: 0.0194 - reader cost: 1.6872e-04
133/348 [==========>...................] - ETA: 4s - batch_cost: 0.0194 - reader cost: 1.6492e-04
136/348 [==========>...................] - ETA: 4s - batch_cost: 0.0195 - reader cost: 1.6128e-04
139/348 [==========>...................] - ETA: 4s - batch_cost: 0.0194 - reader cost: 1.5780e-04
142/348 [===========>..................] - ETA: 4s - batch_cost: 0.0194 - reader cost: 1.5446e-04
145/348 [===========>..................] - ETA: 3s - batch_cost: 0.0194 - reader cost: 1.5127e-04
148/348 [===========>..................] - ETA: 3s - batch_cost: 0.0194 - reader cost: 1.4820e-04
151/348 [============>.................] - ETA: 3s - batch_cost: 0.0193 - reader cost: 1.4526e-04
154/348 [============>.................] - ETA: 3s - batch_cost: 0.0193 - reader cost: 1.4243e-04
157/348 [============>.................] - ETA: 3s - batch_cost: 0.0193 - reader cost: 1.3971e-04
160/348 [============>.................] - ETA: 3s - batch_cost: 0.0193 - reader cost: 1.3709e-04
163/348 [=============>................] - ETA: 3s - batch_cost: 0.0193 - reader cost: 1.3456e-04
166/348 [=============>................] - ETA: 3s - batch_cost: 0.0193 - reader cost: 1.3213e-04
169/348 [=============>................] - ETA: 3s - batch_cost: 0.0193 - reader cost: 1.4158e-04
172/348 [=============>................] - ETA: 3s - batch_cost: 0.0193 - reader cost: 1.3911e-04
175/348 [==============>...............] - ETA: 3s - batch_cost: 0.0193 - reader cost: 1.3673e-04
178/348 [==============>...............] - ETA: 3s - batch_cost: 0.0193 - reader cost: 1.3442e-04
181/348 [==============>...............] - ETA: 3s - batch_cost: 0.0193 - reader cost: 1.3219e-04
184/348 [==============>...............] - ETA: 3s - batch_cost: 0.0192 - reader cost: 1.3552e-04
187/348 [===============>..............] - ETA: 3s - batch_cost: 0.0192 - reader cost: 1.3334e-04
190/348 [===============>..............] - ETA: 3s - batch_cost: 0.0192 - reader cost: 1.3124e-04
193/348 [===============>..............] - ETA: 2s - batch_cost: 0.0192 - reader cost: 1.2920e-04
196/348 [===============>..............] - ETA: 2s - batch_cost: 0.0192 - reader cost: 1.2722e-04
199/348 [================>.............] - ETA: 2s - batch_cost: 0.0192 - reader cost: 1.2530e-04
202/348 [================>.............] - ETA: 2s - batch_cost: 0.0192 - reader cost: 1.2832e-04
205/348 [================>.............] - ETA: 2s - batch_cost: 0.0192 - reader cost: 1.2644e-04
208/348 [================>.............] - ETA: 2s - batch_cost: 0.0192 - reader cost: 1.2461e-04
211/348 [=================>............] - ETA: 2s - batch_cost: 0.0192 - reader cost: 1.2284e-04
214/348 [=================>............] - ETA: 2s - batch_cost: 0.0192 - reader cost: 1.2112e-04
218/348 [=================>............] - ETA: 2s - batch_cost: 0.0191 - reader cost: 1.1890e-04
221/348 [==================>...........] - ETA: 2s - batch_cost: 0.0191 - reader cost: 1.2183e-04
224/348 [==================>...........] - ETA: 2s - batch_cost: 0.0191 - reader cost: 1.2477e-04
227/348 [==================>...........] - ETA: 2s - batch_cost: 0.0191 - reader cost: 1.2312e-04
230/348 [==================>...........] - ETA: 2s - batch_cost: 0.0191 - reader cost: 1.2152e-04
233/348 [===================>..........] - ETA: 2s - batch_cost: 0.0191 - reader cost: 1.2424e-04
236/348 [===================>..........] - ETA: 2s - batch_cost: 0.0191 - reader cost: 1.2267e-04
240/348 [===================>..........] - ETA: 2s - batch_cost: 0.0190 - reader cost: 1.2062e-04
243/348 [===================>..........] - ETA: 2s - batch_cost: 0.0190 - reader cost: 1.2327e-04
246/348 [====================>.........] - ETA: 1s - batch_cost: 0.0190 - reader cost: 1.2177e-04
249/348 [====================>.........] - ETA: 1s - batch_cost: 0.0190 - reader cost: 1.2433e-04
252/348 [====================>.........] - ETA: 1s - batch_cost: 0.0190 - reader cost: 1.2285e-04
255/348 [====================>.........] - ETA: 1s - batch_cost: 0.0190 - reader cost: 1.2141e-04
258/348 [=====================>........] - ETA: 1s - batch_cost: 0.0190 - reader cost: 1.2000e-04
261/348 [=====================>........] - ETA: 1s - batch_cost: 0.0190 - reader cost: 1.1862e-04
264/348 [=====================>........] - ETA: 1s - batch_cost: 0.0190 - reader cost: 1.1727e-04
267/348 [======================>.......] - ETA: 1s - batch_cost: 0.0190 - reader cost: 1.1595e-04
270/348 [======================>.......] - ETA: 1s - batch_cost: 0.0190 - reader cost: 1.1466e-04
273/348 [======================>.......] - ETA: 1s - batch_cost: 0.0190 - reader cost: 1.1892e-04
276/348 [======================>.......] - ETA: 1s - batch_cost: 0.0190 - reader cost: 1.1763e-04
279/348 [=======================>......] - ETA: 1s - batch_cost: 0.0190 - reader cost: 1.1636e-04
282/348 [=======================>......] - ETA: 1s - batch_cost: 0.0190 - reader cost: 1.1512e-04
285/348 [=======================>......] - ETA: 1s - batch_cost: 0.0190 - reader cost: 1.1391e-04
288/348 [=======================>......] - ETA: 1s - batch_cost: 0.0190 - reader cost: 1.1621e-04
291/348 [========================>.....] - ETA: 1s - batch_cost: 0.0190 - reader cost: 1.1501e-04
294/348 [========================>.....] - ETA: 1s - batch_cost: 0.0190 - reader cost: 1.1383e-04
297/348 [========================>.....] - ETA: 0s - batch_cost: 0.0190 - reader cost: 1.1268e-04
300/348 [========================>.....] - ETA: 0s - batch_cost: 0.0190 - reader cost: 1.1156e-04
303/348 [=========================>....] - ETA: 0s - batch_cost: 0.0190 - reader cost: 1.1045e-04
306/348 [=========================>....] - ETA: 0s - batch_cost: 0.0189 - reader cost: 1.0937e-04
309/348 [=========================>....] - ETA: 0s - batch_cost: 0.0189 - reader cost: 1.0831e-04
312/348 [=========================>....] - ETA: 0s - batch_cost: 0.0189 - reader cost: 1.0727e-04
315/348 [==========================>...] - ETA: 0s - batch_cost: 0.0189 - reader cost: 1.0625e-04
319/348 [==========================>...] - ETA: 0s - batch_cost: 0.0189 - reader cost: 1.0491e-04
323/348 [==========================>...] - ETA: 0s - batch_cost: 0.0188 - reader cost: 1.0361e-04
326/348 [===========================>..] - ETA: 0s - batch_cost: 0.0188 - reader cost: 1.0266e-04
329/348 [===========================>..] - ETA: 0s - batch_cost: 0.0188 - reader cost: 1.0172e-04
332/348 [===========================>..] - ETA: 0s - batch_cost: 0.0188 - reader cost: 1.0081e-04
335/348 [===========================>..] - ETA: 0s - batch_cost: 0.0188 - reader cost: 1.0291e-04
338/348 [============================>.] - ETA: 0s - batch_cost: 0.0188 - reader cost: 1.0200e-04
341/348 [============================>.] - ETA: 0s - batch_cost: 0.0189 - reader cost: 1.0406e-04
344/348 [============================>.] - ETA: 0s - batch_cost: 0.0189 - reader cost: 1.0315e-04
347/348 [============================>.] - ETA: 0s - batch_cost: 0.0189 - reader cost: 1.0514e-04
348/348 [==============================] - 7s 19ms/step - batch_cost: 0.0188 - reader cost: 1.0484e-04
[2026/10/08 12:14:10] INFO: [EVAL] #Images: 348 mIoU: 0.4723 Acc: 0.9124 Kappa: 0.0189 Dice: 0.5084
[2026/10/08 12:14:10] INFO: [EVAL] Class IoU: 
[0.9122 0.0324]
[2026/10/08 12:14:10] INFO: [EVAL] Class Precision: 
[0.9444 0.0793]
[2026/10/08 12:14:10] INFO: [EVAL] Class Recall: 
[0.9639 0.0519]
[2026/10/08 12:14:11] INFO: [EVAL] The model with the best validation mIoU (0.4771) was saved at iter 20.
[2026/10/08 12:14:11] INFO: [EVAL] The EMA model with the best validation mIoU (0.4723) was saved at iter 20.
<class 'paddle.nn.layer.conv.Conv2D'>'s flops has been counted
<class 'paddle.nn.layer.norm.BatchNorm2D'>'s flops has been counted
<class 'paddle.nn.layer.activation.ReLU'>'s flops has been counted
<class 'paddle.nn.layer.pooling.AvgPool2D'>'s flops has been counted
<class 'paddle.nn.layer.pooling.AdaptiveAvgPool2D'>'s flops has been counted
Total Flops: 3567881920     Total Params: 8039122
